2026-08-28 23:59:16,577 | INFO | Rows=172,590, stocks=50, dates=2012-04-06 00:00:00->2026-07-30 00:00:00
2026-08-28 23:59:16,635 | INFO | ================================================================================
2026-08-28 23:59:16,636 | INFO | YEAR 2018 | train=55,678 valid=10,878 test=12,226
2026-08-28 23:59:20,635 | INFO | epoch=001 rankloss=0.833838 validIC=-0.01268
2026-08-28 23:59:21,378 | INFO | epoch=005 rankloss=0.689990 validIC=0.03475
2026-08-28 23:59:22,239 | INFO | epoch=010 rankloss=0.686393 validIC=0.03802
2026-08-28 23:59:23,058 | INFO | epoch=015 rankloss=0.683359 validIC=0.03575
2026-08-28 23:59:23,857 | INFO | epoch=020 rankloss=0.678891 validIC=0.03456
2026-08-28 23:59:24,674 | INFO | epoch=025 rankloss=0.675392 validIC=0.02733
2026-08-28 23:59:25,501 | INFO | epoch=030 rankloss=0.670081 validIC=0.03217
2026-08-28 23:59:26,301 | INFO | epoch=035 rankloss=0.662295 validIC=0.03348
2026-08-28 23:59:27,109 | INFO | epoch=040 rankloss=0.655978 validIC=0.02848
2026-08-28 23:59:27,952 | INFO | epoch=045 rankloss=0.642029 validIC=0.03177
2026-08-28 23:59:28,763 | INFO | epoch=050 rankloss=0.628752 validIC=0.03057
2026-08-28 23:59:28,763 | INFO | early stop @ 50, best=10, best_valid_ic=0.03802
2026-08-28 23:59:29,088 | INFO | TEST IC=0.07871 | median=0.09369 | IC>0=69.39% | spread=2.2152%
2026-08-28 23:59:29,112 | INFO | Top-3 | net=-13.67% | 0050=-4.93% | EW=6.78% | alpha=-8.75% | turn=67.37%
2026-08-28 23:59:29,134 | INFO | Top-5 | net=-9.75% | 0050=-4.93% | EW=6.78% | alpha=-4.82% | turn=64.48%
2026-08-28 23:59:29,157 | INFO | Top-10 | net=13.52% | 0050=-4.93% | EW=6.78% | alpha=18.45% | turn=64.93%
2026-08-28 23:59:29,180 | INFO | Top-15 | net=13.43% | 0050=-4.93% | EW=6.78% | alpha=18.36% | turn=56.26%
2026-08-28 23:59:29,203 | INFO | Top-20 | net=15.83% | 0050=-4.93% | EW=6.78% | alpha=20.76% | turn=51.90%
2026-08-28 23:59:29,299 | INFO | ================================================================================
2026-08-28 23:59:29,299 | INFO | YEAR 2019 | train=67,585 valid=11,176 test=12,050
2026-08-28 23:59:31,801 | INFO | epoch=001 rankloss=0.855072 validIC=0.05908
2026-08-28 23:59:32,503 | INFO | epoch=005 rankloss=0.690783 validIC=0.05242
2026-08-28 23:59:33,334 | INFO | epoch=010 rankloss=0.687679 validIC=0.06448
2026-08-28 23:59:34,200 | INFO | epoch=015 rankloss=0.684447 validIC=0.06362
2026-08-28 23:59:35,081 | INFO | epoch=020 rankloss=0.682104 validIC=0.04780
2026-08-28 23:59:35,954 | INFO | epoch=025 rankloss=0.679155 validIC=0.05435
2026-08-28 23:59:36,915 | INFO | epoch=030 rankloss=0.675083 validIC=0.06691
2026-08-28 23:59:37,835 | INFO | epoch=035 rankloss=0.670136 validIC=0.06109
2026-08-28 23:59:38,746 | INFO | epoch=040 rankloss=0.661090 validIC=0.03305
2026-08-28 23:59:39,589 | INFO | epoch=045 rankloss=0.651669 validIC=0.05115
2026-08-28 23:59:40,507 | INFO | epoch=050 rankloss=0.639514 validIC=0.04440
2026-08-28 23:59:41,354 | INFO | epoch=055 rankloss=0.625773 validIC=0.04049
2026-08-28 23:59:42,282 | INFO | epoch=060 rankloss=0.608784 validIC=0.02280
2026-08-28 23:59:43,117 | INFO | epoch=065 rankloss=0.590965 validIC=0.03062
2026-08-28 23:59:44,029 | INFO | epoch=070 rankloss=0.574095 validIC=0.02870
2026-08-28 23:59:44,030 | INFO | early stop @ 70, best=30, best_valid_ic=0.06691
2026-08-28 23:59:44,303 | INFO | TEST IC=0.02796 | median=0.02300 | IC>0=55.19% | spread=-0.2347%
2026-08-28 23:59:44,327 | INFO | Top-3 | net=65.93% | 0050=30.92% | EW=32.42% | alpha=35.00% | turn=83.53%
2026-08-28 23:59:44,349 | INFO | Top-5 | net=47.49% | 0050=30.92% | EW=32.42% | alpha=16.56% | turn=75.20%
2026-08-28 23:59:44,372 | INFO | Top-10 | net=49.89% | 0050=30.92% | EW=32.42% | alpha=18.96% | turn=65.32%
2026-08-28 23:59:44,395 | INFO | Top-15 | net=43.54% | 0050=30.92% | EW=32.42% | alpha=12.61% | turn=55.42%
2026-08-28 23:59:44,418 | INFO | Top-20 | net=43.88% | 0050=30.92% | EW=32.42% | alpha=12.96% | turn=47.91%
2026-08-28 23:59:44,518 | INFO | ================================================================================
2026-08-28 23:59:44,518 | INFO | YEAR 2020 | train=79,790 valid=11,000 test=12,250
2026-08-28 23:59:47,718 | INFO | epoch=001 rankloss=0.858891 validIC=-0.01045
2026-08-28 23:59:48,504 | INFO | epoch=005 rankloss=0.690928 validIC=-0.00435
2026-08-28 23:59:49,393 | INFO | epoch=010 rankloss=0.688663 validIC=0.04582
2026-08-28 23:59:50,260 | INFO | epoch=015 rankloss=0.686013 validIC=0.02388
2026-08-28 23:59:51,127 | INFO | epoch=020 rankloss=0.683173 validIC=0.01816
2026-08-28 23:59:52,015 | INFO | epoch=025 rankloss=0.680210 validIC=0.04542
2026-08-28 23:59:52,907 | INFO | epoch=030 rankloss=0.676579 validIC=0.01391
2026-08-28 23:59:53,835 | INFO | epoch=035 rankloss=0.670811 validIC=-0.00590
2026-08-28 23:59:54,768 | INFO | epoch=040 rankloss=0.660959 validIC=0.01543
2026-08-28 23:59:55,742 | INFO | epoch=045 rankloss=0.652401 validIC=-0.00414
2026-08-28 23:59:56,638 | INFO | epoch=050 rankloss=0.639986 validIC=0.02764
2026-08-28 23:59:56,638 | INFO | early stop @ 50, best=10, best_valid_ic=0.04582
2026-08-28 23:59:56,914 | INFO | TEST IC=0.01911 | median=0.00792 | IC>0=51.02% | spread=0.8943%
2026-08-28 23:59:56,938 | INFO | Top-3 | net=42.87% | 0050=46.53% | EW=32.18% | alpha=-3.66% | turn=91.03%
2026-08-28 23:59:56,960 | INFO | Top-5 | net=43.81% | 0050=46.53% | EW=32.18% | alpha=-2.73% | turn=80.93%
2026-08-28 23:59:56,983 | INFO | Top-10 | net=16.84% | 0050=46.53% | EW=32.18% | alpha=-29.69% | turn=69.68%
2026-08-28 23:59:57,005 | INFO | Top-15 | net=28.20% | 0050=46.53% | EW=32.18% | alpha=-18.34% | turn=59.06%
2026-08-28 23:59:57,028 | INFO | Top-20 | net=28.17% | 0050=46.53% | EW=32.18% | alpha=-18.36% | turn=54.37%
2026-08-28 23:59:57,093 | INFO | ================================================================================
2026-08-28 23:59:57,093 | INFO | YEAR 2021 | train=91,840 valid=11,200 test=12,150
2026-08-29 00:00:00,769 | INFO | epoch=001 rankloss=0.811156 validIC=0.04027
2026-08-29 00:00:01,585 | INFO | epoch=005 rankloss=0.691173 validIC=0.06898
2026-08-29 00:00:02,597 | INFO | epoch=010 rankloss=0.688533 validIC=0.07356
2026-08-29 00:00:03,619 | INFO | epoch=015 rankloss=0.686236 validIC=0.08744
2026-08-29 00:00:04,657 | INFO | epoch=020 rankloss=0.683822 validIC=0.10404
2026-08-29 00:00:05,582 | INFO | epoch=025 rankloss=0.680866 validIC=0.08066
2026-08-29 00:00:06,552 | INFO | epoch=030 rankloss=0.676369 validIC=0.06235
2026-08-29 00:00:07,616 | INFO | epoch=035 rankloss=0.671175 validIC=0.08079
2026-08-29 00:00:08,617 | INFO | epoch=040 rankloss=0.663505 validIC=0.08576
2026-08-29 00:00:09,540 | INFO | epoch=045 rankloss=0.654643 validIC=0.08219
2026-08-29 00:00:10,475 | INFO | epoch=050 rankloss=0.640791 validIC=0.08319
2026-08-29 00:00:11,402 | INFO | epoch=055 rankloss=0.625374 validIC=0.04543
2026-08-29 00:00:12,331 | INFO | epoch=060 rankloss=0.609968 validIC=0.03025
2026-08-29 00:00:12,331 | INFO | early stop @ 60, best=20, best_valid_ic=0.10404
2026-08-29 00:00:12,605 | INFO | TEST IC=0.06607 | median=0.08792 | IC>0=63.37% | spread=3.5206%
2026-08-29 00:00:12,629 | INFO | Top-3 | net=146.72% | 0050=20.20% | EW=39.86% | alpha=126.52% | turn=78.98%
2026-08-29 00:00:12,652 | INFO | Top-5 | net=58.86% | 0050=20.20% | EW=39.86% | alpha=38.66% | turn=74.20%
2026-08-29 00:00:12,674 | INFO | Top-10 | net=72.99% | 0050=20.20% | EW=39.86% | alpha=52.79% | turn=65.79%
2026-08-29 00:00:12,697 | INFO | Top-15 | net=70.95% | 0050=20.20% | EW=39.86% | alpha=50.76% | turn=60.39%
2026-08-29 00:00:12,719 | INFO | Top-20 | net=55.73% | 0050=20.20% | EW=39.86% | alpha=35.53% | turn=55.96%
2026-08-29 00:00:12,807 | INFO | ================================================================================
2026-08-29 00:00:12,807 | INFO | YEAR 2022 | train=104,090 valid=11,100 test=12,300
2026-08-29 00:00:16,922 | INFO | epoch=001 rankloss=0.776015 validIC=0.06178
2026-08-29 00:00:17,744 | INFO | epoch=005 rankloss=0.690382 validIC=0.09443
2026-08-29 00:00:18,882 | INFO | epoch=010 rankloss=0.687067 validIC=0.07244
2026-08-29 00:00:19,966 | INFO | epoch=015 rankloss=0.683067 validIC=0.07530
2026-08-29 00:00:20,989 | INFO | epoch=020 rankloss=0.680918 validIC=0.09958
2026-08-29 00:00:21,984 | INFO | epoch=025 rankloss=0.676143 validIC=0.10317
2026-08-29 00:00:23,112 | INFO | epoch=030 rankloss=0.670984 validIC=0.05977
2026-08-29 00:00:24,182 | INFO | epoch=035 rankloss=0.662165 validIC=0.05864
2026-08-29 00:00:25,187 | INFO | epoch=040 rankloss=0.652025 validIC=0.05615
2026-08-29 00:00:26,304 | INFO | epoch=045 rankloss=0.637826 validIC=0.04217
2026-08-29 00:00:27,405 | INFO | epoch=050 rankloss=0.621977 validIC=0.05318
2026-08-29 00:00:28,354 | INFO | epoch=055 rankloss=0.606312 validIC=0.05131
2026-08-29 00:00:29,294 | INFO | epoch=060 rankloss=0.589598 validIC=0.03857
2026-08-29 00:00:30,291 | INFO | epoch=065 rankloss=0.574074 validIC=0.03784
2026-08-29 00:00:30,291 | INFO | early stop @ 65, best=25, best_valid_ic=0.10317
2026-08-29 00:00:30,567 | INFO | TEST IC=0.05646 | median=0.06972 | IC>0=63.82% | spread=1.6017%
2026-08-29 00:00:30,590 | INFO | Top-3 | net=29.14% | 0050=-12.91% | EW=-4.58% | alpha=42.05% | turn=86.09%
2026-08-29 00:00:30,613 | INFO | Top-5 | net=19.00% | 0050=-12.91% | EW=-4.58% | alpha=31.91% | turn=81.08%
2026-08-29 00:00:30,636 | INFO | Top-10 | net=20.58% | 0050=-12.91% | EW=-4.58% | alpha=33.49% | turn=73.26%
2026-08-29 00:00:30,659 | INFO | Top-15 | net=11.56% | 0050=-12.91% | EW=-4.58% | alpha=24.46% | turn=64.05%
2026-08-29 00:00:30,682 | INFO | Top-20 | net=3.17% | 0050=-12.91% | EW=-4.58% | alpha=16.07% | turn=56.69%
2026-08-29 00:00:30,819 | INFO | ================================================================================
2026-08-29 00:00:30,819 | INFO | YEAR 2023 | train=116,240 valid=11,250 test=11,950
2026-08-29 00:00:35,429 | INFO | epoch=001 rankloss=0.754496 validIC=0.02295
2026-08-29 00:00:36,311 | INFO | epoch=005 rankloss=0.689331 validIC=0.05417
2026-08-29 00:00:37,376 | INFO | epoch=010 rankloss=0.686066 validIC=0.08339
2026-08-29 00:00:38,516 | INFO | epoch=015 rankloss=0.682668 validIC=0.06420
2026-08-29 00:00:39,539 | INFO | epoch=020 rankloss=0.679140 validIC=0.06449
2026-08-29 00:00:40,662 | INFO | epoch=025 rankloss=0.674536 validIC=0.05570
2026-08-29 00:00:41,795 | INFO | epoch=030 rankloss=0.668015 validIC=0.04177
2026-08-29 00:00:42,951 | INFO | epoch=035 rankloss=0.659711 validIC=0.05210
2026-08-29 00:00:44,103 | INFO | epoch=040 rankloss=0.648749 validIC=0.04505
2026-08-29 00:00:45,200 | INFO | epoch=045 rankloss=0.635168 validIC=0.04676
2026-08-29 00:00:46,247 | INFO | epoch=050 rankloss=0.620493 validIC=0.05802
2026-08-29 00:00:46,247 | INFO | early stop @ 50, best=10, best_valid_ic=0.08339
2026-08-29 00:00:46,515 | INFO | TEST IC=0.04295 | median=0.03904 | IC>0=58.58% | spread=1.4808%
2026-08-29 00:00:46,537 | INFO | Top-3 | net=50.97% | 0050=24.67% | EW=33.00% | alpha=26.29% | turn=82.65%
2026-08-29 00:00:46,558 | INFO | Top-5 | net=63.11% | 0050=24.67% | EW=33.00% | alpha=38.43% | turn=74.85%
2026-08-29 00:00:46,580 | INFO | Top-10 | net=51.30% | 0050=24.67% | EW=33.00% | alpha=26.63% | turn=60.22%
2026-08-29 00:00:46,601 | INFO | Top-15 | net=48.48% | 0050=24.67% | EW=33.00% | alpha=23.81% | turn=56.28%
2026-08-29 00:00:46,622 | INFO | Top-20 | net=46.61% | 0050=24.67% | EW=33.00% | alpha=21.93% | turn=48.62%
2026-08-29 00:00:46,771 | INFO | ================================================================================
2026-08-29 00:00:46,772 | INFO | YEAR 2024 | train=128,540 valid=10,900 test=12,100
2026-08-29 00:00:51,786 | INFO | epoch=001 rankloss=0.779705 validIC=-0.07365
2026-08-29 00:00:52,663 | INFO | epoch=005 rankloss=0.689904 validIC=-0.00773
2026-08-29 00:00:53,754 | INFO | epoch=010 rankloss=0.686631 validIC=0.01968
2026-08-29 00:00:54,955 | INFO | epoch=015 rankloss=0.684555 validIC=0.07005
2026-08-29 00:00:56,054 | INFO | epoch=020 rankloss=0.681397 validIC=0.07297
2026-08-29 00:00:57,216 | INFO | epoch=025 rankloss=0.677880 validIC=0.07414
2026-08-29 00:00:58,451 | INFO | epoch=030 rankloss=0.672006 validIC=0.04354
2026-08-29 00:00:59,528 | INFO | epoch=035 rankloss=0.664423 validIC=0.00280
2026-08-29 00:01:00,715 | INFO | epoch=040 rankloss=0.656590 validIC=0.03425
2026-08-29 00:01:01,884 | INFO | epoch=045 rankloss=0.644179 validIC=0.03814
2026-08-29 00:01:03,088 | INFO | epoch=050 rankloss=0.631081 validIC=0.03429
2026-08-29 00:01:04,180 | INFO | epoch=055 rankloss=0.614787 validIC=0.00999
2026-08-29 00:01:05,247 | INFO | epoch=060 rankloss=0.600948 validIC=0.01191
2026-08-29 00:01:06,314 | INFO | epoch=065 rankloss=0.586142 validIC=0.02088
2026-08-29 00:01:06,314 | INFO | early stop @ 65, best=25, best_valid_ic=0.07414
2026-08-29 00:01:06,588 | INFO | TEST IC=-0.01902 | median=-0.00826 | IC>0=48.35% | spread=-0.7760%
2026-08-29 00:01:06,612 | INFO | Top-3 | net=-13.50% | 0050=54.15% | EW=13.42% | alpha=-67.65% | turn=70.88%
2026-08-29 00:01:06,634 | INFO | Top-5 | net=-2.94% | 0050=54.15% | EW=13.42% | alpha=-57.09% | turn=72.28%
2026-08-29 00:01:06,656 | INFO | Top-10 | net=7.01% | 0050=54.15% | EW=13.42% | alpha=-47.14% | turn=65.07%
2026-08-29 00:01:06,679 | INFO | Top-15 | net=4.60% | 0050=54.15% | EW=13.42% | alpha=-49.55% | turn=60.09%
2026-08-29 00:01:06,701 | INFO | Top-20 | net=8.60% | 0050=54.15% | EW=13.42% | alpha=-45.55% | turn=51.49%
2026-08-29 00:01:06,865 | INFO | ================================================================================
2026-08-29 00:01:06,865 | INFO | YEAR 2025 | train=140,490 valid=11,050 test=12,100
2026-08-29 00:01:12,298 | INFO | epoch=001 rankloss=0.761934 validIC=0.05741
2026-08-29 00:01:13,356 | INFO | epoch=005 rankloss=0.689795 validIC=0.01246
2026-08-29 00:01:14,684 | INFO | epoch=010 rankloss=0.686314 validIC=-0.02615
2026-08-29 00:01:15,920 | INFO | epoch=015 rankloss=0.683714 validIC=-0.04053
2026-08-29 00:01:17,155 | INFO | epoch=020 rankloss=0.680276 validIC=-0.05798
2026-08-29 00:01:18,291 | INFO | epoch=025 rankloss=0.676084 validIC=-0.01771
2026-08-29 00:01:19,564 | INFO | epoch=030 rankloss=0.670878 validIC=0.00944
2026-08-29 00:01:20,952 | INFO | epoch=035 rankloss=0.663111 validIC=-0.00759
2026-08-29 00:01:22,372 | INFO | epoch=040 rankloss=0.653900 validIC=0.00538
2026-08-29 00:01:22,372 | INFO | early stop @ 40, best=1, best_valid_ic=0.05741
2026-08-29 00:01:22,670 | INFO | TEST IC=0.09523 | median=0.07364 | IC>0=66.53% | spread=2.0242%
2026-08-29 00:01:22,695 | INFO | Top-3 | net=8.66% | 0050=57.21% | EW=35.83% | alpha=-48.55% | turn=85.94%
2026-08-29 00:01:22,719 | INFO | Top-5 | net=27.19% | 0050=57.21% | EW=35.83% | alpha=-30.02% | turn=81.14%
2026-08-29 00:01:22,743 | INFO | Top-10 | net=48.90% | 0050=57.21% | EW=35.83% | alpha=-8.31% | turn=67.26%
2026-08-29 00:01:22,768 | INFO | Top-15 | net=37.42% | 0050=57.21% | EW=35.83% | alpha=-19.79% | turn=61.79%
2026-08-29 00:01:22,792 | INFO | Top-20 | net=37.81% | 0050=57.21% | EW=35.83% | alpha=-19.40% | turn=52.95%
2026-08-29 00:01:22,962 | INFO | ================================================================================
2026-08-29 00:01:22,962 | INFO | YEAR 2026 | train=152,590 valid=11,050 test=6,850
2026-08-29 00:01:28,991 | INFO | epoch=001 rankloss=0.762089 validIC=0.11387
2026-08-29 00:01:29,964 | INFO | epoch=005 rankloss=0.690131 validIC=0.13058
2026-08-29 00:01:31,107 | INFO | epoch=010 rankloss=0.687549 validIC=0.09705
2026-08-29 00:01:32,222 | INFO | epoch=015 rankloss=0.685444 validIC=0.10582
2026-08-29 00:01:33,365 | INFO | epoch=020 rankloss=0.681607 validIC=0.10724
2026-08-29 00:01:34,485 | INFO | epoch=025 rankloss=0.678106 validIC=0.08646
2026-08-29 00:01:35,606 | INFO | epoch=030 rankloss=0.671304 validIC=0.06581
2026-08-29 00:01:36,785 | INFO | epoch=035 rankloss=0.664325 validIC=0.05002
2026-08-29 00:01:37,894 | INFO | epoch=040 rankloss=0.653956 validIC=0.06242
2026-08-29 00:01:38,999 | INFO | epoch=045 rankloss=0.641977 validIC=0.04665
2026-08-29 00:01:38,999 | INFO | early stop @ 45, best=5, best_valid_ic=0.13058
2026-08-29 00:01:39,159 | INFO | TEST IC=0.11949 | median=0.13062 | IC>0=66.42% | spread=7.6845%
2026-08-29 00:01:39,174 | INFO | Top-3 | net=166.74% | 0050=55.44% | EW=54.57% | alpha=111.30% | turn=75.00%
2026-08-29 00:01:39,187 | INFO | Top-5 | net=115.23% | 0050=55.44% | EW=54.57% | alpha=59.79% | turn=61.85%
2026-08-29 00:01:39,200 | INFO | Top-10 | net=89.72% | 0050=55.44% | EW=54.57% | alpha=34.28% | turn=55.79%
2026-08-29 00:01:39,213 | INFO | Top-15 | net=93.15% | 0050=55.44% | EW=54.57% | alpha=37.71% | turn=45.28%
2026-08-29 00:01:39,227 | INFO | Top-20 | net=87.92% | 0050=55.44% | EW=54.57% | alpha=32.48% | turn=36.88%
2026-08-29 00:01:39,329 | INFO | ================================================================================
2026-08-29 00:01:39,329 | INFO | FINAL SUMMARY
2026-08-29 00:01:39,329 | INFO | ================================================================================
2026-08-29 00:01:39,333 | INFO | 
   model  seed  top_k  mean_ic  median_year_ic  mean_spread  positive_alpha_years  years  mean_alpha_vs_0050  mean_alpha_vs_equal_weight  median_alpha_vs_0050  mean_turnover  mean_active_sharpe  mean_best_epoch  mean_valid_ic
mlp_rank  2026      3 0.054108        0.056461     0.020456                     5      9            0.236172                    0.267071              0.262946       0.801622            0.489331        15.111111       0.078164
mlp_rank  2026      5 0.054108        0.056461     0.020456                     5      9            0.100786                    0.131686              0.165624       0.739999            0.386364        15.111111       0.078164
mlp_rank  2026     10 0.054108        0.056461     0.020456                     6      9            0.110504                    0.141403              0.189607       0.652560            0.556932        15.111111       0.078164
mlp_rank  2026     15 0.054108        0.056461     0.020456                     6      9            0.088912                    0.119811              0.183587       0.576250            0.386567        15.111111       0.078164
mlp_rank  2026     20 0.054108        0.056461     0.020456                     6      9            0.062689                    0.093589              0.160722       0.507520            0.269752        15.111111       0.078164
2026-08-29 00:01:39,333 | INFO | SAVED: runs/v4_h20_mlp_rank_seed2026_20260828_235916
