2026-08-28 23:44:07,232 | INFO | Rows=173,340, stocks=50, dates=2012-04-06 00:00:00->2026-08-20 00:00:00
2026-08-28 23:44:07,252 | INFO | ================================================================================
2026-08-28 23:44:07,252 | INFO | YEAR 2018 | train=56,511 valid=11,711 test=12,226
2026-08-28 23:44:11,295 | INFO | epoch=001 rankloss=0.849930 validIC=0.05731
2026-08-28 23:44:11,970 | INFO | epoch=005 rankloss=0.691129 validIC=0.08789
2026-08-28 23:44:12,809 | INFO | epoch=010 rankloss=0.689477 validIC=0.09131
2026-08-28 23:44:13,598 | INFO | epoch=015 rankloss=0.688843 validIC=0.08692
2026-08-28 23:44:14,368 | INFO | epoch=020 rankloss=0.688277 validIC=0.09093
2026-08-28 23:44:15,152 | INFO | epoch=025 rankloss=0.686991 validIC=0.07190
2026-08-28 23:44:15,932 | INFO | epoch=030 rankloss=0.684227 validIC=0.08050
2026-08-28 23:44:16,691 | INFO | epoch=035 rankloss=0.682451 validIC=0.07857
2026-08-28 23:44:17,444 | INFO | epoch=040 rankloss=0.681086 validIC=0.06380
2026-08-28 23:44:18,203 | INFO | epoch=045 rankloss=0.678680 validIC=0.07352
2026-08-28 23:44:18,996 | INFO | epoch=050 rankloss=0.676505 validIC=0.07532
2026-08-28 23:44:18,996 | INFO | early stop @ 50, best=10, best_valid_ic=0.09131
2026-08-28 23:44:19,265 | INFO | TEST IC=0.07622 | median=0.07035 | IC>0=64.49% | spread=0.4422%
2026-08-28 23:44:19,389 | INFO | Top-3 | net=-19.94% | 0050=-9.22% | EW=0.43% | alpha=-10.72% | turn=86.43%
2026-08-28 23:44:19,512 | INFO | Top-5 | net=-22.29% | 0050=-9.22% | EW=0.43% | alpha=-13.07% | turn=82.38%
2026-08-28 23:44:19,635 | INFO | Top-10 | net=-18.48% | 0050=-9.22% | EW=0.43% | alpha=-9.26% | turn=68.40%
2026-08-28 23:44:19,760 | INFO | Top-15 | net=-13.51% | 0050=-9.22% | EW=0.43% | alpha=-4.29% | turn=57.95%
2026-08-28 23:44:19,889 | INFO | Top-20 | net=-12.59% | 0050=-9.22% | EW=0.43% | alpha=-3.37% | turn=50.21%
2026-08-28 23:44:19,932 | INFO | ================================================================================
2026-08-28 23:44:19,932 | INFO | YEAR 2019 | train=68,418 valid=12,026 test=12,050
2026-08-28 23:44:22,483 | INFO | epoch=001 rankloss=0.860908 validIC=0.07689
2026-08-28 23:44:23,264 | INFO | epoch=005 rankloss=0.694124 validIC=0.06831
2026-08-28 23:44:24,169 | INFO | epoch=010 rankloss=0.691006 validIC=0.04435
2026-08-28 23:44:24,999 | INFO | epoch=015 rankloss=0.689528 validIC=0.07584
2026-08-28 23:44:25,816 | INFO | epoch=020 rankloss=0.688808 validIC=0.08043
2026-08-28 23:44:26,703 | INFO | epoch=025 rankloss=0.689349 validIC=0.07172
2026-08-28 23:44:27,541 | INFO | epoch=030 rankloss=0.687257 validIC=0.07463
2026-08-28 23:44:28,356 | INFO | epoch=035 rankloss=0.687916 validIC=0.09167
2026-08-28 23:44:29,240 | INFO | epoch=040 rankloss=0.687939 validIC=0.05609
2026-08-28 23:44:30,169 | INFO | epoch=045 rankloss=0.686189 validIC=0.08260
2026-08-28 23:44:31,008 | INFO | epoch=050 rankloss=0.686500 validIC=0.07030
2026-08-28 23:44:31,830 | INFO | epoch=055 rankloss=0.686117 validIC=0.08357
2026-08-28 23:44:32,660 | INFO | epoch=060 rankloss=0.684277 validIC=0.07844
2026-08-28 23:44:33,485 | INFO | epoch=065 rankloss=0.683778 validIC=0.07862
2026-08-28 23:44:34,384 | INFO | epoch=070 rankloss=0.682991 validIC=0.08380
2026-08-28 23:44:35,339 | INFO | epoch=075 rankloss=0.683844 validIC=0.08055
2026-08-28 23:44:35,339 | INFO | early stop @ 75, best=35, best_valid_ic=0.09167
2026-08-28 23:44:35,603 | INFO | TEST IC=0.06519 | median=0.06977 | IC>0=63.07% | spread=0.2813%
2026-08-28 23:44:35,725 | INFO | Top-3 | net=24.11% | 0050=35.89% | EW=37.39% | alpha=-11.79% | turn=86.49%
2026-08-28 23:44:35,846 | INFO | Top-5 | net=19.94% | 0050=35.89% | EW=37.39% | alpha=-15.95% | turn=81.20%
2026-08-28 23:44:35,968 | INFO | Top-10 | net=11.52% | 0050=35.89% | EW=37.39% | alpha=-24.37% | turn=70.55%
2026-08-28 23:44:36,090 | INFO | Top-15 | net=15.24% | 0050=35.89% | EW=37.39% | alpha=-20.65% | turn=59.68%
2026-08-28 23:44:36,441 | INFO | Top-20 | net=16.80% | 0050=35.89% | EW=37.39% | alpha=-19.09% | turn=48.96%
2026-08-28 23:44:36,496 | INFO | ================================================================================
2026-08-28 23:44:36,496 | INFO | YEAR 2020 | train=80,640 valid=11,850 test=12,250
2026-08-28 23:44:39,545 | INFO | epoch=001 rankloss=0.835665 validIC=0.05374
2026-08-28 23:44:40,321 | INFO | epoch=005 rankloss=0.690855 validIC=0.03760
2026-08-28 23:44:41,198 | INFO | epoch=010 rankloss=0.689196 validIC=0.06364
2026-08-28 23:44:42,066 | INFO | epoch=015 rankloss=0.687994 validIC=0.05033
2026-08-28 23:44:42,933 | INFO | epoch=020 rankloss=0.686282 validIC=0.05530
2026-08-28 23:44:43,773 | INFO | epoch=025 rankloss=0.685010 validIC=0.05502
2026-08-28 23:44:44,613 | INFO | epoch=030 rankloss=0.682853 validIC=0.05814
2026-08-28 23:44:45,457 | INFO | epoch=035 rankloss=0.680253 validIC=0.04860
2026-08-28 23:44:46,325 | INFO | epoch=040 rankloss=0.677520 validIC=0.03463
2026-08-28 23:44:47,300 | INFO | epoch=045 rankloss=0.671607 validIC=0.03195
2026-08-28 23:44:48,253 | INFO | epoch=050 rankloss=0.666553 validIC=0.03679
2026-08-28 23:44:48,253 | INFO | early stop @ 50, best=10, best_valid_ic=0.06364
2026-08-28 23:44:48,517 | INFO | TEST IC=0.05055 | median=0.04221 | IC>0=58.78% | spread=0.1721%
2026-08-28 23:44:48,640 | INFO | Top-3 | net=-13.09% | 0050=33.41% | EW=30.48% | alpha=-46.50% | turn=84.33%
2026-08-28 23:44:48,763 | INFO | Top-5 | net=-0.01% | 0050=33.41% | EW=30.48% | alpha=-33.42% | turn=78.95%
2026-08-28 23:44:48,884 | INFO | Top-10 | net=-6.99% | 0050=33.41% | EW=30.48% | alpha=-40.40% | turn=68.49%
2026-08-28 23:44:49,006 | INFO | Top-15 | net=3.54% | 0050=33.41% | EW=30.48% | alpha=-29.87% | turn=59.66%
2026-08-28 23:44:49,129 | INFO | Top-20 | net=4.74% | 0050=33.41% | EW=30.48% | alpha=-28.67% | turn=50.16%
2026-08-28 23:44:49,168 | INFO | ================================================================================
2026-08-28 23:44:49,168 | INFO | YEAR 2021 | train=92,690 valid=12,050 test=12,150
2026-08-28 23:44:52,828 | INFO | epoch=001 rankloss=0.774761 validIC=0.04077
2026-08-28 23:44:53,645 | INFO | epoch=005 rankloss=0.690325 validIC=0.04959
2026-08-28 23:44:54,670 | INFO | epoch=010 rankloss=0.689204 validIC=0.05862
2026-08-28 23:44:55,630 | INFO | epoch=015 rankloss=0.687814 validIC=0.02351
2026-08-28 23:44:56,534 | INFO | epoch=020 rankloss=0.685870 validIC=0.04159
2026-08-28 23:44:57,521 | INFO | epoch=025 rankloss=0.684799 validIC=0.03841
2026-08-28 23:44:58,492 | INFO | epoch=030 rankloss=0.682233 validIC=0.00511
2026-08-28 23:44:59,384 | INFO | epoch=035 rankloss=0.678334 validIC=0.01800
2026-08-28 23:45:00,298 | INFO | epoch=040 rankloss=0.672710 validIC=0.02920
2026-08-28 23:45:01,191 | INFO | epoch=045 rankloss=0.665869 validIC=0.03535
2026-08-28 23:45:02,123 | INFO | epoch=050 rankloss=0.655641 validIC=0.02847
2026-08-28 23:45:02,123 | INFO | early stop @ 50, best=10, best_valid_ic=0.05862
2026-08-28 23:45:02,388 | INFO | TEST IC=0.04246 | median=0.02617 | IC>0=53.09% | spread=0.1910%
2026-08-28 23:45:02,509 | INFO | Top-3 | net=19.22% | 0050=21.82% | EW=41.66% | alpha=-2.60% | turn=83.74%
2026-08-28 23:45:02,631 | INFO | Top-5 | net=-3.37% | 0050=21.82% | EW=41.66% | alpha=-25.19% | turn=76.36%
2026-08-28 23:45:02,752 | INFO | Top-10 | net=16.52% | 0050=21.82% | EW=41.66% | alpha=-5.30% | turn=67.21%
2026-08-28 23:45:02,874 | INFO | Top-15 | net=18.23% | 0050=21.82% | EW=41.66% | alpha=-3.60% | turn=58.59%
2026-08-28 23:45:02,997 | INFO | Top-20 | net=20.64% | 0050=21.82% | EW=41.66% | alpha=-1.19% | turn=49.51%
2026-08-28 23:45:03,068 | INFO | ================================================================================
2026-08-28 23:45:03,068 | INFO | YEAR 2022 | train=104,940 valid=11,950 test=12,300
2026-08-28 23:45:07,414 | INFO | epoch=001 rankloss=0.761554 validIC=0.02653
2026-08-28 23:45:08,224 | INFO | epoch=005 rankloss=0.690745 validIC=0.04631
2026-08-28 23:45:09,273 | INFO | epoch=010 rankloss=0.689544 validIC=0.05693
2026-08-28 23:45:10,325 | INFO | epoch=015 rankloss=0.687913 validIC=0.04811
2026-08-28 23:45:11,309 | INFO | epoch=020 rankloss=0.686250 validIC=0.05843
2026-08-28 23:45:12,302 | INFO | epoch=025 rankloss=0.684285 validIC=0.05530
2026-08-28 23:45:13,394 | INFO | epoch=030 rankloss=0.681450 validIC=0.05486
2026-08-28 23:45:14,403 | INFO | epoch=035 rankloss=0.676797 validIC=0.04362
2026-08-28 23:45:15,366 | INFO | epoch=040 rankloss=0.670156 validIC=0.02861
2026-08-28 23:45:16,299 | INFO | epoch=045 rankloss=0.661270 validIC=0.02499
2026-08-28 23:45:17,254 | INFO | epoch=050 rankloss=0.650049 validIC=0.01687
2026-08-28 23:45:18,216 | INFO | epoch=055 rankloss=0.636625 validIC=0.02917
2026-08-28 23:45:19,244 | INFO | epoch=060 rankloss=0.622384 validIC=0.03831
2026-08-28 23:45:19,244 | INFO | early stop @ 60, best=20, best_valid_ic=0.05843
2026-08-28 23:45:19,516 | INFO | TEST IC=0.00790 | median=0.00653 | IC>0=51.63% | spread=0.1837%
2026-08-28 23:45:19,640 | INFO | Top-3 | net=-47.94% | 0050=-22.32% | EW=-10.24% | alpha=-25.61% | turn=80.95%
2026-08-28 23:45:19,765 | INFO | Top-5 | net=-39.58% | 0050=-22.32% | EW=-10.24% | alpha=-17.25% | turn=76.89%
2026-08-28 23:45:19,891 | INFO | Top-10 | net=-28.31% | 0050=-22.32% | EW=-10.24% | alpha=-5.98% | turn=64.29%
2026-08-28 23:45:20,017 | INFO | Top-15 | net=-27.74% | 0050=-22.32% | EW=-10.24% | alpha=-5.42% | turn=56.99%
2026-08-28 23:45:20,143 | INFO | Top-20 | net=-26.34% | 0050=-22.32% | EW=-10.24% | alpha=-4.02% | turn=49.20%
2026-08-28 23:45:20,206 | INFO | ================================================================================
2026-08-28 23:45:20,206 | INFO | YEAR 2023 | train=117,090 valid=12,100 test=11,950
2026-08-28 23:45:24,764 | INFO | epoch=001 rankloss=0.769124 validIC=0.05264
2026-08-28 23:45:25,632 | INFO | epoch=005 rankloss=0.690990 validIC=0.00310
2026-08-28 23:45:26,775 | INFO | epoch=010 rankloss=0.689259 validIC=0.00793
2026-08-28 23:45:27,845 | INFO | epoch=015 rankloss=0.688284 validIC=0.00154
2026-08-28 23:45:28,880 | INFO | epoch=020 rankloss=0.686446 validIC=0.01149
2026-08-28 23:45:29,925 | INFO | epoch=025 rankloss=0.683827 validIC=-0.00787
2026-08-28 23:45:30,978 | INFO | epoch=030 rankloss=0.681824 validIC=0.00822
2026-08-28 23:45:31,972 | INFO | epoch=035 rankloss=0.677597 validIC=0.00672
2026-08-28 23:45:32,947 | INFO | epoch=040 rankloss=0.672536 validIC=-0.01619
2026-08-28 23:45:32,948 | INFO | early stop @ 40, best=1, best_valid_ic=0.05264
2026-08-28 23:45:33,212 | INFO | TEST IC=0.00936 | median=-0.00821 | IC>0=48.12% | spread=-0.1662%
2026-08-28 23:45:33,335 | INFO | Top-3 | net=-14.02% | 0050=24.67% | EW=32.79% | alpha=-38.69% | turn=74.45%
2026-08-28 23:45:33,456 | INFO | Top-5 | net=-8.13% | 0050=24.67% | EW=32.79% | alpha=-32.80% | turn=66.73%
2026-08-28 23:45:33,577 | INFO | Top-10 | net=-0.22% | 0050=24.67% | EW=32.79% | alpha=-24.89% | turn=53.96%
2026-08-28 23:45:33,702 | INFO | Top-15 | net=7.97% | 0050=24.67% | EW=32.79% | alpha=-16.70% | turn=41.17%
2026-08-28 23:45:33,823 | INFO | Top-20 | net=7.94% | 0050=24.67% | EW=32.79% | alpha=-16.73% | turn=33.29%
2026-08-28 23:45:33,884 | INFO | ================================================================================
2026-08-28 23:45:33,884 | INFO | YEAR 2024 | train=129,390 valid=11,750 test=12,100
2026-08-28 23:45:38,822 | INFO | epoch=001 rankloss=0.774304 validIC=0.00397
2026-08-28 23:45:39,824 | INFO | epoch=005 rankloss=0.691417 validIC=0.04637
2026-08-28 23:45:40,987 | INFO | epoch=010 rankloss=0.689867 validIC=0.05141
2026-08-28 23:45:42,147 | INFO | epoch=015 rankloss=0.688430 validIC=0.05178
2026-08-28 23:45:43,342 | INFO | epoch=020 rankloss=0.687183 validIC=0.05027
2026-08-28 23:45:44,462 | INFO | epoch=025 rankloss=0.685133 validIC=0.03667
2026-08-28 23:45:45,542 | INFO | epoch=030 rankloss=0.682403 validIC=0.04172
2026-08-28 23:45:46,615 | INFO | epoch=035 rankloss=0.678181 validIC=0.03182
2026-08-28 23:45:47,675 | INFO | epoch=040 rankloss=0.671872 validIC=0.02823
2026-08-28 23:45:48,705 | INFO | epoch=045 rankloss=0.662597 validIC=0.02214
2026-08-28 23:45:49,770 | INFO | epoch=050 rankloss=0.652195 validIC=0.02601
2026-08-28 23:45:50,781 | INFO | epoch=055 rankloss=0.640244 validIC=0.02061
2026-08-28 23:45:50,781 | INFO | early stop @ 55, best=15, best_valid_ic=0.05178
2026-08-28 23:45:51,043 | INFO | TEST IC=0.02779 | median=0.02439 | IC>0=54.55% | spread=0.1803%
2026-08-28 23:45:51,163 | INFO | Top-3 | net=-13.35% | 0050=52.82% | EW=14.34% | alpha=-66.17% | turn=77.92%
2026-08-28 23:45:51,283 | INFO | Top-5 | net=-21.61% | 0050=52.82% | EW=14.34% | alpha=-74.43% | turn=73.37%
2026-08-28 23:45:51,403 | INFO | Top-10 | net=-6.88% | 0050=52.82% | EW=14.34% | alpha=-59.70% | turn=66.23%
2026-08-28 23:45:51,524 | INFO | Top-15 | net=-3.32% | 0050=52.82% | EW=14.34% | alpha=-56.14% | turn=60.42%
2026-08-28 23:45:51,645 | INFO | Top-20 | net=-0.13% | 0050=52.82% | EW=14.34% | alpha=-52.95% | turn=51.78%
2026-08-28 23:45:51,729 | INFO | ================================================================================
2026-08-28 23:45:51,729 | INFO | YEAR 2025 | train=141,340 valid=11,900 test=12,100
2026-08-28 23:45:57,126 | INFO | epoch=001 rankloss=0.772106 validIC=0.01102
2026-08-28 23:45:58,177 | INFO | epoch=005 rankloss=0.691563 validIC=0.03030
2026-08-28 23:45:59,378 | INFO | epoch=010 rankloss=0.689879 validIC=0.03682
2026-08-28 23:46:00,550 | INFO | epoch=015 rankloss=0.688672 validIC=0.01339
2026-08-28 23:46:01,816 | INFO | epoch=020 rankloss=0.687336 validIC=0.02930
2026-08-28 23:46:03,033 | INFO | epoch=025 rankloss=0.685743 validIC=0.01894
2026-08-28 23:46:04,163 | INFO | epoch=030 rankloss=0.682856 validIC=0.01633
2026-08-28 23:46:05,322 | INFO | epoch=035 rankloss=0.679640 validIC=0.01470
2026-08-28 23:46:06,496 | INFO | epoch=040 rankloss=0.675654 validIC=0.00603
2026-08-28 23:46:07,735 | INFO | epoch=045 rankloss=0.668270 validIC=0.02925
2026-08-28 23:46:08,936 | INFO | epoch=050 rankloss=0.659194 validIC=0.01213
2026-08-28 23:46:08,936 | INFO | early stop @ 50, best=10, best_valid_ic=0.03682
2026-08-28 23:46:09,201 | INFO | TEST IC=0.04637 | median=0.03109 | IC>0=59.50% | spread=0.5245%
2026-08-28 23:46:09,323 | INFO | Top-3 | net=72.00% | 0050=44.71% | EW=25.86% | alpha=27.29% | turn=80.84%
2026-08-28 23:46:09,445 | INFO | Top-5 | net=46.19% | 0050=44.71% | EW=25.86% | alpha=1.49% | turn=73.73%
2026-08-28 23:46:09,566 | INFO | Top-10 | net=27.50% | 0050=44.71% | EW=25.86% | alpha=-17.21% | turn=65.74%
2026-08-28 23:46:09,688 | INFO | Top-15 | net=32.91% | 0050=44.71% | EW=25.86% | alpha=-11.79% | turn=56.51%
2026-08-28 23:46:09,809 | INFO | Top-20 | net=28.57% | 0050=44.71% | EW=25.86% | alpha=-16.14% | turn=48.28%
2026-08-28 23:46:09,878 | INFO | ================================================================================
2026-08-28 23:46:09,878 | INFO | YEAR 2026 | train=153,440 valid=11,900 test=7,600
2026-08-28 23:46:15,818 | INFO | epoch=001 rankloss=0.768087 validIC=0.04558
2026-08-28 23:46:16,869 | INFO | epoch=005 rankloss=0.691707 validIC=0.04275
2026-08-28 23:46:18,119 | INFO | epoch=010 rankloss=0.690249 validIC=0.05739
2026-08-28 23:46:19,328 | INFO | epoch=015 rankloss=0.689252 validIC=0.04839
2026-08-28 23:46:20,686 | INFO | epoch=020 rankloss=0.688083 validIC=0.02872
2026-08-28 23:46:21,977 | INFO | epoch=025 rankloss=0.686204 validIC=0.03667
2026-08-28 23:46:23,230 | INFO | epoch=030 rankloss=0.684045 validIC=0.03794
2026-08-28 23:46:24,458 | INFO | epoch=035 rankloss=0.681045 validIC=0.01610
2026-08-28 23:46:25,717 | INFO | epoch=040 rankloss=0.675933 validIC=0.01986
2026-08-28 23:46:27,074 | INFO | epoch=045 rankloss=0.668960 validIC=0.02767
2026-08-28 23:46:28,204 | INFO | epoch=050 rankloss=0.660106 validIC=0.01976
2026-08-28 23:46:28,204 | INFO | early stop @ 50, best=10, best_valid_ic=0.05739
2026-08-28 23:46:28,376 | INFO | TEST IC=0.04426 | median=0.02593 | IC>0=53.29% | spread=1.0000%
2026-08-28 23:46:28,457 | INFO | Top-3 | net=106.27% | 0050=56.79% | EW=59.48% | alpha=49.48% | turn=75.72%
2026-08-28 23:46:28,535 | INFO | Top-5 | net=92.22% | 0050=56.79% | EW=59.48% | alpha=35.43% | turn=71.08%
2026-08-28 23:46:28,613 | INFO | Top-10 | net=70.24% | 0050=56.79% | EW=59.48% | alpha=13.45% | turn=60.14%
2026-08-28 23:46:28,691 | INFO | Top-15 | net=73.47% | 0050=56.79% | EW=59.48% | alpha=16.68% | turn=53.36%
2026-08-28 23:46:28,769 | INFO | Top-20 | net=57.77% | 0050=56.79% | EW=59.48% | alpha=0.98% | turn=47.09%
2026-08-28 23:46:28,913 | INFO | ================================================================================
2026-08-28 23:46:28,913 | INFO | FINAL SUMMARY
2026-08-28 23:46:28,913 | INFO | ================================================================================
2026-08-28 23:46:28,917 | INFO | 
   model  seed  top_k  mean_ic  median_year_ic  mean_spread  positive_alpha_years  years  mean_alpha_vs_0050  mean_alpha_vs_equal_weight  median_alpha_vs_0050  mean_turnover  mean_active_sharpe  mean_best_epoch  mean_valid_ic
mlp_rank  9999      3 0.041122        0.044257     0.003121                     2      9           -0.139235                   -0.132150             -0.117863       0.812083           -0.870071        13.444444       0.062476
mlp_rank  9999      5 0.041122        0.044257     0.003121                     2      9           -0.194678                   -0.187593             -0.172534       0.756291           -1.139352        13.444444       0.062476
mlp_rank  9999     10 0.041122        0.044257     0.003121                     1      9           -0.192966                   -0.185880             -0.172101       0.650012           -1.285169        13.444444       0.062476
mlp_rank  9999     15 0.041122        0.044257     0.003121                     1      9           -0.146429                   -0.139343             -0.117928       0.560380           -1.034180        13.444444       0.062476
mlp_rank  9999     20 0.041122        0.044257     0.003121                     1      9           -0.156861                   -0.149776             -0.161381       0.476088           -1.150501        13.444444       0.062476
2026-08-28 23:46:28,917 | INFO | SAVED: runs/v4_h3_mlp_rank_seed9999_20260828_234406
