2026-08-28 23:56:55,374 | INFO | Rows=172,590, stocks=50, dates=2012-04-06 00:00:00->2026-07-30 00:00:00
2026-08-28 23:56:55,434 | INFO | ================================================================================
2026-08-28 23:56:55,434 | INFO | YEAR 2018 | train=55,678 valid=10,878 test=12,226
/home/ubuntu/lobster-trading/src/train_cross_section_v4.py:1055: FutureWarning: `torch.cuda.amp.GradScaler(args...)` is deprecated. Please use `torch.amp.GradScaler('cuda', args...)` instead.
  torch.cuda.amp.GradScaler()
2026-08-28 23:56:59,446 | INFO | epoch=001 rankloss=0.867652 validIC=0.01441
2026-08-28 23:57:00,166 | INFO | epoch=005 rankloss=0.690157 validIC=0.03739
2026-08-28 23:57:01,008 | INFO | epoch=010 rankloss=0.686021 validIC=0.03768
2026-08-28 23:57:01,822 | INFO | epoch=015 rankloss=0.682698 validIC=0.04354
2026-08-28 23:57:02,577 | INFO | epoch=020 rankloss=0.680535 validIC=0.02855
2026-08-28 23:57:03,354 | INFO | epoch=025 rankloss=0.676195 validIC=0.02053
2026-08-28 23:57:04,140 | INFO | epoch=030 rankloss=0.671479 validIC=0.01029
2026-08-28 23:57:04,903 | INFO | epoch=035 rankloss=0.666125 validIC=0.01443
2026-08-28 23:57:05,700 | INFO | epoch=040 rankloss=0.656930 validIC=0.03241
2026-08-28 23:57:06,517 | INFO | epoch=045 rankloss=0.647668 validIC=0.01605
2026-08-28 23:57:07,298 | INFO | epoch=050 rankloss=0.632560 validIC=0.03674
2026-08-28 23:57:08,105 | INFO | epoch=055 rankloss=0.618939 validIC=0.00915
2026-08-28 23:57:08,105 | INFO | early stop @ 55, best=15, best_valid_ic=0.04354
2026-08-28 23:57:08,374 | INFO | TEST IC=0.08431 | median=0.08792 | IC>0=70.61% | spread=2.2950%
2026-08-28 23:57:08,398 | INFO | Top-3 | net=1.25% | 0050=-4.93% | EW=6.78% | alpha=6.18% | turn=69.74%
2026-08-28 23:57:08,421 | INFO | Top-5 | net=10.26% | 0050=-4.93% | EW=6.78% | alpha=15.19% | turn=68.94%
2026-08-28 23:57:08,443 | INFO | Top-10 | net=10.81% | 0050=-4.93% | EW=6.78% | alpha=15.74% | turn=64.09%
2026-08-28 23:57:08,466 | INFO | Top-15 | net=14.45% | 0050=-4.93% | EW=6.78% | alpha=19.38% | turn=60.76%
2026-08-28 23:57:08,488 | INFO | Top-20 | net=17.25% | 0050=-4.93% | EW=6.78% | alpha=22.18% | turn=49.79%
2026-08-28 23:57:08,562 | INFO | ================================================================================
2026-08-28 23:57:08,562 | INFO | YEAR 2019 | train=67,585 valid=11,176 test=12,050
/home/ubuntu/lobster-trading/src/train_cross_section_v4.py:1055: FutureWarning: `torch.cuda.amp.GradScaler(args...)` is deprecated. Please use `torch.amp.GradScaler('cuda', args...)` instead.
  torch.cuda.amp.GradScaler()
2026-08-28 23:57:11,060 | INFO | epoch=001 rankloss=0.816594 validIC=0.02171
2026-08-28 23:57:11,761 | INFO | epoch=005 rankloss=0.690248 validIC=0.03982
2026-08-28 23:57:12,693 | INFO | epoch=010 rankloss=0.687122 validIC=0.04109
2026-08-28 23:57:13,539 | INFO | epoch=015 rankloss=0.684467 validIC=0.05324
2026-08-28 23:57:14,480 | INFO | epoch=020 rankloss=0.681553 validIC=0.07750
2026-08-28 23:57:15,317 | INFO | epoch=025 rankloss=0.677978 validIC=0.04083
2026-08-28 23:57:16,193 | INFO | epoch=030 rankloss=0.673512 validIC=0.05564
2026-08-28 23:57:17,039 | INFO | epoch=035 rankloss=0.666500 validIC=0.06117
2026-08-28 23:57:17,877 | INFO | epoch=040 rankloss=0.656633 validIC=0.02525
2026-08-28 23:57:18,726 | INFO | epoch=045 rankloss=0.644808 validIC=0.03116
2026-08-28 23:57:19,550 | INFO | epoch=050 rankloss=0.627798 validIC=0.06142
2026-08-28 23:57:20,389 | INFO | epoch=055 rankloss=0.613989 validIC=0.04943
2026-08-28 23:57:21,269 | INFO | epoch=060 rankloss=0.594495 validIC=0.02897
2026-08-28 23:57:21,269 | INFO | early stop @ 60, best=20, best_valid_ic=0.07750
2026-08-28 23:57:21,529 | INFO | TEST IC=0.07866 | median=0.07265 | IC>0=68.88% | spread=1.3131%
2026-08-28 23:57:21,552 | INFO | Top-3 | net=36.98% | 0050=30.92% | EW=32.42% | alpha=6.05% | turn=78.32%
2026-08-28 23:57:21,575 | INFO | Top-5 | net=39.98% | 0050=30.92% | EW=32.42% | alpha=9.05% | turn=76.63%
2026-08-28 23:57:21,597 | INFO | Top-10 | net=46.11% | 0050=30.92% | EW=32.42% | alpha=15.18% | turn=65.19%
2026-08-28 23:57:21,619 | INFO | Top-15 | net=46.91% | 0050=30.92% | EW=32.42% | alpha=15.99% | turn=56.81%
2026-08-28 23:57:21,641 | INFO | Top-20 | net=43.80% | 0050=30.92% | EW=32.42% | alpha=12.87% | turn=48.38%
2026-08-28 23:57:21,739 | INFO | ================================================================================
2026-08-28 23:57:21,740 | INFO | YEAR 2020 | train=79,790 valid=11,000 test=12,250
/home/ubuntu/lobster-trading/src/train_cross_section_v4.py:1055: FutureWarning: `torch.cuda.amp.GradScaler(args...)` is deprecated. Please use `torch.amp.GradScaler('cuda', args...)` instead.
  torch.cuda.amp.GradScaler()
2026-08-28 23:57:24,952 | INFO | epoch=001 rankloss=0.831331 validIC=-0.02589
2026-08-28 23:57:25,764 | INFO | epoch=005 rankloss=0.691012 validIC=0.00925
2026-08-28 23:57:26,752 | INFO | epoch=010 rankloss=0.688688 validIC=-0.00378
2026-08-28 23:57:27,665 | INFO | epoch=015 rankloss=0.685973 validIC=0.00695
2026-08-28 23:57:28,629 | INFO | epoch=020 rankloss=0.682642 validIC=0.03689
2026-08-28 23:57:29,524 | INFO | epoch=025 rankloss=0.679577 validIC=0.05197
2026-08-28 23:57:30,379 | INFO | epoch=030 rankloss=0.675031 validIC=-0.00471
2026-08-28 23:57:31,227 | INFO | epoch=035 rankloss=0.669001 validIC=0.02468
2026-08-28 23:57:32,108 | INFO | epoch=040 rankloss=0.660463 validIC=-0.00943
2026-08-28 23:57:33,002 | INFO | epoch=045 rankloss=0.650053 validIC=0.00215
2026-08-28 23:57:33,890 | INFO | epoch=050 rankloss=0.635968 validIC=0.01299
2026-08-28 23:57:34,792 | INFO | epoch=055 rankloss=0.624153 validIC=-0.00949
2026-08-28 23:57:35,682 | INFO | epoch=060 rankloss=0.607834 validIC=0.00040
2026-08-28 23:57:36,634 | INFO | epoch=065 rankloss=0.592586 validIC=0.01065
2026-08-28 23:57:36,634 | INFO | early stop @ 65, best=25, best_valid_ic=0.05197
2026-08-28 23:57:36,903 | INFO | TEST IC=0.06821 | median=0.07659 | IC>0=64.49% | spread=2.1746%
2026-08-28 23:57:36,926 | INFO | Top-3 | net=45.96% | 0050=46.53% | EW=32.18% | alpha=-0.57% | turn=81.15%
2026-08-28 23:57:36,949 | INFO | Top-5 | net=64.54% | 0050=46.53% | EW=32.18% | alpha=18.01% | turn=69.20%
2026-08-28 23:57:36,971 | INFO | Top-10 | net=44.71% | 0050=46.53% | EW=32.18% | alpha=-1.82% | turn=62.35%
2026-08-28 23:57:36,993 | INFO | Top-15 | net=40.65% | 0050=46.53% | EW=32.18% | alpha=-5.88% | turn=59.10%
2026-08-28 23:57:37,016 | INFO | Top-20 | net=33.82% | 0050=46.53% | EW=32.18% | alpha=-12.71% | turn=52.55%
2026-08-28 23:57:37,083 | INFO | ================================================================================
2026-08-28 23:57:37,083 | INFO | YEAR 2021 | train=91,840 valid=11,200 test=12,150
/home/ubuntu/lobster-trading/src/train_cross_section_v4.py:1055: FutureWarning: `torch.cuda.amp.GradScaler(args...)` is deprecated. Please use `torch.amp.GradScaler('cuda', args...)` instead.
  torch.cuda.amp.GradScaler()
2026-08-28 23:57:40,689 | INFO | epoch=001 rankloss=0.807047 validIC=-0.00663
2026-08-28 23:57:41,573 | INFO | epoch=005 rankloss=0.690752 validIC=0.07318
2026-08-28 23:57:42,583 | INFO | epoch=010 rankloss=0.687653 validIC=0.11236
2026-08-28 23:57:43,545 | INFO | epoch=015 rankloss=0.685966 validIC=0.06517
2026-08-28 23:57:44,483 | INFO | epoch=020 rankloss=0.682548 validIC=0.11714
2026-08-28 23:57:45,525 | INFO | epoch=025 rankloss=0.679505 validIC=0.11202
2026-08-28 23:57:46,456 | INFO | epoch=030 rankloss=0.675262 validIC=0.04691
2026-08-28 23:57:47,492 | INFO | epoch=035 rankloss=0.668763 validIC=0.06167
2026-08-28 23:57:48,474 | INFO | epoch=040 rankloss=0.661326 validIC=0.05412
2026-08-28 23:57:49,386 | INFO | epoch=045 rankloss=0.648300 validIC=0.04802
2026-08-28 23:57:50,299 | INFO | epoch=050 rankloss=0.634999 validIC=0.04163
2026-08-28 23:57:51,214 | INFO | epoch=055 rankloss=0.621327 validIC=0.04767
2026-08-28 23:57:52,140 | INFO | epoch=060 rankloss=0.603515 validIC=0.03188
2026-08-28 23:57:52,140 | INFO | early stop @ 60, best=20, best_valid_ic=0.11714
2026-08-28 23:57:52,426 | INFO | TEST IC=0.06043 | median=0.09445 | IC>0=61.73% | spread=3.8781%
2026-08-28 23:57:52,449 | INFO | Top-3 | net=84.85% | 0050=20.20% | EW=39.86% | alpha=64.66% | turn=58.96%
2026-08-28 23:57:52,472 | INFO | Top-5 | net=67.72% | 0050=20.20% | EW=39.86% | alpha=47.52% | turn=59.15%
2026-08-28 23:57:52,494 | INFO | Top-10 | net=70.11% | 0050=20.20% | EW=39.86% | alpha=49.92% | turn=61.55%
2026-08-28 23:57:52,517 | INFO | Top-15 | net=55.34% | 0050=20.20% | EW=39.86% | alpha=35.14% | turn=60.23%
2026-08-28 23:57:52,539 | INFO | Top-20 | net=51.56% | 0050=20.20% | EW=39.86% | alpha=31.36% | turn=51.86%
2026-08-28 23:57:52,643 | INFO | ================================================================================
2026-08-28 23:57:52,643 | INFO | YEAR 2022 | train=104,090 valid=11,100 test=12,300
/home/ubuntu/lobster-trading/src/train_cross_section_v4.py:1055: FutureWarning: `torch.cuda.amp.GradScaler(args...)` is deprecated. Please use `torch.amp.GradScaler('cuda', args...)` instead.
  torch.cuda.amp.GradScaler()
2026-08-28 23:57:56,716 | INFO | epoch=001 rankloss=0.817880 validIC=0.01060
2026-08-28 23:57:57,667 | INFO | epoch=005 rankloss=0.690888 validIC=0.09108
2026-08-28 23:57:58,714 | INFO | epoch=010 rankloss=0.687842 validIC=0.07032
2026-08-28 23:57:59,779 | INFO | epoch=015 rankloss=0.684768 validIC=0.08152
2026-08-28 23:58:00,795 | INFO | epoch=020 rankloss=0.681810 validIC=0.07676
2026-08-28 23:58:01,853 | INFO | epoch=025 rankloss=0.678575 validIC=0.09472
2026-08-28 23:58:02,861 | INFO | epoch=030 rankloss=0.674043 validIC=0.07388
2026-08-28 23:58:04,005 | INFO | epoch=035 rankloss=0.668686 validIC=0.07112
2026-08-28 23:58:05,141 | INFO | epoch=040 rankloss=0.660812 validIC=0.05743
2026-08-28 23:58:06,146 | INFO | epoch=045 rankloss=0.651406 validIC=0.05083
2026-08-28 23:58:07,263 | INFO | epoch=050 rankloss=0.639490 validIC=0.05630
2026-08-28 23:58:08,284 | INFO | epoch=055 rankloss=0.626325 validIC=0.04122
2026-08-28 23:58:09,362 | INFO | epoch=060 rankloss=0.611082 validIC=0.02520
2026-08-28 23:58:10,401 | INFO | epoch=065 rankloss=0.594919 validIC=0.02419
2026-08-28 23:58:10,401 | INFO | early stop @ 65, best=25, best_valid_ic=0.09472
2026-08-28 23:58:10,670 | INFO | TEST IC=0.06924 | median=0.07650 | IC>0=61.79% | spread=1.8310%
2026-08-28 23:58:10,693 | INFO | Top-3 | net=12.46% | 0050=-12.91% | EW=-4.58% | alpha=25.37% | turn=83.92%
2026-08-28 23:58:10,716 | INFO | Top-5 | net=13.84% | 0050=-12.91% | EW=-4.58% | alpha=26.74% | turn=81.27%
2026-08-28 23:58:10,738 | INFO | Top-10 | net=6.08% | 0050=-12.91% | EW=-4.58% | alpha=18.99% | turn=65.77%
2026-08-28 23:58:10,761 | INFO | Top-15 | net=6.46% | 0050=-12.91% | EW=-4.58% | alpha=19.37% | turn=63.53%
2026-08-28 23:58:10,784 | INFO | Top-20 | net=3.51% | 0050=-12.91% | EW=-4.58% | alpha=16.42% | turn=56.77%
2026-08-28 23:58:10,924 | INFO | ================================================================================
2026-08-28 23:58:10,924 | INFO | YEAR 2023 | train=116,240 valid=11,250 test=11,950
/home/ubuntu/lobster-trading/src/train_cross_section_v4.py:1055: FutureWarning: `torch.cuda.amp.GradScaler(args...)` is deprecated. Please use `torch.amp.GradScaler('cuda', args...)` instead.
  torch.cuda.amp.GradScaler()
2026-08-28 23:58:15,667 | INFO | epoch=001 rankloss=0.793386 validIC=0.07750
2026-08-28 23:58:16,494 | INFO | epoch=005 rankloss=0.689930 validIC=0.06965
2026-08-28 23:58:17,512 | INFO | epoch=010 rankloss=0.686883 validIC=0.05746
2026-08-28 23:58:18,701 | INFO | epoch=015 rankloss=0.683636 validIC=0.04781
2026-08-28 23:58:19,800 | INFO | epoch=020 rankloss=0.680608 validIC=0.05959
2026-08-28 23:58:20,990 | INFO | epoch=025 rankloss=0.677394 validIC=0.04873
2026-08-28 23:58:22,030 | INFO | epoch=030 rankloss=0.672175 validIC=0.06947
2026-08-28 23:58:23,177 | INFO | epoch=035 rankloss=0.665598 validIC=0.04369
2026-08-28 23:58:24,256 | INFO | epoch=040 rankloss=0.657070 validIC=0.05731
2026-08-28 23:58:24,257 | INFO | early stop @ 40, best=1, best_valid_ic=0.07750
2026-08-28 23:58:24,525 | INFO | TEST IC=-0.04483 | median=-0.05210 | IC>0=40.59% | spread=-1.5078%
2026-08-28 23:58:24,546 | INFO | Top-3 | net=11.99% | 0050=24.67% | EW=33.00% | alpha=-12.68% | turn=79.19%
2026-08-28 23:58:24,567 | INFO | Top-5 | net=15.00% | 0050=24.67% | EW=33.00% | alpha=-9.67% | turn=70.88%
2026-08-28 23:58:24,588 | INFO | Top-10 | net=12.28% | 0050=24.67% | EW=33.00% | alpha=-12.39% | turn=57.61%
2026-08-28 23:58:24,609 | INFO | Top-15 | net=12.56% | 0050=24.67% | EW=33.00% | alpha=-12.11% | turn=48.30%
2026-08-28 23:58:24,630 | INFO | Top-20 | net=15.34% | 0050=24.67% | EW=33.00% | alpha=-9.33% | turn=41.21%
2026-08-28 23:58:24,781 | INFO | ================================================================================
2026-08-28 23:58:24,782 | INFO | YEAR 2024 | train=128,540 valid=10,900 test=12,100
/home/ubuntu/lobster-trading/src/train_cross_section_v4.py:1055: FutureWarning: `torch.cuda.amp.GradScaler(args...)` is deprecated. Please use `torch.amp.GradScaler('cuda', args...)` instead.
  torch.cuda.amp.GradScaler()
2026-08-28 23:58:29,769 | INFO | epoch=001 rankloss=0.753744 validIC=0.05150
2026-08-28 23:58:30,649 | INFO | epoch=005 rankloss=0.688912 validIC=0.04578
2026-08-28 23:58:31,694 | INFO | epoch=010 rankloss=0.685224 validIC=0.03838
2026-08-28 23:58:32,758 | INFO | epoch=015 rankloss=0.682394 validIC=0.02582
2026-08-28 23:58:33,922 | INFO | epoch=020 rankloss=0.678452 validIC=0.04728
2026-08-28 23:58:35,129 | INFO | epoch=025 rankloss=0.673290 validIC=0.02685
2026-08-28 23:58:36,283 | INFO | epoch=030 rankloss=0.667610 validIC=0.04804
2026-08-28 23:58:37,554 | INFO | epoch=035 rankloss=0.658269 validIC=0.02796
2026-08-28 23:58:38,682 | INFO | epoch=040 rankloss=0.646366 validIC=0.01247
2026-08-28 23:58:38,682 | INFO | early stop @ 40, best=1, best_valid_ic=0.05150
2026-08-28 23:58:38,944 | INFO | TEST IC=0.02257 | median=0.00951 | IC>0=51.65% | spread=0.5554%
2026-08-28 23:58:38,967 | INFO | Top-3 | net=20.15% | 0050=54.15% | EW=13.42% | alpha=-34.00% | turn=86.52%
2026-08-28 23:58:38,989 | INFO | Top-5 | net=25.23% | 0050=54.15% | EW=13.42% | alpha=-28.92% | turn=84.46%
2026-08-28 23:58:39,010 | INFO | Top-10 | net=12.81% | 0050=54.15% | EW=13.42% | alpha=-41.35% | turn=69.29%
2026-08-28 23:58:39,032 | INFO | Top-15 | net=3.27% | 0050=54.15% | EW=13.42% | alpha=-50.89% | turn=59.00%
2026-08-28 23:58:39,054 | INFO | Top-20 | net=4.54% | 0050=54.15% | EW=13.42% | alpha=-49.61% | turn=48.78%
2026-08-28 23:58:39,165 | INFO | ================================================================================
2026-08-28 23:58:39,165 | INFO | YEAR 2025 | train=140,490 valid=11,050 test=12,100
/home/ubuntu/lobster-trading/src/train_cross_section_v4.py:1055: FutureWarning: `torch.cuda.amp.GradScaler(args...)` is deprecated. Please use `torch.amp.GradScaler('cuda', args...)` instead.
  torch.cuda.amp.GradScaler()
2026-08-28 23:58:44,564 | INFO | epoch=001 rankloss=0.766880 validIC=0.08091
2026-08-28 23:58:45,619 | INFO | epoch=005 rankloss=0.689448 validIC=-0.00040
2026-08-28 23:58:46,844 | INFO | epoch=010 rankloss=0.685936 validIC=-0.02631
2026-08-28 23:58:47,919 | INFO | epoch=015 rankloss=0.683243 validIC=-0.02282
2026-08-28 23:58:49,019 | INFO | epoch=020 rankloss=0.679810 validIC=-0.00149
2026-08-28 23:58:50,147 | INFO | epoch=025 rankloss=0.675862 validIC=-0.01310
2026-08-28 23:58:51,278 | INFO | epoch=030 rankloss=0.670302 validIC=-0.00814
2026-08-28 23:58:52,406 | INFO | epoch=035 rankloss=0.661265 validIC=0.02562
2026-08-28 23:58:53,519 | INFO | epoch=040 rankloss=0.653109 validIC=0.00300
2026-08-28 23:58:53,519 | INFO | early stop @ 40, best=1, best_valid_ic=0.08091
2026-08-28 23:58:53,824 | INFO | TEST IC=0.09823 | median=0.08293 | IC>0=71.49% | spread=2.2030%
2026-08-28 23:58:53,847 | INFO | Top-3 | net=6.84% | 0050=57.21% | EW=35.83% | alpha=-50.37% | turn=80.88%
2026-08-28 23:58:53,869 | INFO | Top-5 | net=1.13% | 0050=57.21% | EW=35.83% | alpha=-56.08% | turn=77.86%
2026-08-28 23:58:53,891 | INFO | Top-10 | net=33.86% | 0050=57.21% | EW=35.83% | alpha=-23.35% | turn=71.91%
2026-08-28 23:58:53,914 | INFO | Top-15 | net=24.91% | 0050=57.21% | EW=35.83% | alpha=-32.30% | turn=61.97%
2026-08-28 23:58:53,936 | INFO | Top-20 | net=28.28% | 0050=57.21% | EW=35.83% | alpha=-28.93% | turn=53.20%
2026-08-28 23:58:54,104 | INFO | ================================================================================
2026-08-28 23:58:54,104 | INFO | YEAR 2026 | train=152,590 valid=11,050 test=6,850
/home/ubuntu/lobster-trading/src/train_cross_section_v4.py:1055: FutureWarning: `torch.cuda.amp.GradScaler(args...)` is deprecated. Please use `torch.amp.GradScaler('cuda', args...)` instead.
  torch.cuda.amp.GradScaler()
2026-08-28 23:59:00,046 | INFO | epoch=001 rankloss=0.752439 validIC=0.10738
2026-08-28 23:59:01,085 | INFO | epoch=005 rankloss=0.690013 validIC=0.12784
2026-08-28 23:59:02,287 | INFO | epoch=010 rankloss=0.686910 validIC=0.04648
2026-08-28 23:59:03,423 | INFO | epoch=015 rankloss=0.684399 validIC=0.10379
2026-08-28 23:59:04,575 | INFO | epoch=020 rankloss=0.681805 validIC=0.09444
2026-08-28 23:59:05,815 | INFO | epoch=025 rankloss=0.677539 validIC=0.07128
2026-08-28 23:59:07,025 | INFO | epoch=030 rankloss=0.671953 validIC=0.10242
2026-08-28 23:59:08,282 | INFO | epoch=035 rankloss=0.665979 validIC=0.04603
2026-08-28 23:59:09,533 | INFO | epoch=040 rankloss=0.655814 validIC=0.06174
2026-08-28 23:59:10,818 | INFO | epoch=045 rankloss=0.645769 validIC=0.07426
2026-08-28 23:59:10,819 | INFO | early stop @ 45, best=5, best_valid_ic=0.12784
2026-08-28 23:59:10,979 | INFO | TEST IC=0.09986 | median=0.12145 | IC>0=65.69% | spread=7.3760%
2026-08-28 23:59:10,993 | INFO | Top-3 | net=126.59% | 0050=55.44% | EW=54.57% | alpha=71.15% | turn=78.83%
2026-08-28 23:59:11,006 | INFO | Top-5 | net=142.77% | 0050=55.44% | EW=54.57% | alpha=87.33% | turn=76.26%
2026-08-28 23:59:11,019 | INFO | Top-10 | net=83.17% | 0050=55.44% | EW=54.57% | alpha=27.73% | turn=68.12%
2026-08-28 23:59:11,033 | INFO | Top-15 | net=87.75% | 0050=55.44% | EW=54.57% | alpha=32.31% | turn=56.17%
2026-08-28 23:59:11,046 | INFO | Top-20 | net=70.84% | 0050=55.44% | EW=54.57% | alpha=15.40% | turn=47.45%
2026-08-28 23:59:11,144 | INFO | ================================================================================
2026-08-28 23:59:11,144 | INFO | FINAL SUMMARY
2026-08-28 23:59:11,144 | INFO | ================================================================================
2026-08-28 23:59:11,148 | INFO | 
   model  seed  top_k  mean_ic  median_year_ic  mean_spread  positive_alpha_years  years  mean_alpha_vs_0050  mean_alpha_vs_equal_weight  median_alpha_vs_0050  mean_turnover  mean_active_sharpe  mean_best_epoch  mean_valid_ic
mlp_rank    42      3 0.059632        0.069243     0.022354                     5      9            0.084202                    0.115101              0.060526       0.775009            0.059326        12.555556       0.080292
mlp_rank    42      5 0.059632        0.069243     0.022354                     6      9            0.121307                    0.152206              0.151889       0.738502            0.104087        12.555556       0.080292
mlp_rank    42     10 0.059632        0.069243     0.022354                     5      9            0.054047                    0.084946              0.151805       0.650981           -0.060156        12.555556       0.080292
mlp_rank    42     15 0.059632        0.069243     0.022354                     5      9            0.023343                    0.054242              0.159858       0.584296            0.023699        12.555556       0.080292
mlp_rank    42     20 0.059632        0.069243     0.022354                     5      9           -0.002619                    0.028281              0.128730       0.499999           -0.033139        12.555556       0.080292
2026-08-28 23:59:11,148 | INFO | SAVED: runs/v4_h20_mlp_rank_seed42_20260828_235654
