2026-08-28 23:41:34,863 | INFO | Rows=173,340, stocks=50, dates=2012-04-06 00:00:00->2026-08-20 00:00:00
2026-08-28 23:41:34,883 | INFO | ================================================================================
2026-08-28 23:41:34,883 | INFO | YEAR 2018 | train=56,511 valid=11,711 test=12,226
/home/ubuntu/lobster-trading/src/train_cross_section_v4.py:1055: FutureWarning: `torch.cuda.amp.GradScaler(args...)` is deprecated. Please use `torch.amp.GradScaler('cuda', args...)` instead.
  torch.cuda.amp.GradScaler()
2026-08-28 23:41:39,116 | INFO | epoch=001 rankloss=0.796538 validIC=-0.00325
2026-08-28 23:41:39,845 | INFO | epoch=005 rankloss=0.690574 validIC=0.08353
2026-08-28 23:41:40,709 | INFO | epoch=010 rankloss=0.688999 validIC=0.08857
2026-08-28 23:41:41,513 | INFO | epoch=015 rankloss=0.688375 validIC=0.08523
2026-08-28 23:41:42,330 | INFO | epoch=020 rankloss=0.686279 validIC=0.08404
2026-08-28 23:41:43,125 | INFO | epoch=025 rankloss=0.684751 validIC=0.08889
2026-08-28 23:41:43,986 | INFO | epoch=030 rankloss=0.682743 validIC=0.07784
2026-08-28 23:41:44,817 | INFO | epoch=035 rankloss=0.680794 validIC=0.08224
2026-08-28 23:41:45,609 | INFO | epoch=040 rankloss=0.677981 validIC=0.06521
2026-08-28 23:41:46,467 | INFO | epoch=045 rankloss=0.674700 validIC=0.06586
2026-08-28 23:41:47,305 | INFO | epoch=050 rankloss=0.668938 validIC=0.04865
2026-08-28 23:41:48,112 | INFO | epoch=055 rankloss=0.664465 validIC=0.05186
2026-08-28 23:41:48,923 | INFO | epoch=060 rankloss=0.656575 validIC=0.06069
2026-08-28 23:41:49,715 | INFO | epoch=065 rankloss=0.648670 validIC=0.04196
2026-08-28 23:41:49,715 | INFO | early stop @ 65, best=25, best_valid_ic=0.08889
2026-08-28 23:41:49,987 | INFO | TEST IC=0.08815 | median=0.08187 | IC>0=67.35% | spread=0.5647%
2026-08-28 23:41:50,114 | INFO | Top-3 | net=-7.89% | 0050=-9.22% | EW=0.43% | alpha=1.33% | turn=78.79%
2026-08-28 23:41:50,239 | INFO | Top-5 | net=-13.33% | 0050=-9.22% | EW=0.43% | alpha=-4.10% | turn=75.36%
2026-08-28 23:41:50,364 | INFO | Top-10 | net=-11.72% | 0050=-9.22% | EW=0.43% | alpha=-2.50% | turn=64.20%
2026-08-28 23:41:50,491 | INFO | Top-15 | net=-13.44% | 0050=-9.22% | EW=0.43% | alpha=-4.22% | turn=54.49%
2026-08-28 23:41:50,617 | INFO | Top-20 | net=-7.45% | 0050=-9.22% | EW=0.43% | alpha=1.77% | turn=47.96%
2026-08-28 23:41:50,669 | INFO | ================================================================================
2026-08-28 23:41:50,669 | INFO | YEAR 2019 | train=68,418 valid=12,026 test=12,050
/home/ubuntu/lobster-trading/src/train_cross_section_v4.py:1055: FutureWarning: `torch.cuda.amp.GradScaler(args...)` is deprecated. Please use `torch.amp.GradScaler('cuda', args...)` instead.
  torch.cuda.amp.GradScaler()
2026-08-28 23:41:53,206 | INFO | epoch=001 rankloss=0.832320 validIC=0.06512
2026-08-28 23:41:53,990 | INFO | epoch=005 rankloss=0.690839 validIC=0.06704
2026-08-28 23:41:55,734 | INFO | epoch=010 rankloss=0.691586 validIC=0.06673
2026-08-28 23:41:57,502 | INFO | epoch=015 rankloss=0.689300 validIC=0.07489
2026-08-28 23:41:59,968 | INFO | epoch=020 rankloss=0.691465 validIC=0.08976
2026-08-28 23:42:00,866 | INFO | epoch=025 rankloss=0.689153 validIC=0.08982
2026-08-28 23:42:01,757 | INFO | epoch=030 rankloss=0.686937 validIC=0.08008
2026-08-28 23:42:02,635 | INFO | epoch=035 rankloss=0.688568 validIC=0.07863
2026-08-28 23:42:03,510 | INFO | epoch=040 rankloss=0.686822 validIC=0.07994
2026-08-28 23:42:04,388 | INFO | epoch=045 rankloss=0.686361 validIC=0.07787
2026-08-28 23:42:05,277 | INFO | epoch=050 rankloss=0.686001 validIC=0.07309
2026-08-28 23:42:06,227 | INFO | epoch=055 rankloss=0.684555 validIC=0.07981
2026-08-28 23:42:07,158 | INFO | epoch=060 rankloss=0.686445 validIC=0.08425
2026-08-28 23:42:08,074 | INFO | epoch=065 rankloss=0.683584 validIC=0.08668
2026-08-28 23:42:08,074 | INFO | early stop @ 65, best=25, best_valid_ic=0.08982
2026-08-28 23:42:08,347 | INFO | TEST IC=0.04254 | median=0.04375 | IC>0=60.58% | spread=0.1032%
2026-08-28 23:42:08,475 | INFO | Top-3 | net=7.22% | 0050=35.89% | EW=37.39% | alpha=-28.67% | turn=88.95%
2026-08-28 23:42:08,600 | INFO | Top-5 | net=11.10% | 0050=35.89% | EW=37.39% | alpha=-24.79% | turn=83.64%
2026-08-28 23:42:08,722 | INFO | Top-10 | net=11.02% | 0050=35.89% | EW=37.39% | alpha=-24.87% | turn=69.76%
2026-08-28 23:42:08,845 | INFO | Top-15 | net=12.32% | 0050=35.89% | EW=37.39% | alpha=-23.57% | turn=59.09%
2026-08-28 23:42:08,967 | INFO | Top-20 | net=14.88% | 0050=35.89% | EW=37.39% | alpha=-21.01% | turn=48.69%
2026-08-28 23:42:09,026 | INFO | ================================================================================
2026-08-28 23:42:09,027 | INFO | YEAR 2020 | train=80,640 valid=11,850 test=12,250
/home/ubuntu/lobster-trading/src/train_cross_section_v4.py:1055: FutureWarning: `torch.cuda.amp.GradScaler(args...)` is deprecated. Please use `torch.amp.GradScaler('cuda', args...)` instead.
  torch.cuda.amp.GradScaler()
2026-08-28 23:42:12,022 | INFO | epoch=001 rankloss=0.839562 validIC=0.05352
2026-08-28 23:42:12,767 | INFO | epoch=005 rankloss=0.690099 validIC=0.04997
2026-08-28 23:42:13,648 | INFO | epoch=010 rankloss=0.688710 validIC=0.05085
2026-08-28 23:42:14,529 | INFO | epoch=015 rankloss=0.687467 validIC=0.05883
2026-08-28 23:42:15,461 | INFO | epoch=020 rankloss=0.686029 validIC=0.05162
2026-08-28 23:42:16,421 | INFO | epoch=025 rankloss=0.684570 validIC=0.04850
2026-08-28 23:42:17,316 | INFO | epoch=030 rankloss=0.682343 validIC=0.05447
2026-08-28 23:42:18,242 | INFO | epoch=035 rankloss=0.679123 validIC=0.05120
2026-08-28 23:42:19,207 | INFO | epoch=040 rankloss=0.676065 validIC=0.03617
2026-08-28 23:42:20,080 | INFO | epoch=045 rankloss=0.670042 validIC=0.05054
2026-08-28 23:42:21,076 | INFO | epoch=050 rankloss=0.662938 validIC=0.02491
2026-08-28 23:42:21,989 | INFO | epoch=055 rankloss=0.653934 validIC=0.03859
2026-08-28 23:42:21,989 | INFO | early stop @ 55, best=15, best_valid_ic=0.05883
2026-08-28 23:42:22,261 | INFO | TEST IC=0.04578 | median=0.04461 | IC>0=57.96% | spread=0.2308%
2026-08-28 23:42:22,384 | INFO | Top-3 | net=13.67% | 0050=33.41% | EW=30.48% | alpha=-19.74% | turn=79.49%
2026-08-28 23:42:22,507 | INFO | Top-5 | net=20.38% | 0050=33.41% | EW=30.48% | alpha=-13.03% | turn=76.73%
2026-08-28 23:42:22,629 | INFO | Top-10 | net=5.79% | 0050=33.41% | EW=30.48% | alpha=-27.62% | turn=67.54%
2026-08-28 23:42:22,752 | INFO | Top-15 | net=10.96% | 0050=33.41% | EW=30.48% | alpha=-22.45% | turn=58.47%
2026-08-28 23:42:22,875 | INFO | Top-20 | net=10.29% | 0050=33.41% | EW=30.48% | alpha=-23.12% | turn=50.78%
2026-08-28 23:42:22,930 | INFO | ================================================================================
2026-08-28 23:42:22,930 | INFO | YEAR 2021 | train=92,690 valid=12,050 test=12,150
/home/ubuntu/lobster-trading/src/train_cross_section_v4.py:1055: FutureWarning: `torch.cuda.amp.GradScaler(args...)` is deprecated. Please use `torch.amp.GradScaler('cuda', args...)` instead.
  torch.cuda.amp.GradScaler()
2026-08-28 23:42:26,535 | INFO | epoch=001 rankloss=0.810490 validIC=0.04438
2026-08-28 23:42:27,295 | INFO | epoch=005 rankloss=0.690902 validIC=0.03602
2026-08-28 23:42:28,325 | INFO | epoch=010 rankloss=0.689363 validIC=0.04035
2026-08-28 23:42:29,348 | INFO | epoch=015 rankloss=0.688525 validIC=0.04854
2026-08-28 23:42:30,353 | INFO | epoch=020 rankloss=0.687023 validIC=0.04208
2026-08-28 23:42:31,303 | INFO | epoch=025 rankloss=0.685277 validIC=0.02796
2026-08-28 23:42:32,364 | INFO | epoch=030 rankloss=0.683026 validIC=0.00763
2026-08-28 23:42:33,993 | INFO | epoch=035 rankloss=0.680643 validIC=0.02726
2026-08-28 23:42:36,405 | INFO | epoch=040 rankloss=0.676110 validIC=0.01631
2026-08-28 23:42:38,903 | INFO | epoch=045 rankloss=0.670799 validIC=0.02660
2026-08-28 23:42:39,850 | INFO | epoch=050 rankloss=0.662682 validIC=0.03962
2026-08-28 23:42:40,768 | INFO | epoch=055 rankloss=0.653384 validIC=0.02527
2026-08-28 23:42:40,769 | INFO | early stop @ 55, best=15, best_valid_ic=0.04854
2026-08-28 23:42:41,037 | INFO | TEST IC=0.04630 | median=0.01868 | IC>0=55.97% | spread=0.2326%
2026-08-28 23:42:41,157 | INFO | Top-3 | net=18.17% | 0050=21.82% | EW=41.66% | alpha=-3.65% | turn=84.23%
2026-08-28 23:42:41,277 | INFO | Top-5 | net=21.46% | 0050=21.82% | EW=41.66% | alpha=-0.37% | turn=79.23%
2026-08-28 23:42:41,398 | INFO | Top-10 | net=14.30% | 0050=21.82% | EW=41.66% | alpha=-7.52% | turn=70.53%
2026-08-28 23:42:41,518 | INFO | Top-15 | net=15.49% | 0050=21.82% | EW=41.66% | alpha=-6.34% | turn=61.28%
2026-08-28 23:42:41,640 | INFO | Top-20 | net=12.90% | 0050=21.82% | EW=41.66% | alpha=-8.93% | turn=52.30%
2026-08-28 23:42:41,689 | INFO | ================================================================================
2026-08-28 23:42:41,689 | INFO | YEAR 2022 | train=104,940 valid=11,950 test=12,300
/home/ubuntu/lobster-trading/src/train_cross_section_v4.py:1055: FutureWarning: `torch.cuda.amp.GradScaler(args...)` is deprecated. Please use `torch.amp.GradScaler('cuda', args...)` instead.
  torch.cuda.amp.GradScaler()
2026-08-28 23:42:45,860 | INFO | epoch=001 rankloss=0.780307 validIC=0.03118
2026-08-28 23:42:46,704 | INFO | epoch=005 rankloss=0.690812 validIC=0.04169
2026-08-28 23:42:47,691 | INFO | epoch=010 rankloss=0.689081 validIC=0.04113
2026-08-28 23:42:48,820 | INFO | epoch=015 rankloss=0.687859 validIC=0.04777
2026-08-28 23:42:49,909 | INFO | epoch=020 rankloss=0.686582 validIC=0.04281
2026-08-28 23:42:50,963 | INFO | epoch=025 rankloss=0.684178 validIC=0.04877
2026-08-28 23:42:51,985 | INFO | epoch=030 rankloss=0.681868 validIC=0.05175
2026-08-28 23:42:53,027 | INFO | epoch=035 rankloss=0.677729 validIC=0.04501
2026-08-28 23:42:54,122 | INFO | epoch=040 rankloss=0.671612 validIC=0.04000
2026-08-28 23:42:55,080 | INFO | epoch=045 rankloss=0.664219 validIC=0.04011
2026-08-28 23:42:56,025 | INFO | epoch=050 rankloss=0.652765 validIC=0.03072
2026-08-28 23:42:56,978 | INFO | epoch=055 rankloss=0.641859 validIC=0.02987
2026-08-28 23:42:57,947 | INFO | epoch=060 rankloss=0.627986 validIC=0.04473
2026-08-28 23:42:58,906 | INFO | epoch=065 rankloss=0.613087 validIC=0.03045
2026-08-28 23:42:59,920 | INFO | epoch=070 rankloss=0.597948 validIC=0.03488
2026-08-28 23:42:59,921 | INFO | early stop @ 70, best=30, best_valid_ic=0.05175
2026-08-28 23:43:00,191 | INFO | TEST IC=-0.00604 | median=-0.01412 | IC>0=47.97% | spread=0.0168%
2026-08-28 23:43:00,313 | INFO | Top-3 | net=-32.58% | 0050=-22.32% | EW=-10.24% | alpha=-10.26% | turn=81.80%
2026-08-28 23:43:00,434 | INFO | Top-5 | net=-33.49% | 0050=-22.32% | EW=-10.24% | alpha=-11.17% | turn=77.10%
2026-08-28 23:43:00,555 | INFO | Top-10 | net=-27.46% | 0050=-22.32% | EW=-10.24% | alpha=-5.13% | turn=66.07%
2026-08-28 23:43:00,677 | INFO | Top-15 | net=-27.11% | 0050=-22.32% | EW=-10.24% | alpha=-4.79% | turn=57.90%
2026-08-28 23:43:00,799 | INFO | Top-20 | net=-27.66% | 0050=-22.32% | EW=-10.24% | alpha=-5.33% | turn=51.19%
2026-08-28 23:43:00,876 | INFO | ================================================================================
2026-08-28 23:43:00,876 | INFO | YEAR 2023 | train=117,090 valid=12,100 test=11,950
/home/ubuntu/lobster-trading/src/train_cross_section_v4.py:1055: FutureWarning: `torch.cuda.amp.GradScaler(args...)` is deprecated. Please use `torch.amp.GradScaler('cuda', args...)` instead.
  torch.cuda.amp.GradScaler()
2026-08-28 23:43:05,363 | INFO | epoch=001 rankloss=0.760181 validIC=0.03949
2026-08-28 23:43:06,293 | INFO | epoch=005 rankloss=0.690925 validIC=0.01361
2026-08-28 23:43:07,503 | INFO | epoch=010 rankloss=0.689714 validIC=0.00903
2026-08-28 23:43:08,637 | INFO | epoch=015 rankloss=0.687747 validIC=0.01684
2026-08-28 23:43:09,743 | INFO | epoch=020 rankloss=0.686397 validIC=0.00355
2026-08-28 23:43:10,854 | INFO | epoch=025 rankloss=0.684202 validIC=0.00341
2026-08-28 23:43:11,938 | INFO | epoch=030 rankloss=0.680919 validIC=0.00015
2026-08-28 23:43:12,965 | INFO | epoch=035 rankloss=0.676906 validIC=0.01274
2026-08-28 23:43:14,001 | INFO | epoch=040 rankloss=0.670835 validIC=-0.00877
2026-08-28 23:43:14,002 | INFO | early stop @ 40, best=1, best_valid_ic=0.03949
2026-08-28 23:43:14,269 | INFO | TEST IC=0.02650 | median=0.02031 | IC>0=54.39% | spread=0.2853%
2026-08-28 23:43:14,396 | INFO | Top-3 | net=9.75% | 0050=24.67% | EW=32.79% | alpha=-14.93% | turn=72.69%
2026-08-28 23:43:14,515 | INFO | Top-5 | net=24.03% | 0050=24.67% | EW=32.79% | alpha=-0.65% | turn=68.85%
2026-08-28 23:43:14,634 | INFO | Top-10 | net=17.46% | 0050=24.67% | EW=32.79% | alpha=-7.21% | turn=59.34%
2026-08-28 23:43:14,755 | INFO | Top-15 | net=14.99% | 0050=24.67% | EW=32.79% | alpha=-9.68% | turn=46.51%
2026-08-28 23:43:14,874 | INFO | Top-20 | net=18.29% | 0050=24.67% | EW=32.79% | alpha=-6.38% | turn=38.48%
2026-08-28 23:43:14,935 | INFO | ================================================================================
2026-08-28 23:43:14,935 | INFO | YEAR 2024 | train=129,390 valid=11,750 test=12,100
/home/ubuntu/lobster-trading/src/train_cross_section_v4.py:1055: FutureWarning: `torch.cuda.amp.GradScaler(args...)` is deprecated. Please use `torch.amp.GradScaler('cuda', args...)` instead.
  torch.cuda.amp.GradScaler()
2026-08-28 23:43:19,843 | INFO | epoch=001 rankloss=0.770019 validIC=0.00116
2026-08-28 23:43:20,766 | INFO | epoch=005 rankloss=0.691749 validIC=0.04658
2026-08-28 23:43:22,019 | INFO | epoch=010 rankloss=0.690189 validIC=0.05013
2026-08-28 23:43:23,205 | INFO | epoch=015 rankloss=0.688834 validIC=0.05833
2026-08-28 23:43:24,315 | INFO | epoch=020 rankloss=0.687303 validIC=0.04885
2026-08-28 23:43:25,441 | INFO | epoch=025 rankloss=0.685414 validIC=0.05769
2026-08-28 23:43:26,652 | INFO | epoch=030 rankloss=0.682265 validIC=0.03720
2026-08-28 23:43:27,755 | INFO | epoch=035 rankloss=0.678452 validIC=0.06217
2026-08-28 23:43:28,903 | INFO | epoch=040 rankloss=0.672312 validIC=0.02255
2026-08-28 23:43:30,107 | INFO | epoch=045 rankloss=0.664060 validIC=0.02673
2026-08-28 23:43:31,243 | INFO | epoch=050 rankloss=0.652915 validIC=0.02553
2026-08-28 23:43:32,304 | INFO | epoch=055 rankloss=0.640128 validIC=0.02062
2026-08-28 23:43:33,365 | INFO | epoch=060 rankloss=0.625843 validIC=0.01850
2026-08-28 23:43:34,398 | INFO | epoch=065 rankloss=0.611173 validIC=0.02463
2026-08-28 23:43:35,440 | INFO | epoch=070 rankloss=0.597980 validIC=0.01384
2026-08-28 23:43:36,471 | INFO | epoch=075 rankloss=0.586672 validIC=0.02297
2026-08-28 23:43:36,472 | INFO | early stop @ 75, best=35, best_valid_ic=0.06217
2026-08-28 23:43:36,741 | INFO | TEST IC=0.02044 | median=0.00519 | IC>0=51.65% | spread=0.2376%
2026-08-28 23:43:36,863 | INFO | Top-3 | net=-8.18% | 0050=52.82% | EW=14.34% | alpha=-61.00% | turn=82.26%
2026-08-28 23:43:36,984 | INFO | Top-5 | net=-8.20% | 0050=52.82% | EW=14.34% | alpha=-61.02% | turn=80.65%
2026-08-28 23:43:37,105 | INFO | Top-10 | net=1.85% | 0050=52.82% | EW=14.34% | alpha=-50.97% | turn=71.65%
2026-08-28 23:43:37,226 | INFO | Top-15 | net=1.44% | 0050=52.82% | EW=14.34% | alpha=-51.38% | turn=65.12%
2026-08-28 23:43:37,349 | INFO | Top-20 | net=-0.77% | 0050=52.82% | EW=14.34% | alpha=-53.59% | turn=56.25%
2026-08-28 23:43:37,433 | INFO | ================================================================================
2026-08-28 23:43:37,433 | INFO | YEAR 2025 | train=141,340 valid=11,900 test=12,100
/home/ubuntu/lobster-trading/src/train_cross_section_v4.py:1055: FutureWarning: `torch.cuda.amp.GradScaler(args...)` is deprecated. Please use `torch.amp.GradScaler('cuda', args...)` instead.
  torch.cuda.amp.GradScaler()
2026-08-28 23:43:42,965 | INFO | epoch=001 rankloss=0.798139 validIC=0.04998
2026-08-28 23:43:44,027 | INFO | epoch=005 rankloss=0.691613 validIC=0.05680
2026-08-28 23:43:45,280 | INFO | epoch=010 rankloss=0.690413 validIC=0.03621
2026-08-28 23:43:46,468 | INFO | epoch=015 rankloss=0.689346 validIC=0.02582
2026-08-28 23:43:47,562 | INFO | epoch=020 rankloss=0.687987 validIC=0.02339
2026-08-28 23:43:48,656 | INFO | epoch=025 rankloss=0.686263 validIC=0.00543
2026-08-28 23:43:49,769 | INFO | epoch=030 rankloss=0.684888 validIC=0.01556
2026-08-28 23:43:50,873 | INFO | epoch=035 rankloss=0.681808 validIC=-0.00049
2026-08-28 23:43:51,998 | INFO | epoch=040 rankloss=0.677448 validIC=0.00832
2026-08-28 23:43:53,144 | INFO | epoch=045 rankloss=0.671897 validIC=-0.00273
2026-08-28 23:43:53,145 | INFO | early stop @ 45, best=5, best_valid_ic=0.05680
2026-08-28 23:43:53,472 | INFO | TEST IC=0.04787 | median=0.03515 | IC>0=55.79% | spread=0.4415%
2026-08-28 23:43:53,596 | INFO | Top-3 | net=-2.15% | 0050=44.71% | EW=25.86% | alpha=-46.85% | turn=83.65%
2026-08-28 23:43:53,719 | INFO | Top-5 | net=10.49% | 0050=44.71% | EW=25.86% | alpha=-34.22% | turn=75.18%
2026-08-28 23:43:53,843 | INFO | Top-10 | net=12.48% | 0050=44.71% | EW=25.86% | alpha=-32.22% | turn=67.38%
2026-08-28 23:43:53,966 | INFO | Top-15 | net=9.24% | 0050=44.71% | EW=25.86% | alpha=-35.46% | turn=60.72%
2026-08-28 23:43:54,090 | INFO | Top-20 | net=10.26% | 0050=44.71% | EW=25.86% | alpha=-34.45% | turn=51.14%
2026-08-28 23:43:54,164 | INFO | ================================================================================
2026-08-28 23:43:54,164 | INFO | YEAR 2026 | train=153,440 valid=11,900 test=7,600
/home/ubuntu/lobster-trading/src/train_cross_section_v4.py:1055: FutureWarning: `torch.cuda.amp.GradScaler(args...)` is deprecated. Please use `torch.amp.GradScaler('cuda', args...)` instead.
  torch.cuda.amp.GradScaler()
2026-08-28 23:44:00,127 | INFO | epoch=001 rankloss=0.747670 validIC=0.01756
2026-08-28 23:44:01,239 | INFO | epoch=005 rankloss=0.691168 validIC=0.04521
2026-08-28 23:44:02,559 | INFO | epoch=010 rankloss=0.689781 validIC=0.02789
2026-08-28 23:44:03,744 | INFO | epoch=015 rankloss=0.688718 validIC=0.03153
2026-08-28 23:44:04,884 | INFO | epoch=020 rankloss=0.687360 validIC=0.03707
2026-08-28 23:44:06,037 | INFO | epoch=025 rankloss=0.684814 validIC=0.03594
2026-08-28 23:44:07,197 | INFO | epoch=030 rankloss=0.681309 validIC=0.04263
2026-08-28 23:44:08,343 | INFO | epoch=035 rankloss=0.676998 validIC=0.03108
2026-08-28 23:44:09,514 | INFO | epoch=040 rankloss=0.670303 validIC=0.02381
2026-08-28 23:44:10,727 | INFO | epoch=045 rankloss=0.662052 validIC=0.03769
2026-08-28 23:44:10,727 | INFO | early stop @ 45, best=5, best_valid_ic=0.04521
2026-08-28 23:44:10,954 | INFO | TEST IC=0.04517 | median=0.02593 | IC>0=53.95% | spread=0.8232%
2026-08-28 23:44:11,032 | INFO | Top-3 | net=145.29% | 0050=56.79% | EW=59.48% | alpha=88.50% | turn=79.29%
2026-08-28 23:44:11,109 | INFO | Top-5 | net=116.38% | 0050=56.79% | EW=59.48% | alpha=59.60% | turn=70.63%
2026-08-28 23:44:11,187 | INFO | Top-10 | net=64.69% | 0050=56.79% | EW=59.48% | alpha=7.90% | turn=63.81%
2026-08-28 23:44:11,264 | INFO | Top-15 | net=56.91% | 0050=56.79% | EW=59.48% | alpha=0.12% | turn=56.40%
2026-08-28 23:44:11,342 | INFO | Top-20 | net=49.52% | 0050=56.79% | EW=59.48% | alpha=-7.27% | turn=49.01%
2026-08-28 23:44:11,488 | INFO | ================================================================================
2026-08-28 23:44:11,488 | INFO | FINAL SUMMARY
2026-08-28 23:44:11,488 | INFO | ================================================================================
2026-08-28 23:44:11,492 | INFO | 
   model  seed  top_k  mean_ic  median_year_ic  mean_spread  positive_alpha_years  years  mean_alpha_vs_0050  mean_alpha_vs_equal_weight  median_alpha_vs_0050  mean_turnover  mean_active_sharpe  mean_best_epoch  mean_valid_ic
mlp_rank     7      3 0.039634        0.045165     0.003262                     2      9           -0.105866                   -0.098781             -0.149258       0.812400           -0.386243        17.333333       0.060166
mlp_rank     7      5 0.039634        0.045165     0.003262                     1      9           -0.099722                   -0.092637             -0.111671       0.763737           -0.492338        17.333333       0.060166
mlp_rank     7     10 0.039634        0.045165     0.003262                     1      9           -0.166831                   -0.159746             -0.075228       0.666990           -0.900603        17.333333       0.060166
mlp_rank     7     15 0.039634        0.045165     0.003262                     1      9           -0.175297                   -0.168212             -0.096846       0.577755           -1.123888        17.333333       0.060166
mlp_rank     7     20 0.039634        0.045165     0.003262                     1      9           -0.175892                   -0.168807             -0.089257       0.495342           -1.149368        17.333333       0.060166
2026-08-28 23:44:11,492 | INFO | SAVED: runs/v4_h3_mlp_rank_seed7_20260828_234134
