2026-08-28 23:52:00,604 | INFO | Rows=173,090, stocks=50, dates=2012-04-06 00:00:00->2026-08-13 00:00:00
2026-08-28 23:52:00,650 | INFO | ================================================================================
2026-08-28 23:52:00,650 | INFO | YEAR 2018 | train=56,168 valid=11,368 test=12,226
/home/ubuntu/lobster-trading/src/train_cross_section_v4.py:1055: FutureWarning: `torch.cuda.amp.GradScaler(args...)` is deprecated. Please use `torch.amp.GradScaler('cuda', args...)` instead.
  torch.cuda.amp.GradScaler()
2026-08-28 23:52:04,633 | INFO | epoch=001 rankloss=0.833783 validIC=-0.00000
2026-08-28 23:52:05,360 | INFO | epoch=005 rankloss=0.691301 validIC=0.02967
2026-08-28 23:52:06,255 | INFO | epoch=010 rankloss=0.687922 validIC=0.02746
2026-08-28 23:52:07,098 | INFO | epoch=015 rankloss=0.686372 validIC=0.01902
2026-08-28 23:52:07,922 | INFO | epoch=020 rankloss=0.685901 validIC=0.03320
2026-08-28 23:52:08,793 | INFO | epoch=025 rankloss=0.682636 validIC=0.03249
2026-08-28 23:52:09,658 | INFO | epoch=030 rankloss=0.682564 validIC=0.03763
2026-08-28 23:52:10,516 | INFO | epoch=035 rankloss=0.679994 validIC=0.03196
2026-08-28 23:52:11,352 | INFO | epoch=040 rankloss=0.676041 validIC=0.03327
2026-08-28 23:52:12,239 | INFO | epoch=045 rankloss=0.671203 validIC=0.03168
2026-08-28 23:52:13,076 | INFO | epoch=050 rankloss=0.668380 validIC=0.02038
2026-08-28 23:52:13,908 | INFO | epoch=055 rankloss=0.659114 validIC=0.03021
2026-08-28 23:52:14,734 | INFO | epoch=060 rankloss=0.654743 validIC=0.02755
2026-08-28 23:52:15,558 | INFO | epoch=065 rankloss=0.645737 validIC=0.02690
2026-08-28 23:52:16,354 | INFO | epoch=070 rankloss=0.641480 validIC=0.02724
2026-08-28 23:52:16,355 | INFO | early stop @ 70, best=30, best_valid_ic=0.03763
2026-08-28 23:52:16,628 | INFO | TEST IC=0.06442 | median=0.07246 | IC>0=63.67% | spread=0.8163%
2026-08-28 23:52:16,669 | INFO | Top-3 | net=-0.51% | 0050=-6.73% | EW=4.24% | alpha=6.22% | turn=58.93%
2026-08-28 23:52:16,709 | INFO | Top-5 | net=0.17% | 0050=-6.73% | EW=4.24% | alpha=6.90% | turn=64.71%
2026-08-28 23:52:16,749 | INFO | Top-10 | net=3.56% | 0050=-6.73% | EW=4.24% | alpha=10.28% | turn=64.21%
2026-08-28 23:52:16,789 | INFO | Top-15 | net=10.71% | 0050=-6.73% | EW=4.24% | alpha=17.44% | turn=59.50%
2026-08-28 23:52:16,830 | INFO | Top-20 | net=8.98% | 0050=-6.73% | EW=4.24% | alpha=15.71% | turn=51.04%
2026-08-28 23:52:16,924 | INFO | ================================================================================
2026-08-28 23:52:16,924 | INFO | YEAR 2019 | train=68,075 valid=11,676 test=12,050
/home/ubuntu/lobster-trading/src/train_cross_section_v4.py:1055: FutureWarning: `torch.cuda.amp.GradScaler(args...)` is deprecated. Please use `torch.amp.GradScaler('cuda', args...)` instead.
  torch.cuda.amp.GradScaler()
2026-08-28 23:52:19,423 | INFO | epoch=001 rankloss=0.856111 validIC=-0.03958
2026-08-28 23:52:20,148 | INFO | epoch=005 rankloss=0.691350 validIC=0.07002
2026-08-28 23:52:21,018 | INFO | epoch=010 rankloss=0.690055 validIC=0.05979
2026-08-28 23:52:21,964 | INFO | epoch=015 rankloss=0.687780 validIC=0.06599
2026-08-28 23:52:22,868 | INFO | epoch=020 rankloss=0.685777 validIC=0.06788
2026-08-28 23:52:23,784 | INFO | epoch=025 rankloss=0.683855 validIC=0.05060
2026-08-28 23:52:24,728 | INFO | epoch=030 rankloss=0.681281 validIC=0.05593
2026-08-28 23:52:25,643 | INFO | epoch=035 rankloss=0.677361 validIC=0.04510
2026-08-28 23:52:26,575 | INFO | epoch=040 rankloss=0.673304 validIC=0.04909
2026-08-28 23:52:27,478 | INFO | epoch=045 rankloss=0.665962 validIC=0.02769
2026-08-28 23:52:27,479 | INFO | early stop @ 45, best=5, best_valid_ic=0.07002
2026-08-28 23:52:27,755 | INFO | TEST IC=0.02914 | median=0.03059 | IC>0=57.68% | spread=0.3056%
2026-08-28 23:52:27,796 | INFO | Top-3 | net=109.08% | 0050=36.88% | EW=39.16% | alpha=72.20% | turn=90.12%
2026-08-28 23:52:27,837 | INFO | Top-5 | net=74.35% | 0050=36.88% | EW=39.16% | alpha=37.47% | turn=86.18%
2026-08-28 23:52:27,878 | INFO | Top-10 | net=43.95% | 0050=36.88% | EW=39.16% | alpha=7.07% | turn=71.86%
2026-08-28 23:52:27,918 | INFO | Top-15 | net=38.19% | 0050=36.88% | EW=39.16% | alpha=1.31% | turn=54.91%
2026-08-28 23:52:27,959 | INFO | Top-20 | net=35.57% | 0050=36.88% | EW=39.16% | alpha=-1.31% | turn=45.33%
2026-08-28 23:52:28,036 | INFO | ================================================================================
2026-08-28 23:52:28,036 | INFO | YEAR 2020 | train=80,290 valid=11,500 test=12,250
/home/ubuntu/lobster-trading/src/train_cross_section_v4.py:1055: FutureWarning: `torch.cuda.amp.GradScaler(args...)` is deprecated. Please use `torch.amp.GradScaler('cuda', args...)` instead.
  torch.cuda.amp.GradScaler()
2026-08-28 23:52:31,199 | INFO | epoch=001 rankloss=0.830294 validIC=-0.02195
2026-08-28 23:52:32,028 | INFO | epoch=005 rankloss=0.691577 validIC=-0.01243
2026-08-28 23:52:32,924 | INFO | epoch=010 rankloss=0.689791 validIC=0.01412
2026-08-28 23:52:33,805 | INFO | epoch=015 rankloss=0.688709 validIC=0.01380
2026-08-28 23:52:34,674 | INFO | epoch=020 rankloss=0.686859 validIC=-0.00912
2026-08-28 23:52:35,553 | INFO | epoch=025 rankloss=0.685030 validIC=-0.00657
2026-08-28 23:52:36,421 | INFO | epoch=030 rankloss=0.682933 validIC=0.04983
2026-08-28 23:52:37,347 | INFO | epoch=035 rankloss=0.678231 validIC=-0.02936
2026-08-28 23:52:38,279 | INFO | epoch=040 rankloss=0.672319 validIC=0.00826
2026-08-28 23:52:39,185 | INFO | epoch=045 rankloss=0.665033 validIC=0.02549
2026-08-28 23:52:40,234 | INFO | epoch=050 rankloss=0.653509 validIC=0.00700
2026-08-28 23:52:41,169 | INFO | epoch=055 rankloss=0.640676 validIC=0.00380
2026-08-28 23:52:42,156 | INFO | epoch=060 rankloss=0.628567 validIC=0.01649
2026-08-28 23:52:43,145 | INFO | epoch=065 rankloss=0.610106 validIC=0.00948
2026-08-28 23:52:44,073 | INFO | epoch=070 rankloss=0.594395 validIC=0.00541
2026-08-28 23:52:44,074 | INFO | early stop @ 70, best=30, best_valid_ic=0.04983
2026-08-28 23:52:44,359 | INFO | TEST IC=0.05123 | median=0.03990 | IC>0=54.29% | spread=1.0704%
2026-08-28 23:52:44,400 | INFO | Top-3 | net=141.96% | 0050=39.97% | EW=32.59% | alpha=101.98% | turn=66.78%
2026-08-28 23:52:44,441 | INFO | Top-5 | net=108.06% | 0050=39.97% | EW=32.59% | alpha=68.09% | turn=63.73%
2026-08-28 23:52:44,481 | INFO | Top-10 | net=47.74% | 0050=39.97% | EW=32.59% | alpha=7.77% | turn=56.51%
2026-08-28 23:52:44,521 | INFO | Top-15 | net=33.30% | 0050=39.97% | EW=32.59% | alpha=-6.67% | turn=54.26%
2026-08-28 23:52:44,562 | INFO | Top-20 | net=35.83% | 0050=39.97% | EW=32.59% | alpha=-4.14% | turn=49.10%
2026-08-28 23:52:44,622 | INFO | ================================================================================
2026-08-28 23:52:44,623 | INFO | YEAR 2021 | train=92,340 valid=11,700 test=12,150
/home/ubuntu/lobster-trading/src/train_cross_section_v4.py:1055: FutureWarning: `torch.cuda.amp.GradScaler(args...)` is deprecated. Please use `torch.amp.GradScaler('cuda', args...)` instead.
  torch.cuda.amp.GradScaler()
2026-08-28 23:52:48,202 | INFO | epoch=001 rankloss=0.798796 validIC=0.10084
2026-08-28 23:52:48,982 | INFO | epoch=005 rankloss=0.691716 validIC=0.06901
2026-08-28 23:52:49,958 | INFO | epoch=010 rankloss=0.689850 validIC=0.04919
2026-08-28 23:52:50,936 | INFO | epoch=015 rankloss=0.688368 validIC=0.06928
2026-08-28 23:52:51,880 | INFO | epoch=020 rankloss=0.686311 validIC=0.03588
2026-08-28 23:52:52,820 | INFO | epoch=025 rankloss=0.684515 validIC=0.04942
2026-08-28 23:52:53,858 | INFO | epoch=030 rankloss=0.681175 validIC=0.02194
2026-08-28 23:52:54,941 | INFO | epoch=035 rankloss=0.676298 validIC=0.03406
2026-08-28 23:52:55,937 | INFO | epoch=040 rankloss=0.669672 validIC=0.04980
2026-08-28 23:52:55,937 | INFO | early stop @ 40, best=1, best_valid_ic=0.10084
2026-08-28 23:52:56,216 | INFO | TEST IC=0.02251 | median=0.03731 | IC>0=53.91% | spread=1.1789%
2026-08-28 23:52:56,257 | INFO | Top-3 | net=32.04% | 0050=23.35% | EW=42.85% | alpha=8.69% | turn=68.06%
2026-08-28 23:52:56,297 | INFO | Top-5 | net=17.54% | 0050=23.35% | EW=42.85% | alpha=-5.81% | turn=66.93%
2026-08-28 23:52:56,338 | INFO | Top-10 | net=46.74% | 0050=23.35% | EW=42.85% | alpha=23.39% | turn=63.68%
2026-08-28 23:52:56,378 | INFO | Top-15 | net=40.73% | 0050=23.35% | EW=42.85% | alpha=17.38% | turn=53.88%
2026-08-28 23:52:56,419 | INFO | Top-20 | net=39.51% | 0050=23.35% | EW=42.85% | alpha=16.16% | turn=46.29%
2026-08-28 23:52:56,521 | INFO | ================================================================================
2026-08-28 23:52:56,521 | INFO | YEAR 2022 | train=104,590 valid=11,600 test=12,300
/home/ubuntu/lobster-trading/src/train_cross_section_v4.py:1055: FutureWarning: `torch.cuda.amp.GradScaler(args...)` is deprecated. Please use `torch.amp.GradScaler('cuda', args...)` instead.
  torch.cuda.amp.GradScaler()
2026-08-28 23:53:00,584 | INFO | epoch=001 rankloss=0.802579 validIC=0.01054
2026-08-28 23:53:01,502 | INFO | epoch=005 rankloss=0.691097 validIC=0.05414
2026-08-28 23:53:02,624 | INFO | epoch=010 rankloss=0.689189 validIC=0.04340
2026-08-28 23:53:03,662 | INFO | epoch=015 rankloss=0.687712 validIC=0.06478
2026-08-28 23:53:04,820 | INFO | epoch=020 rankloss=0.685237 validIC=0.05733
2026-08-28 23:53:05,868 | INFO | epoch=025 rankloss=0.682998 validIC=0.06948
2026-08-28 23:53:06,890 | INFO | epoch=030 rankloss=0.678801 validIC=0.06277
2026-08-28 23:53:08,027 | INFO | epoch=035 rankloss=0.673854 validIC=0.04337
2026-08-28 23:53:09,097 | INFO | epoch=040 rankloss=0.665870 validIC=0.05242
2026-08-28 23:53:10,090 | INFO | epoch=045 rankloss=0.655908 validIC=0.04757
2026-08-28 23:53:11,061 | INFO | epoch=050 rankloss=0.643730 validIC=0.04220
2026-08-28 23:53:12,023 | INFO | epoch=055 rankloss=0.629919 validIC=0.05811
2026-08-28 23:53:13,039 | INFO | epoch=060 rankloss=0.615153 validIC=0.05085
2026-08-28 23:53:14,018 | INFO | epoch=065 rankloss=0.600188 validIC=0.04854
2026-08-28 23:53:14,018 | INFO | early stop @ 65, best=25, best_valid_ic=0.06948
2026-08-28 23:53:14,297 | INFO | TEST IC=0.03935 | median=0.04509 | IC>0=57.32% | spread=0.6982%
2026-08-28 23:53:14,339 | INFO | Top-3 | net=-7.05% | 0050=-18.34% | EW=-7.05% | alpha=11.29% | turn=75.85%
2026-08-28 23:53:14,380 | INFO | Top-5 | net=1.75% | 0050=-18.34% | EW=-7.05% | alpha=20.09% | turn=74.57%
2026-08-28 23:53:14,421 | INFO | Top-10 | net=-15.08% | 0050=-18.34% | EW=-7.05% | alpha=3.27% | turn=72.20%
2026-08-28 23:53:14,462 | INFO | Top-15 | net=-16.44% | 0050=-18.34% | EW=-7.05% | alpha=1.90% | turn=62.54%
2026-08-28 23:53:14,503 | INFO | Top-20 | net=-16.99% | 0050=-18.34% | EW=-7.05% | alpha=1.35% | turn=55.99%
2026-08-28 23:53:14,605 | INFO | ================================================================================
2026-08-28 23:53:14,605 | INFO | YEAR 2023 | train=116,740 valid=11,750 test=11,950
/home/ubuntu/lobster-trading/src/train_cross_section_v4.py:1055: FutureWarning: `torch.cuda.amp.GradScaler(args...)` is deprecated. Please use `torch.amp.GradScaler('cuda', args...)` instead.
  torch.cuda.amp.GradScaler()
2026-08-28 23:53:19,316 | INFO | epoch=001 rankloss=0.743867 validIC=0.00689
2026-08-28 23:53:20,185 | INFO | epoch=005 rankloss=0.691302 validIC=0.03024
2026-08-28 23:53:21,334 | INFO | epoch=010 rankloss=0.687661 validIC=0.03877
2026-08-28 23:53:22,571 | INFO | epoch=015 rankloss=0.685164 validIC=0.03243
2026-08-28 23:53:23,647 | INFO | epoch=020 rankloss=0.682718 validIC=0.01975
2026-08-28 23:53:24,705 | INFO | epoch=025 rankloss=0.678360 validIC=0.02435
2026-08-28 23:53:25,757 | INFO | epoch=030 rankloss=0.672122 validIC=0.04277
2026-08-28 23:53:26,795 | INFO | epoch=035 rankloss=0.663461 validIC=0.02254
2026-08-28 23:53:27,812 | INFO | epoch=040 rankloss=0.653397 validIC=0.04424
2026-08-28 23:53:28,835 | INFO | epoch=045 rankloss=0.639112 validIC=0.03312
2026-08-28 23:53:29,843 | INFO | epoch=050 rankloss=0.623884 validIC=0.05921
2026-08-28 23:53:30,907 | INFO | epoch=055 rankloss=0.607651 validIC=0.03373
2026-08-28 23:53:31,979 | INFO | epoch=060 rankloss=0.591514 validIC=0.01548
2026-08-28 23:53:33,075 | INFO | epoch=065 rankloss=0.577154 validIC=0.01521
2026-08-28 23:53:34,219 | INFO | epoch=070 rankloss=0.564906 validIC=-0.00200
2026-08-28 23:53:35,367 | INFO | epoch=075 rankloss=0.551909 validIC=0.02634
2026-08-28 23:53:36,416 | INFO | epoch=080 rankloss=0.542023 validIC=0.00709
2026-08-28 23:53:37,557 | INFO | epoch=085 rankloss=0.532376 validIC=0.02031
2026-08-28 23:53:38,681 | INFO | epoch=090 rankloss=0.523889 validIC=-0.00420
2026-08-28 23:53:38,681 | INFO | early stop @ 90, best=50, best_valid_ic=0.05921
2026-08-28 23:53:38,946 | INFO | TEST IC=0.03510 | median=0.03534 | IC>0=58.16% | spread=0.1834%
2026-08-28 23:53:38,985 | INFO | Top-3 | net=65.71% | 0050=24.67% | EW=33.12% | alpha=41.03% | turn=83.06%
2026-08-28 23:53:39,024 | INFO | Top-5 | net=69.38% | 0050=24.67% | EW=33.12% | alpha=44.71% | turn=74.30%
2026-08-28 23:53:39,063 | INFO | Top-10 | net=45.87% | 0050=24.67% | EW=33.12% | alpha=21.19% | turn=68.44%
2026-08-28 23:53:39,101 | INFO | Top-15 | net=43.07% | 0050=24.67% | EW=33.12% | alpha=18.40% | turn=58.03%
2026-08-28 23:53:39,140 | INFO | Top-20 | net=39.02% | 0050=24.67% | EW=33.12% | alpha=14.34% | turn=51.16%
2026-08-28 23:53:39,280 | INFO | ================================================================================
2026-08-28 23:53:39,280 | INFO | YEAR 2024 | train=129,040 valid=11,400 test=12,100
/home/ubuntu/lobster-trading/src/train_cross_section_v4.py:1055: FutureWarning: `torch.cuda.amp.GradScaler(args...)` is deprecated. Please use `torch.amp.GradScaler('cuda', args...)` instead.
  torch.cuda.amp.GradScaler()
2026-08-28 23:53:44,267 | INFO | epoch=001 rankloss=0.746465 validIC=0.05155
2026-08-28 23:53:45,256 | INFO | epoch=005 rankloss=0.690682 validIC=0.02832
2026-08-28 23:53:46,436 | INFO | epoch=010 rankloss=0.687976 validIC=0.02967
2026-08-28 23:53:47,573 | INFO | epoch=015 rankloss=0.686172 validIC=0.01451
2026-08-28 23:53:48,652 | INFO | epoch=020 rankloss=0.683002 validIC=0.02569
2026-08-28 23:53:49,717 | INFO | epoch=025 rankloss=0.679657 validIC=0.01292
2026-08-28 23:53:50,798 | INFO | epoch=030 rankloss=0.674564 validIC=0.01877
2026-08-28 23:53:51,866 | INFO | epoch=035 rankloss=0.667174 validIC=0.02947
2026-08-28 23:53:52,930 | INFO | epoch=040 rankloss=0.656527 validIC=0.02192
2026-08-28 23:53:52,930 | INFO | early stop @ 40, best=1, best_valid_ic=0.05155
2026-08-28 23:53:53,199 | INFO | TEST IC=0.01590 | median=0.00043 | IC>0=50.00% | spread=0.3745%
2026-08-28 23:53:53,239 | INFO | Top-3 | net=2.13% | 0050=50.78% | EW=11.00% | alpha=-48.66% | turn=82.39%
2026-08-28 23:53:53,280 | INFO | Top-5 | net=4.63% | 0050=50.78% | EW=11.00% | alpha=-46.16% | turn=76.14%
2026-08-28 23:53:53,321 | INFO | Top-10 | net=11.91% | 0050=50.78% | EW=11.00% | alpha=-38.87% | turn=64.53%
2026-08-28 23:53:53,362 | INFO | Top-15 | net=4.10% | 0050=50.78% | EW=11.00% | alpha=-46.68% | turn=57.58%
2026-08-28 23:53:53,404 | INFO | Top-20 | net=8.05% | 0050=50.78% | EW=11.00% | alpha=-42.73% | turn=50.89%
2026-08-28 23:53:53,521 | INFO | ================================================================================
2026-08-28 23:53:53,521 | INFO | YEAR 2025 | train=140,990 valid=11,550 test=12,100
/home/ubuntu/lobster-trading/src/train_cross_section_v4.py:1055: FutureWarning: `torch.cuda.amp.GradScaler(args...)` is deprecated. Please use `torch.amp.GradScaler('cuda', args...)` instead.
  torch.cuda.amp.GradScaler()
2026-08-28 23:53:58,948 | INFO | epoch=001 rankloss=0.745167 validIC=0.05620
2026-08-28 23:53:59,925 | INFO | epoch=005 rankloss=0.691123 validIC=0.04161
2026-08-28 23:54:01,123 | INFO | epoch=010 rankloss=0.689167 validIC=-0.00709
2026-08-28 23:54:02,333 | INFO | epoch=015 rankloss=0.686611 validIC=-0.02915
2026-08-28 23:54:03,494 | INFO | epoch=020 rankloss=0.683818 validIC=0.01872
2026-08-28 23:54:04,689 | INFO | epoch=025 rankloss=0.680497 validIC=-0.02399
2026-08-28 23:54:05,874 | INFO | epoch=030 rankloss=0.676034 validIC=0.00156
2026-08-28 23:54:06,963 | INFO | epoch=035 rankloss=0.668231 validIC=-0.00193
2026-08-28 23:54:08,061 | INFO | epoch=040 rankloss=0.658487 validIC=-0.00847
2026-08-28 23:54:08,062 | INFO | early stop @ 40, best=1, best_valid_ic=0.05620
2026-08-28 23:54:08,331 | INFO | TEST IC=0.06224 | median=0.06132 | IC>0=61.16% | spread=1.0972%
2026-08-28 23:54:08,372 | INFO | Top-3 | net=42.05% | 0050=47.31% | EW=28.81% | alpha=-5.26% | turn=95.39%
2026-08-28 23:54:08,412 | INFO | Top-5 | net=36.25% | 0050=47.31% | EW=28.81% | alpha=-11.06% | turn=85.39%
2026-08-28 23:54:08,452 | INFO | Top-10 | net=18.42% | 0050=47.31% | EW=28.81% | alpha=-28.89% | turn=71.05%
2026-08-28 23:54:08,493 | INFO | Top-15 | net=17.88% | 0050=47.31% | EW=28.81% | alpha=-29.43% | turn=58.90%
2026-08-28 23:54:08,534 | INFO | Top-20 | net=19.57% | 0050=47.31% | EW=28.81% | alpha=-27.74% | turn=50.51%
2026-08-28 23:54:08,691 | INFO | ================================================================================
2026-08-28 23:54:08,692 | INFO | YEAR 2026 | train=153,090 valid=11,550 test=7,350
/home/ubuntu/lobster-trading/src/train_cross_section_v4.py:1055: FutureWarning: `torch.cuda.amp.GradScaler(args...)` is deprecated. Please use `torch.amp.GradScaler('cuda', args...)` instead.
  torch.cuda.amp.GradScaler()
2026-08-28 23:54:14,696 | INFO | epoch=001 rankloss=0.772241 validIC=0.07126
2026-08-28 23:54:15,747 | INFO | epoch=005 rankloss=0.691613 validIC=0.10776
2026-08-28 23:54:17,004 | INFO | epoch=010 rankloss=0.689373 validIC=0.07994
2026-08-28 23:54:18,271 | INFO | epoch=015 rankloss=0.687576 validIC=0.09700
2026-08-28 23:54:19,551 | INFO | epoch=020 rankloss=0.685302 validIC=0.09545
2026-08-28 23:54:20,693 | INFO | epoch=025 rankloss=0.682455 validIC=0.05282
2026-08-28 23:54:21,837 | INFO | epoch=030 rankloss=0.678128 validIC=0.04903
2026-08-28 23:54:22,994 | INFO | epoch=035 rankloss=0.672061 validIC=0.05643
2026-08-28 23:54:24,224 | INFO | epoch=040 rankloss=0.663734 validIC=0.04149
2026-08-28 23:54:25,510 | INFO | epoch=045 rankloss=0.654078 validIC=0.05307
2026-08-28 23:54:25,510 | INFO | early stop @ 45, best=5, best_valid_ic=0.10776
2026-08-28 23:54:25,683 | INFO | TEST IC=0.07245 | median=0.04711 | IC>0=54.42% | spread=3.1241%
2026-08-28 23:54:25,709 | INFO | Top-3 | net=80.89% | 0050=54.39% | EW=54.13% | alpha=26.50% | turn=75.56%
2026-08-28 23:54:25,735 | INFO | Top-5 | net=122.24% | 0050=54.39% | EW=54.13% | alpha=67.84% | turn=75.99%
2026-08-28 23:54:25,760 | INFO | Top-10 | net=87.16% | 0050=54.39% | EW=54.13% | alpha=32.77% | turn=68.14%
2026-08-28 23:54:25,785 | INFO | Top-15 | net=81.52% | 0050=54.39% | EW=54.13% | alpha=27.13% | turn=59.79%
2026-08-28 23:54:25,811 | INFO | Top-20 | net=64.79% | 0050=54.39% | EW=54.13% | alpha=10.40% | turn=51.45%
2026-08-28 23:54:25,930 | INFO | ================================================================================
2026-08-28 23:54:25,930 | INFO | FINAL SUMMARY
2026-08-28 23:54:25,930 | INFO | ================================================================================
2026-08-28 23:54:25,934 | INFO | 
   model  seed  top_k  mean_ic  median_year_ic  mean_spread  positive_alpha_years  years  mean_alpha_vs_0050  mean_alpha_vs_equal_weight  median_alpha_vs_0050  mean_turnover  mean_active_sharpe  mean_best_epoch  mean_valid_ic
mlp_rank    42      3 0.043594        0.039352     0.009832                     7      9            0.237788                    0.252714              0.112930       0.773485            0.625147        16.444444       0.066946
mlp_rank    42      5 0.043594        0.039352     0.009832                     6      9            0.202303                    0.217229              0.200930       0.742160            0.574212        16.444444       0.066946
mlp_rank    42     10 0.043594        0.039352     0.009832                     7      9            0.042197                    0.057122              0.077663       0.667380            0.202379        16.444444       0.066946
mlp_rank    42     15 0.043594        0.039352     0.009832                     6      9            0.000852                    0.015778              0.019049       0.577115           -0.008365        16.444444       0.066946
mlp_rank    42     20 0.043594        0.039352     0.009832                     5      9           -0.019940                   -0.005014              0.013523       0.501958           -0.176678        16.444444       0.066946
2026-08-28 23:54:25,935 | INFO | SAVED: runs/v4_h10_mlp_rank_seed42_20260828_235200
