2026-08-28 23:54:29,730 | INFO | Rows=173,090, stocks=50, dates=2012-04-06 00:00:00->2026-08-13 00:00:00
2026-08-28 23:54:29,796 | INFO | ================================================================================
2026-08-28 23:54:29,796 | INFO | YEAR 2018 | train=56,168 valid=11,368 test=12,226
/home/ubuntu/lobster-trading/src/train_cross_section_v4.py:1055: FutureWarning: `torch.cuda.amp.GradScaler(args...)` is deprecated. Please use `torch.amp.GradScaler('cuda', args...)` instead.
  torch.cuda.amp.GradScaler()
2026-08-28 23:54:33,984 | INFO | epoch=001 rankloss=0.834197 validIC=-0.00099
2026-08-28 23:54:34,730 | INFO | epoch=005 rankloss=0.691377 validIC=0.02852
2026-08-28 23:54:35,585 | INFO | epoch=010 rankloss=0.688848 validIC=0.02928
2026-08-28 23:54:36,422 | INFO | epoch=015 rankloss=0.687125 validIC=0.02841
2026-08-28 23:54:37,247 | INFO | epoch=020 rankloss=0.686048 validIC=0.03450
2026-08-28 23:54:38,099 | INFO | epoch=025 rankloss=0.683426 validIC=0.02706
2026-08-28 23:54:38,906 | INFO | epoch=030 rankloss=0.681312 validIC=0.03707
2026-08-28 23:54:39,781 | INFO | epoch=035 rankloss=0.681143 validIC=0.02688
2026-08-28 23:54:40,623 | INFO | epoch=040 rankloss=0.677960 validIC=0.01919
2026-08-28 23:54:41,471 | INFO | epoch=045 rankloss=0.673383 validIC=0.01633
2026-08-28 23:54:42,309 | INFO | epoch=050 rankloss=0.668711 validIC=0.02146
2026-08-28 23:54:43,239 | INFO | epoch=055 rankloss=0.662807 validIC=0.02080
2026-08-28 23:54:44,096 | INFO | epoch=060 rankloss=0.653577 validIC=0.03330
2026-08-28 23:54:44,945 | INFO | epoch=065 rankloss=0.647567 validIC=0.03454
2026-08-28 23:54:45,768 | INFO | epoch=070 rankloss=0.640826 validIC=0.02208
2026-08-28 23:54:45,768 | INFO | early stop @ 70, best=30, best_valid_ic=0.03707
2026-08-28 23:54:46,053 | INFO | TEST IC=0.06005 | median=0.04556 | IC>0=62.04% | spread=0.6739%
2026-08-28 23:54:46,095 | INFO | Top-3 | net=-33.78% | 0050=-6.73% | EW=4.24% | alpha=-27.05% | turn=68.59%
2026-08-28 23:54:46,135 | INFO | Top-5 | net=-9.98% | 0050=-6.73% | EW=4.24% | alpha=-3.25% | turn=66.60%
2026-08-28 23:54:46,176 | INFO | Top-10 | net=-2.32% | 0050=-6.73% | EW=4.24% | alpha=4.41% | turn=63.45%
2026-08-28 23:54:46,217 | INFO | Top-15 | net=-1.12% | 0050=-6.73% | EW=4.24% | alpha=5.61% | turn=57.97%
2026-08-28 23:54:46,257 | INFO | Top-20 | net=-0.74% | 0050=-6.73% | EW=4.24% | alpha=5.99% | turn=49.79%
2026-08-28 23:54:46,329 | INFO | ================================================================================
2026-08-28 23:54:46,329 | INFO | YEAR 2019 | train=68,075 valid=11,676 test=12,050
/home/ubuntu/lobster-trading/src/train_cross_section_v4.py:1055: FutureWarning: `torch.cuda.amp.GradScaler(args...)` is deprecated. Please use `torch.amp.GradScaler('cuda', args...)` instead.
  torch.cuda.amp.GradScaler()
2026-08-28 23:54:49,008 | INFO | epoch=001 rankloss=0.896663 validIC=0.00145
2026-08-28 23:54:49,773 | INFO | epoch=005 rankloss=0.692115 validIC=0.04460
2026-08-28 23:54:50,656 | INFO | epoch=010 rankloss=0.690204 validIC=0.06944
2026-08-28 23:54:51,536 | INFO | epoch=015 rankloss=0.688475 validIC=0.04247
2026-08-28 23:54:52,401 | INFO | epoch=020 rankloss=0.687224 validIC=0.05298
2026-08-28 23:54:53,263 | INFO | epoch=025 rankloss=0.685427 validIC=0.06396
2026-08-28 23:54:54,136 | INFO | epoch=030 rankloss=0.682893 validIC=0.05692
2026-08-28 23:54:54,991 | INFO | epoch=035 rankloss=0.680575 validIC=0.05787
2026-08-28 23:54:55,893 | INFO | epoch=040 rankloss=0.677797 validIC=0.05758
2026-08-28 23:54:56,804 | INFO | epoch=045 rankloss=0.672216 validIC=0.03652
2026-08-28 23:54:57,659 | INFO | epoch=050 rankloss=0.664809 validIC=0.06909
2026-08-28 23:54:57,659 | INFO | early stop @ 50, best=10, best_valid_ic=0.06944
2026-08-28 23:54:57,923 | INFO | TEST IC=0.00669 | median=0.00533 | IC>0=52.28% | spread=-0.0727%
2026-08-28 23:54:57,963 | INFO | Top-3 | net=84.48% | 0050=36.88% | EW=39.16% | alpha=47.60% | turn=94.00%
2026-08-28 23:54:58,003 | INFO | Top-5 | net=57.36% | 0050=36.88% | EW=39.16% | alpha=20.48% | turn=89.31%
2026-08-28 23:54:58,042 | INFO | Top-10 | net=36.55% | 0050=36.88% | EW=39.16% | alpha=-0.32% | turn=63.21%
2026-08-28 23:54:58,081 | INFO | Top-15 | net=40.13% | 0050=36.88% | EW=39.16% | alpha=3.25% | turn=50.25%
2026-08-28 23:54:58,121 | INFO | Top-20 | net=34.98% | 0050=36.88% | EW=39.16% | alpha=-1.90% | turn=41.06%
2026-08-28 23:54:58,183 | INFO | ================================================================================
2026-08-28 23:54:58,183 | INFO | YEAR 2020 | train=80,290 valid=11,500 test=12,250
/home/ubuntu/lobster-trading/src/train_cross_section_v4.py:1055: FutureWarning: `torch.cuda.amp.GradScaler(args...)` is deprecated. Please use `torch.amp.GradScaler('cuda', args...)` instead.
  torch.cuda.amp.GradScaler()
2026-08-28 23:55:01,249 | INFO | epoch=001 rankloss=0.804339 validIC=0.07782
2026-08-28 23:55:02,091 | INFO | epoch=005 rankloss=0.691424 validIC=-0.01548
2026-08-28 23:55:03,029 | INFO | epoch=010 rankloss=0.689755 validIC=0.04429
2026-08-28 23:55:03,979 | INFO | epoch=015 rankloss=0.687800 validIC=-0.01078
2026-08-28 23:55:04,964 | INFO | epoch=020 rankloss=0.685826 validIC=0.02395
2026-08-28 23:55:05,883 | INFO | epoch=025 rankloss=0.683506 validIC=0.01070
2026-08-28 23:55:06,850 | INFO | epoch=030 rankloss=0.680088 validIC=0.00173
2026-08-28 23:55:07,787 | INFO | epoch=035 rankloss=0.674310 validIC=0.00989
2026-08-28 23:55:08,750 | INFO | epoch=040 rankloss=0.665532 validIC=0.02073
2026-08-28 23:55:08,750 | INFO | early stop @ 40, best=1, best_valid_ic=0.07782
2026-08-28 23:55:09,026 | INFO | TEST IC=0.05590 | median=0.06243 | IC>0=60.82% | spread=1.5094%
2026-08-28 23:55:09,067 | INFO | Top-3 | net=109.09% | 0050=39.97% | EW=32.59% | alpha=69.11% | turn=78.30%
2026-08-28 23:55:09,107 | INFO | Top-5 | net=89.32% | 0050=39.97% | EW=32.59% | alpha=49.35% | turn=65.76%
2026-08-28 23:55:09,147 | INFO | Top-10 | net=82.36% | 0050=39.97% | EW=32.59% | alpha=42.39% | turn=51.22%
2026-08-28 23:55:09,188 | INFO | Top-15 | net=57.89% | 0050=39.97% | EW=32.59% | alpha=17.92% | turn=49.19%
2026-08-28 23:55:09,228 | INFO | Top-20 | net=45.56% | 0050=39.97% | EW=32.59% | alpha=5.59% | turn=46.06%
2026-08-28 23:55:09,297 | INFO | ================================================================================
2026-08-28 23:55:09,297 | INFO | YEAR 2021 | train=92,340 valid=11,700 test=12,150
/home/ubuntu/lobster-trading/src/train_cross_section_v4.py:1055: FutureWarning: `torch.cuda.amp.GradScaler(args...)` is deprecated. Please use `torch.amp.GradScaler('cuda', args...)` instead.
  torch.cuda.amp.GradScaler()
2026-08-28 23:55:12,859 | INFO | epoch=001 rankloss=0.836315 validIC=0.01206
2026-08-28 23:55:13,645 | INFO | epoch=005 rankloss=0.692262 validIC=0.07287
2026-08-28 23:55:14,660 | INFO | epoch=010 rankloss=0.690160 validIC=0.05429
2026-08-28 23:55:15,638 | INFO | epoch=015 rankloss=0.688567 validIC=0.07675
2026-08-28 23:55:16,731 | INFO | epoch=020 rankloss=0.686486 validIC=0.05907
2026-08-28 23:55:17,728 | INFO | epoch=025 rankloss=0.684719 validIC=0.03243
2026-08-28 23:55:18,685 | INFO | epoch=030 rankloss=0.682507 validIC=0.05464
2026-08-28 23:55:19,731 | INFO | epoch=035 rankloss=0.679167 validIC=0.03728
2026-08-28 23:55:20,683 | INFO | epoch=040 rankloss=0.673622 validIC=0.03495
2026-08-28 23:55:21,789 | INFO | epoch=045 rankloss=0.666825 validIC=0.03546
2026-08-28 23:55:22,779 | INFO | epoch=050 rankloss=0.656533 validIC=0.01592
2026-08-28 23:55:23,863 | INFO | epoch=055 rankloss=0.643447 validIC=0.02131
2026-08-28 23:55:23,863 | INFO | early stop @ 55, best=15, best_valid_ic=0.07675
2026-08-28 23:55:24,142 | INFO | TEST IC=0.05255 | median=0.06747 | IC>0=59.26% | spread=1.6443%
2026-08-28 23:55:24,183 | INFO | Top-3 | net=42.75% | 0050=23.35% | EW=42.85% | alpha=19.40% | turn=73.21%
2026-08-28 23:55:24,223 | INFO | Top-5 | net=71.29% | 0050=23.35% | EW=42.85% | alpha=47.94% | turn=67.88%
2026-08-28 23:55:24,263 | INFO | Top-10 | net=59.78% | 0050=23.35% | EW=42.85% | alpha=36.43% | turn=65.06%
2026-08-28 23:55:24,304 | INFO | Top-15 | net=58.69% | 0050=23.35% | EW=42.85% | alpha=35.34% | turn=56.82%
2026-08-28 23:55:24,344 | INFO | Top-20 | net=50.73% | 0050=23.35% | EW=42.85% | alpha=27.38% | turn=48.19%
2026-08-28 23:55:24,427 | INFO | ================================================================================
2026-08-28 23:55:24,427 | INFO | YEAR 2022 | train=104,590 valid=11,600 test=12,300
/home/ubuntu/lobster-trading/src/train_cross_section_v4.py:1055: FutureWarning: `torch.cuda.amp.GradScaler(args...)` is deprecated. Please use `torch.amp.GradScaler('cuda', args...)` instead.
  torch.cuda.amp.GradScaler()
2026-08-28 23:55:28,448 | INFO | epoch=001 rankloss=0.794026 validIC=0.02702
2026-08-28 23:55:29,262 | INFO | epoch=005 rankloss=0.691477 validIC=0.05730
2026-08-28 23:55:30,229 | INFO | epoch=010 rankloss=0.689246 validIC=0.06200
2026-08-28 23:55:31,356 | INFO | epoch=015 rankloss=0.687286 validIC=0.06454
2026-08-28 23:55:32,362 | INFO | epoch=020 rankloss=0.685812 validIC=0.07821
2026-08-28 23:55:33,445 | INFO | epoch=025 rankloss=0.682853 validIC=0.07316
2026-08-28 23:55:34,528 | INFO | epoch=030 rankloss=0.679469 validIC=0.08199
2026-08-28 23:55:35,552 | INFO | epoch=035 rankloss=0.673929 validIC=0.07054
2026-08-28 23:55:36,673 | INFO | epoch=040 rankloss=0.667212 validIC=0.04099
2026-08-28 23:55:37,762 | INFO | epoch=045 rankloss=0.657331 validIC=0.05648
2026-08-28 23:55:38,782 | INFO | epoch=050 rankloss=0.644693 validIC=0.05906
2026-08-28 23:55:39,901 | INFO | epoch=055 rankloss=0.629893 validIC=0.05243
2026-08-28 23:55:40,876 | INFO | epoch=060 rankloss=0.613554 validIC=0.03463
2026-08-28 23:55:42,003 | INFO | epoch=065 rankloss=0.596607 validIC=0.03184
2026-08-28 23:55:43,017 | INFO | epoch=070 rankloss=0.582047 validIC=0.01305
2026-08-28 23:55:43,018 | INFO | early stop @ 70, best=30, best_valid_ic=0.08199
2026-08-28 23:55:43,295 | INFO | TEST IC=0.04653 | median=0.05820 | IC>0=60.16% | spread=0.8296%
2026-08-28 23:55:43,335 | INFO | Top-3 | net=-27.87% | 0050=-18.34% | EW=-7.05% | alpha=-9.52% | turn=81.22%
2026-08-28 23:55:43,374 | INFO | Top-5 | net=-18.90% | 0050=-18.34% | EW=-7.05% | alpha=-0.56% | turn=77.66%
2026-08-28 23:55:43,414 | INFO | Top-10 | net=-10.26% | 0050=-18.34% | EW=-7.05% | alpha=8.09% | turn=66.63%
2026-08-28 23:55:43,453 | INFO | Top-15 | net=-9.67% | 0050=-18.34% | EW=-7.05% | alpha=8.67% | turn=59.79%
2026-08-28 23:55:43,493 | INFO | Top-20 | net=-11.84% | 0050=-18.34% | EW=-7.05% | alpha=6.50% | turn=53.03%
2026-08-28 23:55:43,593 | INFO | ================================================================================
2026-08-28 23:55:43,593 | INFO | YEAR 2023 | train=116,740 valid=11,750 test=11,950
/home/ubuntu/lobster-trading/src/train_cross_section_v4.py:1055: FutureWarning: `torch.cuda.amp.GradScaler(args...)` is deprecated. Please use `torch.amp.GradScaler('cuda', args...)` instead.
  torch.cuda.amp.GradScaler()
2026-08-28 23:55:47,974 | INFO | epoch=001 rankloss=0.763609 validIC=0.01282
2026-08-28 23:55:48,849 | INFO | epoch=005 rankloss=0.691415 validIC=0.04415
2026-08-28 23:55:49,963 | INFO | epoch=010 rankloss=0.689477 validIC=0.01873
2026-08-28 23:55:51,008 | INFO | epoch=015 rankloss=0.686513 validIC=0.06556
2026-08-28 23:55:52,029 | INFO | epoch=020 rankloss=0.684523 validIC=0.04511
2026-08-28 23:55:53,066 | INFO | epoch=025 rankloss=0.680922 validIC=0.02002
2026-08-28 23:55:54,126 | INFO | epoch=030 rankloss=0.677216 validIC=0.00745
2026-08-28 23:55:55,216 | INFO | epoch=035 rankloss=0.669387 validIC=0.03453
2026-08-28 23:55:56,396 | INFO | epoch=040 rankloss=0.660607 validIC=0.02781
2026-08-28 23:55:57,445 | INFO | epoch=045 rankloss=0.648688 validIC=0.00730
2026-08-28 23:55:58,569 | INFO | epoch=050 rankloss=0.634750 validIC=0.02454
2026-08-28 23:55:59,696 | INFO | epoch=055 rankloss=0.620927 validIC=0.01640
2026-08-28 23:55:59,697 | INFO | early stop @ 55, best=15, best_valid_ic=0.06556
2026-08-28 23:55:59,970 | INFO | TEST IC=-0.00068 | median=-0.01042 | IC>0=48.54% | spread=0.0003%
2026-08-28 23:56:00,009 | INFO | Top-3 | net=32.40% | 0050=24.67% | EW=33.12% | alpha=7.73% | turn=89.81%
2026-08-28 23:56:00,049 | INFO | Top-5 | net=38.37% | 0050=24.67% | EW=33.12% | alpha=13.70% | turn=83.20%
2026-08-28 23:56:00,088 | INFO | Top-10 | net=29.69% | 0050=24.67% | EW=33.12% | alpha=5.02% | turn=69.19%
2026-08-28 23:56:00,127 | INFO | Top-15 | net=31.69% | 0050=24.67% | EW=33.12% | alpha=7.02% | turn=56.53%
2026-08-28 23:56:00,166 | INFO | Top-20 | net=30.93% | 0050=24.67% | EW=33.12% | alpha=6.26% | turn=50.18%
2026-08-28 23:56:00,318 | INFO | ================================================================================
2026-08-28 23:56:00,318 | INFO | YEAR 2024 | train=129,040 valid=11,400 test=12,100
/home/ubuntu/lobster-trading/src/train_cross_section_v4.py:1055: FutureWarning: `torch.cuda.amp.GradScaler(args...)` is deprecated. Please use `torch.amp.GradScaler('cuda', args...)` instead.
  torch.cuda.amp.GradScaler()
2026-08-28 23:56:05,587 | INFO | epoch=001 rankloss=0.803548 validIC=-0.02119
2026-08-28 23:56:06,477 | INFO | epoch=005 rankloss=0.691024 validIC=0.04022
2026-08-28 23:56:07,571 | INFO | epoch=010 rankloss=0.688696 validIC=0.03641
2026-08-28 23:56:08,666 | INFO | epoch=015 rankloss=0.686788 validIC=0.05081
2026-08-28 23:56:09,763 | INFO | epoch=020 rankloss=0.684753 validIC=0.01595
2026-08-28 23:56:10,859 | INFO | epoch=025 rankloss=0.681515 validIC=0.03152
2026-08-28 23:56:12,018 | INFO | epoch=030 rankloss=0.676958 validIC=0.01536
2026-08-28 23:56:13,204 | INFO | epoch=035 rankloss=0.671749 validIC=0.02937
2026-08-28 23:56:14,494 | INFO | epoch=040 rankloss=0.664185 validIC=0.02085
2026-08-28 23:56:15,735 | INFO | epoch=045 rankloss=0.653657 validIC=0.01060
2026-08-28 23:56:16,847 | INFO | epoch=050 rankloss=0.640045 validIC=0.02990
2026-08-28 23:56:18,106 | INFO | epoch=055 rankloss=0.625152 validIC=0.03148
2026-08-28 23:56:18,106 | INFO | early stop @ 55, best=15, best_valid_ic=0.05081
2026-08-28 23:56:18,384 | INFO | TEST IC=0.02890 | median=0.01109 | IC>0=53.31% | spread=0.5267%
2026-08-28 23:56:18,425 | INFO | Top-3 | net=-6.57% | 0050=50.78% | EW=11.00% | alpha=-57.36% | turn=71.71%
2026-08-28 23:56:18,465 | INFO | Top-5 | net=4.54% | 0050=50.78% | EW=11.00% | alpha=-46.24% | turn=74.29%
2026-08-28 23:56:18,504 | INFO | Top-10 | net=12.81% | 0050=50.78% | EW=11.00% | alpha=-37.97% | turn=67.39%
2026-08-28 23:56:18,545 | INFO | Top-15 | net=15.95% | 0050=50.78% | EW=11.00% | alpha=-34.83% | turn=60.39%
2026-08-28 23:56:18,585 | INFO | Top-20 | net=11.59% | 0050=50.78% | EW=11.00% | alpha=-39.19% | turn=56.07%
2026-08-28 23:56:18,743 | INFO | ================================================================================
2026-08-28 23:56:18,744 | INFO | YEAR 2025 | train=140,990 valid=11,550 test=12,100
/home/ubuntu/lobster-trading/src/train_cross_section_v4.py:1055: FutureWarning: `torch.cuda.amp.GradScaler(args...)` is deprecated. Please use `torch.amp.GradScaler('cuda', args...)` instead.
  torch.cuda.amp.GradScaler()
2026-08-28 23:56:24,292 | INFO | epoch=001 rankloss=0.734587 validIC=0.04833
2026-08-28 23:56:25,221 | INFO | epoch=005 rankloss=0.690590 validIC=0.00236
2026-08-28 23:56:26,359 | INFO | epoch=010 rankloss=0.688038 validIC=-0.00164
2026-08-28 23:56:27,466 | INFO | epoch=015 rankloss=0.685923 validIC=-0.01002
2026-08-28 23:56:28,563 | INFO | epoch=020 rankloss=0.682622 validIC=-0.02022
2026-08-28 23:56:29,678 | INFO | epoch=025 rankloss=0.678299 validIC=0.00563
2026-08-28 23:56:30,831 | INFO | epoch=030 rankloss=0.671943 validIC=-0.00896
2026-08-28 23:56:32,012 | INFO | epoch=035 rankloss=0.663425 validIC=-0.02433
2026-08-28 23:56:33,246 | INFO | epoch=040 rankloss=0.652811 validIC=-0.00352
2026-08-28 23:56:33,247 | INFO | early stop @ 40, best=1, best_valid_ic=0.04833
2026-08-28 23:56:33,519 | INFO | TEST IC=0.10716 | median=0.11001 | IC>0=61.98% | spread=2.6143%
2026-08-28 23:56:33,560 | INFO | Top-3 | net=106.00% | 0050=47.31% | EW=28.81% | alpha=58.69% | turn=65.44%
2026-08-28 23:56:33,600 | INFO | Top-5 | net=118.36% | 0050=47.31% | EW=28.81% | alpha=71.05% | turn=57.28%
2026-08-28 23:56:33,640 | INFO | Top-10 | net=68.28% | 0050=47.31% | EW=28.81% | alpha=20.97% | turn=56.57%
2026-08-28 23:56:33,679 | INFO | Top-15 | net=50.48% | 0050=47.31% | EW=28.81% | alpha=3.17% | turn=46.67%
2026-08-28 23:56:33,720 | INFO | Top-20 | net=48.01% | 0050=47.31% | EW=28.81% | alpha=0.70% | turn=42.36%
2026-08-28 23:56:33,890 | INFO | ================================================================================
2026-08-28 23:56:33,891 | INFO | YEAR 2026 | train=153,090 valid=11,550 test=7,350
/home/ubuntu/lobster-trading/src/train_cross_section_v4.py:1055: FutureWarning: `torch.cuda.amp.GradScaler(args...)` is deprecated. Please use `torch.amp.GradScaler('cuda', args...)` instead.
  torch.cuda.amp.GradScaler()
2026-08-28 23:56:39,929 | INFO | epoch=001 rankloss=0.770927 validIC=0.10543
2026-08-28 23:56:40,968 | INFO | epoch=005 rankloss=0.691192 validIC=0.13264
2026-08-28 23:56:42,169 | INFO | epoch=010 rankloss=0.689227 validIC=0.10721
2026-08-28 23:56:43,364 | INFO | epoch=015 rankloss=0.687677 validIC=0.08072
2026-08-28 23:56:44,611 | INFO | epoch=020 rankloss=0.685108 validIC=0.09358
2026-08-28 23:56:45,877 | INFO | epoch=025 rankloss=0.682989 validIC=0.06302
2026-08-28 23:56:47,111 | INFO | epoch=030 rankloss=0.679080 validIC=0.06488
2026-08-28 23:56:48,394 | INFO | epoch=035 rankloss=0.673503 validIC=0.04956
2026-08-28 23:56:49,676 | INFO | epoch=040 rankloss=0.666214 validIC=0.05389
2026-08-28 23:56:50,921 | INFO | epoch=045 rankloss=0.657270 validIC=0.03795
2026-08-28 23:56:50,922 | INFO | early stop @ 45, best=5, best_valid_ic=0.13264
2026-08-28 23:56:51,092 | INFO | TEST IC=0.05525 | median=0.02425 | IC>0=54.42% | spread=3.3376%
2026-08-28 23:56:51,118 | INFO | Top-3 | net=155.14% | 0050=54.39% | EW=54.13% | alpha=100.75% | turn=75.09%
2026-08-28 23:56:51,143 | INFO | Top-5 | net=147.48% | 0050=54.39% | EW=54.13% | alpha=93.09% | turn=73.29%
2026-08-28 23:56:51,168 | INFO | Top-10 | net=112.12% | 0050=54.39% | EW=54.13% | alpha=57.73% | turn=60.70%
2026-08-28 23:56:51,193 | INFO | Top-15 | net=82.22% | 0050=54.39% | EW=54.13% | alpha=27.83% | turn=53.45%
2026-08-28 23:56:51,218 | INFO | Top-20 | net=79.08% | 0050=54.39% | EW=54.13% | alpha=24.69% | turn=45.93%
2026-08-28 23:56:51,346 | INFO | ================================================================================
2026-08-28 23:56:51,346 | INFO | FINAL SUMMARY
2026-08-28 23:56:51,346 | INFO | ================================================================================
2026-08-28 23:56:51,350 | INFO | 
   model  seed  top_k  mean_ic  median_year_ic  mean_spread  positive_alpha_years  years  mean_alpha_vs_0050  mean_alpha_vs_equal_weight  median_alpha_vs_0050  mean_turnover  mean_active_sharpe  mean_best_epoch  mean_valid_ic
mlp_rank  8765      3 0.045817        0.052552     0.012293                     6      9            0.232622                    0.247547              0.194035       0.774847            0.469294        13.555556       0.071156
mlp_rank  8765      5 0.045817        0.052552     0.012293                     6      9            0.272844                    0.287769              0.204819       0.728080            0.732213        13.555556       0.071156
mlp_rank  8765     10 0.045817        0.052552     0.012293                     7      9            0.151929                    0.166855              0.080855       0.626027            0.558610        13.555556       0.071156
mlp_rank  8765     15 0.045817        0.052552     0.012293                     8      9            0.082203                    0.097129              0.070198       0.545618            0.425227        13.555556       0.071156
mlp_rank  8765     20 0.045817        0.052552     0.012293                     7      9            0.040011                    0.054937              0.059891       0.480756            0.188761        13.555556       0.071156
2026-08-28 23:56:51,350 | INFO | SAVED: runs/v4_h10_mlp_rank_seed8765_20260828_235429
