2026-08-28 23:35:55,449 | INFO | Rows=173,340, stocks=50, dates=2012-04-06 00:00:00->2026-08-20 00:00:00
2026-08-28 23:35:55,469 | INFO | ================================================================================
2026-08-28 23:35:55,469 | INFO | YEAR 2018 | train=56,609 valid=11,809 test=12,226
/home/ubuntu/lobster-trading/src/train_cross_section_v4.py:1055: FutureWarning: `torch.cuda.amp.GradScaler(args...)` is deprecated. Please use `torch.amp.GradScaler('cuda', args...)` instead.
  torch.cuda.amp.GradScaler()
2026-08-28 23:35:59,824 | INFO | epoch=001 rankloss=0.797976 validIC=0.08166
2026-08-28 23:36:00,479 | INFO | epoch=005 rankloss=0.690643 validIC=0.08850
2026-08-28 23:36:01,256 | INFO | epoch=010 rankloss=0.690509 validIC=0.07461
2026-08-28 23:36:02,051 | INFO | epoch=015 rankloss=0.688800 validIC=0.08678
2026-08-28 23:36:02,768 | INFO | epoch=020 rankloss=0.688263 validIC=0.08228
2026-08-28 23:36:03,543 | INFO | epoch=025 rankloss=0.687527 validIC=0.08911
2026-08-28 23:36:04,261 | INFO | epoch=030 rankloss=0.686482 validIC=0.08732
2026-08-28 23:36:04,991 | INFO | epoch=035 rankloss=0.685603 validIC=0.08700
2026-08-28 23:36:05,715 | INFO | epoch=040 rankloss=0.683290 validIC=0.08143
2026-08-28 23:36:06,465 | INFO | epoch=045 rankloss=0.681418 validIC=0.07327
2026-08-28 23:36:07,236 | INFO | epoch=050 rankloss=0.678029 validIC=0.05793
2026-08-28 23:36:07,944 | INFO | epoch=055 rankloss=0.675139 validIC=0.07805
2026-08-28 23:36:08,642 | INFO | epoch=060 rankloss=0.670247 validIC=0.04927
2026-08-28 23:36:09,359 | INFO | epoch=065 rankloss=0.664556 validIC=0.04896
2026-08-28 23:36:09,359 | INFO | early stop @ 65, best=25, best_valid_ic=0.08911
2026-08-28 23:36:09,685 | INFO | TEST IC=0.06828 | median=0.05642 | IC>0=65.71% | spread=0.2752%
2026-08-28 23:36:10,052 | INFO | Top-3 | net=-37.43% | 0050=-7.98% | EW=1.67% | alpha=-29.46% | turn=72.04%
2026-08-28 23:36:10,420 | INFO | Top-5 | net=-40.60% | 0050=-7.98% | EW=1.67% | alpha=-32.62% | turn=66.77%
2026-08-28 23:36:10,786 | INFO | Top-10 | net=-38.06% | 0050=-7.98% | EW=1.67% | alpha=-30.09% | turn=56.49%
2026-08-28 23:36:11,154 | INFO | Top-15 | net=-36.68% | 0050=-7.98% | EW=1.67% | alpha=-28.70% | turn=49.47%
2026-08-28 23:36:11,520 | INFO | Top-20 | net=-33.99% | 0050=-7.98% | EW=1.67% | alpha=-26.02% | turn=41.86%
2026-08-28 23:36:11,572 | INFO | ================================================================================
2026-08-28 23:36:11,573 | INFO | YEAR 2019 | train=68,516 valid=12,126 test=12,050
/home/ubuntu/lobster-trading/src/train_cross_section_v4.py:1055: FutureWarning: `torch.cuda.amp.GradScaler(args...)` is deprecated. Please use `torch.amp.GradScaler('cuda', args...)` instead.
  torch.cuda.amp.GradScaler()
2026-08-28 23:36:14,094 | INFO | epoch=001 rankloss=0.891206 validIC=0.02270
2026-08-28 23:36:14,836 | INFO | epoch=005 rankloss=0.693847 validIC=0.06925
2026-08-28 23:36:17,007 | INFO | epoch=010 rankloss=0.691894 validIC=0.07051
2026-08-28 23:36:19,468 | INFO | epoch=015 rankloss=0.689742 validIC=0.07349
2026-08-28 23:36:20,306 | INFO | epoch=020 rankloss=0.689459 validIC=0.06515
2026-08-28 23:36:21,154 | INFO | epoch=025 rankloss=0.689320 validIC=0.05697
2026-08-28 23:36:22,005 | INFO | epoch=030 rankloss=0.688988 validIC=0.06830
2026-08-28 23:36:22,851 | INFO | epoch=035 rankloss=0.687573 validIC=0.07633
2026-08-28 23:36:23,682 | INFO | epoch=040 rankloss=0.687289 validIC=0.06668
2026-08-28 23:36:24,492 | INFO | epoch=045 rankloss=0.687027 validIC=0.06902
2026-08-28 23:36:25,287 | INFO | epoch=050 rankloss=0.685730 validIC=0.07624
2026-08-28 23:36:26,048 | INFO | epoch=055 rankloss=0.685183 validIC=0.06164
2026-08-28 23:36:26,851 | INFO | epoch=060 rankloss=0.686954 validIC=0.06650
2026-08-28 23:36:27,745 | INFO | epoch=065 rankloss=0.686137 validIC=0.06826
2026-08-28 23:36:28,600 | INFO | epoch=070 rankloss=0.683008 validIC=0.07234
2026-08-28 23:36:29,369 | INFO | epoch=075 rankloss=0.681110 validIC=0.06488
2026-08-28 23:36:29,369 | INFO | early stop @ 75, best=35, best_valid_ic=0.07633
2026-08-28 23:36:29,637 | INFO | TEST IC=0.04501 | median=0.06065 | IC>0=61.00% | spread=0.1011%
2026-08-28 23:36:29,989 | INFO | Top-3 | net=-21.80% | 0050=38.50% | EW=39.89% | alpha=-60.30% | turn=70.97%
2026-08-28 23:36:30,343 | INFO | Top-5 | net=-17.73% | 0050=38.50% | EW=39.89% | alpha=-56.22% | turn=65.12%
2026-08-28 23:36:30,697 | INFO | Top-10 | net=-23.57% | 0050=38.50% | EW=39.89% | alpha=-62.07% | turn=55.17%
2026-08-28 23:36:31,053 | INFO | Top-15 | net=-21.34% | 0050=38.50% | EW=39.89% | alpha=-59.84% | turn=46.18%
2026-08-28 23:36:31,410 | INFO | Top-20 | net=-15.46% | 0050=38.50% | EW=39.89% | alpha=-53.96% | turn=38.20%
2026-08-28 23:36:31,468 | INFO | ================================================================================
2026-08-28 23:36:31,468 | INFO | YEAR 2020 | train=80,740 valid=11,950 test=12,250
/home/ubuntu/lobster-trading/src/train_cross_section_v4.py:1055: FutureWarning: `torch.cuda.amp.GradScaler(args...)` is deprecated. Please use `torch.amp.GradScaler('cuda', args...)` instead.
  torch.cuda.amp.GradScaler()
2026-08-28 23:36:34,527 | INFO | epoch=001 rankloss=0.776394 validIC=0.02159
2026-08-28 23:36:35,267 | INFO | epoch=005 rankloss=0.691061 validIC=0.05033
2026-08-28 23:36:36,177 | INFO | epoch=010 rankloss=0.690267 validIC=0.06362
2026-08-28 23:36:37,048 | INFO | epoch=015 rankloss=0.688956 validIC=0.04837
2026-08-28 23:36:37,935 | INFO | epoch=020 rankloss=0.687744 validIC=0.06309
2026-08-28 23:36:38,824 | INFO | epoch=025 rankloss=0.686852 validIC=0.05468
2026-08-28 23:36:39,670 | INFO | epoch=030 rankloss=0.685105 validIC=0.04605
2026-08-28 23:36:41,112 | INFO | epoch=035 rankloss=0.683016 validIC=0.06011
2026-08-28 23:36:42,548 | INFO | epoch=040 rankloss=0.680164 validIC=0.04358
2026-08-28 23:36:43,415 | INFO | epoch=045 rankloss=0.674597 validIC=0.05125
2026-08-28 23:36:44,347 | INFO | epoch=050 rankloss=0.668665 validIC=0.04191
2026-08-28 23:36:44,347 | INFO | early stop @ 50, best=10, best_valid_ic=0.06362
2026-08-28 23:36:44,620 | INFO | TEST IC=0.05945 | median=0.07141 | IC>0=61.22% | spread=0.1911%
2026-08-28 23:36:44,992 | INFO | Top-3 | net=-38.96% | 0050=31.40% | EW=29.89% | alpha=-70.36% | turn=66.71%
2026-08-28 23:36:45,387 | INFO | Top-5 | net=-28.16% | 0050=31.40% | EW=29.89% | alpha=-59.56% | turn=61.55%
2026-08-28 23:36:45,796 | INFO | Top-10 | net=-21.45% | 0050=31.40% | EW=29.89% | alpha=-52.85% | turn=52.63%
2026-08-28 23:36:46,224 | INFO | Top-15 | net=-20.38% | 0050=31.40% | EW=29.89% | alpha=-51.78% | turn=47.66%
2026-08-28 23:36:46,605 | INFO | Top-20 | net=-15.67% | 0050=31.40% | EW=29.89% | alpha=-47.07% | turn=42.14%
2026-08-28 23:36:46,645 | INFO | ================================================================================
2026-08-28 23:36:46,645 | INFO | YEAR 2021 | train=92,790 valid=12,150 test=12,150
/home/ubuntu/lobster-trading/src/train_cross_section_v4.py:1055: FutureWarning: `torch.cuda.amp.GradScaler(args...)` is deprecated. Please use `torch.amp.GradScaler('cuda', args...)` instead.
  torch.cuda.amp.GradScaler()
2026-08-28 23:36:50,779 | INFO | epoch=001 rankloss=0.845377 validIC=0.03650
2026-08-28 23:36:51,485 | INFO | epoch=005 rankloss=0.691462 validIC=0.04081
2026-08-28 23:36:52,315 | INFO | epoch=010 rankloss=0.690570 validIC=0.04858
2026-08-28 23:36:53,214 | INFO | epoch=015 rankloss=0.689568 validIC=0.05354
2026-08-28 23:36:54,205 | INFO | epoch=020 rankloss=0.689312 validIC=0.04606
2026-08-28 23:36:55,218 | INFO | epoch=025 rankloss=0.688179 validIC=0.04633
2026-08-28 23:36:56,205 | INFO | epoch=030 rankloss=0.686993 validIC=0.04445
2026-08-28 23:36:57,234 | INFO | epoch=035 rankloss=0.685291 validIC=0.05592
2026-08-28 23:36:58,180 | INFO | epoch=040 rankloss=0.683892 validIC=0.03306
2026-08-28 23:36:59,173 | INFO | epoch=045 rankloss=0.681387 validIC=0.04777
2026-08-28 23:37:00,176 | INFO | epoch=050 rankloss=0.677210 validIC=0.03916
2026-08-28 23:37:01,163 | INFO | epoch=055 rankloss=0.672078 validIC=0.03248
2026-08-28 23:37:02,185 | INFO | epoch=060 rankloss=0.664641 validIC=0.03518
2026-08-28 23:37:03,062 | INFO | epoch=065 rankloss=0.656180 validIC=0.02817
2026-08-28 23:37:03,944 | INFO | epoch=070 rankloss=0.645289 validIC=0.02839
2026-08-28 23:37:04,796 | INFO | epoch=075 rankloss=0.633214 validIC=0.03608
2026-08-28 23:37:04,796 | INFO | early stop @ 75, best=35, best_valid_ic=0.05592
2026-08-28 23:37:05,064 | INFO | TEST IC=0.05994 | median=0.06401 | IC>0=61.32% | spread=0.3179%
2026-08-28 23:37:05,424 | INFO | Top-3 | net=-13.04% | 0050=21.82% | EW=42.32% | alpha=-34.87% | turn=69.25%
2026-08-28 23:37:05,786 | INFO | Top-5 | net=-11.27% | 0050=21.82% | EW=42.32% | alpha=-33.09% | turn=63.74%
2026-08-28 23:37:06,149 | INFO | Top-10 | net=-3.09% | 0050=21.82% | EW=42.32% | alpha=-24.92% | turn=57.24%
2026-08-28 23:37:06,547 | INFO | Top-15 | net=-9.87% | 0050=21.82% | EW=42.32% | alpha=-31.69% | turn=51.97%
2026-08-28 23:37:06,911 | INFO | Top-20 | net=-9.09% | 0050=21.82% | EW=42.32% | alpha=-30.91% | turn=45.66%
2026-08-28 23:37:06,964 | INFO | ================================================================================
2026-08-28 23:37:06,964 | INFO | YEAR 2022 | train=105,040 valid=12,050 test=12,300
/home/ubuntu/lobster-trading/src/train_cross_section_v4.py:1055: FutureWarning: `torch.cuda.amp.GradScaler(args...)` is deprecated. Please use `torch.amp.GradScaler('cuda', args...)` instead.
  torch.cuda.amp.GradScaler()
2026-08-28 23:37:10,964 | INFO | epoch=001 rankloss=0.800936 validIC=0.00599
2026-08-28 23:37:11,823 | INFO | epoch=005 rankloss=0.691542 validIC=0.04995
2026-08-28 23:37:12,862 | INFO | epoch=010 rankloss=0.690345 validIC=0.05611
2026-08-28 23:37:13,872 | INFO | epoch=015 rankloss=0.689540 validIC=0.05817
2026-08-28 23:37:14,809 | INFO | epoch=020 rankloss=0.688475 validIC=0.05761
2026-08-28 23:37:15,715 | INFO | epoch=025 rankloss=0.687553 validIC=0.05903
2026-08-28 23:37:16,624 | INFO | epoch=030 rankloss=0.686442 validIC=0.06019
2026-08-28 23:37:17,635 | INFO | epoch=035 rankloss=0.684897 validIC=0.06271
2026-08-28 23:37:18,621 | INFO | epoch=040 rankloss=0.682933 validIC=0.05566
2026-08-28 23:37:19,624 | INFO | epoch=045 rankloss=0.679255 validIC=0.05973
2026-08-28 23:37:20,622 | INFO | epoch=050 rankloss=0.675001 validIC=0.04964
2026-08-28 23:37:21,628 | INFO | epoch=055 rankloss=0.666465 validIC=0.04576
2026-08-28 23:37:22,636 | INFO | epoch=060 rankloss=0.657549 validIC=0.05034
2026-08-28 23:37:23,549 | INFO | epoch=065 rankloss=0.643831 validIC=0.04713
2026-08-28 23:37:24,432 | INFO | epoch=070 rankloss=0.630666 validIC=0.05196
2026-08-28 23:37:25,315 | INFO | epoch=075 rankloss=0.617287 validIC=0.05277
2026-08-28 23:37:25,316 | INFO | early stop @ 75, best=35, best_valid_ic=0.06271
2026-08-28 23:37:25,596 | INFO | TEST IC=0.01605 | median=0.03035 | IC>0=56.10% | spread=0.0336%
2026-08-28 23:37:25,958 | INFO | Top-3 | net=-65.54% | 0050=-22.32% | EW=-10.22% | alpha=-43.21% | turn=77.18%
2026-08-28 23:37:26,320 | INFO | Top-5 | net=-62.88% | 0050=-22.32% | EW=-10.22% | alpha=-40.56% | turn=69.36%
2026-08-28 23:37:26,684 | INFO | Top-10 | net=-60.10% | 0050=-22.32% | EW=-10.22% | alpha=-37.77% | turn=60.06%
2026-08-28 23:37:27,050 | INFO | Top-15 | net=-58.10% | 0050=-22.32% | EW=-10.22% | alpha=-35.77% | turn=52.42%
2026-08-28 23:37:27,415 | INFO | Top-20 | net=-54.06% | 0050=-22.32% | EW=-10.22% | alpha=-31.74% | turn=46.11%
2026-08-28 23:37:27,473 | INFO | ================================================================================
2026-08-28 23:37:27,474 | INFO | YEAR 2023 | train=117,190 valid=12,200 test=11,950
/home/ubuntu/lobster-trading/src/train_cross_section_v4.py:1055: FutureWarning: `torch.cuda.amp.GradScaler(args...)` is deprecated. Please use `torch.amp.GradScaler('cuda', args...)` instead.
  torch.cuda.amp.GradScaler()
2026-08-28 23:37:31,956 | INFO | epoch=001 rankloss=0.768484 validIC=-0.00698
2026-08-28 23:37:32,829 | INFO | epoch=005 rankloss=0.691491 validIC=0.02233
2026-08-28 23:37:33,882 | INFO | epoch=010 rankloss=0.690258 validIC=0.02027
2026-08-28 23:37:34,936 | INFO | epoch=015 rankloss=0.689014 validIC=0.01528
2026-08-28 23:37:35,991 | INFO | epoch=020 rankloss=0.688144 validIC=0.01882
2026-08-28 23:37:37,094 | INFO | epoch=025 rankloss=0.686565 validIC=-0.00144
2026-08-28 23:37:38,173 | INFO | epoch=030 rankloss=0.684331 validIC=0.01321
2026-08-28 23:37:39,207 | INFO | epoch=035 rankloss=0.681335 validIC=0.01216
2026-08-28 23:37:40,215 | INFO | epoch=040 rankloss=0.677234 validIC=0.01850
2026-08-28 23:37:41,142 | INFO | epoch=045 rankloss=0.671000 validIC=0.02013
2026-08-28 23:37:41,143 | INFO | early stop @ 45, best=5, best_valid_ic=0.02233
2026-08-28 23:37:41,409 | INFO | TEST IC=0.03948 | median=0.03486 | IC>0=57.32% | spread=-0.0483%
2026-08-28 23:37:41,759 | INFO | Top-3 | net=-34.64% | 0050=25.75% | EW=33.46% | alpha=-60.39% | turn=69.27%
2026-08-28 23:37:42,113 | INFO | Top-5 | net=-32.71% | 0050=25.75% | EW=33.46% | alpha=-58.46% | turn=63.17%
2026-08-28 23:37:42,465 | INFO | Top-10 | net=-34.13% | 0050=25.75% | EW=33.46% | alpha=-59.89% | turn=54.79%
2026-08-28 23:37:42,820 | INFO | Top-15 | net=-31.49% | 0050=25.75% | EW=33.46% | alpha=-57.24% | turn=47.67%
2026-08-28 23:37:43,175 | INFO | Top-20 | net=-25.25% | 0050=25.75% | EW=33.46% | alpha=-51.00% | turn=40.44%
2026-08-28 23:37:43,259 | INFO | ================================================================================
2026-08-28 23:37:43,259 | INFO | YEAR 2024 | train=129,490 valid=11,850 test=12,100
/home/ubuntu/lobster-trading/src/train_cross_section_v4.py:1055: FutureWarning: `torch.cuda.amp.GradScaler(args...)` is deprecated. Please use `torch.amp.GradScaler('cuda', args...)` instead.
  torch.cuda.amp.GradScaler()
2026-08-28 23:37:48,327 | INFO | epoch=001 rankloss=0.754891 validIC=0.01839
2026-08-28 23:37:49,219 | INFO | epoch=005 rankloss=0.691717 validIC=0.04653
2026-08-28 23:37:50,358 | INFO | epoch=010 rankloss=0.690779 validIC=0.03407
2026-08-28 23:37:51,493 | INFO | epoch=015 rankloss=0.689713 validIC=0.04984
2026-08-28 23:37:52,627 | INFO | epoch=020 rankloss=0.689058 validIC=0.05523
2026-08-28 23:37:53,777 | INFO | epoch=025 rankloss=0.687714 validIC=0.03335
2026-08-28 23:37:54,926 | INFO | epoch=030 rankloss=0.686090 validIC=0.05295
2026-08-28 23:37:56,048 | INFO | epoch=035 rankloss=0.682747 validIC=0.04563
2026-08-28 23:37:57,185 | INFO | epoch=040 rankloss=0.678592 validIC=0.04901
2026-08-28 23:37:58,340 | INFO | epoch=045 rankloss=0.671451 validIC=0.05077
2026-08-28 23:37:59,490 | INFO | epoch=050 rankloss=0.662877 validIC=0.05302
2026-08-28 23:38:00,652 | INFO | epoch=055 rankloss=0.653060 validIC=0.04762
2026-08-28 23:38:01,811 | INFO | epoch=060 rankloss=0.640099 validIC=0.03460
2026-08-28 23:38:01,811 | INFO | early stop @ 60, best=20, best_valid_ic=0.05523
2026-08-28 23:38:02,082 | INFO | TEST IC=0.02682 | median=0.03553 | IC>0=55.37% | spread=0.0367%
2026-08-28 23:38:02,452 | INFO | Top-3 | net=-55.64% | 0050=50.78% | EW=13.88% | alpha=-106.42% | turn=62.62%
2026-08-28 23:38:02,821 | INFO | Top-5 | net=-47.18% | 0050=50.78% | EW=13.88% | alpha=-97.97% | turn=57.13%
2026-08-28 23:38:03,190 | INFO | Top-10 | net=-39.11% | 0050=50.78% | EW=13.88% | alpha=-89.89% | turn=46.41%
2026-08-28 23:38:03,558 | INFO | Top-15 | net=-30.59% | 0050=50.78% | EW=13.88% | alpha=-81.38% | turn=41.54%
2026-08-28 23:38:03,930 | INFO | Top-20 | net=-24.30% | 0050=50.78% | EW=13.88% | alpha=-75.08% | turn=37.11%
2026-08-28 23:38:03,999 | INFO | ================================================================================
2026-08-28 23:38:03,999 | INFO | YEAR 2025 | train=141,440 valid=12,000 test=12,100
/home/ubuntu/lobster-trading/src/train_cross_section_v4.py:1055: FutureWarning: `torch.cuda.amp.GradScaler(args...)` is deprecated. Please use `torch.amp.GradScaler('cuda', args...)` instead.
  torch.cuda.amp.GradScaler()
2026-08-28 23:38:09,552 | INFO | epoch=001 rankloss=0.760501 validIC=0.02958
2026-08-28 23:38:10,430 | INFO | epoch=005 rankloss=0.691518 validIC=0.04893
2026-08-28 23:38:11,483 | INFO | epoch=010 rankloss=0.690456 validIC=0.04255
2026-08-28 23:38:12,685 | INFO | epoch=015 rankloss=0.689930 validIC=0.03407
2026-08-28 23:38:13,895 | INFO | epoch=020 rankloss=0.688952 validIC=0.03798
2026-08-28 23:38:15,107 | INFO | epoch=025 rankloss=0.687307 validIC=0.03060
2026-08-28 23:38:16,348 | INFO | epoch=030 rankloss=0.685851 validIC=0.03065
2026-08-28 23:38:17,561 | INFO | epoch=035 rankloss=0.682064 validIC=0.00456
2026-08-28 23:38:18,772 | INFO | epoch=040 rankloss=0.678249 validIC=0.00887
2026-08-28 23:38:19,989 | INFO | epoch=045 rankloss=0.672520 validIC=0.01831
2026-08-28 23:38:19,989 | INFO | early stop @ 45, best=5, best_valid_ic=0.04893
2026-08-28 23:38:20,260 | INFO | TEST IC=0.01826 | median=0.02382 | IC>0=52.89% | spread=0.0470%
2026-08-28 23:38:20,626 | INFO | Top-3 | net=-25.12% | 0050=41.89% | EW=25.89% | alpha=-67.01% | turn=69.39%
2026-08-28 23:38:20,990 | INFO | Top-5 | net=-30.59% | 0050=41.89% | EW=25.89% | alpha=-72.48% | turn=64.40%
2026-08-28 23:38:21,355 | INFO | Top-10 | net=-33.05% | 0050=41.89% | EW=25.89% | alpha=-74.94% | turn=55.40%
2026-08-28 23:38:21,721 | INFO | Top-15 | net=-26.58% | 0050=41.89% | EW=25.89% | alpha=-68.47% | turn=47.40%
2026-08-28 23:38:22,089 | INFO | Top-20 | net=-19.70% | 0050=41.89% | EW=25.89% | alpha=-61.59% | turn=39.69%
2026-08-28 23:38:22,155 | INFO | ================================================================================
2026-08-28 23:38:22,155 | INFO | YEAR 2026 | train=153,540 valid=12,000 test=7,600
/home/ubuntu/lobster-trading/src/train_cross_section_v4.py:1055: FutureWarning: `torch.cuda.amp.GradScaler(args...)` is deprecated. Please use `torch.amp.GradScaler('cuda', args...)` instead.
  torch.cuda.amp.GradScaler()
2026-08-28 23:38:28,301 | INFO | epoch=001 rankloss=0.772787 validIC=-0.00683
2026-08-28 23:38:29,231 | INFO | epoch=005 rankloss=0.691760 validIC=0.01085
2026-08-28 23:38:30,443 | INFO | epoch=010 rankloss=0.690826 validIC=0.01226
2026-08-28 23:38:31,790 | INFO | epoch=015 rankloss=0.689758 validIC=0.01142
2026-08-28 23:38:33,134 | INFO | epoch=020 rankloss=0.688993 validIC=0.01596
2026-08-28 23:38:34,500 | INFO | epoch=025 rankloss=0.687744 validIC=-0.00188
2026-08-28 23:38:35,808 | INFO | epoch=030 rankloss=0.685863 validIC=-0.00752
2026-08-28 23:38:37,089 | INFO | epoch=035 rankloss=0.682907 validIC=0.01276
2026-08-28 23:38:38,400 | INFO | epoch=040 rankloss=0.679435 validIC=0.00043
2026-08-28 23:38:39,739 | INFO | epoch=045 rankloss=0.673322 validIC=0.00865
2026-08-28 23:38:41,076 | INFO | epoch=050 rankloss=0.666811 validIC=-0.00234
2026-08-28 23:38:42,426 | INFO | epoch=055 rankloss=0.657601 validIC=-0.00513
2026-08-28 23:38:43,491 | INFO | epoch=060 rankloss=0.645638 validIC=-0.00163
2026-08-28 23:38:43,491 | INFO | early stop @ 60, best=20, best_valid_ic=0.01596
2026-08-28 23:38:43,667 | INFO | TEST IC=0.03753 | median=0.06833 | IC>0=59.21% | spread=0.2953%
2026-08-28 23:38:43,892 | INFO | Top-3 | net=53.77% | 0050=57.39% | EW=60.68% | alpha=-3.62% | turn=71.40%
2026-08-28 23:38:44,118 | INFO | Top-5 | net=60.57% | 0050=57.39% | EW=60.68% | alpha=3.18% | turn=65.84%
2026-08-28 23:38:44,346 | INFO | Top-10 | net=28.94% | 0050=57.39% | EW=60.68% | alpha=-28.45% | turn=57.14%
2026-08-28 23:38:44,574 | INFO | Top-15 | net=30.47% | 0050=57.39% | EW=60.68% | alpha=-26.93% | turn=50.62%
2026-08-28 23:38:44,805 | INFO | Top-20 | net=24.38% | 0050=57.39% | EW=60.68% | alpha=-33.01% | turn=44.87%
2026-08-28 23:38:45,055 | INFO | ================================================================================
2026-08-28 23:38:45,056 | INFO | FINAL SUMMARY
2026-08-28 23:38:45,056 | INFO | ================================================================================
2026-08-28 23:38:45,060 | INFO | 
   model  seed  top_k  mean_ic  median_year_ic  mean_spread  positive_alpha_years  years  mean_alpha_vs_0050  mean_alpha_vs_equal_weight  median_alpha_vs_0050  mean_turnover  mean_active_sharpe  mean_best_epoch  mean_valid_ic
mlp_rank    42      3 0.041203        0.039483     0.001388                     0      9           -0.528503                   -0.528749             -0.603006       0.698706           -2.280652        21.111111        0.05446
mlp_rank    42      5 0.041203        0.039483     0.001388                     1      9           -0.497542                   -0.497788             -0.562242       0.641188           -2.627207        21.111111        0.05446
mlp_rank    42     10 0.041203        0.039483     0.001388                     0      9           -0.512072                   -0.512318             -0.528488       0.550374           -3.616843        21.111111        0.05446
mlp_rank    42     15 0.041203        0.039483     0.001388                     0      9           -0.490892                   -0.491139             -0.517806       0.483257           -3.995216        21.111111        0.05446
mlp_rank    42     20 0.041203        0.039483     0.001388                     0      9           -0.455975                   -0.456221             -0.470707       0.417863           -3.913278        21.111111        0.05446
2026-08-28 23:38:45,060 | INFO | SAVED: runs/v4_h1_mlp_rank_seed42_20260828_233555
