2026-08-28 23:51:49,554 | INFO | Rows=173,090, stocks=50, dates=2012-04-06 00:00:00->2026-08-13 00:00:00
2026-08-28 23:51:49,619 | INFO | ================================================================================
2026-08-28 23:51:49,619 | INFO | YEAR 2018 | train=56,168 valid=11,368 test=12,226
/home/ubuntu/lobster-trading/src/train_cross_section_v4.py:1055: FutureWarning: `torch.cuda.amp.GradScaler(args...)` is deprecated. Please use `torch.amp.GradScaler('cuda', args...)` instead.
  torch.cuda.amp.GradScaler()
2026-08-28 23:51:53,690 | INFO | epoch=001 rankloss=0.803593 validIC=0.01313
2026-08-28 23:51:54,364 | INFO | epoch=005 rankloss=0.691165 validIC=0.03682
2026-08-28 23:51:55,283 | INFO | epoch=010 rankloss=0.689672 validIC=0.03576
2026-08-28 23:51:56,093 | INFO | epoch=015 rankloss=0.687973 validIC=0.04096
2026-08-28 23:51:56,951 | INFO | epoch=020 rankloss=0.686406 validIC=0.03977
2026-08-28 23:51:57,789 | INFO | epoch=025 rankloss=0.683848 validIC=0.04223
2026-08-28 23:51:58,645 | INFO | epoch=030 rankloss=0.681211 validIC=0.03517
2026-08-28 23:51:59,464 | INFO | epoch=035 rankloss=0.679785 validIC=0.03201
2026-08-28 23:52:00,354 | INFO | epoch=040 rankloss=0.679146 validIC=0.03118
2026-08-28 23:52:01,186 | INFO | epoch=045 rankloss=0.674510 validIC=0.02162
2026-08-28 23:52:02,001 | INFO | epoch=050 rankloss=0.667903 validIC=0.01800
2026-08-28 23:52:02,776 | INFO | epoch=055 rankloss=0.662900 validIC=0.02385
2026-08-28 23:52:03,578 | INFO | epoch=060 rankloss=0.655921 validIC=0.04175
2026-08-28 23:52:04,364 | INFO | epoch=065 rankloss=0.647957 validIC=0.00730
2026-08-28 23:52:04,365 | INFO | early stop @ 65, best=25, best_valid_ic=0.04223
2026-08-28 23:52:04,671 | INFO | TEST IC=0.07053 | median=0.06612 | IC>0=66.94% | spread=0.8862%
2026-08-28 23:52:04,714 | INFO | Top-3 | net=4.35% | 0050=-6.73% | EW=4.24% | alpha=11.07% | turn=58.48%
2026-08-28 23:52:04,754 | INFO | Top-5 | net=4.86% | 0050=-6.73% | EW=4.24% | alpha=11.59% | turn=64.19%
2026-08-28 23:52:04,795 | INFO | Top-10 | net=12.93% | 0050=-6.73% | EW=4.24% | alpha=19.65% | turn=60.47%
2026-08-28 23:52:04,836 | INFO | Top-15 | net=7.27% | 0050=-6.73% | EW=4.24% | alpha=14.00% | turn=57.87%
2026-08-28 23:52:04,877 | INFO | Top-20 | net=9.52% | 0050=-6.73% | EW=4.24% | alpha=16.25% | turn=51.49%
2026-08-28 23:52:04,974 | INFO | ================================================================================
2026-08-28 23:52:04,975 | INFO | YEAR 2019 | train=68,075 valid=11,676 test=12,050
/home/ubuntu/lobster-trading/src/train_cross_section_v4.py:1055: FutureWarning: `torch.cuda.amp.GradScaler(args...)` is deprecated. Please use `torch.amp.GradScaler('cuda', args...)` instead.
  torch.cuda.amp.GradScaler()
2026-08-28 23:52:07,585 | INFO | epoch=001 rankloss=0.844793 validIC=0.09585
2026-08-28 23:52:08,354 | INFO | epoch=005 rankloss=0.692022 validIC=0.06370
2026-08-28 23:52:09,248 | INFO | epoch=010 rankloss=0.689941 validIC=0.05732
2026-08-28 23:52:10,123 | INFO | epoch=015 rankloss=0.687658 validIC=0.05392
2026-08-28 23:52:11,014 | INFO | epoch=020 rankloss=0.685904 validIC=0.05059
2026-08-28 23:52:11,899 | INFO | epoch=025 rankloss=0.683755 validIC=0.04384
2026-08-28 23:52:12,774 | INFO | epoch=030 rankloss=0.681202 validIC=0.04415
2026-08-28 23:52:13,635 | INFO | epoch=035 rankloss=0.676482 validIC=0.06044
2026-08-28 23:52:14,522 | INFO | epoch=040 rankloss=0.669954 validIC=0.02643
2026-08-28 23:52:14,522 | INFO | early stop @ 40, best=1, best_valid_ic=0.09585
2026-08-28 23:52:14,791 | INFO | TEST IC=-0.07289 | median=-0.08437 | IC>0=36.10% | spread=-1.1266%
2026-08-28 23:52:14,832 | INFO | Top-3 | net=13.84% | 0050=36.88% | EW=39.16% | alpha=-23.04% | turn=84.70%
2026-08-28 23:52:14,873 | INFO | Top-5 | net=14.66% | 0050=36.88% | EW=39.16% | alpha=-22.22% | turn=72.53%
2026-08-28 23:52:14,914 | INFO | Top-10 | net=16.48% | 0050=36.88% | EW=39.16% | alpha=-20.40% | turn=53.83%
2026-08-28 23:52:14,955 | INFO | Top-15 | net=20.04% | 0050=36.88% | EW=39.16% | alpha=-16.84% | turn=39.64%
2026-08-28 23:52:14,997 | INFO | Top-20 | net=22.15% | 0050=36.88% | EW=39.16% | alpha=-14.73% | turn=29.23%
2026-08-28 23:52:15,093 | INFO | ================================================================================
2026-08-28 23:52:15,093 | INFO | YEAR 2020 | train=80,290 valid=11,500 test=12,250
/home/ubuntu/lobster-trading/src/train_cross_section_v4.py:1055: FutureWarning: `torch.cuda.amp.GradScaler(args...)` is deprecated. Please use `torch.amp.GradScaler('cuda', args...)` instead.
  torch.cuda.amp.GradScaler()
2026-08-28 23:52:18,314 | INFO | epoch=001 rankloss=0.819664 validIC=-0.01640
2026-08-28 23:52:19,091 | INFO | epoch=005 rankloss=0.691185 validIC=-0.01356
2026-08-28 23:52:19,970 | INFO | epoch=010 rankloss=0.689257 validIC=0.01215
2026-08-28 23:52:20,915 | INFO | epoch=015 rankloss=0.687625 validIC=0.02604
2026-08-28 23:52:21,870 | INFO | epoch=020 rankloss=0.685949 validIC=-0.00454
2026-08-28 23:52:22,807 | INFO | epoch=025 rankloss=0.683898 validIC=0.01968
2026-08-28 23:52:23,793 | INFO | epoch=030 rankloss=0.680155 validIC=0.03226
2026-08-28 23:52:24,709 | INFO | epoch=035 rankloss=0.675362 validIC=-0.00094
2026-08-28 23:52:25,634 | INFO | epoch=040 rankloss=0.668625 validIC=-0.00207
2026-08-28 23:52:26,614 | INFO | epoch=045 rankloss=0.657815 validIC=0.00358
2026-08-28 23:52:27,555 | INFO | epoch=050 rankloss=0.645759 validIC=0.00285
2026-08-28 23:52:28,495 | INFO | epoch=055 rankloss=0.629554 validIC=-0.00791
2026-08-28 23:52:29,373 | INFO | epoch=060 rankloss=0.612870 validIC=-0.01818
2026-08-28 23:52:30,341 | INFO | epoch=065 rankloss=0.596042 validIC=-0.00587
2026-08-28 23:52:31,246 | INFO | epoch=070 rankloss=0.579820 validIC=-0.01288
2026-08-28 23:52:31,247 | INFO | early stop @ 70, best=30, best_valid_ic=0.03226
2026-08-28 23:52:31,521 | INFO | TEST IC=0.03477 | median=0.01772 | IC>0=55.51% | spread=0.6589%
2026-08-28 23:52:31,562 | INFO | Top-3 | net=97.51% | 0050=39.97% | EW=32.59% | alpha=57.54% | turn=73.38%
2026-08-28 23:52:31,601 | INFO | Top-5 | net=66.32% | 0050=39.97% | EW=32.59% | alpha=26.35% | turn=69.98%
2026-08-28 23:52:31,641 | INFO | Top-10 | net=46.25% | 0050=39.97% | EW=32.59% | alpha=6.28% | turn=65.07%
2026-08-28 23:52:31,681 | INFO | Top-15 | net=30.61% | 0050=39.97% | EW=32.59% | alpha=-9.36% | turn=59.55%
2026-08-28 23:52:31,721 | INFO | Top-20 | net=28.64% | 0050=39.97% | EW=32.59% | alpha=-11.33% | turn=53.21%
2026-08-28 23:52:31,789 | INFO | ================================================================================
2026-08-28 23:52:31,789 | INFO | YEAR 2021 | train=92,340 valid=11,700 test=12,150
/home/ubuntu/lobster-trading/src/train_cross_section_v4.py:1055: FutureWarning: `torch.cuda.amp.GradScaler(args...)` is deprecated. Please use `torch.amp.GradScaler('cuda', args...)` instead.
  torch.cuda.amp.GradScaler()
2026-08-28 23:52:35,316 | INFO | epoch=001 rankloss=0.780268 validIC=0.06522
2026-08-28 23:52:36,096 | INFO | epoch=005 rankloss=0.691669 validIC=0.06395
2026-08-28 23:52:37,019 | INFO | epoch=010 rankloss=0.689670 validIC=0.08023
2026-08-28 23:52:38,015 | INFO | epoch=015 rankloss=0.687848 validIC=0.06998
2026-08-28 23:52:39,022 | INFO | epoch=020 rankloss=0.685681 validIC=0.06395
2026-08-28 23:52:40,075 | INFO | epoch=025 rankloss=0.683776 validIC=0.04326
2026-08-28 23:52:41,058 | INFO | epoch=030 rankloss=0.680531 validIC=0.07104
2026-08-28 23:52:42,039 | INFO | epoch=035 rankloss=0.673374 validIC=0.04791
2026-08-28 23:52:42,983 | INFO | epoch=040 rankloss=0.664008 validIC=0.01674
2026-08-28 23:52:43,994 | INFO | epoch=045 rankloss=0.653872 validIC=0.01248
2026-08-28 23:52:45,038 | INFO | epoch=050 rankloss=0.637505 validIC=0.01510
2026-08-28 23:52:45,039 | INFO | early stop @ 50, best=10, best_valid_ic=0.08023
2026-08-28 23:52:45,314 | INFO | TEST IC=0.04231 | median=0.03578 | IC>0=58.44% | spread=1.6939%
2026-08-28 23:52:45,355 | INFO | Top-3 | net=79.86% | 0050=23.35% | EW=42.85% | alpha=56.51% | turn=73.60%
2026-08-28 23:52:45,395 | INFO | Top-5 | net=82.83% | 0050=23.35% | EW=42.85% | alpha=59.48% | turn=66.49%
2026-08-28 23:52:45,436 | INFO | Top-10 | net=68.45% | 0050=23.35% | EW=42.85% | alpha=45.10% | turn=63.62%
2026-08-28 23:52:45,476 | INFO | Top-15 | net=65.97% | 0050=23.35% | EW=42.85% | alpha=42.62% | turn=55.63%
2026-08-28 23:52:45,517 | INFO | Top-20 | net=56.72% | 0050=23.35% | EW=42.85% | alpha=33.37% | turn=47.72%
2026-08-28 23:52:45,621 | INFO | ================================================================================
2026-08-28 23:52:45,621 | INFO | YEAR 2022 | train=104,590 valid=11,600 test=12,300
/home/ubuntu/lobster-trading/src/train_cross_section_v4.py:1055: FutureWarning: `torch.cuda.amp.GradScaler(args...)` is deprecated. Please use `torch.amp.GradScaler('cuda', args...)` instead.
  torch.cuda.amp.GradScaler()
2026-08-28 23:52:49,700 | INFO | epoch=001 rankloss=0.798768 validIC=0.01506
2026-08-28 23:52:50,510 | INFO | epoch=005 rankloss=0.691432 validIC=0.05032
2026-08-28 23:52:51,464 | INFO | epoch=010 rankloss=0.688952 validIC=0.05903
2026-08-28 23:52:52,501 | INFO | epoch=015 rankloss=0.687310 validIC=0.06701
2026-08-28 23:52:53,558 | INFO | epoch=020 rankloss=0.685274 validIC=0.06076
2026-08-28 23:52:54,549 | INFO | epoch=025 rankloss=0.682610 validIC=0.05542
2026-08-28 23:52:55,666 | INFO | epoch=030 rankloss=0.678482 validIC=0.05843
2026-08-28 23:52:56,718 | INFO | epoch=035 rankloss=0.673570 validIC=0.04189
2026-08-28 23:52:57,690 | INFO | epoch=040 rankloss=0.666555 validIC=0.05214
2026-08-28 23:52:58,817 | INFO | epoch=045 rankloss=0.656678 validIC=0.03473
2026-08-28 23:52:59,870 | INFO | epoch=050 rankloss=0.645045 validIC=0.04708
2026-08-28 23:53:00,911 | INFO | epoch=055 rankloss=0.630471 validIC=0.04053
2026-08-28 23:53:00,912 | INFO | early stop @ 55, best=15, best_valid_ic=0.06701
2026-08-28 23:53:01,209 | INFO | TEST IC=0.02490 | median=0.00571 | IC>0=50.81% | spread=0.3790%
2026-08-28 23:53:01,253 | INFO | Top-3 | net=-12.54% | 0050=-18.34% | EW=-7.05% | alpha=5.80% | turn=74.43%
2026-08-28 23:53:01,296 | INFO | Top-5 | net=-15.68% | 0050=-18.34% | EW=-7.05% | alpha=2.67% | turn=70.65%
2026-08-28 23:53:01,339 | INFO | Top-10 | net=-11.47% | 0050=-18.34% | EW=-7.05% | alpha=6.88% | turn=64.50%
2026-08-28 23:53:01,383 | INFO | Top-15 | net=-12.93% | 0050=-18.34% | EW=-7.05% | alpha=5.41% | turn=57.40%
2026-08-28 23:53:01,426 | INFO | Top-20 | net=-11.58% | 0050=-18.34% | EW=-7.05% | alpha=6.76% | turn=52.28%
2026-08-28 23:53:01,565 | INFO | ================================================================================
2026-08-28 23:53:01,565 | INFO | YEAR 2023 | train=116,740 valid=11,750 test=11,950
/home/ubuntu/lobster-trading/src/train_cross_section_v4.py:1055: FutureWarning: `torch.cuda.amp.GradScaler(args...)` is deprecated. Please use `torch.amp.GradScaler('cuda', args...)` instead.
  torch.cuda.amp.GradScaler()
2026-08-28 23:53:06,230 | INFO | epoch=001 rankloss=0.814466 validIC=0.03243
2026-08-28 23:53:07,120 | INFO | epoch=005 rankloss=0.691482 validIC=0.04008
2026-08-28 23:53:08,230 | INFO | epoch=010 rankloss=0.689484 validIC=0.05755
2026-08-28 23:53:09,357 | INFO | epoch=015 rankloss=0.686892 validIC=0.02321
2026-08-28 23:53:10,441 | INFO | epoch=020 rankloss=0.684809 validIC=0.01995
2026-08-28 23:53:11,572 | INFO | epoch=025 rankloss=0.682102 validIC=0.03597
2026-08-28 23:53:12,732 | INFO | epoch=030 rankloss=0.678217 validIC=0.05963
2026-08-28 23:53:13,811 | INFO | epoch=035 rankloss=0.671286 validIC=0.00934
2026-08-28 23:53:14,888 | INFO | epoch=040 rankloss=0.663930 validIC=0.02985
2026-08-28 23:53:16,053 | INFO | epoch=045 rankloss=0.652935 validIC=0.01805
2026-08-28 23:53:17,091 | INFO | epoch=050 rankloss=0.640240 validIC=0.02769
2026-08-28 23:53:18,092 | INFO | epoch=055 rankloss=0.623930 validIC=0.02033
2026-08-28 23:53:19,117 | INFO | epoch=060 rankloss=0.607517 validIC=0.02649
2026-08-28 23:53:20,117 | INFO | epoch=065 rankloss=0.592376 validIC=0.03046
2026-08-28 23:53:21,118 | INFO | epoch=070 rankloss=0.577592 validIC=0.00622
2026-08-28 23:53:21,118 | INFO | early stop @ 70, best=30, best_valid_ic=0.05963
2026-08-28 23:53:21,382 | INFO | TEST IC=0.00287 | median=0.00293 | IC>0=50.21% | spread=0.3798%
2026-08-28 23:53:21,421 | INFO | Top-3 | net=58.97% | 0050=24.67% | EW=33.12% | alpha=34.30% | turn=82.94%
2026-08-28 23:53:21,460 | INFO | Top-5 | net=56.43% | 0050=24.67% | EW=33.12% | alpha=31.76% | turn=77.72%
2026-08-28 23:53:21,499 | INFO | Top-10 | net=52.02% | 0050=24.67% | EW=33.12% | alpha=27.35% | turn=64.48%
2026-08-28 23:53:21,539 | INFO | Top-15 | net=45.27% | 0050=24.67% | EW=33.12% | alpha=20.60% | turn=55.04%
2026-08-28 23:53:21,579 | INFO | Top-20 | net=35.25% | 0050=24.67% | EW=33.12% | alpha=10.58% | turn=49.73%
2026-08-28 23:53:21,728 | INFO | ================================================================================
2026-08-28 23:53:21,728 | INFO | YEAR 2024 | train=129,040 valid=11,400 test=12,100
/home/ubuntu/lobster-trading/src/train_cross_section_v4.py:1055: FutureWarning: `torch.cuda.amp.GradScaler(args...)` is deprecated. Please use `torch.amp.GradScaler('cuda', args...)` instead.
  torch.cuda.amp.GradScaler()
2026-08-28 23:53:26,783 | INFO | epoch=001 rankloss=0.794763 validIC=0.03364
2026-08-28 23:53:27,741 | INFO | epoch=005 rankloss=0.691279 validIC=0.02553
2026-08-28 23:53:28,939 | INFO | epoch=010 rankloss=0.689037 validIC=0.02650
2026-08-28 23:53:30,111 | INFO | epoch=015 rankloss=0.686829 validIC=0.03312
2026-08-28 23:53:31,333 | INFO | epoch=020 rankloss=0.684440 validIC=0.04798
2026-08-28 23:53:32,505 | INFO | epoch=025 rankloss=0.682146 validIC=0.02661
2026-08-28 23:53:33,685 | INFO | epoch=030 rankloss=0.677654 validIC=0.04064
2026-08-28 23:53:34,919 | INFO | epoch=035 rankloss=0.672493 validIC=0.02684
2026-08-28 23:53:36,061 | INFO | epoch=040 rankloss=0.664225 validIC=0.03388
2026-08-28 23:53:37,122 | INFO | epoch=045 rankloss=0.653881 validIC=0.02853
2026-08-28 23:53:38,165 | INFO | epoch=050 rankloss=0.639996 validIC=0.02885
2026-08-28 23:53:39,238 | INFO | epoch=055 rankloss=0.626080 validIC=0.02755
2026-08-28 23:53:40,306 | INFO | epoch=060 rankloss=0.611676 validIC=0.01434
2026-08-28 23:53:40,307 | INFO | early stop @ 60, best=20, best_valid_ic=0.04798
2026-08-28 23:53:40,592 | INFO | TEST IC=0.00046 | median=-0.02276 | IC>0=45.04% | spread=0.0062%
2026-08-28 23:53:40,636 | INFO | Top-3 | net=12.21% | 0050=50.78% | EW=11.00% | alpha=-38.58% | turn=71.72%
2026-08-28 23:53:40,679 | INFO | Top-5 | net=21.34% | 0050=50.78% | EW=11.00% | alpha=-29.44% | turn=72.11%
2026-08-28 23:53:40,722 | INFO | Top-10 | net=17.14% | 0050=50.78% | EW=11.00% | alpha=-33.64% | turn=67.55%
2026-08-28 23:53:40,766 | INFO | Top-15 | net=11.80% | 0050=50.78% | EW=11.00% | alpha=-38.98% | turn=62.77%
2026-08-28 23:53:40,809 | INFO | Top-20 | net=9.43% | 0050=50.78% | EW=11.00% | alpha=-41.35% | turn=56.26%
2026-08-28 23:53:40,967 | INFO | ================================================================================
2026-08-28 23:53:40,968 | INFO | YEAR 2025 | train=140,990 valid=11,550 test=12,100
/home/ubuntu/lobster-trading/src/train_cross_section_v4.py:1055: FutureWarning: `torch.cuda.amp.GradScaler(args...)` is deprecated. Please use `torch.amp.GradScaler('cuda', args...)` instead.
  torch.cuda.amp.GradScaler()
2026-08-28 23:53:46,417 | INFO | epoch=001 rankloss=0.783546 validIC=0.07235
2026-08-28 23:53:47,405 | INFO | epoch=005 rankloss=0.690982 validIC=0.04114
2026-08-28 23:53:48,570 | INFO | epoch=010 rankloss=0.689253 validIC=0.01427
2026-08-28 23:53:49,753 | INFO | epoch=015 rankloss=0.687114 validIC=-0.01403
2026-08-28 23:53:50,927 | INFO | epoch=020 rankloss=0.684938 validIC=-0.00617
2026-08-28 23:53:52,117 | INFO | epoch=025 rankloss=0.682153 validIC=-0.01779
2026-08-28 23:53:53,297 | INFO | epoch=030 rankloss=0.678002 validIC=-0.03016
2026-08-28 23:53:54,456 | INFO | epoch=035 rankloss=0.673020 validIC=-0.02425
2026-08-28 23:53:55,551 | INFO | epoch=040 rankloss=0.665932 validIC=-0.00337
2026-08-28 23:53:55,551 | INFO | early stop @ 40, best=1, best_valid_ic=0.07235
2026-08-28 23:53:55,820 | INFO | TEST IC=0.11851 | median=0.11501 | IC>0=66.12% | spread=2.8087%
2026-08-28 23:53:55,861 | INFO | Top-3 | net=63.61% | 0050=47.31% | EW=28.81% | alpha=16.30% | turn=73.47%
2026-08-28 23:53:55,902 | INFO | Top-5 | net=100.07% | 0050=47.31% | EW=28.81% | alpha=52.76% | turn=64.93%
2026-08-28 23:53:55,943 | INFO | Top-10 | net=93.20% | 0050=47.31% | EW=28.81% | alpha=45.89% | turn=50.78%
2026-08-28 23:53:55,984 | INFO | Top-15 | net=67.27% | 0050=47.31% | EW=28.81% | alpha=19.96% | turn=43.56%
2026-08-28 23:53:56,025 | INFO | Top-20 | net=68.88% | 0050=47.31% | EW=28.81% | alpha=21.57% | turn=37.37%
2026-08-28 23:53:56,199 | INFO | ================================================================================
2026-08-28 23:53:56,199 | INFO | YEAR 2026 | train=153,090 valid=11,550 test=7,350
/home/ubuntu/lobster-trading/src/train_cross_section_v4.py:1055: FutureWarning: `torch.cuda.amp.GradScaler(args...)` is deprecated. Please use `torch.amp.GradScaler('cuda', args...)` instead.
  torch.cuda.amp.GradScaler()
2026-08-28 23:54:02,248 | INFO | epoch=001 rankloss=0.773947 validIC=0.00483
2026-08-28 23:54:03,299 | INFO | epoch=005 rankloss=0.691440 validIC=0.11828
2026-08-28 23:54:04,492 | INFO | epoch=010 rankloss=0.689415 validIC=0.11022
2026-08-28 23:54:05,643 | INFO | epoch=015 rankloss=0.687527 validIC=0.11248
2026-08-28 23:54:06,781 | INFO | epoch=020 rankloss=0.685601 validIC=0.06528
2026-08-28 23:54:07,897 | INFO | epoch=025 rankloss=0.683151 validIC=0.05419
2026-08-28 23:54:09,173 | INFO | epoch=030 rankloss=0.679310 validIC=0.08282
2026-08-28 23:54:10,383 | INFO | epoch=035 rankloss=0.673426 validIC=0.03707
2026-08-28 23:54:11,619 | INFO | epoch=040 rankloss=0.667056 validIC=0.08239
2026-08-28 23:54:12,842 | INFO | epoch=045 rankloss=0.658574 validIC=0.03012
2026-08-28 23:54:12,842 | INFO | early stop @ 45, best=5, best_valid_ic=0.11828
2026-08-28 23:54:13,012 | INFO | TEST IC=0.04733 | median=0.02915 | IC>0=56.46% | spread=2.3166%
2026-08-28 23:54:13,038 | INFO | Top-3 | net=118.99% | 0050=54.39% | EW=54.13% | alpha=64.60% | turn=82.16%
2026-08-28 23:54:13,064 | INFO | Top-5 | net=95.79% | 0050=54.39% | EW=54.13% | alpha=41.40% | turn=80.04%
2026-08-28 23:54:13,090 | INFO | Top-10 | net=70.12% | 0050=54.39% | EW=54.13% | alpha=15.72% | turn=71.92%
2026-08-28 23:54:13,115 | INFO | Top-15 | net=71.48% | 0050=54.39% | EW=54.13% | alpha=17.09% | turn=63.80%
2026-08-28 23:54:13,141 | INFO | Top-20 | net=64.71% | 0050=54.39% | EW=54.13% | alpha=10.32% | turn=55.05%
2026-08-28 23:54:13,257 | INFO | ================================================================================
2026-08-28 23:54:13,257 | INFO | FINAL SUMMARY
2026-08-28 23:54:13,257 | INFO | ================================================================================
2026-08-28 23:54:13,261 | INFO | 
   model  seed  top_k  mean_ic  median_year_ic  mean_spread  positive_alpha_years  years  mean_alpha_vs_0050  mean_alpha_vs_equal_weight  median_alpha_vs_0050  mean_turnover  mean_active_sharpe  mean_best_epoch  mean_valid_ic
mlp_rank     1      3 0.029867        0.034775     0.008892                     7      9            0.205005                    0.219931              0.162978       0.749869            0.358592        15.222222       0.068425
mlp_rank     1      5 0.029867        0.034775     0.008892                     7      9            0.193713                    0.208639              0.263465       0.709605            0.423358        15.222222       0.068425
mlp_rank     1     10 0.029867        0.034775     0.008892                     7      9            0.125380                    0.140306              0.157242       0.624679            0.466153        15.222222       0.068425
mlp_rank     1     15 0.029867        0.034775     0.008892                     6      9            0.060550                    0.075476              0.140010       0.550295            0.252683        15.222222       0.068425
mlp_rank     1     20 0.029867        0.034775     0.008892                     6      9            0.034916                    0.049842              0.103181       0.480365            0.145817        15.222222       0.068425
2026-08-28 23:54:13,261 | INFO | SAVED: runs/v4_h10_mlp_rank_seed1_20260828_235149
