2026-08-28 23:41:40,594 | INFO | Rows=173,340, stocks=50, dates=2012-04-06 00:00:00->2026-08-20 00:00:00
2026-08-28 23:41:40,614 | INFO | ================================================================================
2026-08-28 23:41:40,614 | INFO | YEAR 2018 | train=56,511 valid=11,711 test=12,226
/home/ubuntu/lobster-trading/src/train_cross_section_v4.py:1055: FutureWarning: `torch.cuda.amp.GradScaler(args...)` is deprecated. Please use `torch.amp.GradScaler('cuda', args...)` instead.
  torch.cuda.amp.GradScaler()
2026-08-28 23:41:44,670 | INFO | epoch=001 rankloss=0.826056 validIC=0.05064
2026-08-28 23:41:45,346 | INFO | epoch=005 rankloss=0.691165 validIC=0.07741
2026-08-28 23:41:46,172 | INFO | epoch=010 rankloss=0.688421 validIC=0.06310
2026-08-28 23:41:46,945 | INFO | epoch=015 rankloss=0.686401 validIC=0.08687
2026-08-28 23:41:47,710 | INFO | epoch=020 rankloss=0.685347 validIC=0.08163
2026-08-28 23:41:48,468 | INFO | epoch=025 rankloss=0.684618 validIC=0.07499
2026-08-28 23:41:49,206 | INFO | epoch=030 rankloss=0.682347 validIC=0.08069
2026-08-28 23:41:49,964 | INFO | epoch=035 rankloss=0.679858 validIC=0.06589
2026-08-28 23:41:50,708 | INFO | epoch=040 rankloss=0.677682 validIC=0.07091
2026-08-28 23:41:51,457 | INFO | epoch=045 rankloss=0.674537 validIC=0.06563
2026-08-28 23:41:52,238 | INFO | epoch=050 rankloss=0.669523 validIC=0.06989
2026-08-28 23:41:53,023 | INFO | epoch=055 rankloss=0.664161 validIC=0.05374
2026-08-28 23:41:53,023 | INFO | early stop @ 55, best=15, best_valid_ic=0.08687
2026-08-28 23:41:53,311 | INFO | TEST IC=0.06488 | median=0.06103 | IC>0=62.86% | spread=0.3413%
2026-08-28 23:41:53,484 | INFO | Top-3 | net=-22.83% | 0050=-9.22% | EW=0.43% | alpha=-13.61% | turn=81.23%
2026-08-28 23:41:53,625 | INFO | Top-5 | net=-10.11% | 0050=-9.22% | EW=0.43% | alpha=-0.89% | turn=76.88%
2026-08-28 23:41:53,750 | INFO | Top-10 | net=-16.38% | 0050=-9.22% | EW=0.43% | alpha=-7.16% | turn=67.20%
2026-08-28 23:41:53,876 | INFO | Top-15 | net=-13.60% | 0050=-9.22% | EW=0.43% | alpha=-4.38% | turn=58.94%
2026-08-28 23:41:54,002 | INFO | Top-20 | net=-8.38% | 0050=-9.22% | EW=0.43% | alpha=0.85% | turn=50.11%
2026-08-28 23:41:54,054 | INFO | ================================================================================
2026-08-28 23:41:54,054 | INFO | YEAR 2019 | train=68,418 valid=12,026 test=12,050
/home/ubuntu/lobster-trading/src/train_cross_section_v4.py:1055: FutureWarning: `torch.cuda.amp.GradScaler(args...)` is deprecated. Please use `torch.amp.GradScaler('cuda', args...)` instead.
  torch.cuda.amp.GradScaler()
2026-08-28 23:41:56,632 | INFO | epoch=001 rankloss=0.829529 validIC=0.05768
2026-08-28 23:41:57,371 | INFO | epoch=005 rankloss=0.691385 validIC=0.05014
2026-08-28 23:41:58,249 | INFO | epoch=010 rankloss=0.688828 validIC=0.07730
2026-08-28 23:41:59,106 | INFO | epoch=015 rankloss=0.688871 validIC=0.08621
2026-08-28 23:41:59,945 | INFO | epoch=020 rankloss=0.688222 validIC=0.07729
2026-08-28 23:42:00,758 | INFO | epoch=025 rankloss=0.688928 validIC=0.08561
2026-08-28 23:42:01,618 | INFO | epoch=030 rankloss=0.685464 validIC=0.07361
2026-08-28 23:42:02,459 | INFO | epoch=035 rankloss=0.686462 validIC=0.08328
2026-08-28 23:42:03,338 | INFO | epoch=040 rankloss=0.686575 validIC=0.07972
2026-08-28 23:42:04,232 | INFO | epoch=045 rankloss=0.687199 validIC=0.08312
2026-08-28 23:42:05,064 | INFO | epoch=050 rankloss=0.687628 validIC=0.06928
2026-08-28 23:42:05,867 | INFO | epoch=055 rankloss=0.685540 validIC=0.07990
2026-08-28 23:42:05,868 | INFO | early stop @ 55, best=15, best_valid_ic=0.08621
2026-08-28 23:42:06,188 | INFO | TEST IC=0.06405 | median=0.06545 | IC>0=62.66% | spread=0.3454%
2026-08-28 23:42:06,310 | INFO | Top-3 | net=8.80% | 0050=35.89% | EW=37.39% | alpha=-27.09% | turn=85.62%
2026-08-28 23:42:06,432 | INFO | Top-5 | net=20.66% | 0050=35.89% | EW=37.39% | alpha=-15.23% | turn=77.99%
2026-08-28 23:42:06,554 | INFO | Top-10 | net=21.97% | 0050=35.89% | EW=37.39% | alpha=-13.93% | turn=61.90%
2026-08-28 23:42:06,682 | INFO | Top-15 | net=18.37% | 0050=35.89% | EW=37.39% | alpha=-17.53% | turn=52.36%
2026-08-28 23:42:06,808 | INFO | Top-20 | net=16.30% | 0050=35.89% | EW=37.39% | alpha=-19.59% | turn=43.17%
2026-08-28 23:42:06,853 | INFO | ================================================================================
2026-08-28 23:42:06,853 | INFO | YEAR 2020 | train=80,640 valid=11,850 test=12,250
/home/ubuntu/lobster-trading/src/train_cross_section_v4.py:1055: FutureWarning: `torch.cuda.amp.GradScaler(args...)` is deprecated. Please use `torch.amp.GradScaler('cuda', args...)` instead.
  torch.cuda.amp.GradScaler()
2026-08-28 23:42:09,998 | INFO | epoch=001 rankloss=0.812860 validIC=-0.01474
2026-08-28 23:42:10,727 | INFO | epoch=005 rankloss=0.690767 validIC=0.04638
2026-08-28 23:42:11,569 | INFO | epoch=010 rankloss=0.689151 validIC=0.05895
2026-08-28 23:42:12,407 | INFO | epoch=015 rankloss=0.687587 validIC=0.04117
2026-08-28 23:42:13,294 | INFO | epoch=020 rankloss=0.686060 validIC=0.04764
2026-08-28 23:42:14,243 | INFO | epoch=025 rankloss=0.684537 validIC=0.04706
2026-08-28 23:42:15,148 | INFO | epoch=030 rankloss=0.682008 validIC=0.04244
2026-08-28 23:42:16,004 | INFO | epoch=035 rankloss=0.678792 validIC=0.04284
2026-08-28 23:42:16,835 | INFO | epoch=040 rankloss=0.674297 validIC=0.04854
2026-08-28 23:42:17,653 | INFO | epoch=045 rankloss=0.667591 validIC=0.04423
2026-08-28 23:42:18,505 | INFO | epoch=050 rankloss=0.658293 validIC=0.03429
2026-08-28 23:42:18,506 | INFO | early stop @ 50, best=10, best_valid_ic=0.05895
2026-08-28 23:42:18,776 | INFO | TEST IC=0.04875 | median=0.04946 | IC>0=56.73% | spread=0.1821%
2026-08-28 23:42:18,901 | INFO | Top-3 | net=-17.74% | 0050=33.41% | EW=30.48% | alpha=-51.16% | turn=81.13%
2026-08-28 23:42:19,025 | INFO | Top-5 | net=-5.46% | 0050=33.41% | EW=30.48% | alpha=-38.88% | turn=75.77%
2026-08-28 23:42:19,149 | INFO | Top-10 | net=-4.88% | 0050=33.41% | EW=30.48% | alpha=-38.30% | turn=67.64%
2026-08-28 23:42:19,273 | INFO | Top-15 | net=3.37% | 0050=33.41% | EW=30.48% | alpha=-30.05% | turn=59.10%
2026-08-28 23:42:19,397 | INFO | Top-20 | net=7.42% | 0050=33.41% | EW=30.48% | alpha=-25.99% | turn=50.03%
2026-08-28 23:42:19,437 | INFO | ================================================================================
2026-08-28 23:42:19,437 | INFO | YEAR 2021 | train=92,690 valid=12,050 test=12,150
/home/ubuntu/lobster-trading/src/train_cross_section_v4.py:1055: FutureWarning: `torch.cuda.amp.GradScaler(args...)` is deprecated. Please use `torch.amp.GradScaler('cuda', args...)` instead.
  torch.cuda.amp.GradScaler()
2026-08-28 23:42:23,011 | INFO | epoch=001 rankloss=0.842435 validIC=0.02225
2026-08-28 23:42:23,862 | INFO | epoch=005 rankloss=0.691100 validIC=0.04008
2026-08-28 23:42:24,814 | INFO | epoch=010 rankloss=0.690014 validIC=0.04241
2026-08-28 23:42:25,774 | INFO | epoch=015 rankloss=0.688448 validIC=0.05312
2026-08-28 23:42:26,790 | INFO | epoch=020 rankloss=0.687170 validIC=0.02124
2026-08-28 23:42:27,772 | INFO | epoch=025 rankloss=0.685787 validIC=0.02414
2026-08-28 23:42:28,752 | INFO | epoch=030 rankloss=0.684085 validIC=0.03446
2026-08-28 23:42:29,718 | INFO | epoch=035 rankloss=0.681966 validIC=0.02969
2026-08-28 23:42:30,638 | INFO | epoch=040 rankloss=0.678986 validIC=0.01210
2026-08-28 23:42:31,496 | INFO | epoch=045 rankloss=0.674457 validIC=0.01791
2026-08-28 23:42:32,353 | INFO | epoch=050 rankloss=0.668070 validIC=0.01254
2026-08-28 23:42:33,231 | INFO | epoch=055 rankloss=0.658026 validIC=0.01497
2026-08-28 23:42:33,231 | INFO | early stop @ 55, best=15, best_valid_ic=0.05312
2026-08-28 23:42:33,534 | INFO | TEST IC=0.03326 | median=0.02353 | IC>0=53.91% | spread=0.0578%
2026-08-28 23:42:33,656 | INFO | Top-3 | net=-0.04% | 0050=21.82% | EW=41.66% | alpha=-21.86% | turn=83.32%
2026-08-28 23:42:33,778 | INFO | Top-5 | net=2.36% | 0050=21.82% | EW=41.66% | alpha=-19.47% | turn=76.50%
2026-08-28 23:42:33,899 | INFO | Top-10 | net=-0.37% | 0050=21.82% | EW=41.66% | alpha=-22.19% | turn=67.81%
2026-08-28 23:42:34,021 | INFO | Top-15 | net=10.62% | 0050=21.82% | EW=41.66% | alpha=-11.21% | turn=59.39%
2026-08-28 23:42:34,145 | INFO | Top-20 | net=14.48% | 0050=21.82% | EW=41.66% | alpha=-7.34% | turn=51.09%
2026-08-28 23:42:34,190 | INFO | ================================================================================
2026-08-28 23:42:34,191 | INFO | YEAR 2022 | train=104,940 valid=11,950 test=12,300
/home/ubuntu/lobster-trading/src/train_cross_section_v4.py:1055: FutureWarning: `torch.cuda.amp.GradScaler(args...)` is deprecated. Please use `torch.amp.GradScaler('cuda', args...)` instead.
  torch.cuda.amp.GradScaler()
2026-08-28 23:42:38,598 | INFO | epoch=001 rankloss=0.774300 validIC=0.03113
2026-08-28 23:42:39,419 | INFO | epoch=005 rankloss=0.690766 validIC=0.03428
2026-08-28 23:42:40,421 | INFO | epoch=010 rankloss=0.689437 validIC=0.04253
2026-08-28 23:42:41,364 | INFO | epoch=015 rankloss=0.688158 validIC=0.03636
2026-08-28 23:42:42,327 | INFO | epoch=020 rankloss=0.686550 validIC=0.04766
2026-08-28 23:42:43,274 | INFO | epoch=025 rankloss=0.684623 validIC=0.05124
2026-08-28 23:42:44,247 | INFO | epoch=030 rankloss=0.681625 validIC=0.04777
2026-08-28 23:42:45,215 | INFO | epoch=035 rankloss=0.677898 validIC=0.04981
2026-08-28 23:42:46,141 | INFO | epoch=040 rankloss=0.672355 validIC=0.05158
2026-08-28 23:42:47,057 | INFO | epoch=045 rankloss=0.664264 validIC=0.06050
2026-08-28 23:42:47,962 | INFO | epoch=050 rankloss=0.654134 validIC=0.04017
2026-08-28 23:42:48,859 | INFO | epoch=055 rankloss=0.641059 validIC=0.04183
2026-08-28 23:42:49,748 | INFO | epoch=060 rankloss=0.626191 validIC=0.03759
2026-08-28 23:42:50,655 | INFO | epoch=065 rankloss=0.610850 validIC=0.03742
2026-08-28 23:42:51,732 | INFO | epoch=070 rankloss=0.594773 validIC=0.03063
2026-08-28 23:42:52,759 | INFO | epoch=075 rankloss=0.581171 validIC=0.03750
2026-08-28 23:42:53,843 | INFO | epoch=080 rankloss=0.568123 validIC=0.03775
2026-08-28 23:42:54,896 | INFO | epoch=085 rankloss=0.555280 validIC=0.03703
2026-08-28 23:42:54,897 | INFO | early stop @ 85, best=45, best_valid_ic=0.06050
2026-08-28 23:42:55,171 | INFO | TEST IC=0.00371 | median=0.00226 | IC>0=50.00% | spread=0.0574%
2026-08-28 23:42:55,294 | INFO | Top-3 | net=-39.65% | 0050=-22.32% | EW=-10.24% | alpha=-17.33% | turn=80.57%
2026-08-28 23:42:55,416 | INFO | Top-5 | net=-36.03% | 0050=-22.32% | EW=-10.24% | alpha=-13.70% | turn=74.36%
2026-08-28 23:42:55,539 | INFO | Top-10 | net=-35.25% | 0050=-22.32% | EW=-10.24% | alpha=-12.93% | turn=69.89%
2026-08-28 23:42:55,662 | INFO | Top-15 | net=-35.00% | 0050=-22.32% | EW=-10.24% | alpha=-12.67% | turn=61.83%
2026-08-28 23:42:55,786 | INFO | Top-20 | net=-28.80% | 0050=-22.32% | EW=-10.24% | alpha=-6.48% | turn=54.51%
2026-08-28 23:42:55,842 | INFO | ================================================================================
2026-08-28 23:42:55,842 | INFO | YEAR 2023 | train=117,090 valid=12,100 test=11,950
/home/ubuntu/lobster-trading/src/train_cross_section_v4.py:1055: FutureWarning: `torch.cuda.amp.GradScaler(args...)` is deprecated. Please use `torch.amp.GradScaler('cuda', args...)` instead.
  torch.cuda.amp.GradScaler()
2026-08-28 23:43:00,352 | INFO | epoch=001 rankloss=0.773225 validIC=0.03507
2026-08-28 23:43:01,261 | INFO | epoch=005 rankloss=0.690907 validIC=0.00024
2026-08-28 23:43:02,364 | INFO | epoch=010 rankloss=0.689496 validIC=0.00892
2026-08-28 23:43:03,468 | INFO | epoch=015 rankloss=0.688524 validIC=0.00440
2026-08-28 23:43:04,594 | INFO | epoch=020 rankloss=0.686181 validIC=0.00869
2026-08-28 23:43:05,733 | INFO | epoch=025 rankloss=0.684501 validIC=0.00936
2026-08-28 23:43:06,785 | INFO | epoch=030 rankloss=0.681757 validIC=0.01805
2026-08-28 23:43:07,755 | INFO | epoch=035 rankloss=0.678014 validIC=-0.01355
2026-08-28 23:43:08,726 | INFO | epoch=040 rankloss=0.671879 validIC=-0.00940
2026-08-28 23:43:08,727 | INFO | early stop @ 40, best=1, best_valid_ic=0.03507
2026-08-28 23:43:08,992 | INFO | TEST IC=0.00892 | median=-0.00792 | IC>0=48.12% | spread=-0.2288%
2026-08-28 23:43:09,113 | INFO | Top-3 | net=-8.24% | 0050=24.67% | EW=32.79% | alpha=-32.91% | turn=82.42%
2026-08-28 23:43:09,234 | INFO | Top-5 | net=-13.40% | 0050=24.67% | EW=32.79% | alpha=-38.07% | turn=76.75%
2026-08-28 23:43:09,355 | INFO | Top-10 | net=-7.92% | 0050=24.67% | EW=32.79% | alpha=-32.59% | turn=60.61%
2026-08-28 23:43:09,477 | INFO | Top-15 | net=-2.25% | 0050=24.67% | EW=32.79% | alpha=-26.92% | turn=48.31%
2026-08-28 23:43:09,600 | INFO | Top-20 | net=3.77% | 0050=24.67% | EW=32.79% | alpha=-20.91% | turn=38.02%
2026-08-28 23:43:09,656 | INFO | ================================================================================
2026-08-28 23:43:09,656 | INFO | YEAR 2024 | train=129,390 valid=11,750 test=12,100
/home/ubuntu/lobster-trading/src/train_cross_section_v4.py:1055: FutureWarning: `torch.cuda.amp.GradScaler(args...)` is deprecated. Please use `torch.amp.GradScaler('cuda', args...)` instead.
  torch.cuda.amp.GradScaler()
2026-08-28 23:43:14,648 | INFO | epoch=001 rankloss=0.736369 validIC=0.02234
2026-08-28 23:43:15,549 | INFO | epoch=005 rankloss=0.690765 validIC=0.04656
2026-08-28 23:43:16,731 | INFO | epoch=010 rankloss=0.689116 validIC=0.04563
2026-08-28 23:43:17,907 | INFO | epoch=015 rankloss=0.687519 validIC=0.06041
2026-08-28 23:43:19,071 | INFO | epoch=020 rankloss=0.685561 validIC=0.04193
2026-08-28 23:43:20,225 | INFO | epoch=025 rankloss=0.682668 validIC=0.04983
2026-08-28 23:43:21,390 | INFO | epoch=030 rankloss=0.679375 validIC=0.04000
2026-08-28 23:43:22,436 | INFO | epoch=035 rankloss=0.672422 validIC=0.02691
2026-08-28 23:43:23,429 | INFO | epoch=040 rankloss=0.664801 validIC=0.03204
2026-08-28 23:43:24,453 | INFO | epoch=045 rankloss=0.652845 validIC=0.01826
2026-08-28 23:43:25,444 | INFO | epoch=050 rankloss=0.639933 validIC=0.03131
2026-08-28 23:43:26,459 | INFO | epoch=055 rankloss=0.625587 validIC=0.03450
2026-08-28 23:43:26,459 | INFO | early stop @ 55, best=15, best_valid_ic=0.06041
2026-08-28 23:43:26,793 | INFO | TEST IC=0.04248 | median=0.04072 | IC>0=57.85% | spread=0.2429%
2026-08-28 23:43:26,915 | INFO | Top-3 | net=-13.93% | 0050=52.82% | EW=14.34% | alpha=-66.75% | turn=77.58%
2026-08-28 23:43:27,036 | INFO | Top-5 | net=1.22% | 0050=52.82% | EW=14.34% | alpha=-51.60% | turn=72.06%
2026-08-28 23:43:27,156 | INFO | Top-10 | net=-2.80% | 0050=52.82% | EW=14.34% | alpha=-55.62% | turn=67.10%
2026-08-28 23:43:27,278 | INFO | Top-15 | net=7.13% | 0050=52.82% | EW=14.34% | alpha=-45.70% | turn=59.67%
2026-08-28 23:43:27,401 | INFO | Top-20 | net=9.64% | 0050=52.82% | EW=14.34% | alpha=-43.18% | turn=52.67%
2026-08-28 23:43:27,463 | INFO | ================================================================================
2026-08-28 23:43:27,463 | INFO | YEAR 2025 | train=141,340 valid=11,900 test=12,100
/home/ubuntu/lobster-trading/src/train_cross_section_v4.py:1055: FutureWarning: `torch.cuda.amp.GradScaler(args...)` is deprecated. Please use `torch.amp.GradScaler('cuda', args...)` instead.
  torch.cuda.amp.GradScaler()
2026-08-28 23:43:32,907 | INFO | epoch=001 rankloss=0.761825 validIC=-0.02215
2026-08-28 23:43:33,931 | INFO | epoch=005 rankloss=0.691415 validIC=0.03980
2026-08-28 23:43:35,120 | INFO | epoch=010 rankloss=0.690128 validIC=0.04355
2026-08-28 23:43:36,301 | INFO | epoch=015 rankloss=0.688790 validIC=0.03852
2026-08-28 23:43:37,416 | INFO | epoch=020 rankloss=0.687241 validIC=0.01535
2026-08-28 23:43:38,644 | INFO | epoch=025 rankloss=0.685222 validIC=0.00764
2026-08-28 23:43:39,727 | INFO | epoch=030 rankloss=0.683272 validIC=0.00432
2026-08-28 23:43:40,745 | INFO | epoch=035 rankloss=0.679566 validIC=0.01158
2026-08-28 23:43:41,761 | INFO | epoch=040 rankloss=0.674704 validIC=0.02856
2026-08-28 23:43:42,819 | INFO | epoch=045 rankloss=0.666961 validIC=0.00940
2026-08-28 23:43:43,890 | INFO | epoch=050 rankloss=0.656974 validIC=-0.00688
2026-08-28 23:43:43,890 | INFO | early stop @ 50, best=10, best_valid_ic=0.04355
2026-08-28 23:43:44,157 | INFO | TEST IC=0.03540 | median=0.00631 | IC>0=50.83% | spread=0.3308%
2026-08-28 23:43:44,278 | INFO | Top-3 | net=16.69% | 0050=44.71% | EW=25.86% | alpha=-28.02% | turn=85.62%
2026-08-28 23:43:44,399 | INFO | Top-5 | net=20.46% | 0050=44.71% | EW=25.86% | alpha=-24.25% | turn=81.66%
2026-08-28 23:43:44,521 | INFO | Top-10 | net=17.91% | 0050=44.71% | EW=25.86% | alpha=-26.80% | turn=69.67%
2026-08-28 23:43:44,642 | INFO | Top-15 | net=10.03% | 0050=44.71% | EW=25.86% | alpha=-34.68% | turn=60.03%
2026-08-28 23:43:44,765 | INFO | Top-20 | net=5.48% | 0050=44.71% | EW=25.86% | alpha=-39.23% | turn=50.83%
2026-08-28 23:43:44,861 | INFO | ================================================================================
2026-08-28 23:43:44,861 | INFO | YEAR 2026 | train=153,440 valid=11,900 test=7,600
/home/ubuntu/lobster-trading/src/train_cross_section_v4.py:1055: FutureWarning: `torch.cuda.amp.GradScaler(args...)` is deprecated. Please use `torch.amp.GradScaler('cuda', args...)` instead.
  torch.cuda.amp.GradScaler()
2026-08-28 23:43:50,946 | INFO | epoch=001 rankloss=0.766939 validIC=0.03139
2026-08-28 23:43:51,975 | INFO | epoch=005 rankloss=0.691444 validIC=0.03873
2026-08-28 23:43:53,178 | INFO | epoch=010 rankloss=0.690343 validIC=0.04758
2026-08-28 23:43:54,375 | INFO | epoch=015 rankloss=0.688734 validIC=0.04377
2026-08-28 23:43:55,607 | INFO | epoch=020 rankloss=0.687630 validIC=0.03566
2026-08-28 23:43:56,807 | INFO | epoch=025 rankloss=0.685965 validIC=0.04050
2026-08-28 23:43:57,897 | INFO | epoch=030 rankloss=0.683219 validIC=0.03553
2026-08-28 23:43:58,976 | INFO | epoch=035 rankloss=0.679368 validIC=0.03099
2026-08-28 23:44:00,058 | INFO | epoch=040 rankloss=0.674588 validIC=0.03797
2026-08-28 23:44:01,167 | INFO | epoch=045 rankloss=0.666868 validIC=0.02477
2026-08-28 23:44:02,274 | INFO | epoch=050 rankloss=0.658260 validIC=0.03552
2026-08-28 23:44:02,275 | INFO | early stop @ 50, best=10, best_valid_ic=0.04758
2026-08-28 23:44:02,490 | INFO | TEST IC=0.02910 | median=0.02420 | IC>0=51.32% | spread=0.7297%
2026-08-28 23:44:02,568 | INFO | Top-3 | net=128.82% | 0050=56.79% | EW=59.48% | alpha=72.03% | turn=80.58%
2026-08-28 23:44:02,645 | INFO | Top-5 | net=79.12% | 0050=56.79% | EW=59.48% | alpha=22.33% | turn=74.31%
2026-08-28 23:44:02,722 | INFO | Top-10 | net=81.59% | 0050=56.79% | EW=59.48% | alpha=24.81% | turn=69.05%
2026-08-28 23:44:02,801 | INFO | Top-15 | net=62.03% | 0050=56.79% | EW=59.48% | alpha=5.24% | turn=60.48%
2026-08-28 23:44:02,883 | INFO | Top-20 | net=53.10% | 0050=56.79% | EW=59.48% | alpha=-3.69% | turn=51.79%
2026-08-28 23:44:03,032 | INFO | ================================================================================
2026-08-28 23:44:03,033 | INFO | FINAL SUMMARY
2026-08-28 23:44:03,033 | INFO | ================================================================================
2026-08-28 23:44:03,037 | INFO | 
   model  seed  top_k  mean_ic  median_year_ic  mean_spread  positive_alpha_years  years  mean_alpha_vs_0050  mean_alpha_vs_equal_weight  median_alpha_vs_0050  mean_turnover  mean_active_sharpe  mean_best_epoch  mean_valid_ic
mlp_rank   123      3 0.036727        0.035403     0.002287                     1      9           -0.207439                   -0.200353             -0.270878       0.820078           -1.043256        15.111111        0.05914
mlp_rank   123      5 0.036727        0.035403     0.002287                     1      9           -0.199728                   -0.192642             -0.194686       0.762536           -1.022433        15.111111        0.05914
mlp_rank   123     10 0.036727        0.035403     0.002287                     1      9           -0.205224                   -0.198139             -0.221906       0.667647           -1.356927        15.111111        0.05914
mlp_rank   123     15 0.036727        0.035403     0.002287                     1      9           -0.197647                   -0.190562             -0.175273       0.577899           -1.374451        15.111111        0.05914
mlp_rank   123     20 0.036727        0.035403     0.002287                     1      9           -0.183943                   -0.176858             -0.195892       0.491348           -1.309833        15.111111        0.05914
2026-08-28 23:44:03,037 | INFO | SAVED: runs/v4_h3_mlp_rank_seed123_20260828_234140
