2026-08-28 23:48:57,559 | INFO | Rows=173,340, stocks=50, dates=2012-04-06 00:00:00->2026-08-20 00:00:00
2026-08-28 23:48:57,581 | INFO | ================================================================================
2026-08-28 23:48:57,582 | INFO | YEAR 2018 | train=56,413 valid=11,613 test=12,226
/home/ubuntu/lobster-trading/src/train_cross_section_v4.py:1055: FutureWarning: `torch.cuda.amp.GradScaler(args...)` is deprecated. Please use `torch.amp.GradScaler('cuda', args...)` instead.
  torch.cuda.amp.GradScaler()
2026-08-28 23:49:01,746 | INFO | epoch=001 rankloss=0.856334 validIC=0.02589
2026-08-28 23:49:02,447 | INFO | epoch=005 rankloss=0.691276 validIC=0.06509
2026-08-28 23:49:03,259 | INFO | epoch=010 rankloss=0.689244 validIC=0.06437
2026-08-28 23:49:04,051 | INFO | epoch=015 rankloss=0.688516 validIC=0.06121
2026-08-28 23:49:04,874 | INFO | epoch=020 rankloss=0.686438 validIC=0.06200
2026-08-28 23:49:05,707 | INFO | epoch=025 rankloss=0.685834 validIC=0.06084
2026-08-28 23:49:06,557 | INFO | epoch=030 rankloss=0.684652 validIC=0.05473
2026-08-28 23:49:07,399 | INFO | epoch=035 rankloss=0.682776 validIC=0.04722
2026-08-28 23:49:08,256 | INFO | epoch=040 rankloss=0.681223 validIC=0.04172
2026-08-28 23:49:09,136 | INFO | epoch=045 rankloss=0.678173 validIC=0.05206
2026-08-28 23:49:09,136 | INFO | early stop @ 45, best=5, best_valid_ic=0.06509
2026-08-28 23:49:09,418 | INFO | TEST IC=0.06060 | median=0.05796 | IC>0=64.08% | spread=0.4167%
2026-08-28 23:49:09,497 | INFO | Top-3 | net=-7.33% | 0050=-7.98% | EW=1.43% | alpha=0.64% | turn=80.80%
2026-08-28 23:49:09,574 | INFO | Top-5 | net=-14.48% | 0050=-7.98% | EW=1.43% | alpha=-6.51% | turn=78.73%
2026-08-28 23:49:09,651 | INFO | Top-10 | net=-14.65% | 0050=-7.98% | EW=1.43% | alpha=-6.68% | turn=69.86%
2026-08-28 23:49:09,730 | INFO | Top-15 | net=-6.88% | 0050=-7.98% | EW=1.43% | alpha=1.10% | turn=63.49%
2026-08-28 23:49:09,808 | INFO | Top-20 | net=-6.45% | 0050=-7.98% | EW=1.43% | alpha=1.52% | turn=52.64%
2026-08-28 23:49:09,860 | INFO | ================================================================================
2026-08-28 23:49:09,861 | INFO | YEAR 2019 | train=68,320 valid=11,926 test=12,050
/home/ubuntu/lobster-trading/src/train_cross_section_v4.py:1055: FutureWarning: `torch.cuda.amp.GradScaler(args...)` is deprecated. Please use `torch.amp.GradScaler('cuda', args...)` instead.
  torch.cuda.amp.GradScaler()
2026-08-28 23:49:12,470 | INFO | epoch=001 rankloss=0.879653 validIC=-0.01938
2026-08-28 23:49:13,209 | INFO | epoch=005 rankloss=0.691180 validIC=0.07987
2026-08-28 23:49:14,117 | INFO | epoch=010 rankloss=0.689699 validIC=0.06538
2026-08-28 23:49:15,048 | INFO | epoch=015 rankloss=0.688245 validIC=0.06696
2026-08-28 23:49:15,950 | INFO | epoch=020 rankloss=0.686896 validIC=0.07846
2026-08-28 23:49:16,832 | INFO | epoch=025 rankloss=0.685687 validIC=0.07744
2026-08-28 23:49:17,730 | INFO | epoch=030 rankloss=0.683549 validIC=0.05751
2026-08-28 23:49:18,566 | INFO | epoch=035 rankloss=0.681264 validIC=0.07010
2026-08-28 23:49:19,406 | INFO | epoch=040 rankloss=0.678017 validIC=0.07115
2026-08-28 23:49:20,264 | INFO | epoch=045 rankloss=0.673776 validIC=0.04486
2026-08-28 23:49:20,264 | INFO | early stop @ 45, best=5, best_valid_ic=0.07987
2026-08-28 23:49:20,535 | INFO | TEST IC=0.04473 | median=0.04533 | IC>0=61.41% | spread=0.3642%
2026-08-28 23:49:20,612 | INFO | Top-3 | net=23.98% | 0050=35.68% | EW=36.46% | alpha=-11.70% | turn=91.71%
2026-08-28 23:49:20,688 | INFO | Top-5 | net=28.50% | 0050=35.68% | EW=36.46% | alpha=-7.18% | turn=87.42%
2026-08-28 23:49:20,764 | INFO | Top-10 | net=32.24% | 0050=35.68% | EW=36.46% | alpha=-3.44% | turn=72.52%
2026-08-28 23:49:20,840 | INFO | Top-15 | net=33.03% | 0050=35.68% | EW=36.46% | alpha=-2.65% | turn=60.50%
2026-08-28 23:49:20,917 | INFO | Top-20 | net=25.21% | 0050=35.68% | EW=36.46% | alpha=-10.47% | turn=50.85%
2026-08-28 23:49:20,975 | INFO | ================================================================================
2026-08-28 23:49:20,975 | INFO | YEAR 2020 | train=80,540 valid=11,750 test=12,250
/home/ubuntu/lobster-trading/src/train_cross_section_v4.py:1055: FutureWarning: `torch.cuda.amp.GradScaler(args...)` is deprecated. Please use `torch.amp.GradScaler('cuda', args...)` instead.
  torch.cuda.amp.GradScaler()
2026-08-28 23:49:24,171 | INFO | epoch=001 rankloss=0.818957 validIC=0.08168
2026-08-28 23:49:24,927 | INFO | epoch=005 rankloss=0.691097 validIC=0.02001
2026-08-28 23:49:25,800 | INFO | epoch=010 rankloss=0.689441 validIC=0.02109
2026-08-28 23:49:26,688 | INFO | epoch=015 rankloss=0.688224 validIC=0.00671
2026-08-28 23:49:27,568 | INFO | epoch=020 rankloss=0.686891 validIC=0.03385
2026-08-28 23:49:28,515 | INFO | epoch=025 rankloss=0.684701 validIC=0.01335
2026-08-28 23:49:29,424 | INFO | epoch=030 rankloss=0.682821 validIC=0.02859
2026-08-28 23:49:30,371 | INFO | epoch=035 rankloss=0.679701 validIC=0.00848
2026-08-28 23:49:31,265 | INFO | epoch=040 rankloss=0.675163 validIC=0.00069
2026-08-28 23:49:31,266 | INFO | early stop @ 40, best=1, best_valid_ic=0.08168
2026-08-28 23:49:31,546 | INFO | TEST IC=0.06924 | median=0.07803 | IC>0=63.67% | spread=0.8457%
2026-08-28 23:49:31,626 | INFO | Top-3 | net=16.57% | 0050=31.40% | EW=29.48% | alpha=-14.83% | turn=81.63%
2026-08-28 23:49:31,703 | INFO | Top-5 | net=54.32% | 0050=31.40% | EW=29.48% | alpha=22.92% | turn=69.19%
2026-08-28 23:49:31,780 | INFO | Top-10 | net=40.71% | 0050=31.40% | EW=29.48% | alpha=9.31% | turn=58.24%
2026-08-28 23:49:31,858 | INFO | Top-15 | net=33.59% | 0050=31.40% | EW=29.48% | alpha=2.19% | turn=55.39%
2026-08-28 23:49:31,935 | INFO | Top-20 | net=31.52% | 0050=31.40% | EW=29.48% | alpha=0.12% | turn=50.92%
2026-08-28 23:49:31,982 | INFO | ================================================================================
2026-08-28 23:49:31,982 | INFO | YEAR 2021 | train=92,590 valid=11,950 test=12,150
/home/ubuntu/lobster-trading/src/train_cross_section_v4.py:1055: FutureWarning: `torch.cuda.amp.GradScaler(args...)` is deprecated. Please use `torch.amp.GradScaler('cuda', args...)` instead.
  torch.cuda.amp.GradScaler()
2026-08-28 23:49:35,608 | INFO | epoch=001 rankloss=0.797473 validIC=0.05226
2026-08-28 23:49:36,395 | INFO | epoch=005 rankloss=0.690937 validIC=0.03525
2026-08-28 23:49:37,336 | INFO | epoch=010 rankloss=0.689521 validIC=0.04494
2026-08-28 23:49:38,306 | INFO | epoch=015 rankloss=0.688385 validIC=0.04745
2026-08-28 23:49:39,337 | INFO | epoch=020 rankloss=0.686930 validIC=0.05460
2026-08-28 23:49:40,348 | INFO | epoch=025 rankloss=0.685359 validIC=0.05518
2026-08-28 23:49:41,299 | INFO | epoch=030 rankloss=0.683317 validIC=0.03605
2026-08-28 23:49:42,310 | INFO | epoch=035 rankloss=0.679499 validIC=0.01345
2026-08-28 23:49:43,255 | INFO | epoch=040 rankloss=0.673952 validIC=0.02777
2026-08-28 23:49:44,286 | INFO | epoch=045 rankloss=0.665824 validIC=0.00438
2026-08-28 23:49:45,295 | INFO | epoch=050 rankloss=0.655392 validIC=0.02399
2026-08-28 23:49:46,230 | INFO | epoch=055 rankloss=0.642717 validIC=0.01144
2026-08-28 23:49:47,236 | INFO | epoch=060 rankloss=0.629315 validIC=0.00760
2026-08-28 23:49:48,258 | INFO | epoch=065 rankloss=0.611503 validIC=0.00926
2026-08-28 23:49:48,259 | INFO | early stop @ 65, best=25, best_valid_ic=0.05518
2026-08-28 23:49:48,536 | INFO | TEST IC=0.04701 | median=0.05186 | IC>0=60.91% | spread=0.4754%
2026-08-28 23:49:48,612 | INFO | Top-3 | net=68.67% | 0050=22.32% | EW=41.56% | alpha=46.35% | turn=73.56%
2026-08-28 23:49:48,688 | INFO | Top-5 | net=46.35% | 0050=22.32% | EW=41.56% | alpha=24.03% | turn=69.80%
2026-08-28 23:49:48,764 | INFO | Top-10 | net=30.61% | 0050=22.32% | EW=41.56% | alpha=8.29% | turn=63.36%
2026-08-28 23:49:48,840 | INFO | Top-15 | net=30.51% | 0050=22.32% | EW=41.56% | alpha=8.19% | turn=58.95%
2026-08-28 23:49:48,916 | INFO | Top-20 | net=29.84% | 0050=22.32% | EW=41.56% | alpha=7.52% | turn=52.95%
2026-08-28 23:49:48,979 | INFO | ================================================================================
2026-08-28 23:49:48,979 | INFO | YEAR 2022 | train=104,840 valid=11,850 test=12,300
/home/ubuntu/lobster-trading/src/train_cross_section_v4.py:1055: FutureWarning: `torch.cuda.amp.GradScaler(args...)` is deprecated. Please use `torch.amp.GradScaler('cuda', args...)` instead.
  torch.cuda.amp.GradScaler()
2026-08-28 23:49:53,209 | INFO | epoch=001 rankloss=0.787929 validIC=0.04808
2026-08-28 23:49:54,035 | INFO | epoch=005 rankloss=0.691382 validIC=0.05803
2026-08-28 23:49:55,079 | INFO | epoch=010 rankloss=0.689641 validIC=0.05705
2026-08-28 23:49:56,143 | INFO | epoch=015 rankloss=0.688399 validIC=0.04823
2026-08-28 23:49:57,183 | INFO | epoch=020 rankloss=0.686446 validIC=0.05638
2026-08-28 23:49:58,228 | INFO | epoch=025 rankloss=0.684442 validIC=0.04827
2026-08-28 23:49:59,302 | INFO | epoch=030 rankloss=0.681048 validIC=0.05464
2026-08-28 23:50:00,358 | INFO | epoch=035 rankloss=0.677563 validIC=0.06101
2026-08-28 23:50:01,394 | INFO | epoch=040 rankloss=0.670827 validIC=0.06767
2026-08-28 23:50:02,493 | INFO | epoch=045 rankloss=0.662778 validIC=0.05611
2026-08-28 23:50:03,533 | INFO | epoch=050 rankloss=0.651838 validIC=0.06399
2026-08-28 23:50:04,562 | INFO | epoch=055 rankloss=0.637682 validIC=0.03931
2026-08-28 23:50:05,528 | INFO | epoch=060 rankloss=0.623387 validIC=0.03705
2026-08-28 23:50:06,496 | INFO | epoch=065 rankloss=0.608776 validIC=0.03232
2026-08-28 23:50:07,444 | INFO | epoch=070 rankloss=0.594710 validIC=0.04200
2026-08-28 23:50:08,413 | INFO | epoch=075 rankloss=0.578909 validIC=0.04221
2026-08-28 23:50:09,406 | INFO | epoch=080 rankloss=0.566291 validIC=0.02075
2026-08-28 23:50:09,407 | INFO | early stop @ 80, best=40, best_valid_ic=0.06767
2026-08-28 23:50:09,688 | INFO | TEST IC=-0.00054 | median=0.01263 | IC>0=53.25% | spread=0.0673%
2026-08-28 23:50:09,766 | INFO | Top-3 | net=-22.58% | 0050=-18.34% | EW=-7.15% | alpha=-4.23% | turn=86.61%
2026-08-28 23:50:09,843 | INFO | Top-5 | net=-27.68% | 0050=-18.34% | EW=-7.15% | alpha=-9.33% | turn=78.55%
2026-08-28 23:50:09,919 | INFO | Top-10 | net=-29.05% | 0050=-18.34% | EW=-7.15% | alpha=-10.70% | turn=69.27%
2026-08-28 23:50:09,996 | INFO | Top-15 | net=-29.32% | 0050=-18.34% | EW=-7.15% | alpha=-10.98% | turn=63.57%
2026-08-28 23:50:10,074 | INFO | Top-20 | net=-23.52% | 0050=-18.34% | EW=-7.15% | alpha=-5.18% | turn=54.29%
2026-08-28 23:50:10,154 | INFO | ================================================================================
2026-08-28 23:50:10,154 | INFO | YEAR 2023 | train=116,990 valid=12,000 test=11,950
/home/ubuntu/lobster-trading/src/train_cross_section_v4.py:1055: FutureWarning: `torch.cuda.amp.GradScaler(args...)` is deprecated. Please use `torch.amp.GradScaler('cuda', args...)` instead.
  torch.cuda.amp.GradScaler()
2026-08-28 23:50:14,892 | INFO | epoch=001 rankloss=0.782124 validIC=0.00651
2026-08-28 23:50:15,883 | INFO | epoch=005 rankloss=0.691132 validIC=0.01386
2026-08-28 23:50:17,047 | INFO | epoch=010 rankloss=0.689839 validIC=0.01822
2026-08-28 23:50:18,085 | INFO | epoch=015 rankloss=0.688172 validIC=0.02596
2026-08-28 23:50:19,149 | INFO | epoch=020 rankloss=0.686597 validIC=0.01086
2026-08-28 23:50:20,211 | INFO | epoch=025 rankloss=0.683816 validIC=0.02538
2026-08-28 23:50:21,300 | INFO | epoch=030 rankloss=0.680397 validIC=0.01241
2026-08-28 23:50:22,401 | INFO | epoch=035 rankloss=0.675517 validIC=0.00272
2026-08-28 23:50:23,512 | INFO | epoch=040 rankloss=0.669324 validIC=-0.00823
2026-08-28 23:50:24,571 | INFO | epoch=045 rankloss=0.660020 validIC=0.00441
2026-08-28 23:50:25,653 | INFO | epoch=050 rankloss=0.649640 validIC=0.00621
2026-08-28 23:50:26,761 | INFO | epoch=055 rankloss=0.635735 validIC=-0.01183
2026-08-28 23:50:26,761 | INFO | early stop @ 55, best=15, best_valid_ic=0.02596
2026-08-28 23:50:27,033 | INFO | TEST IC=0.04378 | median=0.03981 | IC>0=58.58% | spread=0.3068%
2026-08-28 23:50:27,108 | INFO | Top-3 | net=31.85% | 0050=24.67% | EW=33.05% | alpha=7.18% | turn=86.18%
2026-08-28 23:50:27,182 | INFO | Top-5 | net=32.36% | 0050=24.67% | EW=33.05% | alpha=7.69% | turn=84.37%
2026-08-28 23:50:27,255 | INFO | Top-10 | net=36.16% | 0050=24.67% | EW=33.05% | alpha=11.49% | turn=73.24%
2026-08-28 23:50:27,329 | INFO | Top-15 | net=26.50% | 0050=24.67% | EW=33.05% | alpha=1.83% | turn=62.78%
2026-08-28 23:50:27,404 | INFO | Top-20 | net=23.17% | 0050=24.67% | EW=33.05% | alpha=-1.50% | turn=55.55%
2026-08-28 23:50:27,476 | INFO | ================================================================================
2026-08-28 23:50:27,477 | INFO | YEAR 2024 | train=129,290 valid=11,650 test=12,100
/home/ubuntu/lobster-trading/src/train_cross_section_v4.py:1055: FutureWarning: `torch.cuda.amp.GradScaler(args...)` is deprecated. Please use `torch.amp.GradScaler('cuda', args...)` instead.
  torch.cuda.amp.GradScaler()
2026-08-28 23:50:32,530 | INFO | epoch=001 rankloss=0.787898 validIC=0.04786
2026-08-28 23:50:33,481 | INFO | epoch=005 rankloss=0.691349 validIC=0.04596
2026-08-28 23:50:34,634 | INFO | epoch=010 rankloss=0.689798 validIC=0.04222
2026-08-28 23:50:35,865 | INFO | epoch=015 rankloss=0.688171 validIC=0.03100
2026-08-28 23:50:36,961 | INFO | epoch=020 rankloss=0.685821 validIC=0.03813
2026-08-28 23:50:38,194 | INFO | epoch=025 rankloss=0.683711 validIC=0.05522
2026-08-28 23:50:39,323 | INFO | epoch=030 rankloss=0.680977 validIC=0.03566
2026-08-28 23:50:40,412 | INFO | epoch=035 rankloss=0.675202 validIC=0.02559
2026-08-28 23:50:41,479 | INFO | epoch=040 rankloss=0.667840 validIC=0.02622
2026-08-28 23:50:42,559 | INFO | epoch=045 rankloss=0.658404 validIC=0.01903
2026-08-28 23:50:43,647 | INFO | epoch=050 rankloss=0.645975 validIC=0.02231
2026-08-28 23:50:44,694 | INFO | epoch=055 rankloss=0.632682 validIC=0.01157
2026-08-28 23:50:45,758 | INFO | epoch=060 rankloss=0.617073 validIC=-0.00511
2026-08-28 23:50:46,884 | INFO | epoch=065 rankloss=0.602911 validIC=0.01226
2026-08-28 23:50:46,885 | INFO | early stop @ 65, best=25, best_valid_ic=0.05522
2026-08-28 23:50:47,166 | INFO | TEST IC=-0.01309 | median=-0.01815 | IC>0=47.93% | spread=-0.1198%
2026-08-28 23:50:47,244 | INFO | Top-3 | net=-24.76% | 0050=55.90% | EW=14.85% | alpha=-80.66% | turn=77.74%
2026-08-28 23:50:47,321 | INFO | Top-5 | net=-28.50% | 0050=55.90% | EW=14.85% | alpha=-84.40% | turn=75.89%
2026-08-28 23:50:47,398 | INFO | Top-10 | net=-4.25% | 0050=55.90% | EW=14.85% | alpha=-60.15% | turn=65.07%
2026-08-28 23:50:47,475 | INFO | Top-15 | net=0.79% | 0050=55.90% | EW=14.85% | alpha=-55.11% | turn=59.79%
2026-08-28 23:50:47,552 | INFO | Top-20 | net=2.55% | 0050=55.90% | EW=14.85% | alpha=-53.35% | turn=52.63%
2026-08-28 23:50:47,619 | INFO | ================================================================================
2026-08-28 23:50:47,619 | INFO | YEAR 2025 | train=141,240 valid=11,800 test=12,100
/home/ubuntu/lobster-trading/src/train_cross_section_v4.py:1055: FutureWarning: `torch.cuda.amp.GradScaler(args...)` is deprecated. Please use `torch.amp.GradScaler('cuda', args...)` instead.
  torch.cuda.amp.GradScaler()
2026-08-28 23:50:53,294 | INFO | epoch=001 rankloss=0.783587 validIC=0.00579
2026-08-28 23:50:54,246 | INFO | epoch=005 rankloss=0.691615 validIC=0.05873
2026-08-28 23:50:55,479 | INFO | epoch=010 rankloss=0.689388 validIC=0.00690
2026-08-28 23:50:56,764 | INFO | epoch=015 rankloss=0.688227 validIC=-0.01424
2026-08-28 23:50:57,973 | INFO | epoch=020 rankloss=0.686365 validIC=-0.01287
2026-08-28 23:50:59,171 | INFO | epoch=025 rankloss=0.684032 validIC=-0.00623
2026-08-28 23:51:00,437 | INFO | epoch=030 rankloss=0.681114 validIC=-0.00462
2026-08-28 23:51:01,645 | INFO | epoch=035 rankloss=0.676767 validIC=0.00595
2026-08-28 23:51:02,771 | INFO | epoch=040 rankloss=0.670990 validIC=-0.01377
2026-08-28 23:51:03,872 | INFO | epoch=045 rankloss=0.661416 validIC=-0.00419
2026-08-28 23:51:03,872 | INFO | early stop @ 45, best=5, best_valid_ic=0.05873
2026-08-28 23:51:04,147 | INFO | TEST IC=0.08062 | median=0.04687 | IC>0=59.50% | spread=0.8048%
2026-08-28 23:51:04,223 | INFO | Top-3 | net=32.09% | 0050=45.12% | EW=28.26% | alpha=-13.03% | turn=72.58%
2026-08-28 23:51:04,298 | INFO | Top-5 | net=32.80% | 0050=45.12% | EW=28.26% | alpha=-12.32% | turn=64.43%
2026-08-28 23:51:04,373 | INFO | Top-10 | net=43.29% | 0050=45.12% | EW=28.26% | alpha=-1.83% | turn=51.40%
2026-08-28 23:51:04,449 | INFO | Top-15 | net=41.97% | 0050=45.12% | EW=28.26% | alpha=-3.15% | turn=45.22%
2026-08-28 23:51:04,525 | INFO | Top-20 | net=35.41% | 0050=45.12% | EW=28.26% | alpha=-9.71% | turn=39.74%
2026-08-28 23:51:04,620 | INFO | ================================================================================
2026-08-28 23:51:04,620 | INFO | YEAR 2026 | train=153,340 valid=11,800 test=7,600
/home/ubuntu/lobster-trading/src/train_cross_section_v4.py:1055: FutureWarning: `torch.cuda.amp.GradScaler(args...)` is deprecated. Please use `torch.amp.GradScaler('cuda', args...)` instead.
  torch.cuda.amp.GradScaler()
2026-08-28 23:51:10,718 | INFO | epoch=001 rankloss=0.740747 validIC=0.07453
2026-08-28 23:51:11,750 | INFO | epoch=005 rankloss=0.690752 validIC=0.08630
2026-08-28 23:51:13,091 | INFO | epoch=010 rankloss=0.689452 validIC=0.07850
2026-08-28 23:51:14,386 | INFO | epoch=015 rankloss=0.687892 validIC=0.06396
2026-08-28 23:51:15,716 | INFO | epoch=020 rankloss=0.685977 validIC=0.03975
2026-08-28 23:51:17,010 | INFO | epoch=025 rankloss=0.683074 validIC=0.05661
2026-08-28 23:51:18,350 | INFO | epoch=030 rankloss=0.678955 validIC=0.05853
2026-08-28 23:51:19,614 | INFO | epoch=035 rankloss=0.673710 validIC=0.02430
2026-08-28 23:51:20,964 | INFO | epoch=040 rankloss=0.667041 validIC=0.05766
2026-08-28 23:51:22,258 | INFO | epoch=045 rankloss=0.656778 validIC=0.04805
2026-08-28 23:51:22,258 | INFO | early stop @ 45, best=5, best_valid_ic=0.08630
2026-08-28 23:51:22,437 | INFO | TEST IC=0.03694 | median=0.04062 | IC>0=57.89% | spread=0.9815%
2026-08-28 23:51:22,486 | INFO | Top-3 | net=6.23% | 0050=55.96% | EW=57.91% | alpha=-49.73% | turn=80.70%
2026-08-28 23:51:22,534 | INFO | Top-5 | net=20.67% | 0050=55.96% | EW=57.91% | alpha=-35.29% | turn=80.40%
2026-08-28 23:51:22,582 | INFO | Top-10 | net=34.29% | 0050=55.96% | EW=57.91% | alpha=-21.68% | turn=75.05%
2026-08-28 23:51:22,631 | INFO | Top-15 | net=33.24% | 0050=55.96% | EW=57.91% | alpha=-22.73% | turn=63.33%
2026-08-28 23:51:22,680 | INFO | Top-20 | net=34.13% | 0050=55.96% | EW=57.91% | alpha=-21.84% | turn=56.36%
2026-08-28 23:51:22,796 | INFO | ================================================================================
2026-08-28 23:51:22,796 | INFO | FINAL SUMMARY
2026-08-28 23:51:22,796 | INFO | ================================================================================
2026-08-28 23:51:22,800 | INFO | 
   model  seed  top_k  mean_ic  median_year_ic  mean_spread  positive_alpha_years  years  mean_alpha_vs_0050  mean_alpha_vs_equal_weight  median_alpha_vs_0050  mean_turnover  mean_active_sharpe  mean_best_epoch  mean_valid_ic
mlp_rank  9999      3 0.041032        0.044732     0.004603                     3      9           -0.133350                   -0.123472             -0.117027       0.812773           -0.442929             14.0       0.063965
mlp_rank  9999      5 0.041032        0.044732     0.004603                     3      9           -0.111556                   -0.101677             -0.071796       0.765307           -0.533570             14.0       0.063965
mlp_rank  9999     10 0.041032        0.044732     0.004603                     3      9           -0.083747                   -0.073869             -0.034394       0.664456           -0.410939             14.0       0.063965
mlp_rank  9999     15 0.041032        0.044732     0.004603                     4      9           -0.090331                   -0.080453             -0.026467       0.592238           -0.515308             14.0       0.063965
mlp_rank  9999     20 0.041032        0.044732     0.004603                     3      9           -0.103196                   -0.093318             -0.051793       0.517703           -0.675616             14.0       0.063965
2026-08-28 23:51:22,800 | INFO | SAVED: runs/v4_h5_mlp_rank_seed9999_20260828_234857
