2026-08-28 23:41:36,105 | INFO | Rows=173,340, stocks=50, dates=2012-04-06 00:00:00->2026-08-20 00:00:00
2026-08-28 23:41:36,123 | INFO | ================================================================================
2026-08-28 23:41:36,123 | INFO | YEAR 2018 | train=56,511 valid=11,711 test=12,226
/home/ubuntu/lobster-trading/src/train_cross_section_v4.py:1055: FutureWarning: `torch.cuda.amp.GradScaler(args...)` is deprecated. Please use `torch.amp.GradScaler('cuda', args...)` instead.
  torch.cuda.amp.GradScaler()
2026-08-28 23:41:40,248 | INFO | epoch=001 rankloss=0.828178 validIC=0.03995
2026-08-28 23:41:40,928 | INFO | epoch=005 rankloss=0.691242 validIC=0.08588
2026-08-28 23:41:41,756 | INFO | epoch=010 rankloss=0.688903 validIC=0.09051
2026-08-28 23:41:42,557 | INFO | epoch=015 rankloss=0.687617 validIC=0.07670
2026-08-28 23:41:43,323 | INFO | epoch=020 rankloss=0.687600 validIC=0.08738
2026-08-28 23:41:44,102 | INFO | epoch=025 rankloss=0.685867 validIC=0.07283
2026-08-28 23:41:44,909 | INFO | epoch=030 rankloss=0.683521 validIC=0.08018
2026-08-28 23:41:45,747 | INFO | epoch=035 rankloss=0.682466 validIC=0.06498
2026-08-28 23:41:46,586 | INFO | epoch=040 rankloss=0.678451 validIC=0.07597
2026-08-28 23:41:47,383 | INFO | epoch=045 rankloss=0.677590 validIC=0.05968
2026-08-28 23:41:48,145 | INFO | epoch=050 rankloss=0.673009 validIC=0.05040
2026-08-28 23:41:48,146 | INFO | early stop @ 50, best=10, best_valid_ic=0.09051
2026-08-28 23:41:48,428 | INFO | TEST IC=0.07882 | median=0.07169 | IC>0=66.12% | spread=0.5372%
2026-08-28 23:41:48,557 | INFO | Top-3 | net=-12.10% | 0050=-9.22% | EW=0.43% | alpha=-2.88% | turn=83.58%
2026-08-28 23:41:48,683 | INFO | Top-5 | net=-18.47% | 0050=-9.22% | EW=0.43% | alpha=-9.25% | turn=79.30%
2026-08-28 23:41:48,809 | INFO | Top-10 | net=-14.87% | 0050=-9.22% | EW=0.43% | alpha=-5.65% | turn=66.57%
2026-08-28 23:41:48,936 | INFO | Top-15 | net=-12.03% | 0050=-9.22% | EW=0.43% | alpha=-2.80% | turn=56.97%
2026-08-28 23:41:49,064 | INFO | Top-20 | net=-10.23% | 0050=-9.22% | EW=0.43% | alpha=-1.01% | turn=48.21%
2026-08-28 23:41:49,105 | INFO | ================================================================================
2026-08-28 23:41:49,105 | INFO | YEAR 2019 | train=68,418 valid=12,026 test=12,050
/home/ubuntu/lobster-trading/src/train_cross_section_v4.py:1055: FutureWarning: `torch.cuda.amp.GradScaler(args...)` is deprecated. Please use `torch.amp.GradScaler('cuda', args...)` instead.
  torch.cuda.amp.GradScaler()
2026-08-28 23:41:51,724 | INFO | epoch=001 rankloss=0.825521 validIC=0.04359
2026-08-28 23:41:52,457 | INFO | epoch=005 rankloss=0.691188 validIC=0.07224
2026-08-28 23:41:53,365 | INFO | epoch=010 rankloss=0.690417 validIC=0.08284
2026-08-28 23:41:54,239 | INFO | epoch=015 rankloss=0.690953 validIC=0.05156
2026-08-28 23:41:55,082 | INFO | epoch=020 rankloss=0.687114 validIC=0.07719
2026-08-28 23:41:55,920 | INFO | epoch=025 rankloss=0.689472 validIC=0.06976
2026-08-28 23:41:56,772 | INFO | epoch=030 rankloss=0.687620 validIC=0.06984
2026-08-28 23:41:57,680 | INFO | epoch=035 rankloss=0.685624 validIC=0.08904
2026-08-28 23:41:58,568 | INFO | epoch=040 rankloss=0.688200 validIC=0.08101
2026-08-28 23:41:59,435 | INFO | epoch=045 rankloss=0.687052 validIC=0.06511
2026-08-28 23:42:00,277 | INFO | epoch=050 rankloss=0.687728 validIC=0.08518
2026-08-28 23:42:01,122 | INFO | epoch=055 rankloss=0.683920 validIC=0.08384
2026-08-28 23:42:01,988 | INFO | epoch=060 rankloss=0.684389 validIC=0.08305
2026-08-28 23:42:02,859 | INFO | epoch=065 rankloss=0.682870 validIC=0.08301
2026-08-28 23:42:03,826 | INFO | epoch=070 rankloss=0.683041 validIC=0.09046
2026-08-28 23:42:04,703 | INFO | epoch=075 rankloss=0.680798 validIC=0.08258
2026-08-28 23:42:05,588 | INFO | epoch=080 rankloss=0.681338 validIC=0.05552
2026-08-28 23:42:07,968 | INFO | epoch=085 rankloss=0.677120 validIC=0.06655
2026-08-28 23:42:10,307 | INFO | epoch=090 rankloss=0.673777 validIC=0.06113
2026-08-28 23:42:12,716 | INFO | epoch=095 rankloss=0.671256 validIC=0.07670
2026-08-28 23:42:13,617 | INFO | epoch=100 rankloss=0.673585 validIC=0.06692
2026-08-28 23:42:14,540 | INFO | epoch=105 rankloss=0.670568 validIC=0.06008
2026-08-28 23:42:15,444 | INFO | epoch=110 rankloss=0.669702 validIC=0.05547
2026-08-28 23:42:15,444 | INFO | early stop @ 110, best=70, best_valid_ic=0.09046
2026-08-28 23:42:15,720 | INFO | TEST IC=0.02629 | median=0.04149 | IC>0=56.85% | spread=-0.0404%
2026-08-28 23:42:15,845 | INFO | Top-3 | net=19.06% | 0050=35.89% | EW=37.39% | alpha=-16.83% | turn=82.77%
2026-08-28 23:42:15,969 | INFO | Top-5 | net=15.76% | 0050=35.89% | EW=37.39% | alpha=-20.14% | turn=77.08%
2026-08-28 23:42:16,094 | INFO | Top-10 | net=10.64% | 0050=35.89% | EW=37.39% | alpha=-25.25% | turn=69.57%
2026-08-28 23:42:16,219 | INFO | Top-15 | net=8.16% | 0050=35.89% | EW=37.39% | alpha=-27.73% | turn=56.91%
2026-08-28 23:42:16,346 | INFO | Top-20 | net=9.82% | 0050=35.89% | EW=37.39% | alpha=-26.07% | turn=47.36%
2026-08-28 23:42:16,390 | INFO | ================================================================================
2026-08-28 23:42:16,390 | INFO | YEAR 2020 | train=80,640 valid=11,850 test=12,250
/home/ubuntu/lobster-trading/src/train_cross_section_v4.py:1055: FutureWarning: `torch.cuda.amp.GradScaler(args...)` is deprecated. Please use `torch.amp.GradScaler('cuda', args...)` instead.
  torch.cuda.amp.GradScaler()
2026-08-28 23:42:19,401 | INFO | epoch=001 rankloss=0.840573 validIC=0.05942
2026-08-28 23:42:20,131 | INFO | epoch=005 rankloss=0.690189 validIC=0.04950
2026-08-28 23:42:21,013 | INFO | epoch=010 rankloss=0.688583 validIC=0.06034
2026-08-28 23:42:21,880 | INFO | epoch=015 rankloss=0.687623 validIC=0.07007
2026-08-28 23:42:22,765 | INFO | epoch=020 rankloss=0.685706 validIC=0.04543
2026-08-28 23:42:23,694 | INFO | epoch=025 rankloss=0.684373 validIC=0.05380
2026-08-28 23:42:24,661 | INFO | epoch=030 rankloss=0.681361 validIC=0.04455
2026-08-28 23:42:25,638 | INFO | epoch=035 rankloss=0.678953 validIC=0.05441
2026-08-28 23:42:26,646 | INFO | epoch=040 rankloss=0.673795 validIC=0.02577
2026-08-28 23:42:27,630 | INFO | epoch=045 rankloss=0.668001 validIC=0.05880
2026-08-28 23:42:28,622 | INFO | epoch=050 rankloss=0.659019 validIC=0.02664
2026-08-28 23:42:29,581 | INFO | epoch=055 rankloss=0.648298 validIC=0.03366
2026-08-28 23:42:29,582 | INFO | early stop @ 55, best=15, best_valid_ic=0.07007
2026-08-28 23:42:29,852 | INFO | TEST IC=0.05198 | median=0.02819 | IC>0=58.37% | spread=0.3681%
2026-08-28 23:42:29,978 | INFO | Top-3 | net=19.22% | 0050=33.41% | EW=30.48% | alpha=-14.20% | turn=73.16%
2026-08-28 23:42:30,104 | INFO | Top-5 | net=12.31% | 0050=33.41% | EW=30.48% | alpha=-21.10% | turn=69.39%
2026-08-28 23:42:30,229 | INFO | Top-10 | net=11.07% | 0050=33.41% | EW=30.48% | alpha=-22.34% | turn=63.71%
2026-08-28 23:42:30,354 | INFO | Top-15 | net=11.91% | 0050=33.41% | EW=30.48% | alpha=-21.51% | turn=56.42%
2026-08-28 23:42:30,479 | INFO | Top-20 | net=14.02% | 0050=33.41% | EW=30.48% | alpha=-19.39% | turn=48.97%
2026-08-28 23:42:30,524 | INFO | ================================================================================
2026-08-28 23:42:30,524 | INFO | YEAR 2021 | train=92,690 valid=12,050 test=12,150
/home/ubuntu/lobster-trading/src/train_cross_section_v4.py:1055: FutureWarning: `torch.cuda.amp.GradScaler(args...)` is deprecated. Please use `torch.amp.GradScaler('cuda', args...)` instead.
  torch.cuda.amp.GradScaler()
2026-08-28 23:42:34,344 | INFO | epoch=001 rankloss=0.857394 validIC=0.03396
2026-08-28 23:42:35,115 | INFO | epoch=005 rankloss=0.690607 validIC=0.04800
2026-08-28 23:42:36,047 | INFO | epoch=010 rankloss=0.689285 validIC=0.04192
2026-08-28 23:42:36,950 | INFO | epoch=015 rankloss=0.688353 validIC=0.02359
2026-08-28 23:42:37,888 | INFO | epoch=020 rankloss=0.686577 validIC=0.00864
2026-08-28 23:42:38,883 | INFO | epoch=025 rankloss=0.685616 validIC=0.00793
2026-08-28 23:42:39,884 | INFO | epoch=030 rankloss=0.683758 validIC=0.02711
2026-08-28 23:42:40,863 | INFO | epoch=035 rankloss=0.680578 validIC=0.01373
2026-08-28 23:42:43,216 | INFO | epoch=040 rankloss=0.678505 validIC=0.01901
2026-08-28 23:42:45,704 | INFO | epoch=045 rankloss=0.672954 validIC=0.01529
2026-08-28 23:42:45,704 | INFO | early stop @ 45, best=5, best_valid_ic=0.04800
2026-08-28 23:42:46,210 | INFO | TEST IC=0.04228 | median=0.03001 | IC>0=54.32% | spread=0.0980%
2026-08-28 23:42:46,334 | INFO | Top-3 | net=29.77% | 0050=21.82% | EW=41.66% | alpha=7.95% | turn=86.08%
2026-08-28 23:42:46,465 | INFO | Top-5 | net=11.77% | 0050=21.82% | EW=41.66% | alpha=-10.06% | turn=80.62%
2026-08-28 23:42:46,590 | INFO | Top-10 | net=9.65% | 0050=21.82% | EW=41.66% | alpha=-12.17% | turn=68.93%
2026-08-28 23:42:46,714 | INFO | Top-15 | net=8.48% | 0050=21.82% | EW=41.66% | alpha=-13.35% | turn=59.58%
2026-08-28 23:42:46,839 | INFO | Top-20 | net=17.26% | 0050=21.82% | EW=41.66% | alpha=-4.56% | turn=49.23%
2026-08-28 23:42:46,887 | INFO | ================================================================================
2026-08-28 23:42:46,887 | INFO | YEAR 2022 | train=104,940 valid=11,950 test=12,300
/home/ubuntu/lobster-trading/src/train_cross_section_v4.py:1055: FutureWarning: `torch.cuda.amp.GradScaler(args...)` is deprecated. Please use `torch.amp.GradScaler('cuda', args...)` instead.
  torch.cuda.amp.GradScaler()
2026-08-28 23:42:51,000 | INFO | epoch=001 rankloss=0.881971 validIC=0.04418
2026-08-28 23:42:51,893 | INFO | epoch=005 rankloss=0.691146 validIC=0.03442
2026-08-28 23:42:52,946 | INFO | epoch=010 rankloss=0.689857 validIC=0.03620
2026-08-28 23:42:53,985 | INFO | epoch=015 rankloss=0.688729 validIC=0.03863
2026-08-28 23:42:55,081 | INFO | epoch=020 rankloss=0.687307 validIC=0.04490
2026-08-28 23:42:56,015 | INFO | epoch=025 rankloss=0.686095 validIC=0.05074
2026-08-28 23:42:56,978 | INFO | epoch=030 rankloss=0.684709 validIC=0.05397
2026-08-28 23:42:57,918 | INFO | epoch=035 rankloss=0.682146 validIC=0.06009
2026-08-28 23:42:58,901 | INFO | epoch=040 rankloss=0.678398 validIC=0.05978
2026-08-28 23:42:59,862 | INFO | epoch=045 rankloss=0.674582 validIC=0.04734
2026-08-28 23:43:00,912 | INFO | epoch=050 rankloss=0.667035 validIC=0.04691
2026-08-28 23:43:02,007 | INFO | epoch=055 rankloss=0.659453 validIC=0.04480
2026-08-28 23:43:03,102 | INFO | epoch=060 rankloss=0.649054 validIC=0.03777
2026-08-28 23:43:04,213 | INFO | epoch=065 rankloss=0.636349 validIC=0.02708
2026-08-28 23:43:05,345 | INFO | epoch=070 rankloss=0.622595 validIC=0.03357
2026-08-28 23:43:06,442 | INFO | epoch=075 rankloss=0.608067 validIC=0.02683
2026-08-28 23:43:06,442 | INFO | early stop @ 75, best=35, best_valid_ic=0.06009
2026-08-28 23:43:06,717 | INFO | TEST IC=-0.00996 | median=-0.01909 | IC>0=47.15% | spread=0.0129%
2026-08-28 23:43:06,842 | INFO | Top-3 | net=-26.94% | 0050=-22.32% | EW=-10.24% | alpha=-4.62% | turn=81.68%
2026-08-28 23:43:06,965 | INFO | Top-5 | net=-36.17% | 0050=-22.32% | EW=-10.24% | alpha=-13.84% | turn=76.32%
2026-08-28 23:43:07,089 | INFO | Top-10 | net=-32.54% | 0050=-22.32% | EW=-10.24% | alpha=-10.21% | turn=63.60%
2026-08-28 23:43:07,214 | INFO | Top-15 | net=-29.74% | 0050=-22.32% | EW=-10.24% | alpha=-7.41% | turn=55.46%
2026-08-28 23:43:07,345 | INFO | Top-20 | net=-29.67% | 0050=-22.32% | EW=-10.24% | alpha=-7.35% | turn=48.33%
2026-08-28 23:43:07,403 | INFO | ================================================================================
2026-08-28 23:43:07,403 | INFO | YEAR 2023 | train=117,090 valid=12,100 test=11,950
/home/ubuntu/lobster-trading/src/train_cross_section_v4.py:1055: FutureWarning: `torch.cuda.amp.GradScaler(args...)` is deprecated. Please use `torch.amp.GradScaler('cuda', args...)` instead.
  torch.cuda.amp.GradScaler()
2026-08-28 23:43:11,988 | INFO | epoch=001 rankloss=0.759516 validIC=-0.02626
2026-08-28 23:43:12,824 | INFO | epoch=005 rankloss=0.690627 validIC=0.01424
2026-08-28 23:43:13,846 | INFO | epoch=010 rankloss=0.688964 validIC=-0.02101
2026-08-28 23:43:14,933 | INFO | epoch=015 rankloss=0.687562 validIC=-0.00070
2026-08-28 23:43:15,955 | INFO | epoch=020 rankloss=0.685987 validIC=0.00988
2026-08-28 23:43:17,120 | INFO | epoch=025 rankloss=0.683114 validIC=0.00367
2026-08-28 23:43:18,287 | INFO | epoch=030 rankloss=0.679876 validIC=-0.00528
2026-08-28 23:43:19,458 | INFO | epoch=035 rankloss=0.674380 validIC=-0.01953
2026-08-28 23:43:20,614 | INFO | epoch=040 rankloss=0.667493 validIC=-0.00972
2026-08-28 23:43:21,767 | INFO | epoch=045 rankloss=0.657969 validIC=-0.00552
2026-08-28 23:43:21,768 | INFO | early stop @ 45, best=5, best_valid_ic=0.01424
2026-08-28 23:43:22,039 | INFO | TEST IC=0.04241 | median=0.05071 | IC>0=60.25% | spread=0.2376%
2026-08-28 23:43:22,161 | INFO | Top-3 | net=10.87% | 0050=24.67% | EW=32.79% | alpha=-13.80% | turn=88.27%
2026-08-28 23:43:22,282 | INFO | Top-5 | net=14.00% | 0050=24.67% | EW=32.79% | alpha=-10.68% | turn=79.94%
2026-08-28 23:43:22,404 | INFO | Top-10 | net=17.94% | 0050=24.67% | EW=32.79% | alpha=-6.73% | turn=68.22%
2026-08-28 23:43:22,526 | INFO | Top-15 | net=17.82% | 0050=24.67% | EW=32.79% | alpha=-6.85% | turn=56.42%
2026-08-28 23:43:22,649 | INFO | Top-20 | net=20.26% | 0050=24.67% | EW=32.79% | alpha=-4.41% | turn=48.87%
2026-08-28 23:43:22,713 | INFO | ================================================================================
2026-08-28 23:43:22,713 | INFO | YEAR 2024 | train=129,390 valid=11,750 test=12,100
/home/ubuntu/lobster-trading/src/train_cross_section_v4.py:1055: FutureWarning: `torch.cuda.amp.GradScaler(args...)` is deprecated. Please use `torch.amp.GradScaler('cuda', args...)` instead.
  torch.cuda.amp.GradScaler()
2026-08-28 23:43:27,742 | INFO | epoch=001 rankloss=0.761107 validIC=0.01735
2026-08-28 23:43:28,593 | INFO | epoch=005 rankloss=0.691056 validIC=0.05146
2026-08-28 23:43:29,662 | INFO | epoch=010 rankloss=0.689773 validIC=0.05221
2026-08-28 23:43:30,716 | INFO | epoch=015 rankloss=0.688227 validIC=0.05091
2026-08-28 23:43:31,786 | INFO | epoch=020 rankloss=0.686078 validIC=0.05068
2026-08-28 23:43:32,877 | INFO | epoch=025 rankloss=0.684089 validIC=0.03981
2026-08-28 23:43:34,088 | INFO | epoch=030 rankloss=0.681208 validIC=0.02986
2026-08-28 23:43:35,275 | INFO | epoch=035 rankloss=0.675575 validIC=0.02834
2026-08-28 23:43:36,404 | INFO | epoch=040 rankloss=0.669326 validIC=0.02612
2026-08-28 23:43:37,575 | INFO | epoch=045 rankloss=0.660478 validIC=0.03390
2026-08-28 23:43:38,829 | INFO | epoch=050 rankloss=0.648298 validIC=0.03467
2026-08-28 23:43:38,829 | INFO | early stop @ 50, best=10, best_valid_ic=0.05221
2026-08-28 23:43:39,137 | INFO | TEST IC=0.03063 | median=0.02704 | IC>0=56.61% | spread=0.3225%
2026-08-28 23:43:39,258 | INFO | Top-3 | net=20.14% | 0050=52.82% | EW=14.34% | alpha=-32.68% | turn=69.80%
2026-08-28 23:43:39,378 | INFO | Top-5 | net=24.23% | 0050=52.82% | EW=14.34% | alpha=-28.59% | turn=69.52%
2026-08-28 23:43:39,499 | INFO | Top-10 | net=14.40% | 0050=52.82% | EW=14.34% | alpha=-38.42% | turn=63.32%
2026-08-28 23:43:39,620 | INFO | Top-15 | net=-0.46% | 0050=52.82% | EW=14.34% | alpha=-53.28% | turn=56.11%
2026-08-28 23:43:39,742 | INFO | Top-20 | net=5.49% | 0050=52.82% | EW=14.34% | alpha=-47.33% | turn=51.10%
2026-08-28 23:43:39,828 | INFO | ================================================================================
2026-08-28 23:43:39,828 | INFO | YEAR 2025 | train=141,340 valid=11,900 test=12,100
/home/ubuntu/lobster-trading/src/train_cross_section_v4.py:1055: FutureWarning: `torch.cuda.amp.GradScaler(args...)` is deprecated. Please use `torch.amp.GradScaler('cuda', args...)` instead.
  torch.cuda.amp.GradScaler()
2026-08-28 23:43:45,287 | INFO | epoch=001 rankloss=0.750278 validIC=-0.01791
2026-08-28 23:43:46,204 | INFO | epoch=005 rankloss=0.691237 validIC=0.02495
2026-08-28 23:43:47,287 | INFO | epoch=010 rankloss=0.690001 validIC=0.04933
2026-08-28 23:43:48,368 | INFO | epoch=015 rankloss=0.688131 validIC=0.02120
2026-08-28 23:43:49,458 | INFO | epoch=020 rankloss=0.686753 validIC=0.02079
2026-08-28 23:43:50,514 | INFO | epoch=025 rankloss=0.684296 validIC=0.00843
2026-08-28 23:43:51,683 | INFO | epoch=030 rankloss=0.681226 validIC=0.00957
2026-08-28 23:43:52,828 | INFO | epoch=035 rankloss=0.676650 validIC=-0.00603
2026-08-28 23:43:54,034 | INFO | epoch=040 rankloss=0.668016 validIC=0.01484
2026-08-28 23:43:55,252 | INFO | epoch=045 rankloss=0.658483 validIC=-0.00157
2026-08-28 23:43:56,466 | INFO | epoch=050 rankloss=0.648148 validIC=0.00766
2026-08-28 23:43:56,466 | INFO | early stop @ 50, best=10, best_valid_ic=0.04933
2026-08-28 23:43:56,737 | INFO | TEST IC=0.05007 | median=0.04490 | IC>0=58.26% | spread=0.5227%
2026-08-28 23:43:56,859 | INFO | Top-3 | net=10.53% | 0050=44.71% | EW=25.86% | alpha=-34.18% | turn=79.67%
2026-08-28 23:43:56,980 | INFO | Top-5 | net=37.28% | 0050=44.71% | EW=25.86% | alpha=-7.43% | turn=75.62%
2026-08-28 23:43:57,107 | INFO | Top-10 | net=37.51% | 0050=44.71% | EW=25.86% | alpha=-7.20% | turn=67.13%
2026-08-28 23:43:57,232 | INFO | Top-15 | net=27.09% | 0050=44.71% | EW=25.86% | alpha=-17.62% | turn=58.26%
2026-08-28 23:43:57,357 | INFO | Top-20 | net=19.66% | 0050=44.71% | EW=25.86% | alpha=-25.05% | turn=48.69%
2026-08-28 23:43:57,430 | INFO | ================================================================================
2026-08-28 23:43:57,430 | INFO | YEAR 2026 | train=153,440 valid=11,900 test=7,600
/home/ubuntu/lobster-trading/src/train_cross_section_v4.py:1055: FutureWarning: `torch.cuda.amp.GradScaler(args...)` is deprecated. Please use `torch.amp.GradScaler('cuda', args...)` instead.
  torch.cuda.amp.GradScaler()
2026-08-28 23:44:03,587 | INFO | epoch=001 rankloss=0.767459 validIC=0.06740
2026-08-28 23:44:04,550 | INFO | epoch=005 rankloss=0.691524 validIC=0.05252
2026-08-28 23:44:05,677 | INFO | epoch=010 rankloss=0.690237 validIC=0.04772
2026-08-28 23:44:06,799 | INFO | epoch=015 rankloss=0.689054 validIC=0.04072
2026-08-28 23:44:07,976 | INFO | epoch=020 rankloss=0.687700 validIC=0.04554
2026-08-28 23:44:09,142 | INFO | epoch=025 rankloss=0.686399 validIC=0.04425
2026-08-28 23:44:10,306 | INFO | epoch=030 rankloss=0.683489 validIC=0.05071
2026-08-28 23:44:11,459 | INFO | epoch=035 rankloss=0.679808 validIC=0.02081
2026-08-28 23:44:12,712 | INFO | epoch=040 rankloss=0.674908 validIC=0.03467
2026-08-28 23:44:12,712 | INFO | early stop @ 40, best=1, best_valid_ic=0.06740
2026-08-28 23:44:12,921 | INFO | TEST IC=0.03331 | median=0.03450 | IC>0=53.95% | spread=0.8941%
2026-08-28 23:44:13,006 | INFO | Top-3 | net=119.93% | 0050=56.79% | EW=59.48% | alpha=63.15% | turn=69.06%
2026-08-28 23:44:13,090 | INFO | Top-5 | net=107.34% | 0050=56.79% | EW=59.48% | alpha=50.55% | turn=62.88%
2026-08-28 23:44:13,173 | INFO | Top-10 | net=92.27% | 0050=56.79% | EW=59.48% | alpha=35.48% | turn=45.61%
2026-08-28 23:44:13,257 | INFO | Top-15 | net=73.20% | 0050=56.79% | EW=59.48% | alpha=16.41% | turn=36.51%
2026-08-28 23:44:13,341 | INFO | Top-20 | net=72.87% | 0050=56.79% | EW=59.48% | alpha=16.08% | turn=30.83%
2026-08-28 23:44:13,502 | INFO | ================================================================================
2026-08-28 23:44:13,502 | INFO | FINAL SUMMARY
2026-08-28 23:44:13,502 | INFO | ================================================================================
2026-08-28 23:44:13,506 | INFO | 
   model  seed  top_k  mean_ic  median_year_ic  mean_spread  positive_alpha_years  years  mean_alpha_vs_0050  mean_alpha_vs_equal_weight  median_alpha_vs_0050  mean_turnover  mean_active_sharpe  mean_best_epoch  mean_valid_ic
mlp_rank    42      3 0.038428        0.042284     0.003281                     2      9           -0.053429                   -0.046343             -0.137978       0.793429           -0.122189        17.888889       0.060258
mlp_rank    42      5 0.038428        0.042284     0.003281                     1      9           -0.078358                   -0.071272             -0.106757       0.745186           -0.376209        17.888889       0.060258
mlp_rank    42     10 0.038428        0.042284     0.003281                     1      9           -0.102776                   -0.095691             -0.102142       0.640738           -0.662166        17.888889       0.060258
mlp_rank    42     15 0.038428        0.042284     0.003281                     1      9           -0.149043                   -0.141958             -0.133479       0.547357           -1.004509        17.888889       0.060258
mlp_rank    42     20 0.038428        0.042284     0.003281                     1      9           -0.132326                   -0.125241             -0.073468       0.468429           -0.942838        17.888889       0.060258
2026-08-28 23:44:13,506 | INFO | SAVED: runs/v4_h3_mlp_rank_seed42_20260828_234135
