2026-08-28 23:41:37,716 | INFO | Rows=173,340, stocks=50, dates=2012-04-06 00:00:00->2026-08-20 00:00:00
2026-08-28 23:41:37,736 | INFO | ================================================================================
2026-08-28 23:41:37,736 | INFO | YEAR 2018 | train=56,511 valid=11,711 test=12,226
/home/ubuntu/lobster-trading/src/train_cross_section_v4.py:1055: FutureWarning: `torch.cuda.amp.GradScaler(args...)` is deprecated. Please use `torch.amp.GradScaler('cuda', args...)` instead.
  torch.cuda.amp.GradScaler()
2026-08-28 23:41:41,866 | INFO | epoch=001 rankloss=0.806765 validIC=0.04337
2026-08-28 23:41:42,547 | INFO | epoch=005 rankloss=0.690712 validIC=0.08893
2026-08-28 23:41:43,326 | INFO | epoch=010 rankloss=0.688685 validIC=0.08374
2026-08-28 23:41:44,107 | INFO | epoch=015 rankloss=0.687802 validIC=0.08008
2026-08-28 23:41:44,912 | INFO | epoch=020 rankloss=0.687434 validIC=0.08280
2026-08-28 23:41:45,667 | INFO | epoch=025 rankloss=0.684586 validIC=0.08048
2026-08-28 23:41:46,458 | INFO | epoch=030 rankloss=0.683567 validIC=0.07873
2026-08-28 23:41:47,271 | INFO | epoch=035 rankloss=0.680400 validIC=0.06752
2026-08-28 23:41:48,060 | INFO | epoch=040 rankloss=0.679574 validIC=0.06946
2026-08-28 23:41:48,808 | INFO | epoch=045 rankloss=0.675191 validIC=0.05662
2026-08-28 23:41:48,808 | INFO | early stop @ 45, best=5, best_valid_ic=0.08893
2026-08-28 23:41:49,078 | INFO | TEST IC=0.08755 | median=0.08601 | IC>0=65.71% | spread=0.6990%
2026-08-28 23:41:49,203 | INFO | Top-3 | net=1.72% | 0050=-9.22% | EW=0.43% | alpha=10.94% | turn=84.47%
2026-08-28 23:41:49,327 | INFO | Top-5 | net=0.18% | 0050=-9.22% | EW=0.43% | alpha=9.40% | turn=79.05%
2026-08-28 23:41:49,451 | INFO | Top-10 | net=-7.63% | 0050=-9.22% | EW=0.43% | alpha=1.60% | turn=65.06%
2026-08-28 23:41:49,575 | INFO | Top-15 | net=-2.55% | 0050=-9.22% | EW=0.43% | alpha=6.68% | turn=54.92%
2026-08-28 23:41:49,700 | INFO | Top-20 | net=-6.11% | 0050=-9.22% | EW=0.43% | alpha=3.12% | turn=46.96%
2026-08-28 23:41:49,742 | INFO | ================================================================================
2026-08-28 23:41:49,742 | INFO | YEAR 2019 | train=68,418 valid=12,026 test=12,050
/home/ubuntu/lobster-trading/src/train_cross_section_v4.py:1055: FutureWarning: `torch.cuda.amp.GradScaler(args...)` is deprecated. Please use `torch.amp.GradScaler('cuda', args...)` instead.
  torch.cuda.amp.GradScaler()
2026-08-28 23:41:52,273 | INFO | epoch=001 rankloss=0.838429 validIC=0.04775
2026-08-28 23:41:52,945 | INFO | epoch=005 rankloss=0.692805 validIC=0.06778
2026-08-28 23:41:53,831 | INFO | epoch=010 rankloss=0.690810 validIC=0.06738
2026-08-28 23:41:54,694 | INFO | epoch=015 rankloss=0.690701 validIC=0.06302
2026-08-28 23:41:55,538 | INFO | epoch=020 rankloss=0.689316 validIC=0.06499
2026-08-28 23:41:56,358 | INFO | epoch=025 rankloss=0.689194 validIC=0.07866
2026-08-28 23:41:57,185 | INFO | epoch=030 rankloss=0.687367 validIC=0.08430
2026-08-28 23:41:58,065 | INFO | epoch=035 rankloss=0.686401 validIC=0.08356
2026-08-28 23:41:58,883 | INFO | epoch=040 rankloss=0.686221 validIC=0.07759
2026-08-28 23:41:59,679 | INFO | epoch=045 rankloss=0.682075 validIC=0.08705
2026-08-28 23:42:00,520 | INFO | epoch=050 rankloss=0.688568 validIC=0.06035
2026-08-28 23:42:02,626 | INFO | epoch=055 rankloss=0.684772 validIC=0.08340
2026-08-28 23:42:04,983 | INFO | epoch=060 rankloss=0.684732 validIC=0.07736
2026-08-28 23:42:06,210 | INFO | epoch=065 rankloss=0.684894 validIC=0.08216
2026-08-28 23:42:07,137 | INFO | epoch=070 rankloss=0.685201 validIC=0.06892
2026-08-28 23:42:08,048 | INFO | epoch=075 rankloss=0.682704 validIC=0.08134
2026-08-28 23:42:08,858 | INFO | epoch=080 rankloss=0.679714 validIC=0.07358
2026-08-28 23:42:11,114 | INFO | epoch=085 rankloss=0.679482 validIC=0.06932
2026-08-28 23:42:11,114 | INFO | early stop @ 85, best=45, best_valid_ic=0.08705
2026-08-28 23:42:11,624 | INFO | TEST IC=0.05206 | median=0.04663 | IC>0=58.51% | spread=0.1809%
2026-08-28 23:42:11,757 | INFO | Top-3 | net=22.54% | 0050=35.89% | EW=37.39% | alpha=-13.35% | turn=86.09%
2026-08-28 23:42:11,888 | INFO | Top-5 | net=11.77% | 0050=35.89% | EW=37.39% | alpha=-24.12% | turn=84.62%
2026-08-28 23:42:12,020 | INFO | Top-10 | net=9.48% | 0050=35.89% | EW=37.39% | alpha=-26.41% | turn=66.99%
2026-08-28 23:42:12,153 | INFO | Top-15 | net=10.05% | 0050=35.89% | EW=37.39% | alpha=-25.84% | turn=58.07%
2026-08-28 23:42:12,286 | INFO | Top-20 | net=14.43% | 0050=35.89% | EW=37.39% | alpha=-21.47% | turn=47.45%
2026-08-28 23:42:12,353 | INFO | ================================================================================
2026-08-28 23:42:12,353 | INFO | YEAR 2020 | train=80,640 valid=11,850 test=12,250
/home/ubuntu/lobster-trading/src/train_cross_section_v4.py:1055: FutureWarning: `torch.cuda.amp.GradScaler(args...)` is deprecated. Please use `torch.amp.GradScaler('cuda', args...)` instead.
  torch.cuda.amp.GradScaler()
2026-08-28 23:42:15,444 | INFO | epoch=001 rankloss=0.826897 validIC=0.04451
2026-08-28 23:42:16,249 | INFO | epoch=005 rankloss=0.690754 validIC=0.06299
2026-08-28 23:42:17,109 | INFO | epoch=010 rankloss=0.689167 validIC=0.05707
2026-08-28 23:42:17,949 | INFO | epoch=015 rankloss=0.687630 validIC=0.05205
2026-08-28 23:42:18,881 | INFO | epoch=020 rankloss=0.686398 validIC=0.03778
2026-08-28 23:42:19,715 | INFO | epoch=025 rankloss=0.684656 validIC=0.05001
2026-08-28 23:42:20,588 | INFO | epoch=030 rankloss=0.683148 validIC=0.05480
2026-08-28 23:42:21,502 | INFO | epoch=035 rankloss=0.680360 validIC=0.05165
2026-08-28 23:42:22,322 | INFO | epoch=040 rankloss=0.676221 validIC=0.04842
2026-08-28 23:42:23,163 | INFO | epoch=045 rankloss=0.670901 validIC=0.04256
2026-08-28 23:42:23,163 | INFO | early stop @ 45, best=5, best_valid_ic=0.06299
2026-08-28 23:42:23,433 | INFO | TEST IC=0.05530 | median=0.05815 | IC>0=56.33% | spread=0.2094%
2026-08-28 23:42:23,565 | INFO | Top-3 | net=-21.50% | 0050=33.41% | EW=30.48% | alpha=-54.91% | turn=81.53%
2026-08-28 23:42:23,688 | INFO | Top-5 | net=0.39% | 0050=33.41% | EW=30.48% | alpha=-33.02% | turn=77.50%
2026-08-28 23:42:23,811 | INFO | Top-10 | net=-0.34% | 0050=33.41% | EW=30.48% | alpha=-33.76% | turn=67.07%
2026-08-28 23:42:23,933 | INFO | Top-15 | net=4.69% | 0050=33.41% | EW=30.48% | alpha=-28.72% | turn=59.38%
2026-08-28 23:42:24,056 | INFO | Top-20 | net=4.20% | 0050=33.41% | EW=30.48% | alpha=-29.21% | turn=51.09%
2026-08-28 23:42:24,104 | INFO | ================================================================================
2026-08-28 23:42:24,104 | INFO | YEAR 2021 | train=92,690 valid=12,050 test=12,150
/home/ubuntu/lobster-trading/src/train_cross_section_v4.py:1055: FutureWarning: `torch.cuda.amp.GradScaler(args...)` is deprecated. Please use `torch.amp.GradScaler('cuda', args...)` instead.
  torch.cuda.amp.GradScaler()
2026-08-28 23:42:27,659 | INFO | epoch=001 rankloss=0.784507 validIC=0.05599
2026-08-28 23:42:28,468 | INFO | epoch=005 rankloss=0.690884 validIC=0.06364
2026-08-28 23:42:29,469 | INFO | epoch=010 rankloss=0.689366 validIC=0.04055
2026-08-28 23:42:30,410 | INFO | epoch=015 rankloss=0.688425 validIC=0.04543
2026-08-28 23:42:31,341 | INFO | epoch=020 rankloss=0.686538 validIC=0.02086
2026-08-28 23:42:32,348 | INFO | epoch=025 rankloss=0.684974 validIC=0.00409
2026-08-28 23:42:33,325 | INFO | epoch=030 rankloss=0.682404 validIC=0.03612
2026-08-28 23:42:34,295 | INFO | epoch=035 rankloss=0.678867 validIC=0.00148
2026-08-28 23:42:35,269 | INFO | epoch=040 rankloss=0.673389 validIC=0.01265
2026-08-28 23:42:36,171 | INFO | epoch=045 rankloss=0.667390 validIC=0.00980
2026-08-28 23:42:36,172 | INFO | early stop @ 45, best=5, best_valid_ic=0.06364
2026-08-28 23:42:36,440 | INFO | TEST IC=0.04549 | median=0.04490 | IC>0=60.08% | spread=0.2461%
2026-08-28 23:42:36,561 | INFO | Top-3 | net=8.75% | 0050=21.82% | EW=41.66% | alpha=-13.07% | turn=82.94%
2026-08-28 23:42:36,681 | INFO | Top-5 | net=2.64% | 0050=21.82% | EW=41.66% | alpha=-19.18% | turn=77.29%
2026-08-28 23:42:36,801 | INFO | Top-10 | net=3.93% | 0050=21.82% | EW=41.66% | alpha=-17.90% | turn=67.70%
2026-08-28 23:42:36,922 | INFO | Top-15 | net=16.03% | 0050=21.82% | EW=41.66% | alpha=-5.80% | turn=59.36%
2026-08-28 23:42:37,043 | INFO | Top-20 | net=16.82% | 0050=21.82% | EW=41.66% | alpha=-5.01% | turn=50.25%
2026-08-28 23:42:37,104 | INFO | ================================================================================
2026-08-28 23:42:37,104 | INFO | YEAR 2022 | train=104,940 valid=11,950 test=12,300
/home/ubuntu/lobster-trading/src/train_cross_section_v4.py:1055: FutureWarning: `torch.cuda.amp.GradScaler(args...)` is deprecated. Please use `torch.amp.GradScaler('cuda', args...)` instead.
  torch.cuda.amp.GradScaler()
2026-08-28 23:42:41,357 | INFO | epoch=001 rankloss=0.808793 validIC=0.00427
2026-08-28 23:42:42,129 | INFO | epoch=005 rankloss=0.690662 validIC=0.04416
2026-08-28 23:42:43,044 | INFO | epoch=010 rankloss=0.689748 validIC=0.03792
2026-08-28 23:42:43,960 | INFO | epoch=015 rankloss=0.688051 validIC=0.03448
2026-08-28 23:42:44,871 | INFO | epoch=020 rankloss=0.686892 validIC=0.04575
2026-08-28 23:42:45,811 | INFO | epoch=025 rankloss=0.685161 validIC=0.04642
2026-08-28 23:42:46,801 | INFO | epoch=030 rankloss=0.682544 validIC=0.03388
2026-08-28 23:42:47,738 | INFO | epoch=035 rankloss=0.679307 validIC=0.03867
2026-08-28 23:42:48,807 | INFO | epoch=040 rankloss=0.674300 validIC=0.03383
2026-08-28 23:42:49,867 | INFO | epoch=045 rankloss=0.667778 validIC=0.03853
2026-08-28 23:42:50,933 | INFO | epoch=050 rankloss=0.658104 validIC=0.03869
2026-08-28 23:42:51,902 | INFO | epoch=055 rankloss=0.647515 validIC=0.03184
2026-08-28 23:42:52,893 | INFO | epoch=060 rankloss=0.634442 validIC=0.03061
2026-08-28 23:42:53,954 | INFO | epoch=065 rankloss=0.621803 validIC=0.03133
2026-08-28 23:42:53,954 | INFO | early stop @ 65, best=25, best_valid_ic=0.04642
2026-08-28 23:42:54,282 | INFO | TEST IC=-0.00442 | median=0.00317 | IC>0=51.22% | spread=0.0436%
2026-08-28 23:42:54,403 | INFO | Top-3 | net=-34.62% | 0050=-22.32% | EW=-10.24% | alpha=-12.29% | turn=76.15%
2026-08-28 23:42:54,525 | INFO | Top-5 | net=-33.04% | 0050=-22.32% | EW=-10.24% | alpha=-10.71% | turn=68.96%
2026-08-28 23:42:54,647 | INFO | Top-10 | net=-30.91% | 0050=-22.32% | EW=-10.24% | alpha=-8.59% | turn=59.29%
2026-08-28 23:42:54,776 | INFO | Top-15 | net=-32.07% | 0050=-22.32% | EW=-10.24% | alpha=-9.75% | turn=53.14%
2026-08-28 23:42:54,905 | INFO | Top-20 | net=-30.25% | 0050=-22.32% | EW=-10.24% | alpha=-7.92% | turn=46.48%
2026-08-28 23:42:54,962 | INFO | ================================================================================
2026-08-28 23:42:54,963 | INFO | YEAR 2023 | train=117,090 valid=12,100 test=11,950
/home/ubuntu/lobster-trading/src/train_cross_section_v4.py:1055: FutureWarning: `torch.cuda.amp.GradScaler(args...)` is deprecated. Please use `torch.amp.GradScaler('cuda', args...)` instead.
  torch.cuda.amp.GradScaler()
2026-08-28 23:42:59,551 | INFO | epoch=001 rankloss=0.765614 validIC=-0.00518
2026-08-28 23:43:00,385 | INFO | epoch=005 rankloss=0.691427 validIC=0.00385
2026-08-28 23:43:01,362 | INFO | epoch=010 rankloss=0.689602 validIC=0.01679
2026-08-28 23:43:02,346 | INFO | epoch=015 rankloss=0.689046 validIC=0.01414
2026-08-28 23:43:03,329 | INFO | epoch=020 rankloss=0.687488 validIC=0.02536
2026-08-28 23:43:04,306 | INFO | epoch=025 rankloss=0.685106 validIC=0.02216
2026-08-28 23:43:05,281 | INFO | epoch=030 rankloss=0.682258 validIC=0.00494
2026-08-28 23:43:06,314 | INFO | epoch=035 rankloss=0.678642 validIC=-0.00210
2026-08-28 23:43:07,481 | INFO | epoch=040 rankloss=0.674397 validIC=0.00239
2026-08-28 23:43:08,584 | INFO | epoch=045 rankloss=0.666810 validIC=0.00542
2026-08-28 23:43:09,709 | INFO | epoch=050 rankloss=0.656436 validIC=-0.01011
2026-08-28 23:43:10,796 | INFO | epoch=055 rankloss=0.645622 validIC=-0.01238
2026-08-28 23:43:11,781 | INFO | epoch=060 rankloss=0.629105 validIC=-0.01829
2026-08-28 23:43:11,782 | INFO | early stop @ 60, best=20, best_valid_ic=0.02536
2026-08-28 23:43:12,043 | INFO | TEST IC=0.03757 | median=0.02214 | IC>0=56.49% | spread=0.2068%
2026-08-28 23:43:12,162 | INFO | Top-3 | net=19.82% | 0050=24.67% | EW=32.79% | alpha=-4.85% | turn=75.40%
2026-08-28 23:43:12,281 | INFO | Top-5 | net=12.38% | 0050=24.67% | EW=32.79% | alpha=-12.30% | turn=69.89%
2026-08-28 23:43:12,400 | INFO | Top-10 | net=8.75% | 0050=24.67% | EW=32.79% | alpha=-15.92% | turn=58.89%
2026-08-28 23:43:12,520 | INFO | Top-15 | net=11.97% | 0050=24.67% | EW=32.79% | alpha=-12.71% | turn=51.42%
2026-08-28 23:43:12,640 | INFO | Top-20 | net=14.77% | 0050=24.67% | EW=32.79% | alpha=-9.90% | turn=43.03%
2026-08-28 23:43:12,725 | INFO | ================================================================================
2026-08-28 23:43:12,725 | INFO | YEAR 2024 | train=129,390 valid=11,750 test=12,100
/home/ubuntu/lobster-trading/src/train_cross_section_v4.py:1055: FutureWarning: `torch.cuda.amp.GradScaler(args...)` is deprecated. Please use `torch.amp.GradScaler('cuda', args...)` instead.
  torch.cuda.amp.GradScaler()
2026-08-28 23:43:17,692 | INFO | epoch=001 rankloss=0.780161 validIC=0.01940
2026-08-28 23:43:18,555 | INFO | epoch=005 rankloss=0.691162 validIC=0.04591
2026-08-28 23:43:19,567 | INFO | epoch=010 rankloss=0.690099 validIC=0.04210
2026-08-28 23:43:20,629 | INFO | epoch=015 rankloss=0.688683 validIC=0.04717
2026-08-28 23:43:21,815 | INFO | epoch=020 rankloss=0.687270 validIC=0.06234
2026-08-28 23:43:22,989 | INFO | epoch=025 rankloss=0.685769 validIC=0.05361
2026-08-28 23:43:24,082 | INFO | epoch=030 rankloss=0.683150 validIC=0.04818
2026-08-28 23:43:25,108 | INFO | epoch=035 rankloss=0.680250 validIC=0.05215
2026-08-28 23:43:26,252 | INFO | epoch=040 rankloss=0.674957 validIC=0.04125
2026-08-28 23:43:27,330 | INFO | epoch=045 rankloss=0.667732 validIC=0.04473
2026-08-28 23:43:28,389 | INFO | epoch=050 rankloss=0.658320 validIC=0.02222
2026-08-28 23:43:29,504 | INFO | epoch=055 rankloss=0.647573 validIC=0.02619
2026-08-28 23:43:30,712 | INFO | epoch=060 rankloss=0.634868 validIC=0.01414
2026-08-28 23:43:30,712 | INFO | early stop @ 60, best=20, best_valid_ic=0.06234
2026-08-28 23:43:30,987 | INFO | TEST IC=0.01778 | median=0.00912 | IC>0=51.65% | spread=0.1235%
2026-08-28 23:43:31,116 | INFO | Top-3 | net=-14.40% | 0050=52.82% | EW=14.34% | alpha=-67.22% | turn=78.42%
2026-08-28 23:43:31,254 | INFO | Top-5 | net=-11.80% | 0050=52.82% | EW=14.34% | alpha=-64.62% | turn=72.58%
2026-08-28 23:43:31,375 | INFO | Top-10 | net=-1.12% | 0050=52.82% | EW=14.34% | alpha=-53.94% | turn=67.20%
2026-08-28 23:43:31,498 | INFO | Top-15 | net=-6.92% | 0050=52.82% | EW=14.34% | alpha=-59.74% | turn=59.88%
2026-08-28 23:43:31,622 | INFO | Top-20 | net=-0.23% | 0050=52.82% | EW=14.34% | alpha=-53.06% | turn=54.50%
2026-08-28 23:43:31,712 | INFO | ================================================================================
2026-08-28 23:43:31,712 | INFO | YEAR 2025 | train=141,340 valid=11,900 test=12,100
/home/ubuntu/lobster-trading/src/train_cross_section_v4.py:1055: FutureWarning: `torch.cuda.amp.GradScaler(args...)` is deprecated. Please use `torch.amp.GradScaler('cuda', args...)` instead.
  torch.cuda.amp.GradScaler()
2026-08-28 23:43:37,197 | INFO | epoch=001 rankloss=0.778073 validIC=0.07009
2026-08-28 23:43:38,111 | INFO | epoch=005 rankloss=0.691548 validIC=0.03420
2026-08-28 23:43:39,155 | INFO | epoch=010 rankloss=0.689763 validIC=0.04941
2026-08-28 23:43:40,217 | INFO | epoch=015 rankloss=0.688862 validIC=0.01357
2026-08-28 23:43:41,245 | INFO | epoch=020 rankloss=0.687424 validIC=0.02274
2026-08-28 23:43:42,297 | INFO | epoch=025 rankloss=0.685920 validIC=0.01218
2026-08-28 23:43:43,402 | INFO | epoch=030 rankloss=0.683546 validIC=0.01858
2026-08-28 23:43:44,653 | INFO | epoch=035 rankloss=0.679624 validIC=0.00510
2026-08-28 23:43:45,854 | INFO | epoch=040 rankloss=0.674308 validIC=0.00972
2026-08-28 23:43:45,854 | INFO | early stop @ 40, best=1, best_valid_ic=0.07009
2026-08-28 23:43:46,125 | INFO | TEST IC=0.03444 | median=0.00490 | IC>0=52.07% | spread=0.1806%
2026-08-28 23:43:46,246 | INFO | Top-3 | net=-30.50% | 0050=44.71% | EW=25.86% | alpha=-75.20% | turn=81.43%
2026-08-28 23:43:46,366 | INFO | Top-5 | net=-9.38% | 0050=44.71% | EW=25.86% | alpha=-54.08% | turn=74.46%
2026-08-28 23:43:46,487 | INFO | Top-10 | net=3.86% | 0050=44.71% | EW=25.86% | alpha=-40.85% | turn=55.05%
2026-08-28 23:43:46,608 | INFO | Top-15 | net=3.04% | 0050=44.71% | EW=25.86% | alpha=-41.66% | turn=46.54%
2026-08-28 23:43:46,730 | INFO | Top-20 | net=7.65% | 0050=44.71% | EW=25.86% | alpha=-37.05% | turn=38.53%
2026-08-28 23:43:46,799 | INFO | ================================================================================
2026-08-28 23:43:46,799 | INFO | YEAR 2026 | train=153,440 valid=11,900 test=7,600
/home/ubuntu/lobster-trading/src/train_cross_section_v4.py:1055: FutureWarning: `torch.cuda.amp.GradScaler(args...)` is deprecated. Please use `torch.amp.GradScaler('cuda', args...)` instead.
  torch.cuda.amp.GradScaler()
2026-08-28 23:43:52,712 | INFO | epoch=001 rankloss=0.774710 validIC=0.03208
2026-08-28 23:43:53,638 | INFO | epoch=005 rankloss=0.691654 validIC=0.04958
2026-08-28 23:43:54,750 | INFO | epoch=010 rankloss=0.690679 validIC=0.04219
2026-08-28 23:43:55,842 | INFO | epoch=015 rankloss=0.689172 validIC=0.03330
2026-08-28 23:43:56,929 | INFO | epoch=020 rankloss=0.687881 validIC=0.04050
2026-08-28 23:43:58,043 | INFO | epoch=025 rankloss=0.686744 validIC=0.03043
2026-08-28 23:43:59,178 | INFO | epoch=030 rankloss=0.684219 validIC=0.04744
2026-08-28 23:44:00,323 | INFO | epoch=035 rankloss=0.681726 validIC=0.02136
2026-08-28 23:44:01,658 | INFO | epoch=040 rankloss=0.676928 validIC=0.01083
2026-08-28 23:44:02,932 | INFO | epoch=045 rankloss=0.670820 validIC=0.02980
2026-08-28 23:44:02,932 | INFO | early stop @ 45, best=5, best_valid_ic=0.04958
2026-08-28 23:44:03,137 | INFO | TEST IC=0.01944 | median=0.00322 | IC>0=50.00% | spread=0.3010%
2026-08-28 23:44:03,214 | INFO | Top-3 | net=86.03% | 0050=56.79% | EW=59.48% | alpha=29.24% | turn=84.46%
2026-08-28 23:44:03,291 | INFO | Top-5 | net=74.18% | 0050=56.79% | EW=59.48% | alpha=17.39% | turn=80.73%
2026-08-28 23:44:03,368 | INFO | Top-10 | net=52.83% | 0050=56.79% | EW=59.48% | alpha=-3.95% | turn=68.19%
2026-08-28 23:44:03,445 | INFO | Top-15 | net=60.07% | 0050=56.79% | EW=59.48% | alpha=3.29% | turn=60.41%
2026-08-28 23:44:03,523 | INFO | Top-20 | net=47.65% | 0050=56.79% | EW=59.48% | alpha=-9.14% | turn=51.23%
2026-08-28 23:44:03,743 | INFO | ================================================================================
2026-08-28 23:44:03,743 | INFO | FINAL SUMMARY
2026-08-28 23:44:03,743 | INFO | ================================================================================
2026-08-28 23:44:03,748 | INFO | 
   model  seed  top_k  mean_ic  median_year_ic  mean_spread  positive_alpha_years  years  mean_alpha_vs_0050  mean_alpha_vs_equal_weight  median_alpha_vs_0050  mean_turnover  mean_active_sharpe  mean_best_epoch  mean_valid_ic
mlp_rank     1      3 0.038356         0.03757     0.002434                     2      9           -0.223023                   -0.215938             -0.130739       0.812091           -0.904435        14.555556       0.061823
mlp_rank     1      5 0.038356         0.03757     0.002434                     2      9           -0.212494                   -0.205409             -0.191847       0.761181           -0.911655        14.555556       0.061823
mlp_rank     1     10 0.038356         0.03757     0.002434                     1      9           -0.221898                   -0.214812             -0.178954       0.639369           -1.254746        14.555556       0.061823
mlp_rank     1     15 0.038356         0.03757     0.002434                     2      9           -0.193622                   -0.186537             -0.127057       0.559015           -1.260933        14.555556       0.061823
mlp_rank     1     20 0.038356         0.03757     0.002434                     1      9           -0.188490                   -0.181405             -0.099012       0.477252           -1.312504        14.555556       0.061823
2026-08-28 23:44:03,748 | INFO | SAVED: runs/v4_h3_mlp_rank_seed1_20260828_234137
