2026-08-28 23:46:50,460 | INFO | Rows=173,340, stocks=50, dates=2012-04-06 00:00:00->2026-08-20 00:00:00
2026-08-28 23:46:50,480 | INFO | ================================================================================
2026-08-28 23:46:50,481 | INFO | YEAR 2018 | train=56,413 valid=11,613 test=12,226
/home/ubuntu/lobster-trading/src/train_cross_section_v4.py:1055: FutureWarning: `torch.cuda.amp.GradScaler(args...)` is deprecated. Please use `torch.amp.GradScaler('cuda', args...)` instead.
  torch.cuda.amp.GradScaler()
2026-08-28 23:46:54,497 | INFO | epoch=001 rankloss=0.802526 validIC=0.04731
2026-08-28 23:46:55,178 | INFO | epoch=005 rankloss=0.690962 validIC=0.06028
2026-08-28 23:46:56,000 | INFO | epoch=010 rankloss=0.688961 validIC=0.05733
2026-08-28 23:46:56,860 | INFO | epoch=015 rankloss=0.688331 validIC=0.06307
2026-08-28 23:46:57,650 | INFO | epoch=020 rankloss=0.686763 validIC=0.05583
2026-08-28 23:46:58,447 | INFO | epoch=025 rankloss=0.684627 validIC=0.06060
2026-08-28 23:46:59,256 | INFO | epoch=030 rankloss=0.683931 validIC=0.05041
2026-08-28 23:47:00,055 | INFO | epoch=035 rankloss=0.681648 validIC=0.04930
2026-08-28 23:47:00,876 | INFO | epoch=040 rankloss=0.679355 validIC=0.05107
2026-08-28 23:47:01,713 | INFO | epoch=045 rankloss=0.674509 validIC=0.05446
2026-08-28 23:47:02,552 | INFO | epoch=050 rankloss=0.672181 validIC=0.02717
2026-08-28 23:47:03,337 | INFO | epoch=055 rankloss=0.664277 validIC=0.03911
2026-08-28 23:47:03,338 | INFO | early stop @ 55, best=15, best_valid_ic=0.06307
2026-08-28 23:47:03,612 | INFO | TEST IC=0.07390 | median=0.06468 | IC>0=66.53% | spread=0.7458%
2026-08-28 23:47:03,689 | INFO | Top-3 | net=4.54% | 0050=-7.98% | EW=1.43% | alpha=12.51% | turn=76.68%
2026-08-28 23:47:03,765 | INFO | Top-5 | net=6.10% | 0050=-7.98% | EW=1.43% | alpha=14.08% | turn=73.75%
2026-08-28 23:47:03,840 | INFO | Top-10 | net=-2.48% | 0050=-7.98% | EW=1.43% | alpha=5.50% | turn=67.52%
2026-08-28 23:47:03,916 | INFO | Top-15 | net=-2.33% | 0050=-7.98% | EW=1.43% | alpha=5.65% | turn=55.74%
2026-08-28 23:47:03,992 | INFO | Top-20 | net=-3.39% | 0050=-7.98% | EW=1.43% | alpha=4.59% | turn=46.46%
2026-08-28 23:47:04,045 | INFO | ================================================================================
2026-08-28 23:47:04,045 | INFO | YEAR 2019 | train=68,320 valid=11,926 test=12,050
/home/ubuntu/lobster-trading/src/train_cross_section_v4.py:1055: FutureWarning: `torch.cuda.amp.GradScaler(args...)` is deprecated. Please use `torch.amp.GradScaler('cuda', args...)` instead.
  torch.cuda.amp.GradScaler()
2026-08-28 23:47:06,598 | INFO | epoch=001 rankloss=0.841640 validIC=0.06167
2026-08-28 23:47:07,346 | INFO | epoch=005 rankloss=0.691325 validIC=0.08293
2026-08-28 23:47:08,187 | INFO | epoch=010 rankloss=0.689627 validIC=0.07725
2026-08-28 23:47:09,033 | INFO | epoch=015 rankloss=0.688063 validIC=0.07708
2026-08-28 23:47:09,944 | INFO | epoch=020 rankloss=0.686873 validIC=0.08317
2026-08-28 23:47:10,804 | INFO | epoch=025 rankloss=0.685262 validIC=0.07603
2026-08-28 23:47:11,626 | INFO | epoch=030 rankloss=0.683983 validIC=0.08976
2026-08-28 23:47:12,470 | INFO | epoch=035 rankloss=0.681367 validIC=0.03614
2026-08-28 23:47:13,290 | INFO | epoch=040 rankloss=0.677594 validIC=0.08816
2026-08-28 23:47:14,173 | INFO | epoch=045 rankloss=0.672220 validIC=0.07590
2026-08-28 23:47:14,996 | INFO | epoch=050 rankloss=0.665958 validIC=0.06199
2026-08-28 23:47:15,819 | INFO | epoch=055 rankloss=0.655087 validIC=0.04950
2026-08-28 23:47:16,713 | INFO | epoch=060 rankloss=0.641174 validIC=0.04066
2026-08-28 23:47:17,554 | INFO | epoch=065 rankloss=0.629013 validIC=0.05262
2026-08-28 23:47:18,453 | INFO | epoch=070 rankloss=0.612174 validIC=0.04132
2026-08-28 23:47:18,453 | INFO | early stop @ 70, best=30, best_valid_ic=0.08976
2026-08-28 23:47:18,719 | INFO | TEST IC=0.03759 | median=0.02742 | IC>0=56.85% | spread=0.2414%
2026-08-28 23:47:18,795 | INFO | Top-3 | net=34.54% | 0050=35.68% | EW=36.46% | alpha=-1.15% | turn=87.55%
2026-08-28 23:47:18,870 | INFO | Top-5 | net=30.41% | 0050=35.68% | EW=36.46% | alpha=-5.27% | turn=84.96%
2026-08-28 23:47:18,945 | INFO | Top-10 | net=24.16% | 0050=35.68% | EW=36.46% | alpha=-11.52% | turn=71.02%
2026-08-28 23:47:19,020 | INFO | Top-15 | net=21.35% | 0050=35.68% | EW=36.46% | alpha=-14.33% | turn=59.18%
2026-08-28 23:47:19,097 | INFO | Top-20 | net=23.86% | 0050=35.68% | EW=36.46% | alpha=-11.82% | turn=51.58%
2026-08-28 23:47:19,154 | INFO | ================================================================================
2026-08-28 23:47:19,154 | INFO | YEAR 2020 | train=80,540 valid=11,750 test=12,250
/home/ubuntu/lobster-trading/src/train_cross_section_v4.py:1055: FutureWarning: `torch.cuda.amp.GradScaler(args...)` is deprecated. Please use `torch.amp.GradScaler('cuda', args...)` instead.
  torch.cuda.amp.GradScaler()
2026-08-28 23:47:22,379 | INFO | epoch=001 rankloss=0.939818 validIC=0.07905
2026-08-28 23:47:23,203 | INFO | epoch=005 rankloss=0.691100 validIC=0.01887
2026-08-28 23:47:24,173 | INFO | epoch=010 rankloss=0.689490 validIC=0.01636
2026-08-28 23:47:25,034 | INFO | epoch=015 rankloss=0.688701 validIC=0.01552
2026-08-28 23:47:25,903 | INFO | epoch=020 rankloss=0.686899 validIC=0.02298
2026-08-28 23:47:26,770 | INFO | epoch=025 rankloss=0.685740 validIC=0.01238
2026-08-28 23:47:27,645 | INFO | epoch=030 rankloss=0.682992 validIC=0.03732
2026-08-28 23:47:28,501 | INFO | epoch=035 rankloss=0.679846 validIC=0.02806
2026-08-28 23:47:29,482 | INFO | epoch=040 rankloss=0.675732 validIC=0.02990
2026-08-28 23:47:29,483 | INFO | early stop @ 40, best=1, best_valid_ic=0.07905
2026-08-28 23:47:29,757 | INFO | TEST IC=0.07899 | median=0.09868 | IC>0=65.31% | spread=1.3427%
2026-08-28 23:47:29,833 | INFO | Top-3 | net=145.03% | 0050=31.40% | EW=29.48% | alpha=113.63% | turn=68.88%
2026-08-28 23:47:29,909 | INFO | Top-5 | net=110.59% | 0050=31.40% | EW=29.48% | alpha=79.18% | turn=58.36%
2026-08-28 23:47:29,985 | INFO | Top-10 | net=61.84% | 0050=31.40% | EW=29.48% | alpha=30.44% | turn=39.38%
2026-08-28 23:47:30,062 | INFO | Top-15 | net=53.69% | 0050=31.40% | EW=29.48% | alpha=22.29% | turn=33.91%
2026-08-28 23:47:30,138 | INFO | Top-20 | net=46.01% | 0050=31.40% | EW=29.48% | alpha=14.61% | turn=29.11%
2026-08-28 23:47:30,195 | INFO | ================================================================================
2026-08-28 23:47:30,196 | INFO | YEAR 2021 | train=92,590 valid=11,950 test=12,150
/home/ubuntu/lobster-trading/src/train_cross_section_v4.py:1055: FutureWarning: `torch.cuda.amp.GradScaler(args...)` is deprecated. Please use `torch.amp.GradScaler('cuda', args...)` instead.
  torch.cuda.amp.GradScaler()
2026-08-28 23:47:33,770 | INFO | epoch=001 rankloss=0.776498 validIC=0.04328
2026-08-28 23:47:34,650 | INFO | epoch=005 rankloss=0.691307 validIC=0.03993
2026-08-28 23:47:35,758 | INFO | epoch=010 rankloss=0.689295 validIC=0.05531
2026-08-28 23:47:36,817 | INFO | epoch=015 rankloss=0.688246 validIC=0.04220
2026-08-28 23:47:37,820 | INFO | epoch=020 rankloss=0.686896 validIC=0.03467
2026-08-28 23:47:38,733 | INFO | epoch=025 rankloss=0.684548 validIC=0.01584
2026-08-28 23:47:39,637 | INFO | epoch=030 rankloss=0.680927 validIC=0.00962
2026-08-28 23:47:40,597 | INFO | epoch=035 rankloss=0.676321 validIC=0.03922
2026-08-28 23:47:41,523 | INFO | epoch=040 rankloss=0.668155 validIC=0.01053
2026-08-28 23:47:42,439 | INFO | epoch=045 rankloss=0.659294 validIC=0.02029
2026-08-28 23:47:43,421 | INFO | epoch=050 rankloss=0.647103 validIC=0.00619
2026-08-28 23:47:43,421 | INFO | early stop @ 50, best=10, best_valid_ic=0.05531
2026-08-28 23:47:43,694 | INFO | TEST IC=0.04962 | median=0.03568 | IC>0=58.44% | spread=0.2386%
2026-08-28 23:47:43,771 | INFO | Top-3 | net=16.87% | 0050=22.32% | EW=41.56% | alpha=-5.45% | turn=87.65%
2026-08-28 23:47:43,846 | INFO | Top-5 | net=21.05% | 0050=22.32% | EW=41.56% | alpha=-1.27% | turn=84.68%
2026-08-28 23:47:43,921 | INFO | Top-10 | net=30.16% | 0050=22.32% | EW=41.56% | alpha=7.84% | turn=76.91%
2026-08-28 23:47:43,997 | INFO | Top-15 | net=28.93% | 0050=22.32% | EW=41.56% | alpha=6.62% | turn=67.50%
2026-08-28 23:47:44,073 | INFO | Top-20 | net=26.96% | 0050=22.32% | EW=41.56% | alpha=4.64% | turn=60.14%
2026-08-28 23:47:44,128 | INFO | ================================================================================
2026-08-28 23:47:44,128 | INFO | YEAR 2022 | train=104,840 valid=11,850 test=12,300
/home/ubuntu/lobster-trading/src/train_cross_section_v4.py:1055: FutureWarning: `torch.cuda.amp.GradScaler(args...)` is deprecated. Please use `torch.amp.GradScaler('cuda', args...)` instead.
  torch.cuda.amp.GradScaler()
2026-08-28 23:47:48,169 | INFO | epoch=001 rankloss=0.774493 validIC=0.04347
2026-08-28 23:47:49,074 | INFO | epoch=005 rankloss=0.690628 validIC=0.05894
2026-08-28 23:47:50,105 | INFO | epoch=010 rankloss=0.689253 validIC=0.04754
2026-08-28 23:47:51,104 | INFO | epoch=015 rankloss=0.687680 validIC=0.04612
2026-08-28 23:47:52,204 | INFO | epoch=020 rankloss=0.686146 validIC=0.04443
2026-08-28 23:47:53,316 | INFO | epoch=025 rankloss=0.683683 validIC=0.05623
2026-08-28 23:47:54,317 | INFO | epoch=030 rankloss=0.679979 validIC=0.06300
2026-08-28 23:47:55,283 | INFO | epoch=035 rankloss=0.674549 validIC=0.06577
2026-08-28 23:47:56,262 | INFO | epoch=040 rankloss=0.667066 validIC=0.05895
2026-08-28 23:47:57,205 | INFO | epoch=045 rankloss=0.657697 validIC=0.06333
2026-08-28 23:47:58,159 | INFO | epoch=050 rankloss=0.645968 validIC=0.03896
2026-08-28 23:47:59,111 | INFO | epoch=055 rankloss=0.631809 validIC=0.04301
2026-08-28 23:48:00,199 | INFO | epoch=060 rankloss=0.617728 validIC=0.03605
2026-08-28 23:48:01,221 | INFO | epoch=065 rankloss=0.601958 validIC=0.03602
2026-08-28 23:48:02,281 | INFO | epoch=070 rankloss=0.587663 validIC=0.04235
2026-08-28 23:48:03,385 | INFO | epoch=075 rankloss=0.574002 validIC=0.03063
2026-08-28 23:48:03,386 | INFO | early stop @ 75, best=35, best_valid_ic=0.06577
2026-08-28 23:48:03,687 | INFO | TEST IC=0.00309 | median=0.01306 | IC>0=51.63% | spread=0.2335%
2026-08-28 23:48:03,769 | INFO | Top-3 | net=-18.90% | 0050=-18.34% | EW=-7.15% | alpha=-0.56% | turn=77.98%
2026-08-28 23:48:03,847 | INFO | Top-5 | net=-15.53% | 0050=-18.34% | EW=-7.15% | alpha=2.82% | turn=74.56%
2026-08-28 23:48:03,924 | INFO | Top-10 | net=-22.87% | 0050=-18.34% | EW=-7.15% | alpha=-4.52% | turn=67.47%
2026-08-28 23:48:04,000 | INFO | Top-15 | net=-25.86% | 0050=-18.34% | EW=-7.15% | alpha=-7.52% | turn=61.21%
2026-08-28 23:48:04,077 | INFO | Top-20 | net=-27.71% | 0050=-18.34% | EW=-7.15% | alpha=-9.37% | turn=52.52%
2026-08-28 23:48:04,151 | INFO | ================================================================================
2026-08-28 23:48:04,152 | INFO | YEAR 2023 | train=116,990 valid=12,000 test=11,950
/home/ubuntu/lobster-trading/src/train_cross_section_v4.py:1055: FutureWarning: `torch.cuda.amp.GradScaler(args...)` is deprecated. Please use `torch.amp.GradScaler('cuda', args...)` instead.
  torch.cuda.amp.GradScaler()
2026-08-28 23:48:09,003 | INFO | epoch=001 rankloss=0.746337 validIC=-0.00273
2026-08-28 23:48:09,955 | INFO | epoch=005 rankloss=0.690765 validIC=0.00403
2026-08-28 23:48:11,076 | INFO | epoch=010 rankloss=0.688839 validIC=0.01696
2026-08-28 23:48:12,153 | INFO | epoch=015 rankloss=0.686705 validIC=0.03596
2026-08-28 23:48:13,200 | INFO | epoch=020 rankloss=0.683849 validIC=0.03331
2026-08-28 23:48:14,345 | INFO | epoch=025 rankloss=0.680181 validIC=-0.00507
2026-08-28 23:48:15,384 | INFO | epoch=030 rankloss=0.674615 validIC=0.01803
2026-08-28 23:48:16,387 | INFO | epoch=035 rankloss=0.667576 validIC=0.00556
2026-08-28 23:48:17,383 | INFO | epoch=040 rankloss=0.658091 validIC=0.01052
2026-08-28 23:48:18,366 | INFO | epoch=045 rankloss=0.647095 validIC=0.03294
2026-08-28 23:48:19,354 | INFO | epoch=050 rankloss=0.633291 validIC=0.02366
2026-08-28 23:48:20,340 | INFO | epoch=055 rankloss=0.620476 validIC=0.02205
2026-08-28 23:48:20,340 | INFO | early stop @ 55, best=15, best_valid_ic=0.03596
2026-08-28 23:48:20,601 | INFO | TEST IC=0.03319 | median=0.04058 | IC>0=56.90% | spread=0.2299%
2026-08-28 23:48:20,675 | INFO | Top-3 | net=57.81% | 0050=24.67% | EW=33.05% | alpha=33.14% | turn=88.04%
2026-08-28 23:48:20,747 | INFO | Top-5 | net=45.01% | 0050=24.67% | EW=33.05% | alpha=20.34% | turn=83.98%
2026-08-28 23:48:20,819 | INFO | Top-10 | net=31.37% | 0050=24.67% | EW=33.05% | alpha=6.70% | turn=71.11%
2026-08-28 23:48:20,891 | INFO | Top-15 | net=25.31% | 0050=24.67% | EW=33.05% | alpha=0.64% | turn=60.19%
2026-08-28 23:48:20,964 | INFO | Top-20 | net=22.84% | 0050=24.67% | EW=33.05% | alpha=-1.83% | turn=49.87%
2026-08-28 23:48:21,048 | INFO | ================================================================================
2026-08-28 23:48:21,048 | INFO | YEAR 2024 | train=129,290 valid=11,650 test=12,100
/home/ubuntu/lobster-trading/src/train_cross_section_v4.py:1055: FutureWarning: `torch.cuda.amp.GradScaler(args...)` is deprecated. Please use `torch.amp.GradScaler('cuda', args...)` instead.
  torch.cuda.amp.GradScaler()
2026-08-28 23:48:26,117 | INFO | epoch=001 rankloss=0.762996 validIC=0.00221
2026-08-28 23:48:27,151 | INFO | epoch=005 rankloss=0.691125 validIC=0.02670
2026-08-28 23:48:28,395 | INFO | epoch=010 rankloss=0.689433 validIC=0.03410
2026-08-28 23:48:29,497 | INFO | epoch=015 rankloss=0.687839 validIC=0.05123
2026-08-28 23:48:30,634 | INFO | epoch=020 rankloss=0.685667 validIC=0.05858
2026-08-28 23:48:31,670 | INFO | epoch=025 rankloss=0.682483 validIC=0.05249
2026-08-28 23:48:32,718 | INFO | epoch=030 rankloss=0.679243 validIC=0.05186
2026-08-28 23:48:33,748 | INFO | epoch=035 rankloss=0.672831 validIC=0.02181
2026-08-28 23:48:34,791 | INFO | epoch=040 rankloss=0.666117 validIC=0.04113
2026-08-28 23:48:35,853 | INFO | epoch=045 rankloss=0.656398 validIC=0.03950
2026-08-28 23:48:36,897 | INFO | epoch=050 rankloss=0.643580 validIC=0.02383
2026-08-28 23:48:38,049 | INFO | epoch=055 rankloss=0.629919 validIC=0.01029
2026-08-28 23:48:39,112 | INFO | epoch=060 rankloss=0.614295 validIC=0.02988
2026-08-28 23:48:39,113 | INFO | early stop @ 60, best=20, best_valid_ic=0.05858
2026-08-28 23:48:39,384 | INFO | TEST IC=0.02348 | median=0.00317 | IC>0=51.24% | spread=0.1798%
2026-08-28 23:48:39,460 | INFO | Top-3 | net=-25.40% | 0050=55.90% | EW=14.85% | alpha=-81.30% | turn=82.96%
2026-08-28 23:48:39,536 | INFO | Top-5 | net=-20.26% | 0050=55.90% | EW=14.85% | alpha=-76.15% | turn=74.62%
2026-08-28 23:48:39,612 | INFO | Top-10 | net=-8.10% | 0050=55.90% | EW=14.85% | alpha=-64.00% | turn=67.64%
2026-08-28 23:48:39,689 | INFO | Top-15 | net=-4.75% | 0050=55.90% | EW=14.85% | alpha=-60.65% | turn=60.04%
2026-08-28 23:48:39,766 | INFO | Top-20 | net=-4.27% | 0050=55.90% | EW=14.85% | alpha=-60.16% | turn=54.67%
2026-08-28 23:48:39,858 | INFO | ================================================================================
2026-08-28 23:48:39,858 | INFO | YEAR 2025 | train=141,240 valid=11,800 test=12,100
/home/ubuntu/lobster-trading/src/train_cross_section_v4.py:1055: FutureWarning: `torch.cuda.amp.GradScaler(args...)` is deprecated. Please use `torch.amp.GradScaler('cuda', args...)` instead.
  torch.cuda.amp.GradScaler()
2026-08-28 23:48:45,585 | INFO | epoch=001 rankloss=0.775465 validIC=0.03082
2026-08-28 23:48:46,537 | INFO | epoch=005 rankloss=0.691707 validIC=0.03418
2026-08-28 23:48:47,746 | INFO | epoch=010 rankloss=0.689957 validIC=0.04206
2026-08-28 23:48:49,021 | INFO | epoch=015 rankloss=0.688686 validIC=0.02245
2026-08-28 23:48:50,419 | INFO | epoch=020 rankloss=0.686513 validIC=0.00297
2026-08-28 23:48:51,825 | INFO | epoch=025 rankloss=0.684875 validIC=-0.01034
2026-08-28 23:48:53,153 | INFO | epoch=030 rankloss=0.681601 validIC=-0.02322
2026-08-28 23:48:54,291 | INFO | epoch=035 rankloss=0.677554 validIC=0.00004
2026-08-28 23:48:55,381 | INFO | epoch=040 rankloss=0.669787 validIC=-0.01285
2026-08-28 23:48:56,524 | INFO | epoch=045 rankloss=0.660952 validIC=-0.00649
2026-08-28 23:48:57,632 | INFO | epoch=050 rankloss=0.649676 validIC=-0.01712
2026-08-28 23:48:57,633 | INFO | early stop @ 50, best=10, best_valid_ic=0.04206
2026-08-28 23:48:57,908 | INFO | TEST IC=0.08505 | median=0.08401 | IC>0=63.22% | spread=1.3008%
2026-08-28 23:48:57,985 | INFO | Top-3 | net=139.86% | 0050=45.12% | EW=28.26% | alpha=94.74% | turn=78.80%
2026-08-28 23:48:58,061 | INFO | Top-5 | net=121.62% | 0050=45.12% | EW=28.26% | alpha=76.50% | turn=78.53%
2026-08-28 23:48:58,137 | INFO | Top-10 | net=70.47% | 0050=45.12% | EW=28.26% | alpha=25.35% | turn=66.93%
2026-08-28 23:48:58,213 | INFO | Top-15 | net=48.97% | 0050=45.12% | EW=28.26% | alpha=3.85% | turn=59.33%
2026-08-28 23:48:58,290 | INFO | Top-20 | net=33.91% | 0050=45.12% | EW=28.26% | alpha=-11.21% | turn=52.90%
2026-08-28 23:48:58,387 | INFO | ================================================================================
2026-08-28 23:48:58,387 | INFO | YEAR 2026 | train=153,340 valid=11,800 test=7,600
/home/ubuntu/lobster-trading/src/train_cross_section_v4.py:1055: FutureWarning: `torch.cuda.amp.GradScaler(args...)` is deprecated. Please use `torch.amp.GradScaler('cuda', args...)` instead.
  torch.cuda.amp.GradScaler()
2026-08-28 23:49:04,466 | INFO | epoch=001 rankloss=0.782483 validIC=0.04166
2026-08-28 23:49:05,469 | INFO | epoch=005 rankloss=0.691414 validIC=0.07709
2026-08-28 23:49:06,686 | INFO | epoch=010 rankloss=0.690081 validIC=0.08387
2026-08-28 23:49:07,925 | INFO | epoch=015 rankloss=0.689061 validIC=0.09043
2026-08-28 23:49:09,177 | INFO | epoch=020 rankloss=0.687572 validIC=0.05900
2026-08-28 23:49:10,388 | INFO | epoch=025 rankloss=0.685303 validIC=0.05257
2026-08-28 23:49:11,536 | INFO | epoch=030 rankloss=0.682947 validIC=0.05766
2026-08-28 23:49:12,728 | INFO | epoch=035 rankloss=0.679560 validIC=0.04638
2026-08-28 23:49:13,976 | INFO | epoch=040 rankloss=0.674255 validIC=0.04920
2026-08-28 23:49:15,159 | INFO | epoch=045 rankloss=0.665566 validIC=0.04754
2026-08-28 23:49:16,442 | INFO | epoch=050 rankloss=0.654484 validIC=0.05097
2026-08-28 23:49:17,657 | INFO | epoch=055 rankloss=0.644219 validIC=0.04805
2026-08-28 23:49:17,658 | INFO | early stop @ 55, best=15, best_valid_ic=0.09043
2026-08-28 23:49:17,832 | INFO | TEST IC=0.04697 | median=0.03203 | IC>0=53.95% | spread=1.4716%
2026-08-28 23:49:17,881 | INFO | Top-3 | net=76.28% | 0050=55.96% | EW=57.91% | alpha=20.32% | turn=78.80%
2026-08-28 23:49:17,930 | INFO | Top-5 | net=75.44% | 0050=55.96% | EW=57.91% | alpha=19.48% | turn=74.92%
2026-08-28 23:49:17,979 | INFO | Top-10 | net=57.10% | 0050=55.96% | EW=57.91% | alpha=1.13% | turn=71.52%
2026-08-28 23:49:18,028 | INFO | Top-15 | net=58.75% | 0050=55.96% | EW=57.91% | alpha=2.78% | turn=61.72%
2026-08-28 23:49:18,081 | INFO | Top-20 | net=72.92% | 0050=55.96% | EW=57.91% | alpha=16.96% | turn=53.17%
2026-08-28 23:49:18,200 | INFO | ================================================================================
2026-08-28 23:49:18,200 | INFO | FINAL SUMMARY
2026-08-28 23:49:18,200 | INFO | ================================================================================
2026-08-28 23:49:18,204 | INFO | 
   model  seed  top_k  mean_ic  median_year_ic  mean_spread  positive_alpha_years  years  mean_alpha_vs_0050  mean_alpha_vs_equal_weight  median_alpha_vs_0050  mean_turnover  mean_active_sharpe  mean_best_epoch  mean_valid_ic
mlp_rank    42      3 0.047987        0.046974     0.006649                     5      9            0.206545                    0.216424              0.125149       0.808155            0.468340        16.777778       0.064443
mlp_rank    42      5 0.047987        0.046974     0.006649                     6      9            0.144114                    0.153992              0.140796       0.764869            0.364472        16.777778       0.064443
mlp_rank    42     10 0.047987        0.046974     0.006649                     6      9           -0.003434                    0.006444              0.054954       0.666110           -0.117185        16.777778       0.064443
mlp_rank    42     15 0.047987        0.046974     0.006649                     6      9           -0.045198                   -0.035319              0.027826       0.576457           -0.341861        16.777778       0.064443
mlp_rank    42     20 0.047987        0.046974     0.006649                     4      9           -0.059547                   -0.049668             -0.018321       0.500470           -0.465153        16.777778       0.064443
2026-08-28 23:49:18,204 | INFO | SAVED: runs/v4_h5_mlp_rank_seed42_20260828_234649
