2026-08-28 23:59:15,130 | INFO | Rows=172,590, stocks=50, dates=2012-04-06 00:00:00->2026-07-30 00:00:00
2026-08-28 23:59:15,189 | INFO | ================================================================================
2026-08-28 23:59:15,190 | INFO | YEAR 2018 | train=55,678 valid=10,878 test=12,226
2026-08-28 23:59:19,339 | INFO | epoch=001 rankloss=0.857516 validIC=-0.01015
2026-08-28 23:59:20,079 | INFO | epoch=005 rankloss=0.689963 validIC=0.01377
2026-08-28 23:59:20,923 | INFO | epoch=010 rankloss=0.686931 validIC=0.03543
2026-08-28 23:59:21,821 | INFO | epoch=015 rankloss=0.684001 validIC=0.02078
2026-08-28 23:59:22,624 | INFO | epoch=020 rankloss=0.680092 validIC=0.03665
2026-08-28 23:59:23,451 | INFO | epoch=025 rankloss=0.676071 validIC=0.02362
2026-08-28 23:59:24,277 | INFO | epoch=030 rankloss=0.672096 validIC=0.02935
2026-08-28 23:59:25,081 | INFO | epoch=035 rankloss=0.666315 validIC=0.01970
2026-08-28 23:59:25,945 | INFO | epoch=040 rankloss=0.655785 validIC=0.02253
2026-08-28 23:59:26,743 | INFO | epoch=045 rankloss=0.644413 validIC=0.01076
2026-08-28 23:59:27,506 | INFO | epoch=050 rankloss=0.629676 validIC=0.01354
2026-08-28 23:59:28,315 | INFO | epoch=055 rankloss=0.615162 validIC=0.01893
2026-08-28 23:59:29,090 | INFO | epoch=060 rankloss=0.597212 validIC=0.02482
2026-08-28 23:59:29,090 | INFO | early stop @ 60, best=20, best_valid_ic=0.03665
2026-08-28 23:59:29,361 | INFO | TEST IC=0.08366 | median=0.08869 | IC>0=69.39% | spread=2.5708%
2026-08-28 23:59:29,385 | INFO | Top-3 | net=9.23% | 0050=-4.93% | EW=6.78% | alpha=14.16% | turn=57.41%
2026-08-28 23:59:29,408 | INFO | Top-5 | net=12.69% | 0050=-4.93% | EW=6.78% | alpha=17.62% | turn=60.01%
2026-08-28 23:59:29,430 | INFO | Top-10 | net=15.25% | 0050=-4.93% | EW=6.78% | alpha=20.18% | turn=61.15%
2026-08-28 23:59:29,452 | INFO | Top-15 | net=16.10% | 0050=-4.93% | EW=6.78% | alpha=21.03% | turn=58.48%
2026-08-28 23:59:29,475 | INFO | Top-20 | net=17.02% | 0050=-4.93% | EW=6.78% | alpha=21.95% | turn=54.81%
2026-08-28 23:59:29,571 | INFO | ================================================================================
2026-08-28 23:59:29,571 | INFO | YEAR 2019 | train=67,585 valid=11,176 test=12,050
2026-08-28 23:59:32,053 | INFO | epoch=001 rankloss=0.836397 validIC=0.12979
2026-08-28 23:59:32,795 | INFO | epoch=005 rankloss=0.691497 validIC=0.05640
2026-08-28 23:59:33,708 | INFO | epoch=010 rankloss=0.688243 validIC=0.05600
2026-08-28 23:59:34,565 | INFO | epoch=015 rankloss=0.685192 validIC=0.07179
2026-08-28 23:59:35,446 | INFO | epoch=020 rankloss=0.683212 validIC=0.05370
2026-08-28 23:59:36,308 | INFO | epoch=025 rankloss=0.679193 validIC=0.06651
2026-08-28 23:59:37,257 | INFO | epoch=030 rankloss=0.675421 validIC=0.06620
2026-08-28 23:59:38,114 | INFO | epoch=035 rankloss=0.670471 validIC=0.07316
2026-08-28 23:59:39,035 | INFO | epoch=040 rankloss=0.662837 validIC=0.03855
2026-08-28 23:59:39,035 | INFO | early stop @ 40, best=1, best_valid_ic=0.12979
2026-08-28 23:59:39,309 | INFO | TEST IC=-0.08730 | median=-0.09129 | IC>0=35.27% | spread=-1.8381%
2026-08-28 23:59:39,332 | INFO | Top-3 | net=17.50% | 0050=30.92% | EW=32.42% | alpha=-13.43% | turn=83.46%
2026-08-28 23:59:39,354 | INFO | Top-5 | net=23.52% | 0050=30.92% | EW=32.42% | alpha=-7.40% | turn=76.32%
2026-08-28 23:59:39,377 | INFO | Top-10 | net=24.21% | 0050=30.92% | EW=32.42% | alpha=-6.72% | turn=53.44%
2026-08-28 23:59:39,400 | INFO | Top-15 | net=21.86% | 0050=30.92% | EW=32.42% | alpha=-9.06% | turn=44.79%
2026-08-28 23:59:39,423 | INFO | Top-20 | net=17.89% | 0050=30.92% | EW=32.42% | alpha=-13.04% | turn=36.22%
2026-08-28 23:59:39,508 | INFO | ================================================================================
2026-08-28 23:59:39,508 | INFO | YEAR 2020 | train=79,790 valid=11,000 test=12,250
2026-08-28 23:59:42,627 | INFO | epoch=001 rankloss=0.846639 validIC=-0.11047
2026-08-28 23:59:43,362 | INFO | epoch=005 rankloss=0.690831 validIC=-0.02124
2026-08-28 23:59:44,242 | INFO | epoch=010 rankloss=0.688420 validIC=0.03533
2026-08-28 23:59:45,135 | INFO | epoch=015 rankloss=0.685444 validIC=0.04715
2026-08-28 23:59:46,029 | INFO | epoch=020 rankloss=0.683697 validIC=0.05206
2026-08-28 23:59:46,904 | INFO | epoch=025 rankloss=0.679492 validIC=0.03031
2026-08-28 23:59:47,914 | INFO | epoch=030 rankloss=0.675088 validIC=0.01402
2026-08-28 23:59:48,808 | INFO | epoch=035 rankloss=0.669998 validIC=0.03179
2026-08-28 23:59:49,804 | INFO | epoch=040 rankloss=0.661735 validIC=0.03885
2026-08-28 23:59:50,715 | INFO | epoch=045 rankloss=0.651989 validIC=0.01277
2026-08-28 23:59:51,712 | INFO | epoch=050 rankloss=0.639276 validIC=0.01399
2026-08-28 23:59:52,640 | INFO | epoch=055 rankloss=0.624998 validIC=0.02030
2026-08-28 23:59:53,617 | INFO | epoch=060 rankloss=0.610775 validIC=-0.00682
2026-08-28 23:59:53,617 | INFO | early stop @ 60, best=20, best_valid_ic=0.05206
2026-08-28 23:59:53,893 | INFO | TEST IC=0.04966 | median=0.06026 | IC>0=59.59% | spread=1.6181%
2026-08-28 23:59:53,917 | INFO | Top-3 | net=105.33% | 0050=46.53% | EW=32.18% | alpha=58.79% | turn=73.76%
2026-08-28 23:59:53,939 | INFO | Top-5 | net=71.42% | 0050=46.53% | EW=32.18% | alpha=24.89% | turn=71.28%
2026-08-28 23:59:53,961 | INFO | Top-10 | net=41.01% | 0050=46.53% | EW=32.18% | alpha=-5.53% | turn=57.82%
2026-08-28 23:59:53,983 | INFO | Top-15 | net=31.34% | 0050=46.53% | EW=32.18% | alpha=-15.19% | turn=56.67%
2026-08-28 23:59:54,006 | INFO | Top-20 | net=27.98% | 0050=46.53% | EW=32.18% | alpha=-18.55% | turn=51.96%
2026-08-28 23:59:54,072 | INFO | ================================================================================
2026-08-28 23:59:54,072 | INFO | YEAR 2021 | train=91,840 valid=11,200 test=12,150
2026-08-28 23:59:57,614 | INFO | epoch=001 rankloss=0.833217 validIC=0.01002
2026-08-28 23:59:58,407 | INFO | epoch=005 rankloss=0.690774 validIC=0.09674
2026-08-28 23:59:59,344 | INFO | epoch=010 rankloss=0.687831 validIC=0.08465
2026-08-29 00:00:00,275 | INFO | epoch=015 rankloss=0.685464 validIC=0.06432
2026-08-29 00:00:01,212 | INFO | epoch=020 rankloss=0.682629 validIC=0.09311
2026-08-29 00:00:02,122 | INFO | epoch=025 rankloss=0.679557 validIC=0.10648
2026-08-29 00:00:03,037 | INFO | epoch=030 rankloss=0.675268 validIC=0.11120
2026-08-29 00:00:03,960 | INFO | epoch=035 rankloss=0.669335 validIC=0.08800
2026-08-29 00:00:04,926 | INFO | epoch=040 rankloss=0.661957 validIC=0.07249
2026-08-29 00:00:05,965 | INFO | epoch=045 rankloss=0.650116 validIC=0.07516
2026-08-29 00:00:06,925 | INFO | epoch=050 rankloss=0.636125 validIC=0.07710
2026-08-29 00:00:07,945 | INFO | epoch=055 rankloss=0.622861 validIC=0.07430
2026-08-29 00:00:08,932 | INFO | epoch=060 rankloss=0.606981 validIC=0.05128
2026-08-29 00:00:09,947 | INFO | epoch=065 rankloss=0.589825 validIC=0.07833
2026-08-29 00:00:10,992 | INFO | epoch=070 rankloss=0.574756 validIC=0.06163
2026-08-29 00:00:10,992 | INFO | early stop @ 70, best=30, best_valid_ic=0.11120
2026-08-29 00:00:11,269 | INFO | TEST IC=0.06866 | median=0.08106 | IC>0=63.79% | spread=3.0278%
2026-08-29 00:00:11,292 | INFO | Top-3 | net=65.57% | 0050=20.20% | EW=39.86% | alpha=45.37% | turn=70.99%
2026-08-29 00:00:11,313 | INFO | Top-5 | net=43.43% | 0050=20.20% | EW=39.86% | alpha=23.23% | turn=73.47%
2026-08-29 00:00:11,335 | INFO | Top-10 | net=57.87% | 0050=20.20% | EW=39.86% | alpha=37.68% | turn=74.07%
2026-08-29 00:00:11,358 | INFO | Top-15 | net=59.77% | 0050=20.20% | EW=39.86% | alpha=39.57% | turn=61.73%
2026-08-29 00:00:11,380 | INFO | Top-20 | net=47.31% | 0050=20.20% | EW=39.86% | alpha=27.11% | turn=55.69%
2026-08-29 00:00:11,459 | INFO | ================================================================================
2026-08-29 00:00:11,459 | INFO | YEAR 2022 | train=104,090 valid=11,100 test=12,300
2026-08-29 00:00:15,409 | INFO | epoch=001 rankloss=0.831967 validIC=0.05864
2026-08-29 00:00:16,228 | INFO | epoch=005 rankloss=0.690526 validIC=0.08756
2026-08-29 00:00:17,201 | INFO | epoch=010 rankloss=0.688085 validIC=0.07206
2026-08-29 00:00:18,176 | INFO | epoch=015 rankloss=0.685364 validIC=0.07842
2026-08-29 00:00:19,266 | INFO | epoch=020 rankloss=0.682603 validIC=0.07015
2026-08-29 00:00:20,288 | INFO | epoch=025 rankloss=0.679102 validIC=0.07461
2026-08-29 00:00:21,393 | INFO | epoch=030 rankloss=0.674545 validIC=0.05918
2026-08-29 00:00:22,421 | INFO | epoch=035 rankloss=0.668034 validIC=0.06755
2026-08-29 00:00:23,535 | INFO | epoch=040 rankloss=0.661386 validIC=0.06459
2026-08-29 00:00:24,540 | INFO | epoch=045 rankloss=0.649635 validIC=0.07554
2026-08-29 00:00:24,540 | INFO | early stop @ 45, best=5, best_valid_ic=0.08756
2026-08-29 00:00:24,821 | INFO | TEST IC=0.05631 | median=0.06805 | IC>0=58.54% | spread=0.9825%
2026-08-29 00:00:24,844 | INFO | Top-3 | net=-15.52% | 0050=-12.91% | EW=-4.58% | alpha=-2.61% | turn=73.47%
2026-08-29 00:00:24,866 | INFO | Top-5 | net=-10.30% | 0050=-12.91% | EW=-4.58% | alpha=2.61% | turn=71.53%
2026-08-29 00:00:24,888 | INFO | Top-10 | net=-4.86% | 0050=-12.91% | EW=-4.58% | alpha=8.04% | turn=56.85%
2026-08-29 00:00:24,911 | INFO | Top-15 | net=9.56% | 0050=-12.91% | EW=-4.58% | alpha=22.46% | turn=53.14%
2026-08-29 00:00:24,933 | INFO | Top-20 | net=3.40% | 0050=-12.91% | EW=-4.58% | alpha=16.31% | turn=47.89%
2026-08-29 00:00:25,032 | INFO | ================================================================================
2026-08-29 00:00:25,032 | INFO | YEAR 2023 | train=116,240 valid=11,250 test=11,950
2026-08-29 00:00:29,449 | INFO | epoch=001 rankloss=0.798426 validIC=-0.02673
2026-08-29 00:00:30,428 | INFO | epoch=005 rankloss=0.690083 validIC=0.04792
2026-08-29 00:00:31,583 | INFO | epoch=010 rankloss=0.687155 validIC=0.05140
2026-08-29 00:00:32,613 | INFO | epoch=015 rankloss=0.683426 validIC=0.06956
2026-08-29 00:00:33,641 | INFO | epoch=020 rankloss=0.680368 validIC=0.05172
2026-08-29 00:00:34,674 | INFO | epoch=025 rankloss=0.675759 validIC=0.05555
2026-08-29 00:00:35,713 | INFO | epoch=030 rankloss=0.670396 validIC=0.04155
2026-08-29 00:00:36,737 | INFO | epoch=035 rankloss=0.663122 validIC=0.04512
2026-08-29 00:00:37,738 | INFO | epoch=040 rankloss=0.653038 validIC=0.03341
2026-08-29 00:00:38,783 | INFO | epoch=045 rankloss=0.640298 validIC=0.03433
2026-08-29 00:00:39,950 | INFO | epoch=050 rankloss=0.627769 validIC=0.03412
2026-08-29 00:00:41,023 | INFO | epoch=055 rankloss=0.612393 validIC=0.04093
2026-08-29 00:00:41,023 | INFO | early stop @ 55, best=15, best_valid_ic=0.06956
2026-08-29 00:00:41,316 | INFO | TEST IC=0.05063 | median=0.04058 | IC>0=58.16% | spread=1.9778%
2026-08-29 00:00:41,340 | INFO | Top-3 | net=104.21% | 0050=24.67% | EW=33.00% | alpha=79.54% | turn=65.91%
2026-08-29 00:00:41,363 | INFO | Top-5 | net=94.46% | 0050=24.67% | EW=33.00% | alpha=69.78% | turn=66.48%
2026-08-29 00:00:41,386 | INFO | Top-10 | net=67.72% | 0050=24.67% | EW=33.00% | alpha=43.05% | turn=57.56%
2026-08-29 00:00:41,409 | INFO | Top-15 | net=58.22% | 0050=24.67% | EW=33.00% | alpha=33.55% | turn=54.07%
2026-08-29 00:00:41,431 | INFO | Top-20 | net=53.68% | 0050=24.67% | EW=33.00% | alpha=29.01% | turn=44.54%
2026-08-29 00:00:41,583 | INFO | ================================================================================
2026-08-29 00:00:41,584 | INFO | YEAR 2024 | train=128,540 valid=10,900 test=12,100
2026-08-29 00:00:46,924 | INFO | epoch=001 rankloss=0.784636 validIC=-0.00971
2026-08-29 00:00:47,815 | INFO | epoch=005 rankloss=0.689814 validIC=0.02459
2026-08-29 00:00:48,877 | INFO | epoch=010 rankloss=0.686469 validIC=0.05557
2026-08-29 00:00:49,932 | INFO | epoch=015 rankloss=0.683928 validIC=0.02356
2026-08-29 00:00:50,960 | INFO | epoch=020 rankloss=0.680741 validIC=0.05493
2026-08-29 00:00:52,007 | INFO | epoch=025 rankloss=0.676857 validIC=0.04707
2026-08-29 00:00:53,035 | INFO | epoch=030 rankloss=0.671441 validIC=0.04401
2026-08-29 00:00:54,159 | INFO | epoch=035 rankloss=0.664330 validIC=0.02928
2026-08-29 00:00:55,405 | INFO | epoch=040 rankloss=0.654158 validIC=0.05209
2026-08-29 00:00:56,516 | INFO | epoch=045 rankloss=0.642596 validIC=0.03691
2026-08-29 00:00:57,727 | INFO | epoch=050 rankloss=0.628300 validIC=0.02737
2026-08-29 00:00:57,727 | INFO | early stop @ 50, best=10, best_valid_ic=0.05557
2026-08-29 00:00:57,998 | INFO | TEST IC=-0.03733 | median=-0.03986 | IC>0=46.28% | spread=-1.1298%
2026-08-29 00:00:58,021 | INFO | Top-3 | net=-4.53% | 0050=54.15% | EW=13.42% | alpha=-58.69% | turn=83.75%
2026-08-29 00:00:58,044 | INFO | Top-5 | net=1.33% | 0050=54.15% | EW=13.42% | alpha=-52.82% | turn=76.82%
2026-08-29 00:00:58,066 | INFO | Top-10 | net=1.32% | 0050=54.15% | EW=13.42% | alpha=-52.83% | turn=65.09%
2026-08-29 00:00:58,088 | INFO | Top-15 | net=-1.01% | 0050=54.15% | EW=13.42% | alpha=-55.16% | turn=57.60%
2026-08-29 00:00:58,111 | INFO | Top-20 | net=7.13% | 0050=54.15% | EW=13.42% | alpha=-47.02% | turn=51.37%
2026-08-29 00:00:58,232 | INFO | ================================================================================
2026-08-29 00:00:58,232 | INFO | YEAR 2025 | train=140,490 valid=11,050 test=12,100
2026-08-29 00:01:03,705 | INFO | epoch=001 rankloss=0.772896 validIC=0.05706
2026-08-29 00:01:04,621 | INFO | epoch=005 rankloss=0.690349 validIC=0.04713
2026-08-29 00:01:05,775 | INFO | epoch=010 rankloss=0.687538 validIC=-0.03978
2026-08-29 00:01:06,895 | INFO | epoch=015 rankloss=0.684593 validIC=-0.01439
2026-08-29 00:01:08,007 | INFO | epoch=020 rankloss=0.681257 validIC=-0.05738
2026-08-29 00:01:09,123 | INFO | epoch=025 rankloss=0.676930 validIC=0.01027
2026-08-29 00:01:10,234 | INFO | epoch=030 rankloss=0.671771 validIC=-0.00671
2026-08-29 00:01:11,373 | INFO | epoch=035 rankloss=0.665946 validIC=-0.02591
2026-08-29 00:01:12,491 | INFO | epoch=040 rankloss=0.656130 validIC=-0.00756
2026-08-29 00:01:12,491 | INFO | early stop @ 40, best=1, best_valid_ic=0.05706
2026-08-29 00:01:12,761 | INFO | TEST IC=0.02522 | median=0.02634 | IC>0=53.72% | spread=-1.1379%
2026-08-29 00:01:12,784 | INFO | Top-3 | net=17.27% | 0050=57.21% | EW=35.83% | alpha=-39.93% | turn=85.97%
2026-08-29 00:01:12,807 | INFO | Top-5 | net=12.36% | 0050=57.21% | EW=35.83% | alpha=-44.85% | turn=80.82%
2026-08-29 00:01:12,829 | INFO | Top-10 | net=22.24% | 0050=57.21% | EW=35.83% | alpha=-34.97% | turn=70.95%
2026-08-29 00:01:12,851 | INFO | Top-15 | net=21.78% | 0050=57.21% | EW=35.83% | alpha=-35.43% | turn=64.24%
2026-08-29 00:01:12,873 | INFO | Top-20 | net=17.76% | 0050=57.21% | EW=35.83% | alpha=-39.45% | turn=57.55%
2026-08-29 00:01:12,993 | INFO | ================================================================================
2026-08-29 00:01:12,993 | INFO | YEAR 2026 | train=152,590 valid=11,050 test=6,850
2026-08-29 00:01:18,898 | INFO | epoch=001 rankloss=0.754173 validIC=0.11692
2026-08-29 00:01:19,860 | INFO | epoch=005 rankloss=0.690154 validIC=0.11338
2026-08-29 00:01:21,014 | INFO | epoch=010 rankloss=0.686900 validIC=0.11249
2026-08-29 00:01:22,146 | INFO | epoch=015 rankloss=0.684214 validIC=0.10245
2026-08-29 00:01:23,278 | INFO | epoch=020 rankloss=0.680611 validIC=0.11564
2026-08-29 00:01:24,412 | INFO | epoch=025 rankloss=0.677074 validIC=0.08105
2026-08-29 00:01:25,529 | INFO | epoch=030 rankloss=0.672044 validIC=0.07707
2026-08-29 00:01:26,659 | INFO | epoch=035 rankloss=0.663609 validIC=0.06562
2026-08-29 00:01:27,809 | INFO | epoch=040 rankloss=0.655348 validIC=0.06622
2026-08-29 00:01:27,809 | INFO | early stop @ 40, best=1, best_valid_ic=0.11692
2026-08-29 00:01:28,000 | INFO | TEST IC=0.11961 | median=0.10194 | IC>0=65.69% | spread=7.2079%
2026-08-29 00:01:28,015 | INFO | Top-3 | net=135.32% | 0050=55.44% | EW=54.57% | alpha=79.88% | turn=88.10%
2026-08-29 00:01:28,028 | INFO | Top-5 | net=96.53% | 0050=55.44% | EW=54.57% | alpha=41.09% | turn=87.25%
2026-08-29 00:01:28,041 | INFO | Top-10 | net=98.84% | 0050=55.44% | EW=54.57% | alpha=43.40% | turn=69.46%
2026-08-29 00:01:28,054 | INFO | Top-15 | net=76.57% | 0050=55.44% | EW=54.57% | alpha=21.13% | turn=59.84%
2026-08-29 00:01:28,067 | INFO | Top-20 | net=81.28% | 0050=55.44% | EW=54.57% | alpha=25.84% | turn=50.21%
2026-08-29 00:01:28,174 | INFO | ================================================================================
2026-08-29 00:01:28,174 | INFO | FINAL SUMMARY
2026-08-29 00:01:28,174 | INFO | ================================================================================
2026-08-29 00:01:28,178 | INFO | 
   model  seed  top_k  mean_ic  median_year_ic  mean_spread  positive_alpha_years  years  mean_alpha_vs_0050  mean_alpha_vs_equal_weight  median_alpha_vs_0050  mean_turnover  mean_active_sharpe  mean_best_epoch  mean_valid_ic
mlp_rank  8765      3  0.03657        0.050633     0.014755                     5      9            0.181201                    0.212101              0.141594       0.758687            0.120291        11.444444       0.079596
mlp_rank  8765      5  0.03657        0.050633     0.014755                     6      9            0.082385                    0.113285              0.176232       0.737754           -0.022250        11.444444       0.079596
mlp_rank  8765     10  0.03657        0.050633     0.014755                     5      9            0.058119                    0.089019              0.080423       0.629334           -0.050933        11.444444       0.079596
mlp_rank  8765     15  0.03657        0.050633     0.014755                     5      9            0.025440                    0.056340              0.210273       0.567275           -0.019143        11.444444       0.079596
mlp_rank  8765     20  0.03657        0.050633     0.014755                     5      9            0.002385                    0.033284              0.163060       0.500264            0.033989        11.444444       0.079596
2026-08-29 00:01:28,178 | INFO | SAVED: runs/v4_h20_mlp_rank_seed8765_20260828_235914
