2026-08-28 22:21:52,078 | INFO | Rows=173,340, stocks=50, dates=2012-04-06 00:00:00->2026-08-20 00:00:00
2026-08-28 22:21:52,107 | INFO | ================================================================================
2026-08-28 22:21:52,108 | INFO | YEAR 2018 | train=56,413 valid=11,613 test=12,226
2026-08-28 22:21:56,351 | INFO | epoch=001 rankloss=0.806584 validIC=0.04970
2026-08-28 22:21:56,976 | INFO | epoch=005 rankloss=0.690955 validIC=0.06176
2026-08-28 22:21:57,691 | INFO | epoch=010 rankloss=0.689160 validIC=0.05489
2026-08-28 22:21:58,393 | INFO | epoch=015 rankloss=0.688251 validIC=0.06366
2026-08-28 22:21:59,136 | INFO | epoch=020 rankloss=0.686812 validIC=0.05191
2026-08-28 22:21:59,826 | INFO | epoch=025 rankloss=0.684671 validIC=0.05778
2026-08-28 22:22:00,530 | INFO | epoch=030 rankloss=0.684459 validIC=0.04867
2026-08-28 22:22:01,231 | INFO | epoch=035 rankloss=0.682270 validIC=0.04989
2026-08-28 22:22:01,924 | INFO | epoch=040 rankloss=0.678809 validIC=0.04585
2026-08-28 22:22:02,611 | INFO | epoch=045 rankloss=0.675693 validIC=0.04594
2026-08-28 22:22:03,297 | INFO | epoch=050 rankloss=0.672105 validIC=0.03242
2026-08-28 22:22:03,993 | INFO | epoch=055 rankloss=0.662497 validIC=0.03036
2026-08-28 22:22:03,993 | INFO | early stop @ 55, best=15, best_valid_ic=0.06366
2026-08-28 22:22:04,265 | INFO | TEST IC=0.06959 | median=0.06735 | IC>0=64.90% | spread=0.7777%
2026-08-28 22:22:04,343 | INFO | Top-3 | net=12.04% | 0050=-7.98% | EW=1.43% | alpha=20.02% | turn=74.11%
2026-08-28 22:22:04,419 | INFO | Top-5 | net=-0.79% | 0050=-7.98% | EW=1.43% | alpha=7.18% | turn=70.79%
2026-08-28 22:22:04,495 | INFO | Top-10 | net=2.63% | 0050=-7.98% | EW=1.43% | alpha=10.61% | turn=66.58%
2026-08-28 22:22:04,527 | INFO | ================================================================================
2026-08-28 22:22:04,527 | INFO | YEAR 2019 | train=68,320 valid=11,926 test=12,050
2026-08-28 22:22:07,066 | INFO | epoch=001 rankloss=0.839742 validIC=0.06511
2026-08-28 22:22:07,713 | INFO | epoch=005 rankloss=0.691456 validIC=0.08262
2026-08-28 22:22:08,439 | INFO | epoch=010 rankloss=0.689313 validIC=0.07495
2026-08-28 22:22:09,171 | INFO | epoch=015 rankloss=0.688050 validIC=0.07706
2026-08-28 22:22:09,910 | INFO | epoch=020 rankloss=0.686738 validIC=0.07770
2026-08-28 22:22:10,645 | INFO | epoch=025 rankloss=0.684894 validIC=0.07189
2026-08-28 22:22:11,356 | INFO | epoch=030 rankloss=0.683609 validIC=0.08515
2026-08-28 22:22:12,086 | INFO | epoch=035 rankloss=0.680965 validIC=0.03757
2026-08-28 22:22:12,803 | INFO | epoch=040 rankloss=0.676722 validIC=0.08403
2026-08-28 22:22:13,561 | INFO | epoch=045 rankloss=0.671326 validIC=0.06444
2026-08-28 22:22:14,289 | INFO | epoch=050 rankloss=0.665278 validIC=0.06733
2026-08-28 22:22:14,996 | INFO | epoch=055 rankloss=0.654267 validIC=0.04611
2026-08-28 22:22:16,969 | INFO | epoch=060 rankloss=0.639799 validIC=0.05266
2026-08-28 22:22:18,935 | INFO | epoch=065 rankloss=0.625963 validIC=0.05321
2026-08-28 22:22:19,667 | INFO | epoch=070 rankloss=0.610996 validIC=0.03609
2026-08-28 22:22:19,668 | INFO | early stop @ 70, best=30, best_valid_ic=0.08515
2026-08-28 22:22:19,936 | INFO | TEST IC=0.03170 | median=0.03453 | IC>0=56.02% | spread=0.1956%
2026-08-28 22:22:20,013 | INFO | Top-3 | net=14.27% | 0050=35.68% | EW=36.46% | alpha=-21.41% | turn=87.61%
2026-08-28 22:22:20,090 | INFO | Top-5 | net=22.67% | 0050=35.68% | EW=36.46% | alpha=-13.01% | turn=81.75%
2026-08-28 22:22:20,166 | INFO | Top-10 | net=16.12% | 0050=35.68% | EW=36.46% | alpha=-19.56% | turn=69.99%
2026-08-28 22:22:20,205 | INFO | ================================================================================
2026-08-28 22:22:20,205 | INFO | YEAR 2020 | train=80,540 valid=11,750 test=12,250
2026-08-28 22:22:23,471 | INFO | epoch=001 rankloss=0.937513 validIC=0.07894
2026-08-28 22:22:24,137 | INFO | epoch=005 rankloss=0.691021 validIC=0.02038
2026-08-28 22:22:24,926 | INFO | epoch=010 rankloss=0.689438 validIC=0.02095
2026-08-28 22:22:25,699 | INFO | epoch=015 rankloss=0.688421 validIC=0.01938
2026-08-28 22:22:26,474 | INFO | epoch=020 rankloss=0.686968 validIC=0.02707
2026-08-28 22:22:27,265 | INFO | epoch=025 rankloss=0.685704 validIC=0.01004
2026-08-28 22:22:28,032 | INFO | epoch=030 rankloss=0.682916 validIC=0.03747
2026-08-28 22:22:28,829 | INFO | epoch=035 rankloss=0.679964 validIC=0.02367
2026-08-28 22:22:29,608 | INFO | epoch=040 rankloss=0.674976 validIC=0.03356
2026-08-28 22:22:29,608 | INFO | early stop @ 40, best=1, best_valid_ic=0.07894
2026-08-28 22:22:29,887 | INFO | TEST IC=0.07636 | median=0.09637 | IC>0=64.08% | spread=1.2567%
2026-08-28 22:22:29,965 | INFO | Top-3 | net=148.97% | 0050=31.40% | EW=29.48% | alpha=117.57% | turn=70.26%
2026-08-28 22:22:30,042 | INFO | Top-5 | net=101.79% | 0050=31.40% | EW=29.48% | alpha=70.39% | turn=55.42%
2026-08-28 22:22:30,120 | INFO | Top-10 | net=51.83% | 0050=31.40% | EW=29.48% | alpha=20.43% | turn=42.28%
2026-08-28 22:22:30,148 | INFO | ================================================================================
2026-08-28 22:22:30,148 | INFO | YEAR 2021 | train=92,590 valid=11,950 test=12,150
2026-08-28 22:22:33,831 | INFO | epoch=001 rankloss=0.773726 validIC=0.03748
2026-08-28 22:22:34,509 | INFO | epoch=005 rankloss=0.691179 validIC=0.04339
2026-08-28 22:22:35,310 | INFO | epoch=010 rankloss=0.689185 validIC=0.05321
2026-08-28 22:22:36,142 | INFO | epoch=015 rankloss=0.688183 validIC=0.04211
2026-08-28 22:22:36,962 | INFO | epoch=020 rankloss=0.686929 validIC=0.02988
2026-08-28 22:22:37,797 | INFO | epoch=025 rankloss=0.684530 validIC=0.00551
2026-08-28 22:22:38,666 | INFO | epoch=030 rankloss=0.680883 validIC=0.01715
2026-08-28 22:22:39,485 | INFO | epoch=035 rankloss=0.675863 validIC=0.04906
2026-08-28 22:22:40,284 | INFO | epoch=040 rankloss=0.667921 validIC=0.04217
2026-08-28 22:22:41,088 | INFO | epoch=045 rankloss=0.658914 validIC=0.01183
2026-08-28 22:22:41,905 | INFO | epoch=050 rankloss=0.647335 validIC=0.01830
2026-08-28 22:22:41,905 | INFO | early stop @ 50, best=10, best_valid_ic=0.05321
2026-08-28 22:22:42,182 | INFO | TEST IC=0.04771 | median=0.04029 | IC>0=58.02% | spread=0.2421%
2026-08-28 22:22:42,261 | INFO | Top-3 | net=12.60% | 0050=22.32% | EW=41.56% | alpha=-9.72% | turn=90.39%
2026-08-28 22:22:42,339 | INFO | Top-5 | net=12.23% | 0050=22.32% | EW=41.56% | alpha=-10.08% | turn=83.94%
2026-08-28 22:22:42,416 | INFO | Top-10 | net=19.87% | 0050=22.32% | EW=41.56% | alpha=-2.45% | turn=77.34%
2026-08-28 22:22:42,448 | INFO | ================================================================================
2026-08-28 22:22:42,448 | INFO | YEAR 2022 | train=104,840 valid=11,850 test=12,300
2026-08-28 22:22:46,532 | INFO | epoch=001 rankloss=0.775614 validIC=0.04696
2026-08-28 22:22:47,273 | INFO | epoch=005 rankloss=0.690815 validIC=0.06000
2026-08-28 22:22:48,168 | INFO | epoch=010 rankloss=0.689247 validIC=0.04772
2026-08-28 22:22:49,015 | INFO | epoch=015 rankloss=0.687475 validIC=0.04997
2026-08-28 22:22:49,892 | INFO | epoch=020 rankloss=0.685737 validIC=0.04864
2026-08-28 22:22:50,762 | INFO | epoch=025 rankloss=0.683494 validIC=0.06091
2026-08-28 22:22:51,655 | INFO | epoch=030 rankloss=0.679558 validIC=0.05697
2026-08-28 22:22:52,527 | INFO | epoch=035 rankloss=0.674720 validIC=0.05952
2026-08-28 22:22:53,413 | INFO | epoch=040 rankloss=0.666924 validIC=0.03984
2026-08-28 22:22:54,302 | INFO | epoch=045 rankloss=0.656445 validIC=0.05326
2026-08-28 22:22:55,161 | INFO | epoch=050 rankloss=0.644327 validIC=0.04097
2026-08-28 22:22:56,006 | INFO | epoch=055 rankloss=0.630043 validIC=0.05377
2026-08-28 22:22:56,866 | INFO | epoch=060 rankloss=0.615359 validIC=0.02694
2026-08-28 22:22:57,713 | INFO | epoch=065 rankloss=0.599012 validIC=0.03386
2026-08-28 22:22:57,713 | INFO | early stop @ 65, best=25, best_valid_ic=0.06091
2026-08-28 22:22:57,994 | INFO | TEST IC=0.00244 | median=0.01412 | IC>0=52.03% | spread=0.1260%
2026-08-28 22:22:58,074 | INFO | Top-3 | net=-45.50% | 0050=-18.34% | EW=-7.15% | alpha=-27.15% | turn=83.18%
2026-08-28 22:22:58,152 | INFO | Top-5 | net=-39.48% | 0050=-18.34% | EW=-7.15% | alpha=-21.13% | turn=73.53%
2026-08-28 22:22:58,238 | INFO | Top-10 | net=-23.60% | 0050=-18.34% | EW=-7.15% | alpha=-5.25% | turn=69.32%
2026-08-28 22:22:58,276 | INFO | ================================================================================
2026-08-28 22:22:58,276 | INFO | YEAR 2023 | train=116,990 valid=12,000 test=11,950
2026-08-28 22:23:03,050 | INFO | epoch=001 rankloss=0.759388 validIC=0.04931
2026-08-28 22:23:03,825 | INFO | epoch=005 rankloss=0.691236 validIC=0.01118
2026-08-28 22:23:04,746 | INFO | epoch=010 rankloss=0.688586 validIC=-0.00120
2026-08-28 22:23:05,671 | INFO | epoch=015 rankloss=0.687172 validIC=0.01014
2026-08-28 22:23:06,623 | INFO | epoch=020 rankloss=0.684861 validIC=0.01514
2026-08-28 22:23:07,556 | INFO | epoch=025 rankloss=0.681676 validIC=0.03537
2026-08-28 22:23:08,501 | INFO | epoch=030 rankloss=0.677054 validIC=0.03517
2026-08-28 22:23:09,421 | INFO | epoch=035 rankloss=0.670471 validIC=0.02610
2026-08-28 22:23:10,329 | INFO | epoch=040 rankloss=0.662700 validIC=0.04873
2026-08-28 22:23:10,329 | INFO | early stop @ 40, best=1, best_valid_ic=0.04931
2026-08-28 22:23:10,593 | INFO | TEST IC=0.00985 | median=0.00543 | IC>0=50.21% | spread=0.0089%
2026-08-28 22:23:10,668 | INFO | Top-3 | net=89.29% | 0050=24.67% | EW=33.05% | alpha=64.62% | turn=93.56%
2026-08-28 22:23:10,742 | INFO | Top-5 | net=54.36% | 0050=24.67% | EW=33.05% | alpha=29.69% | turn=85.03%
2026-08-28 22:23:10,816 | INFO | Top-10 | net=32.56% | 0050=24.67% | EW=33.05% | alpha=7.89% | turn=68.75%
2026-08-28 22:23:10,852 | INFO | ================================================================================
2026-08-28 22:23:10,852 | INFO | YEAR 2024 | train=129,290 valid=11,650 test=12,100
2026-08-28 22:23:15,801 | INFO | epoch=001 rankloss=0.776910 validIC=0.04494
2026-08-28 22:23:16,602 | INFO | epoch=005 rankloss=0.691355 validIC=0.04256
2026-08-28 22:23:17,552 | INFO | epoch=010 rankloss=0.689495 validIC=0.05025
2026-08-28 22:23:18,503 | INFO | epoch=015 rankloss=0.687956 validIC=0.05565
2026-08-28 22:23:19,444 | INFO | epoch=020 rankloss=0.685664 validIC=0.04046
2026-08-28 22:23:20,379 | INFO | epoch=025 rankloss=0.682973 validIC=0.06213
2026-08-28 22:23:21,330 | INFO | epoch=030 rankloss=0.680361 validIC=0.04753
2026-08-28 22:23:22,276 | INFO | epoch=035 rankloss=0.674670 validIC=0.02419
2026-08-28 22:23:23,198 | INFO | epoch=040 rankloss=0.668722 validIC=0.03349
2026-08-28 22:23:24,120 | INFO | epoch=045 rankloss=0.659927 validIC=0.03784
2026-08-28 22:23:25,071 | INFO | epoch=050 rankloss=0.648532 validIC=0.04464
2026-08-28 22:23:26,010 | INFO | epoch=055 rankloss=0.634846 validIC=0.02289
2026-08-28 22:23:26,954 | INFO | epoch=060 rankloss=0.621474 validIC=0.02607
2026-08-28 22:23:27,907 | INFO | epoch=065 rankloss=0.607629 validIC=0.02616
2026-08-28 22:23:27,907 | INFO | early stop @ 65, best=25, best_valid_ic=0.06213
2026-08-28 22:23:28,176 | INFO | TEST IC=0.00555 | median=-0.00242 | IC>0=50.00% | spread=-0.0442%
2026-08-28 22:23:28,253 | INFO | Top-3 | net=-30.23% | 0050=55.90% | EW=14.85% | alpha=-86.13% | turn=82.96%
2026-08-28 22:23:28,330 | INFO | Top-5 | net=-19.72% | 0050=55.90% | EW=14.85% | alpha=-75.61% | turn=74.52%
2026-08-28 22:23:28,406 | INFO | Top-10 | net=-7.57% | 0050=55.90% | EW=14.85% | alpha=-63.47% | turn=64.86%
2026-08-28 22:23:28,451 | INFO | ================================================================================
2026-08-28 22:23:28,451 | INFO | YEAR 2025 | train=141,240 valid=11,800 test=12,100
2026-08-28 22:23:33,944 | INFO | epoch=001 rankloss=0.771850 validIC=0.05792
2026-08-28 22:23:34,809 | INFO | epoch=005 rankloss=0.691470 validIC=0.00821
2026-08-28 22:23:35,830 | INFO | epoch=010 rankloss=0.689867 validIC=0.00768
2026-08-28 22:23:36,893 | INFO | epoch=015 rankloss=0.688321 validIC=0.02242
2026-08-28 22:23:37,885 | INFO | epoch=020 rankloss=0.686810 validIC=0.00344
2026-08-28 22:23:38,925 | INFO | epoch=025 rankloss=0.683649 validIC=0.00108
2026-08-28 22:23:39,941 | INFO | epoch=030 rankloss=0.680714 validIC=0.00810
2026-08-28 22:23:40,962 | INFO | epoch=035 rankloss=0.675247 validIC=-0.00281
2026-08-28 22:23:41,941 | INFO | epoch=040 rankloss=0.669762 validIC=-0.00826
2026-08-28 22:23:41,941 | INFO | early stop @ 40, best=1, best_valid_ic=0.05792
2026-08-28 22:23:42,208 | INFO | TEST IC=0.04858 | median=0.05114 | IC>0=57.85% | spread=0.5505%
2026-08-28 22:23:42,284 | INFO | Top-3 | net=-6.58% | 0050=45.12% | EW=28.26% | alpha=-51.70% | turn=79.37%
2026-08-28 22:23:42,361 | INFO | Top-5 | net=3.48% | 0050=45.12% | EW=28.26% | alpha=-41.64% | turn=75.83%
2026-08-28 22:23:42,439 | INFO | Top-10 | net=18.31% | 0050=45.12% | EW=28.26% | alpha=-26.81% | turn=60.37%
2026-08-28 22:23:42,477 | INFO | ================================================================================
2026-08-28 22:23:42,477 | INFO | YEAR 2026 | train=153,340 valid=11,800 test=7,600
2026-08-28 22:23:48,562 | INFO | epoch=001 rankloss=0.749345 validIC=0.03528
2026-08-28 22:23:49,442 | INFO | epoch=005 rankloss=0.691463 validIC=0.06272
2026-08-28 22:23:50,483 | INFO | epoch=010 rankloss=0.689907 validIC=0.06519
2026-08-28 22:23:51,572 | INFO | epoch=015 rankloss=0.688601 validIC=0.04354
2026-08-28 22:23:52,604 | INFO | epoch=020 rankloss=0.686353 validIC=0.07852
2026-08-28 22:23:53,637 | INFO | epoch=025 rankloss=0.683821 validIC=0.04038
2026-08-28 22:23:54,674 | INFO | epoch=030 rankloss=0.680530 validIC=0.04912
2026-08-28 22:23:55,730 | INFO | epoch=035 rankloss=0.675201 validIC=0.06126
2026-08-28 22:23:56,810 | INFO | epoch=040 rankloss=0.668086 validIC=0.04435
2026-08-28 22:23:57,828 | INFO | epoch=045 rankloss=0.659079 validIC=0.03762
2026-08-28 22:23:58,837 | INFO | epoch=050 rankloss=0.647657 validIC=0.03142
2026-08-28 22:23:59,843 | INFO | epoch=055 rankloss=0.635391 validIC=0.04133
2026-08-28 22:24:00,882 | INFO | epoch=060 rankloss=0.621297 validIC=0.01449
2026-08-28 22:24:00,882 | INFO | early stop @ 60, best=20, best_valid_ic=0.07852
2026-08-28 22:24:01,057 | INFO | TEST IC=0.04655 | median=0.04264 | IC>0=53.95% | spread=1.6463%
2026-08-28 22:24:01,106 | INFO | Top-3 | net=50.96% | 0050=55.96% | EW=57.91% | alpha=-5.00% | turn=85.09%
2026-08-28 22:24:01,155 | INFO | Top-5 | net=80.79% | 0050=55.96% | EW=57.91% | alpha=24.83% | turn=74.17%
2026-08-28 22:24:01,203 | INFO | Top-10 | net=88.10% | 0050=55.96% | EW=57.91% | alpha=32.14% | turn=59.57%
2026-08-28 22:24:01,315 | INFO | ================================================================================
2026-08-28 22:24:01,315 | INFO | FINAL SUMMARY
2026-08-28 22:24:01,315 | INFO | ================================================================================
2026-08-28 22:24:01,319 | INFO | 
   model  seed  top_k  mean_ic  median_year_ic  mean_spread  positive_alpha_years  years  mean_alpha_vs_0050  mean_alpha_vs_equal_weight  median_alpha_vs_0050  mean_turnover  mean_active_sharpe  mean_best_epoch  mean_valid_ic
mlp_rank    42      3 0.037591        0.046552     0.005289                     3      9            0.001213                    0.011092             -0.097179       0.829471           -0.451188        14.222222       0.065528
mlp_rank    42      5 0.037591        0.046552     0.005289                     4      9           -0.032659                   -0.022781             -0.100848       0.749992           -0.411902        14.222222       0.065528
mlp_rank    42     10 0.037591        0.046552     0.005289                     4      9           -0.051650                   -0.041771             -0.024456       0.643398           -0.324034        14.222222       0.065528
2026-08-28 22:24:01,319 | INFO | SAVED: runs/v3_mlp_rank_seed42_20260828_222151
