2026-08-28 23:46:40,566 | INFO | Rows=173,340, stocks=50, dates=2012-04-06 00:00:00->2026-08-20 00:00:00
2026-08-28 23:46:40,587 | INFO | ================================================================================
2026-08-28 23:46:40,587 | INFO | YEAR 2018 | train=56,413 valid=11,613 test=12,226
2026-08-28 23:46:44,754 | INFO | epoch=001 rankloss=0.796258 validIC=-0.00382
2026-08-28 23:46:45,472 | INFO | epoch=005 rankloss=0.690760 validIC=0.06040
2026-08-28 23:46:46,318 | INFO | epoch=010 rankloss=0.689264 validIC=0.06119
2026-08-28 23:46:47,170 | INFO | epoch=015 rankloss=0.687349 validIC=0.06302
2026-08-28 23:46:48,015 | INFO | epoch=020 rankloss=0.686615 validIC=0.05992
2026-08-28 23:46:48,822 | INFO | epoch=025 rankloss=0.685303 validIC=0.06275
2026-08-28 23:46:49,654 | INFO | epoch=030 rankloss=0.683469 validIC=0.05292
2026-08-28 23:46:50,465 | INFO | epoch=035 rankloss=0.680440 validIC=0.04959
2026-08-28 23:46:51,269 | INFO | epoch=040 rankloss=0.678917 validIC=0.05399
2026-08-28 23:46:52,083 | INFO | epoch=045 rankloss=0.674842 validIC=0.04760
2026-08-28 23:46:52,888 | INFO | epoch=050 rankloss=0.668515 validIC=0.03701
2026-08-28 23:46:53,697 | INFO | epoch=055 rankloss=0.662021 validIC=0.03559
2026-08-28 23:46:53,697 | INFO | early stop @ 55, best=15, best_valid_ic=0.06302
2026-08-28 23:46:53,977 | INFO | TEST IC=0.08984 | median=0.09724 | IC>0=71.02% | spread=0.7587%
2026-08-28 23:46:54,054 | INFO | Top-3 | net=19.50% | 0050=-7.98% | EW=1.43% | alpha=27.47% | turn=75.56%
2026-08-28 23:46:54,129 | INFO | Top-5 | net=12.09% | 0050=-7.98% | EW=1.43% | alpha=20.06% | turn=71.49%
2026-08-28 23:46:54,205 | INFO | Top-10 | net=4.20% | 0050=-7.98% | EW=1.43% | alpha=12.17% | turn=62.58%
2026-08-28 23:46:54,281 | INFO | Top-15 | net=6.84% | 0050=-7.98% | EW=1.43% | alpha=14.81% | turn=55.62%
2026-08-28 23:46:54,358 | INFO | Top-20 | net=5.55% | 0050=-7.98% | EW=1.43% | alpha=13.53% | turn=47.81%
2026-08-28 23:46:54,414 | INFO | ================================================================================
2026-08-28 23:46:54,414 | INFO | YEAR 2019 | train=68,320 valid=11,926 test=12,050
2026-08-28 23:46:56,966 | INFO | epoch=001 rankloss=0.830766 validIC=-0.01343
2026-08-28 23:46:57,656 | INFO | epoch=005 rankloss=0.690820 validIC=0.08603
2026-08-28 23:46:58,548 | INFO | epoch=010 rankloss=0.689410 validIC=0.06272
2026-08-28 23:46:59,390 | INFO | epoch=015 rankloss=0.687696 validIC=0.07466
2026-08-28 23:47:00,280 | INFO | epoch=020 rankloss=0.686485 validIC=0.08770
2026-08-28 23:47:01,133 | INFO | epoch=025 rankloss=0.684920 validIC=0.08036
2026-08-28 23:47:02,048 | INFO | epoch=030 rankloss=0.682148 validIC=0.07563
2026-08-28 23:47:02,891 | INFO | epoch=035 rankloss=0.679803 validIC=0.06504
2026-08-28 23:47:03,811 | INFO | epoch=040 rankloss=0.673779 validIC=0.04930
2026-08-28 23:47:04,661 | INFO | epoch=045 rankloss=0.665671 validIC=0.07911
2026-08-28 23:47:05,537 | INFO | epoch=050 rankloss=0.654592 validIC=0.04652
2026-08-28 23:47:06,395 | INFO | epoch=055 rankloss=0.640724 validIC=0.05689
2026-08-28 23:47:07,263 | INFO | epoch=060 rankloss=0.625375 validIC=0.03829
2026-08-28 23:47:07,263 | INFO | early stop @ 60, best=20, best_valid_ic=0.08770
2026-08-28 23:47:07,532 | INFO | TEST IC=0.03032 | median=0.02070 | IC>0=55.19% | spread=0.1973%
2026-08-28 23:47:07,608 | INFO | Top-3 | net=29.19% | 0050=35.68% | EW=36.46% | alpha=-6.49% | turn=90.93%
2026-08-28 23:47:07,688 | INFO | Top-5 | net=20.11% | 0050=35.68% | EW=36.46% | alpha=-15.57% | turn=84.10%
2026-08-28 23:47:07,766 | INFO | Top-10 | net=24.16% | 0050=35.68% | EW=36.46% | alpha=-11.52% | turn=75.09%
2026-08-28 23:47:07,844 | INFO | Top-15 | net=27.40% | 0050=35.68% | EW=36.46% | alpha=-8.29% | turn=62.75%
2026-08-28 23:47:07,922 | INFO | Top-20 | net=22.69% | 0050=35.68% | EW=36.46% | alpha=-12.99% | turn=52.22%
2026-08-28 23:47:07,968 | INFO | ================================================================================
2026-08-28 23:47:07,969 | INFO | YEAR 2020 | train=80,540 valid=11,750 test=12,250
2026-08-28 23:47:11,142 | INFO | epoch=001 rankloss=0.849439 validIC=0.04581
2026-08-28 23:47:11,953 | INFO | epoch=005 rankloss=0.691290 validIC=-0.00292
2026-08-28 23:47:12,832 | INFO | epoch=010 rankloss=0.689794 validIC=0.02104
2026-08-28 23:47:13,792 | INFO | epoch=015 rankloss=0.688345 validIC=0.02887
2026-08-28 23:47:14,761 | INFO | epoch=020 rankloss=0.687188 validIC=0.03325
2026-08-28 23:47:15,607 | INFO | epoch=025 rankloss=0.685580 validIC=0.02981
2026-08-28 23:47:16,580 | INFO | epoch=030 rankloss=0.683670 validIC=0.02321
2026-08-28 23:47:17,496 | INFO | epoch=035 rankloss=0.681830 validIC=0.02672
2026-08-28 23:47:18,359 | INFO | epoch=040 rankloss=0.677521 validIC=0.02614
2026-08-28 23:47:18,359 | INFO | early stop @ 40, best=1, best_valid_ic=0.04581
2026-08-28 23:47:18,633 | INFO | TEST IC=0.05191 | median=0.05369 | IC>0=58.78% | spread=0.2182%
2026-08-28 23:47:18,710 | INFO | Top-3 | net=-0.43% | 0050=31.40% | EW=29.48% | alpha=-31.83% | turn=87.00%
2026-08-28 23:47:18,785 | INFO | Top-5 | net=11.76% | 0050=31.40% | EW=29.48% | alpha=-19.64% | turn=80.33%
2026-08-28 23:47:18,861 | INFO | Top-10 | net=12.43% | 0050=31.40% | EW=29.48% | alpha=-18.97% | turn=68.42%
2026-08-28 23:47:18,937 | INFO | Top-15 | net=10.33% | 0050=31.40% | EW=29.48% | alpha=-21.07% | turn=63.18%
2026-08-28 23:47:19,014 | INFO | Top-20 | net=8.99% | 0050=31.40% | EW=29.48% | alpha=-22.41% | turn=57.07%
2026-08-28 23:47:19,069 | INFO | ================================================================================
2026-08-28 23:47:19,069 | INFO | YEAR 2021 | train=92,590 valid=11,950 test=12,150
2026-08-28 23:47:22,726 | INFO | epoch=001 rankloss=0.792464 validIC=0.08697
2026-08-28 23:47:23,597 | INFO | epoch=005 rankloss=0.691113 validIC=0.04266
2026-08-28 23:47:24,617 | INFO | epoch=010 rankloss=0.689600 validIC=0.04538
2026-08-28 23:47:25,545 | INFO | epoch=015 rankloss=0.688429 validIC=0.04063
2026-08-28 23:47:26,575 | INFO | epoch=020 rankloss=0.687125 validIC=0.03978
2026-08-28 23:47:27,571 | INFO | epoch=025 rankloss=0.685817 validIC=0.04385
2026-08-28 23:47:28,539 | INFO | epoch=030 rankloss=0.683443 validIC=0.02204
2026-08-28 23:47:29,473 | INFO | epoch=035 rankloss=0.680192 validIC=0.03178
2026-08-28 23:47:30,377 | INFO | epoch=040 rankloss=0.675628 validIC=0.01844
2026-08-28 23:47:30,378 | INFO | early stop @ 40, best=1, best_valid_ic=0.08697
2026-08-28 23:47:30,653 | INFO | TEST IC=0.02970 | median=0.04816 | IC>0=59.26% | spread=0.6388%
2026-08-28 23:47:30,728 | INFO | Top-3 | net=11.24% | 0050=22.32% | EW=41.56% | alpha=-11.08% | turn=93.73%
2026-08-28 23:47:30,803 | INFO | Top-5 | net=27.88% | 0050=22.32% | EW=41.56% | alpha=5.56% | turn=84.01%
2026-08-28 23:47:30,879 | INFO | Top-10 | net=28.87% | 0050=22.32% | EW=41.56% | alpha=6.55% | turn=71.12%
2026-08-28 23:47:30,955 | INFO | Top-15 | net=20.70% | 0050=22.32% | EW=41.56% | alpha=-1.61% | turn=59.31%
2026-08-28 23:47:31,031 | INFO | Top-20 | net=27.34% | 0050=22.32% | EW=41.56% | alpha=5.03% | turn=51.02%
2026-08-28 23:47:31,093 | INFO | ================================================================================
2026-08-28 23:47:31,093 | INFO | YEAR 2022 | train=104,840 valid=11,850 test=12,300
2026-08-28 23:47:35,201 | INFO | epoch=001 rankloss=0.805620 validIC=0.04490
2026-08-28 23:47:36,105 | INFO | epoch=005 rankloss=0.691380 validIC=0.05589
2026-08-28 23:47:37,098 | INFO | epoch=010 rankloss=0.689981 validIC=0.05512
2026-08-28 23:47:38,197 | INFO | epoch=015 rankloss=0.688731 validIC=0.05553
2026-08-28 23:47:39,237 | INFO | epoch=020 rankloss=0.687201 validIC=0.05345
2026-08-28 23:47:40,231 | INFO | epoch=025 rankloss=0.685184 validIC=0.05429
2026-08-28 23:47:41,328 | INFO | epoch=030 rankloss=0.683206 validIC=0.04646
2026-08-28 23:47:42,350 | INFO | epoch=035 rankloss=0.679280 validIC=0.05469
2026-08-28 23:47:43,330 | INFO | epoch=040 rankloss=0.675834 validIC=0.05225
2026-08-28 23:47:44,316 | INFO | epoch=045 rankloss=0.668435 validIC=0.03858
2026-08-28 23:47:44,316 | INFO | early stop @ 45, best=5, best_valid_ic=0.05589
2026-08-28 23:47:44,594 | INFO | TEST IC=0.00477 | median=-0.01705 | IC>0=47.97% | spread=0.0206%
2026-08-28 23:47:44,672 | INFO | Top-3 | net=-15.24% | 0050=-18.34% | EW=-7.15% | alpha=3.10% | turn=90.63%
2026-08-28 23:47:44,748 | INFO | Top-5 | net=-17.16% | 0050=-18.34% | EW=-7.15% | alpha=1.19% | turn=81.94%
2026-08-28 23:47:44,824 | INFO | Top-10 | net=-18.38% | 0050=-18.34% | EW=-7.15% | alpha=-0.04% | turn=68.81%
2026-08-28 23:47:44,900 | INFO | Top-15 | net=-19.77% | 0050=-18.34% | EW=-7.15% | alpha=-1.42% | turn=59.10%
2026-08-28 23:47:44,977 | INFO | Top-20 | net=-22.66% | 0050=-18.34% | EW=-7.15% | alpha=-4.32% | turn=51.88%
2026-08-28 23:47:45,053 | INFO | ================================================================================
2026-08-28 23:47:45,053 | INFO | YEAR 2023 | train=116,990 valid=12,000 test=11,950
2026-08-28 23:47:49,939 | INFO | epoch=001 rankloss=0.791227 validIC=0.01570
2026-08-28 23:47:50,810 | INFO | epoch=005 rankloss=0.691411 validIC=0.02181
2026-08-28 23:47:51,967 | INFO | epoch=010 rankloss=0.689758 validIC=0.01363
2026-08-28 23:47:53,050 | INFO | epoch=015 rankloss=0.687995 validIC=0.03730
2026-08-28 23:47:54,208 | INFO | epoch=020 rankloss=0.686117 validIC=0.01886
2026-08-28 23:47:55,269 | INFO | epoch=025 rankloss=0.683473 validIC=0.02832
2026-08-28 23:47:56,409 | INFO | epoch=030 rankloss=0.680050 validIC=0.02630
2026-08-28 23:47:57,485 | INFO | epoch=035 rankloss=0.675677 validIC=-0.00178
2026-08-28 23:47:58,606 | INFO | epoch=040 rankloss=0.669163 validIC=0.00855
2026-08-28 23:47:59,729 | INFO | epoch=045 rankloss=0.660622 validIC=0.01343
2026-08-28 23:48:00,742 | INFO | epoch=050 rankloss=0.649243 validIC=0.02387
2026-08-28 23:48:01,756 | INFO | epoch=055 rankloss=0.637267 validIC=0.01899
2026-08-28 23:48:01,756 | INFO | early stop @ 55, best=15, best_valid_ic=0.03730
2026-08-28 23:48:02,025 | INFO | TEST IC=0.04428 | median=0.04173 | IC>0=58.16% | spread=0.4524%
2026-08-28 23:48:02,099 | INFO | Top-3 | net=63.78% | 0050=24.67% | EW=33.05% | alpha=39.11% | turn=88.05%
2026-08-28 23:48:02,173 | INFO | Top-5 | net=63.81% | 0050=24.67% | EW=33.05% | alpha=39.14% | turn=79.27%
2026-08-28 23:48:02,246 | INFO | Top-10 | net=32.25% | 0050=24.67% | EW=33.05% | alpha=7.58% | turn=67.94%
2026-08-28 23:48:02,320 | INFO | Top-15 | net=29.71% | 0050=24.67% | EW=33.05% | alpha=5.04% | turn=56.90%
2026-08-28 23:48:02,394 | INFO | Top-20 | net=25.69% | 0050=24.67% | EW=33.05% | alpha=1.01% | turn=47.75%
2026-08-28 23:48:02,478 | INFO | ================================================================================
2026-08-28 23:48:02,478 | INFO | YEAR 2024 | train=129,290 valid=11,650 test=12,100
2026-08-28 23:48:07,468 | INFO | epoch=001 rankloss=0.805319 validIC=0.02660
2026-08-28 23:48:08,370 | INFO | epoch=005 rankloss=0.691329 validIC=0.04050
2026-08-28 23:48:09,504 | INFO | epoch=010 rankloss=0.689771 validIC=0.06408
2026-08-28 23:48:10,774 | INFO | epoch=015 rankloss=0.688458 validIC=0.05064
2026-08-28 23:48:11,879 | INFO | epoch=020 rankloss=0.686390 validIC=0.05218
2026-08-28 23:48:13,076 | INFO | epoch=025 rankloss=0.684232 validIC=0.04524
2026-08-28 23:48:14,240 | INFO | epoch=030 rankloss=0.681166 validIC=0.04373
2026-08-28 23:48:15,368 | INFO | epoch=035 rankloss=0.677788 validIC=0.04881
2026-08-28 23:48:16,567 | INFO | epoch=040 rankloss=0.670687 validIC=0.04173
2026-08-28 23:48:17,765 | INFO | epoch=045 rankloss=0.661800 validIC=0.04608
2026-08-28 23:48:18,916 | INFO | epoch=050 rankloss=0.652389 validIC=0.03904
2026-08-28 23:48:18,917 | INFO | early stop @ 50, best=10, best_valid_ic=0.06408
2026-08-28 23:48:19,184 | INFO | TEST IC=0.00654 | median=0.01755 | IC>0=52.48% | spread=0.1147%
2026-08-28 23:48:19,266 | INFO | Top-3 | net=-4.09% | 0050=55.90% | EW=14.85% | alpha=-59.98% | turn=74.48%
2026-08-28 23:48:19,351 | INFO | Top-5 | net=-2.20% | 0050=55.90% | EW=14.85% | alpha=-58.10% | turn=71.56%
2026-08-28 23:48:19,427 | INFO | Top-10 | net=-0.43% | 0050=55.90% | EW=14.85% | alpha=-56.33% | turn=62.40%
2026-08-28 23:48:19,502 | INFO | Top-15 | net=-0.95% | 0050=55.90% | EW=14.85% | alpha=-56.85% | turn=54.74%
2026-08-28 23:48:19,577 | INFO | Top-20 | net=0.96% | 0050=55.90% | EW=14.85% | alpha=-54.93% | turn=48.28%
2026-08-28 23:48:19,642 | INFO | ================================================================================
2026-08-28 23:48:19,642 | INFO | YEAR 2025 | train=141,240 valid=11,800 test=12,100
2026-08-28 23:48:25,116 | INFO | epoch=001 rankloss=0.777646 validIC=0.04917
2026-08-28 23:48:26,158 | INFO | epoch=005 rankloss=0.691823 validIC=0.02027
2026-08-28 23:48:27,386 | INFO | epoch=010 rankloss=0.690355 validIC=0.02729
2026-08-28 23:48:28,596 | INFO | epoch=015 rankloss=0.688577 validIC=-0.00552
2026-08-28 23:48:29,876 | INFO | epoch=020 rankloss=0.686877 validIC=0.00001
2026-08-28 23:48:31,062 | INFO | epoch=025 rankloss=0.684578 validIC=-0.00748
2026-08-28 23:48:32,382 | INFO | epoch=030 rankloss=0.681335 validIC=0.01041
2026-08-28 23:48:33,556 | INFO | epoch=035 rankloss=0.677214 validIC=-0.00980
2026-08-28 23:48:34,850 | INFO | epoch=040 rankloss=0.672040 validIC=-0.00425
2026-08-28 23:48:34,850 | INFO | early stop @ 40, best=1, best_valid_ic=0.04917
2026-08-28 23:48:35,124 | INFO | TEST IC=0.04107 | median=0.03446 | IC>0=55.37% | spread=0.3340%
2026-08-28 23:48:35,200 | INFO | Top-3 | net=6.55% | 0050=45.12% | EW=28.26% | alpha=-38.57% | turn=83.45%
2026-08-28 23:48:35,275 | INFO | Top-5 | net=23.03% | 0050=45.12% | EW=28.26% | alpha=-22.09% | turn=77.98%
2026-08-28 23:48:35,350 | INFO | Top-10 | net=30.39% | 0050=45.12% | EW=28.26% | alpha=-14.73% | turn=70.33%
2026-08-28 23:48:35,426 | INFO | Top-15 | net=33.87% | 0050=45.12% | EW=28.26% | alpha=-11.25% | turn=57.97%
2026-08-28 23:48:35,502 | INFO | Top-20 | net=27.15% | 0050=45.12% | EW=28.26% | alpha=-17.98% | turn=49.62%
2026-08-28 23:48:35,592 | INFO | ================================================================================
2026-08-28 23:48:35,592 | INFO | YEAR 2026 | train=153,340 valid=11,800 test=7,600
2026-08-28 23:48:41,510 | INFO | epoch=001 rankloss=0.790148 validIC=0.02928
2026-08-28 23:48:42,474 | INFO | epoch=005 rankloss=0.691821 validIC=0.07199
2026-08-28 23:48:43,703 | INFO | epoch=010 rankloss=0.690280 validIC=0.09166
2026-08-28 23:48:45,017 | INFO | epoch=015 rankloss=0.689220 validIC=0.07924
2026-08-28 23:48:46,380 | INFO | epoch=020 rankloss=0.687390 validIC=0.06888
2026-08-28 23:48:47,619 | INFO | epoch=025 rankloss=0.685637 validIC=0.05195
2026-08-28 23:48:48,990 | INFO | epoch=030 rankloss=0.683047 validIC=0.06583
2026-08-28 23:48:50,298 | INFO | epoch=035 rankloss=0.679354 validIC=0.04475
2026-08-28 23:48:51,522 | INFO | epoch=040 rankloss=0.674121 validIC=0.06107
2026-08-28 23:48:52,870 | INFO | epoch=045 rankloss=0.667212 validIC=0.06271
2026-08-28 23:48:54,051 | INFO | epoch=050 rankloss=0.658250 validIC=0.04660
2026-08-28 23:48:54,052 | INFO | early stop @ 50, best=10, best_valid_ic=0.09166
2026-08-28 23:48:54,243 | INFO | TEST IC=0.05536 | median=0.06211 | IC>0=59.87% | spread=1.7722%
2026-08-28 23:48:54,291 | INFO | Top-3 | net=70.68% | 0050=55.96% | EW=57.91% | alpha=14.71% | turn=77.94%
2026-08-28 23:48:54,339 | INFO | Top-5 | net=81.80% | 0050=55.96% | EW=57.91% | alpha=25.83% | turn=67.95%
2026-08-28 23:48:54,387 | INFO | Top-10 | net=73.71% | 0050=55.96% | EW=57.91% | alpha=17.75% | turn=62.50%
2026-08-28 23:48:54,436 | INFO | Top-15 | net=74.49% | 0050=55.96% | EW=57.91% | alpha=18.52% | turn=52.61%
2026-08-28 23:48:54,484 | INFO | Top-20 | net=62.08% | 0050=55.96% | EW=57.91% | alpha=6.12% | turn=47.09%
2026-08-28 23:48:54,615 | INFO | ================================================================================
2026-08-28 23:48:54,615 | INFO | FINAL SUMMARY
2026-08-28 23:48:54,615 | INFO | ================================================================================
2026-08-28 23:48:54,619 | INFO | 
   model  seed  top_k  mean_ic  median_year_ic  mean_spread  positive_alpha_years  years  mean_alpha_vs_0050  mean_alpha_vs_equal_weight  median_alpha_vs_0050  mean_turnover  mean_active_sharpe  mean_best_epoch  mean_valid_ic
mlp_rank     7      3  0.03931         0.04107     0.005008                     4      9           -0.070622                   -0.060743             -0.064926       0.846421           -0.151784         8.666667       0.064623
mlp_rank     7      5  0.03931         0.04107     0.005008                     5      9           -0.026248                   -0.016370              0.011877       0.776272           -0.059106         8.666667       0.064623
mlp_rank     7     10  0.03931         0.04107     0.005008                     4      9           -0.063926                   -0.054048             -0.000354       0.676873           -0.223776         8.666667       0.064623
mlp_rank     7     15  0.03931         0.04107     0.005008                     3      9           -0.069019                   -0.059140             -0.016136       0.580182           -0.303450         8.666667       0.064623
mlp_rank     7     20  0.03931         0.04107     0.005008                     4      9           -0.096611                   -0.086732             -0.043150       0.503068           -0.565573         8.666667       0.064623
2026-08-28 23:48:54,619 | INFO | SAVED: runs/v4_h5_mlp_rank_seed7_20260828_234640
