2026-08-28 23:53:51,701 | INFO | Rows=173,090, stocks=50, dates=2012-04-06 00:00:00->2026-08-13 00:00:00
2026-08-28 23:53:51,764 | INFO | ================================================================================
2026-08-28 23:53:51,764 | INFO | YEAR 2018 | train=56,168 valid=11,368 test=12,226
2026-08-28 23:53:55,766 | INFO | epoch=001 rankloss=0.868699 validIC=0.01128
2026-08-28 23:53:56,449 | INFO | epoch=005 rankloss=0.690875 validIC=0.03469
2026-08-28 23:53:57,275 | INFO | epoch=010 rankloss=0.688971 validIC=0.03726
2026-08-28 23:53:58,078 | INFO | epoch=015 rankloss=0.688818 validIC=0.02625
2026-08-28 23:53:58,898 | INFO | epoch=020 rankloss=0.687232 validIC=0.04067
2026-08-28 23:53:59,744 | INFO | epoch=025 rankloss=0.684083 validIC=0.03938
2026-08-28 23:54:00,580 | INFO | epoch=030 rankloss=0.685382 validIC=0.02869
2026-08-28 23:54:01,392 | INFO | epoch=035 rankloss=0.683543 validIC=0.03502
2026-08-28 23:54:02,283 | INFO | epoch=040 rankloss=0.680876 validIC=0.02945
2026-08-28 23:54:03,110 | INFO | epoch=045 rankloss=0.677179 validIC=0.02752
2026-08-28 23:54:03,930 | INFO | epoch=050 rankloss=0.674808 validIC=0.03098
2026-08-28 23:54:04,774 | INFO | epoch=055 rankloss=0.667810 validIC=0.02821
2026-08-28 23:54:05,623 | INFO | epoch=060 rankloss=0.662981 validIC=0.03125
2026-08-28 23:54:05,623 | INFO | early stop @ 60, best=20, best_valid_ic=0.04067
2026-08-28 23:54:05,906 | INFO | TEST IC=0.05004 | median=0.04029 | IC>0=59.59% | spread=1.1154%
2026-08-28 23:54:05,948 | INFO | Top-3 | net=0.28% | 0050=-6.73% | EW=4.24% | alpha=7.01% | turn=66.52%
2026-08-28 23:54:05,989 | INFO | Top-5 | net=5.38% | 0050=-6.73% | EW=4.24% | alpha=12.11% | turn=60.87%
2026-08-28 23:54:06,029 | INFO | Top-10 | net=5.49% | 0050=-6.73% | EW=4.24% | alpha=12.22% | turn=58.09%
2026-08-28 23:54:06,071 | INFO | Top-15 | net=10.69% | 0050=-6.73% | EW=4.24% | alpha=17.41% | turn=53.96%
2026-08-28 23:54:06,112 | INFO | Top-20 | net=10.29% | 0050=-6.73% | EW=4.24% | alpha=17.01% | turn=48.04%
2026-08-28 23:54:06,209 | INFO | ================================================================================
2026-08-28 23:54:06,210 | INFO | YEAR 2019 | train=68,075 valid=11,676 test=12,050
2026-08-28 23:54:08,709 | INFO | epoch=001 rankloss=0.786115 validIC=0.04856
2026-08-28 23:54:09,404 | INFO | epoch=005 rankloss=0.691070 validIC=0.06556
2026-08-28 23:54:10,243 | INFO | epoch=010 rankloss=0.688999 validIC=0.04163
2026-08-28 23:54:11,075 | INFO | epoch=015 rankloss=0.686396 validIC=0.05555
2026-08-28 23:54:11,882 | INFO | epoch=020 rankloss=0.684217 validIC=0.05668
2026-08-28 23:54:12,691 | INFO | epoch=025 rankloss=0.682019 validIC=0.06586
2026-08-28 23:54:13,545 | INFO | epoch=030 rankloss=0.678895 validIC=0.04114
2026-08-28 23:54:14,387 | INFO | epoch=035 rankloss=0.674006 validIC=0.04450
2026-08-28 23:54:15,281 | INFO | epoch=040 rankloss=0.665736 validIC=0.05504
2026-08-28 23:54:16,162 | INFO | epoch=045 rankloss=0.654622 validIC=0.05282
2026-08-28 23:54:17,054 | INFO | epoch=050 rankloss=0.641768 validIC=0.06411
2026-08-28 23:54:17,988 | INFO | epoch=055 rankloss=0.624786 validIC=0.03994
2026-08-28 23:54:18,875 | INFO | epoch=060 rankloss=0.608425 validIC=0.04901
2026-08-28 23:54:19,764 | INFO | epoch=065 rankloss=0.588469 validIC=0.02844
2026-08-28 23:54:19,764 | INFO | early stop @ 65, best=25, best_valid_ic=0.06586
2026-08-28 23:54:20,034 | INFO | TEST IC=0.02087 | median=0.00687 | IC>0=53.53% | spread=0.1174%
2026-08-28 23:54:20,075 | INFO | Top-3 | net=72.03% | 0050=36.88% | EW=39.16% | alpha=35.15% | turn=83.44%
2026-08-28 23:54:20,116 | INFO | Top-5 | net=60.38% | 0050=36.88% | EW=39.16% | alpha=23.50% | turn=78.33%
2026-08-28 23:54:20,157 | INFO | Top-10 | net=42.04% | 0050=36.88% | EW=39.16% | alpha=5.17% | turn=65.22%
2026-08-28 23:54:20,198 | INFO | Top-15 | net=39.25% | 0050=36.88% | EW=39.16% | alpha=2.38% | turn=57.69%
2026-08-28 23:54:20,239 | INFO | Top-20 | net=37.11% | 0050=36.88% | EW=39.16% | alpha=0.23% | turn=46.64%
2026-08-28 23:54:20,316 | INFO | ================================================================================
2026-08-28 23:54:20,316 | INFO | YEAR 2020 | train=80,290 valid=11,500 test=12,250
2026-08-28 23:54:23,451 | INFO | epoch=001 rankloss=0.850174 validIC=-0.00451
2026-08-28 23:54:24,258 | INFO | epoch=005 rankloss=0.691296 validIC=-0.01306
2026-08-28 23:54:25,239 | INFO | epoch=010 rankloss=0.689695 validIC=0.01199
2026-08-28 23:54:26,142 | INFO | epoch=015 rankloss=0.687980 validIC=0.02789
2026-08-28 23:54:27,017 | INFO | epoch=020 rankloss=0.686789 validIC=0.02687
2026-08-28 23:54:27,893 | INFO | epoch=025 rankloss=0.684891 validIC=0.05136
2026-08-28 23:54:28,784 | INFO | epoch=030 rankloss=0.682356 validIC=-0.00120
2026-08-28 23:54:29,672 | INFO | epoch=035 rankloss=0.678412 validIC=0.02560
2026-08-28 23:54:30,553 | INFO | epoch=040 rankloss=0.672662 validIC=0.00097
2026-08-28 23:54:31,446 | INFO | epoch=045 rankloss=0.666003 validIC=0.02506
2026-08-28 23:54:32,380 | INFO | epoch=050 rankloss=0.654893 validIC=-0.02580
2026-08-28 23:54:33,260 | INFO | epoch=055 rankloss=0.641104 validIC=-0.00866
2026-08-28 23:54:34,125 | INFO | epoch=060 rankloss=0.626975 validIC=-0.00060
2026-08-28 23:54:35,076 | INFO | epoch=065 rankloss=0.610774 validIC=0.00622
2026-08-28 23:54:35,077 | INFO | early stop @ 65, best=25, best_valid_ic=0.05136
2026-08-28 23:54:35,436 | INFO | TEST IC=0.05498 | median=0.02828 | IC>0=54.69% | spread=1.2252%
2026-08-28 23:54:35,480 | INFO | Top-3 | net=77.09% | 0050=39.97% | EW=32.59% | alpha=37.12% | turn=71.88%
2026-08-28 23:54:35,524 | INFO | Top-5 | net=102.65% | 0050=39.97% | EW=32.59% | alpha=62.68% | turn=66.99%
2026-08-28 23:54:35,568 | INFO | Top-10 | net=50.87% | 0050=39.97% | EW=32.59% | alpha=10.90% | turn=60.20%
2026-08-28 23:54:35,615 | INFO | Top-15 | net=42.34% | 0050=39.97% | EW=32.59% | alpha=2.37% | turn=54.83%
2026-08-28 23:54:35,656 | INFO | Top-20 | net=37.04% | 0050=39.97% | EW=32.59% | alpha=-2.93% | turn=49.09%
2026-08-28 23:54:35,716 | INFO | ================================================================================
2026-08-28 23:54:35,717 | INFO | YEAR 2021 | train=92,340 valid=11,700 test=12,150
2026-08-28 23:54:39,340 | INFO | epoch=001 rankloss=0.800211 validIC=0.07880
2026-08-28 23:54:40,148 | INFO | epoch=005 rankloss=0.691716 validIC=0.07898
2026-08-28 23:54:41,129 | INFO | epoch=010 rankloss=0.690017 validIC=0.08120
2026-08-28 23:54:42,125 | INFO | epoch=015 rankloss=0.688340 validIC=0.05114
2026-08-28 23:54:43,138 | INFO | epoch=020 rankloss=0.686407 validIC=0.08396
2026-08-28 23:54:44,093 | INFO | epoch=025 rankloss=0.684175 validIC=0.07607
2026-08-28 23:54:45,102 | INFO | epoch=030 rankloss=0.680765 validIC=0.06238
2026-08-28 23:54:46,036 | INFO | epoch=035 rankloss=0.675611 validIC=0.04119
2026-08-28 23:54:46,968 | INFO | epoch=040 rankloss=0.669612 validIC=0.01832
2026-08-28 23:54:47,905 | INFO | epoch=045 rankloss=0.659596 validIC=0.02432
2026-08-28 23:54:48,883 | INFO | epoch=050 rankloss=0.645319 validIC=0.03916
2026-08-28 23:54:49,840 | INFO | epoch=055 rankloss=0.629547 validIC=0.02898
2026-08-28 23:54:50,776 | INFO | epoch=060 rankloss=0.612755 validIC=0.05016
2026-08-28 23:54:50,776 | INFO | early stop @ 60, best=20, best_valid_ic=0.08396
2026-08-28 23:54:51,077 | INFO | TEST IC=0.04278 | median=0.04134 | IC>0=58.02% | spread=1.3878%
2026-08-28 23:54:51,118 | INFO | Top-3 | net=62.72% | 0050=23.35% | EW=42.85% | alpha=39.37% | turn=67.81%
2026-08-28 23:54:51,159 | INFO | Top-5 | net=57.36% | 0050=23.35% | EW=42.85% | alpha=34.01% | turn=67.73%
2026-08-28 23:54:51,201 | INFO | Top-10 | net=55.94% | 0050=23.35% | EW=42.85% | alpha=32.59% | turn=62.78%
2026-08-28 23:54:51,242 | INFO | Top-15 | net=58.49% | 0050=23.35% | EW=42.85% | alpha=35.14% | turn=56.19%
2026-08-28 23:54:51,283 | INFO | Top-20 | net=52.16% | 0050=23.35% | EW=42.85% | alpha=28.81% | turn=48.35%
2026-08-28 23:54:51,364 | INFO | ================================================================================
2026-08-28 23:54:51,365 | INFO | YEAR 2022 | train=104,590 valid=11,600 test=12,300
2026-08-28 23:54:55,416 | INFO | epoch=001 rankloss=0.766131 validIC=0.00296
2026-08-28 23:54:56,296 | INFO | epoch=005 rankloss=0.690927 validIC=0.05231
2026-08-28 23:54:57,309 | INFO | epoch=010 rankloss=0.689073 validIC=0.06085
2026-08-28 23:54:58,284 | INFO | epoch=015 rankloss=0.687270 validIC=0.05450
2026-08-28 23:54:59,269 | INFO | epoch=020 rankloss=0.684638 validIC=0.07363
2026-08-28 23:55:00,273 | INFO | epoch=025 rankloss=0.681828 validIC=0.07626
2026-08-28 23:55:01,281 | INFO | epoch=030 rankloss=0.676285 validIC=0.05170
2026-08-28 23:55:02,312 | INFO | epoch=035 rankloss=0.671078 validIC=0.05297
2026-08-28 23:55:03,384 | INFO | epoch=040 rankloss=0.660203 validIC=0.04862
2026-08-28 23:55:04,455 | INFO | epoch=045 rankloss=0.647986 validIC=0.02362
2026-08-28 23:55:05,498 | INFO | epoch=050 rankloss=0.631932 validIC=0.01651
2026-08-28 23:55:06,514 | INFO | epoch=055 rankloss=0.615544 validIC=0.01849
2026-08-28 23:55:07,563 | INFO | epoch=060 rankloss=0.595973 validIC=0.01570
2026-08-28 23:55:08,588 | INFO | epoch=065 rankloss=0.580371 validIC=0.01765
2026-08-28 23:55:08,589 | INFO | early stop @ 65, best=25, best_valid_ic=0.07626
2026-08-28 23:55:08,865 | INFO | TEST IC=0.03548 | median=0.03184 | IC>0=56.10% | spread=0.7574%
2026-08-28 23:55:08,905 | INFO | Top-3 | net=1.13% | 0050=-18.34% | EW=-7.05% | alpha=19.47% | turn=83.71%
2026-08-28 23:55:08,945 | INFO | Top-5 | net=-16.24% | 0050=-18.34% | EW=-7.05% | alpha=2.10% | turn=81.04%
2026-08-28 23:55:08,984 | INFO | Top-10 | net=-16.00% | 0050=-18.34% | EW=-7.05% | alpha=2.35% | turn=68.54%
2026-08-28 23:55:09,024 | INFO | Top-15 | net=-11.15% | 0050=-18.34% | EW=-7.05% | alpha=7.20% | turn=65.47%
2026-08-28 23:55:09,064 | INFO | Top-20 | net=-9.47% | 0050=-18.34% | EW=-7.05% | alpha=8.88% | turn=57.27%
2026-08-28 23:55:09,159 | INFO | ================================================================================
2026-08-28 23:55:09,159 | INFO | YEAR 2023 | train=116,740 valid=11,750 test=11,950
2026-08-28 23:55:14,142 | INFO | epoch=001 rankloss=0.731499 validIC=-0.00236
2026-08-28 23:55:15,055 | INFO | epoch=005 rankloss=0.690552 validIC=0.05557
2026-08-28 23:55:16,171 | INFO | epoch=010 rankloss=0.688034 validIC=0.06329
2026-08-28 23:55:17,283 | INFO | epoch=015 rankloss=0.685388 validIC=0.03513
2026-08-28 23:55:18,300 | INFO | epoch=020 rankloss=0.681619 validIC=0.02389
2026-08-28 23:55:19,435 | INFO | epoch=025 rankloss=0.676627 validIC=0.04338
2026-08-28 23:55:20,494 | INFO | epoch=030 rankloss=0.669934 validIC=0.02282
2026-08-28 23:55:21,661 | INFO | epoch=035 rankloss=0.661233 validIC=0.03078
2026-08-28 23:55:22,722 | INFO | epoch=040 rankloss=0.647762 validIC=0.02190
2026-08-28 23:55:23,872 | INFO | epoch=045 rankloss=0.633463 validIC=0.03684
2026-08-28 23:55:24,879 | INFO | epoch=050 rankloss=0.615602 validIC=0.02786
2026-08-28 23:55:24,880 | INFO | early stop @ 50, best=10, best_valid_ic=0.06329
2026-08-28 23:55:25,144 | INFO | TEST IC=-0.01725 | median=-0.02463 | IC>0=43.93% | spread=-0.3814%
2026-08-28 23:55:25,184 | INFO | Top-3 | net=16.54% | 0050=24.67% | EW=33.12% | alpha=-8.13% | turn=85.45%
2026-08-28 23:55:25,224 | INFO | Top-5 | net=37.71% | 0050=24.67% | EW=33.12% | alpha=13.04% | turn=73.24%
2026-08-28 23:55:25,263 | INFO | Top-10 | net=17.96% | 0050=24.67% | EW=33.12% | alpha=-6.71% | turn=59.46%
2026-08-28 23:55:25,302 | INFO | Top-15 | net=20.16% | 0050=24.67% | EW=33.12% | alpha=-4.52% | turn=50.83%
2026-08-28 23:55:25,342 | INFO | Top-20 | net=18.74% | 0050=24.67% | EW=33.12% | alpha=-5.93% | turn=44.83%
2026-08-28 23:55:25,492 | INFO | ================================================================================
2026-08-28 23:55:25,492 | INFO | YEAR 2024 | train=129,040 valid=11,400 test=12,100
2026-08-28 23:55:30,569 | INFO | epoch=001 rankloss=0.765400 validIC=-0.00648
2026-08-28 23:55:31,563 | INFO | epoch=005 rankloss=0.690818 validIC=0.01546
2026-08-28 23:55:32,659 | INFO | epoch=010 rankloss=0.688359 validIC=0.03942
2026-08-28 23:55:33,824 | INFO | epoch=015 rankloss=0.686424 validIC=0.02013
2026-08-28 23:55:34,965 | INFO | epoch=020 rankloss=0.683863 validIC=0.01601
2026-08-28 23:55:36,082 | INFO | epoch=025 rankloss=0.680080 validIC=0.01042
2026-08-28 23:55:37,262 | INFO | epoch=030 rankloss=0.675404 validIC=0.01129
2026-08-28 23:55:38,403 | INFO | epoch=035 rankloss=0.668494 validIC=0.03630
2026-08-28 23:55:39,564 | INFO | epoch=040 rankloss=0.660308 validIC=0.04099
2026-08-28 23:55:40,662 | INFO | epoch=045 rankloss=0.648105 validIC=0.04305
2026-08-28 23:55:41,871 | INFO | epoch=050 rankloss=0.632849 validIC=0.02138
2026-08-28 23:55:42,977 | INFO | epoch=055 rankloss=0.617346 validIC=0.01728
2026-08-28 23:55:44,013 | INFO | epoch=060 rankloss=0.601783 validIC=0.02951
2026-08-28 23:55:45,084 | INFO | epoch=065 rankloss=0.586625 validIC=0.03479
2026-08-28 23:55:46,132 | INFO | epoch=070 rankloss=0.572305 validIC=0.02970
2026-08-28 23:55:47,179 | INFO | epoch=075 rankloss=0.560313 validIC=0.02483
2026-08-28 23:55:48,254 | INFO | epoch=080 rankloss=0.549162 validIC=0.02760
2026-08-28 23:55:49,439 | INFO | epoch=085 rankloss=0.537572 validIC=0.03435
2026-08-28 23:55:49,439 | INFO | early stop @ 85, best=45, best_valid_ic=0.04305
2026-08-28 23:55:49,744 | INFO | TEST IC=-0.00615 | median=-0.02363 | IC>0=45.87% | spread=-0.3370%
2026-08-28 23:55:49,786 | INFO | Top-3 | net=14.34% | 0050=50.78% | EW=11.00% | alpha=-36.44% | turn=86.29%
2026-08-28 23:55:49,826 | INFO | Top-5 | net=23.50% | 0050=50.78% | EW=11.00% | alpha=-27.28% | turn=86.43%
2026-08-28 23:55:49,866 | INFO | Top-10 | net=27.31% | 0050=50.78% | EW=11.00% | alpha=-23.47% | turn=74.59%
2026-08-28 23:55:49,907 | INFO | Top-15 | net=14.78% | 0050=50.78% | EW=11.00% | alpha=-36.00% | turn=66.47%
2026-08-28 23:55:49,947 | INFO | Top-20 | net=10.41% | 0050=50.78% | EW=11.00% | alpha=-40.37% | turn=59.06%
2026-08-28 23:55:50,111 | INFO | ================================================================================
2026-08-28 23:55:50,111 | INFO | YEAR 2025 | train=140,990 valid=11,550 test=12,100
2026-08-28 23:55:55,606 | INFO | epoch=001 rankloss=0.727781 validIC=0.04296
2026-08-28 23:55:56,643 | INFO | epoch=005 rankloss=0.690535 validIC=-0.01530
2026-08-28 23:55:57,841 | INFO | epoch=010 rankloss=0.687901 validIC=0.00633
2026-08-28 23:55:59,059 | INFO | epoch=015 rankloss=0.685618 validIC=-0.01453
2026-08-28 23:56:00,261 | INFO | epoch=020 rankloss=0.682076 validIC=-0.02015
2026-08-28 23:56:01,388 | INFO | epoch=025 rankloss=0.677130 validIC=-0.02112
2026-08-28 23:56:02,487 | INFO | epoch=030 rankloss=0.670545 validIC=-0.04677
2026-08-28 23:56:03,579 | INFO | epoch=035 rankloss=0.660326 validIC=0.00273
2026-08-28 23:56:04,666 | INFO | epoch=040 rankloss=0.647930 validIC=-0.01152
2026-08-28 23:56:04,667 | INFO | early stop @ 40, best=1, best_valid_ic=0.04296
2026-08-28 23:56:04,938 | INFO | TEST IC=0.09126 | median=0.10175 | IC>0=70.25% | spread=1.4854%
2026-08-28 23:56:04,979 | INFO | Top-3 | net=132.99% | 0050=47.31% | EW=28.81% | alpha=85.68% | turn=77.30%
2026-08-28 23:56:05,019 | INFO | Top-5 | net=76.75% | 0050=47.31% | EW=28.81% | alpha=29.44% | turn=79.20%
2026-08-28 23:56:05,059 | INFO | Top-10 | net=46.92% | 0050=47.31% | EW=28.81% | alpha=-0.39% | turn=69.88%
2026-08-28 23:56:05,099 | INFO | Top-15 | net=42.95% | 0050=47.31% | EW=28.81% | alpha=-4.36% | turn=61.13%
2026-08-28 23:56:05,140 | INFO | Top-20 | net=45.46% | 0050=47.31% | EW=28.81% | alpha=-1.85% | turn=52.80%
2026-08-28 23:56:05,308 | INFO | ================================================================================
2026-08-28 23:56:05,308 | INFO | YEAR 2026 | train=153,090 valid=11,550 test=7,350
2026-08-28 23:56:11,314 | INFO | epoch=001 rankloss=0.769746 validIC=0.05408
2026-08-28 23:56:12,314 | INFO | epoch=005 rankloss=0.691433 validIC=0.13193
2026-08-28 23:56:13,614 | INFO | epoch=010 rankloss=0.689453 validIC=0.10903
2026-08-28 23:56:14,919 | INFO | epoch=015 rankloss=0.687602 validIC=0.07750
2026-08-28 23:56:16,191 | INFO | epoch=020 rankloss=0.685999 validIC=0.07784
2026-08-28 23:56:17,478 | INFO | epoch=025 rankloss=0.682421 validIC=0.06721
2026-08-28 23:56:18,787 | INFO | epoch=030 rankloss=0.678381 validIC=0.08618
2026-08-28 23:56:19,967 | INFO | epoch=035 rankloss=0.673197 validIC=0.06687
2026-08-28 23:56:21,153 | INFO | epoch=040 rankloss=0.665569 validIC=0.06997
2026-08-28 23:56:22,339 | INFO | epoch=045 rankloss=0.656188 validIC=0.02562
2026-08-28 23:56:22,339 | INFO | early stop @ 45, best=5, best_valid_ic=0.13193
2026-08-28 23:56:22,507 | INFO | TEST IC=0.05549 | median=0.02569 | IC>0=54.42% | spread=3.0674%
2026-08-28 23:56:22,534 | INFO | Top-3 | net=93.76% | 0050=54.39% | EW=54.13% | alpha=39.37% | turn=79.74%
2026-08-28 23:56:22,559 | INFO | Top-5 | net=112.29% | 0050=54.39% | EW=54.13% | alpha=57.89% | turn=72.00%
2026-08-28 23:56:22,584 | INFO | Top-10 | net=97.59% | 0050=54.39% | EW=54.13% | alpha=43.20% | turn=67.56%
2026-08-28 23:56:22,609 | INFO | Top-15 | net=77.57% | 0050=54.39% | EW=54.13% | alpha=23.18% | turn=60.10%
2026-08-28 23:56:22,635 | INFO | Top-20 | net=70.96% | 0050=54.39% | EW=54.13% | alpha=16.57% | turn=52.41%
2026-08-28 23:56:22,756 | INFO | ================================================================================
2026-08-28 23:56:22,756 | INFO | FINAL SUMMARY
2026-08-28 23:56:22,756 | INFO | ================================================================================
2026-08-28 23:56:22,760 | INFO | 
   model  seed  top_k  mean_ic  median_year_ic  mean_spread  positive_alpha_years  years  mean_alpha_vs_0050  mean_alpha_vs_equal_weight  median_alpha_vs_0050  mean_turnover  mean_active_sharpe  mean_best_epoch  mean_valid_ic
mlp_rank  9999      3 0.036389        0.042776     0.009375                     7      9            0.242884                    0.257810              0.351472       0.780150            0.699502        19.555556       0.066593
mlp_rank  9999      5 0.036389        0.042776     0.009375                     8      9            0.230536                    0.245461              0.234972       0.739815            0.749732        19.555556       0.066593
mlp_rank  9999     10 0.036389        0.042776     0.009375                     6      9            0.084288                    0.099214              0.051657       0.651472            0.376745        19.555556       0.066593
mlp_rank  9999     15 0.036389        0.042776     0.009375                     6      9            0.047551                    0.062477              0.023752       0.585194            0.257891        19.555556       0.066593
mlp_rank  9999     20 0.036389        0.042776     0.009375                     5      9            0.022671                    0.037596              0.002308       0.509436            0.168335        19.555556       0.066593
2026-08-28 23:56:22,760 | INFO | SAVED: runs/v4_h10_mlp_rank_seed9999_20260828_235351
