2026-08-28 21:28:34,571 | INFO | Dataset rows: 173,340
2026-08-28 21:28:34,577 | INFO | Stocks: 50
2026-08-28 21:28:34,578 | INFO | Dates: 2012-04-06 00:00:00 -> 2026-08-20 00:00:00
2026-08-28 21:28:34,599 | INFO | ======================================================================
2026-08-28 21:28:34,599 | INFO | YEAR 2018
2026-08-28 21:28:34,599 | INFO | Train: 68,320
2026-08-28 21:28:34,599 | INFO | Test: 12,226
2026-08-28 21:28:34,899 | INFO | Mean IC: 0.0303
2026-08-28 21:28:34,899 | INFO | IC > 0 days: 57.14%
2026-08-28 21:28:34,899 | INFO | Strategy: -25.01%
2026-08-28 21:28:34,899 | INFO | 0050: -7.98%
2026-08-28 21:28:34,899 | INFO | Alpha: -17.03%
2026-08-28 21:28:34,899 | INFO | Active Sharpe: -0.7010
2026-08-28 21:28:34,913 | INFO | ======================================================================
2026-08-28 21:28:34,913 | INFO | YEAR 2019
2026-08-28 21:28:34,913 | INFO | Train: 80,540
2026-08-28 21:28:34,913 | INFO | Test: 12,050
2026-08-28 21:28:35,209 | INFO | Mean IC: 0.0479
2026-08-28 21:28:35,209 | INFO | IC > 0 days: 62.66%
2026-08-28 21:28:35,209 | INFO | Strategy: 18.66%
2026-08-28 21:28:35,209 | INFO | 0050: 35.68%
2026-08-28 21:28:35,209 | INFO | Alpha: -17.02%
2026-08-28 21:28:35,210 | INFO | Active Sharpe: -0.8294
2026-08-28 21:28:35,226 | INFO | ======================================================================
2026-08-28 21:28:35,226 | INFO | YEAR 2020
2026-08-28 21:28:35,226 | INFO | Train: 92,590
2026-08-28 21:28:35,226 | INFO | Test: 12,250
2026-08-28 21:28:35,523 | INFO | Mean IC: 0.0577
2026-08-28 21:28:35,523 | INFO | IC > 0 days: 61.22%
2026-08-28 21:28:35,523 | INFO | Strategy: -6.19%
2026-08-28 21:28:35,523 | INFO | 0050: 31.40%
2026-08-28 21:28:35,523 | INFO | Alpha: -37.59%
2026-08-28 21:28:35,524 | INFO | Active Sharpe: -1.0114
2026-08-28 21:28:35,539 | INFO | ======================================================================
2026-08-28 21:28:35,539 | INFO | YEAR 2021
2026-08-28 21:28:35,539 | INFO | Train: 104,840
2026-08-28 21:28:35,539 | INFO | Test: 12,150
2026-08-28 21:28:35,843 | INFO | Mean IC: 0.0167
2026-08-28 21:28:35,844 | INFO | IC > 0 days: 55.14%
2026-08-28 21:28:35,844 | INFO | Strategy: 24.18%
2026-08-28 21:28:35,844 | INFO | 0050: 22.32%
2026-08-28 21:28:35,844 | INFO | Alpha: 1.86%
2026-08-28 21:28:35,844 | INFO | Active Sharpe: 0.2615
2026-08-28 21:28:35,865 | INFO | ======================================================================
2026-08-28 21:28:35,865 | INFO | YEAR 2022
2026-08-28 21:28:35,865 | INFO | Train: 116,990
2026-08-28 21:28:35,866 | INFO | Test: 12,300
2026-08-28 21:28:36,172 | INFO | Mean IC: -0.0364
2026-08-28 21:28:36,172 | INFO | IC > 0 days: 41.46%
2026-08-28 21:28:36,172 | INFO | Strategy: -37.10%
2026-08-28 21:28:36,172 | INFO | 0050: -18.34%
2026-08-28 21:28:36,172 | INFO | Alpha: -18.76%
2026-08-28 21:28:36,172 | INFO | Active Sharpe: -0.9451
2026-08-28 21:28:36,190 | INFO | ======================================================================
2026-08-28 21:28:36,190 | INFO | YEAR 2023
2026-08-28 21:28:36,190 | INFO | Train: 129,290
2026-08-28 21:28:36,190 | INFO | Test: 11,950
2026-08-28 21:28:36,492 | INFO | Mean IC: 0.0533
2026-08-28 21:28:36,493 | INFO | IC > 0 days: 57.32%
2026-08-28 21:28:36,493 | INFO | Strategy: 59.59%
2026-08-28 21:28:36,493 | INFO | 0050: 24.67%
2026-08-28 21:28:36,493 | INFO | Alpha: 34.92%
2026-08-28 21:28:36,493 | INFO | Active Sharpe: 0.8141
2026-08-28 21:28:36,517 | INFO | ======================================================================
2026-08-28 21:28:36,517 | INFO | YEAR 2024
2026-08-28 21:28:36,518 | INFO | Train: 141,240
2026-08-28 21:28:36,518 | INFO | Test: 12,100
2026-08-28 21:28:36,827 | INFO | Mean IC: 0.0585
2026-08-28 21:28:36,827 | INFO | IC > 0 days: 59.92%
2026-08-28 21:28:36,827 | INFO | Strategy: -7.27%
2026-08-28 21:28:36,827 | INFO | 0050: 55.90%
2026-08-28 21:28:36,828 | INFO | Alpha: -63.16%
2026-08-28 21:28:36,828 | INFO | Active Sharpe: -2.4961
2026-08-28 21:28:36,848 | INFO | ======================================================================
2026-08-28 21:28:36,848 | INFO | YEAR 2025
2026-08-28 21:28:36,848 | INFO | Train: 153,340
2026-08-28 21:28:36,848 | INFO | Test: 12,100
2026-08-28 21:28:37,162 | INFO | Mean IC: 0.0923
2026-08-28 21:28:37,162 | INFO | IC > 0 days: 61.57%
2026-08-28 21:28:37,162 | INFO | Strategy: 70.57%
2026-08-28 21:28:37,162 | INFO | 0050: 45.12%
2026-08-28 21:28:37,162 | INFO | Alpha: 25.45%
2026-08-28 21:28:37,162 | INFO | Active Sharpe: 0.7589
2026-08-28 21:28:37,183 | INFO | ======================================================================
2026-08-28 21:28:37,183 | INFO | YEAR 2026
2026-08-28 21:28:37,183 | INFO | Train: 165,440
2026-08-28 21:28:37,183 | INFO | Test: 7,600
2026-08-28 21:28:37,405 | INFO | Mean IC: 0.0627
2026-08-28 21:28:37,405 | INFO | IC > 0 days: 57.24%
2026-08-28 21:28:37,405 | INFO | Strategy: 66.01%
2026-08-28 21:28:37,405 | INFO | 0050: 55.96%
2026-08-28 21:28:37,405 | INFO | Alpha: 10.05%
2026-08-28 21:28:37,405 | INFO | Active Sharpe: 0.5834
2026-08-28 21:28:37,757 | INFO | ======================================================================
2026-08-28 21:28:37,757 | INFO | FINAL SUMMARY
2026-08-28 21:28:37,757 | INFO | ======================================================================
2026-08-28 21:28:37,758 | INFO | Mean yearly IC: 0.0426
2026-08-28 21:28:37,758 | INFO | Positive alpha years: 4/9
2026-08-28 21:28:37,758 | INFO | Total Strategy Return: 173.26%
2026-08-28 21:28:37,758 | INFO | Total Benchmark Return: 620.89%
2026-08-28 21:28:37,758 | INFO | Run saved to: runs/ridge_top5_20260828_212834
