2026-08-28 22:53:39,499 | INFO | Rows=173,340, stocks=50, dates=2012-04-06 00:00:00->2026-08-20 00:00:00
2026-08-28 22:53:39,529 | INFO | ================================================================================
2026-08-28 22:53:39,530 | INFO | YEAR 2018 | train=56,413 valid=11,613 test=12,226
2026-08-28 22:53:43,551 | INFO | epoch=001 rankloss=0.857515 validIC=0.01453
2026-08-28 22:53:44,165 | INFO | epoch=005 rankloss=0.690791 validIC=0.06246
2026-08-28 22:53:44,887 | INFO | epoch=010 rankloss=0.688707 validIC=0.06219
2026-08-28 22:53:45,605 | INFO | epoch=015 rankloss=0.688582 validIC=0.05898
2026-08-28 22:53:46,308 | INFO | epoch=020 rankloss=0.686557 validIC=0.06087
2026-08-28 22:53:47,020 | INFO | epoch=025 rankloss=0.686147 validIC=0.06076
2026-08-28 22:53:47,726 | INFO | epoch=030 rankloss=0.685112 validIC=0.05360
2026-08-28 22:53:48,424 | INFO | epoch=035 rankloss=0.682824 validIC=0.04849
2026-08-28 22:53:49,125 | INFO | epoch=040 rankloss=0.681129 validIC=0.04174
2026-08-28 22:53:49,829 | INFO | epoch=045 rankloss=0.679014 validIC=0.04839
2026-08-28 22:53:49,830 | INFO | early stop @ 45, best=5, best_valid_ic=0.06246
2026-08-28 22:53:50,110 | INFO | TEST IC=0.06485 | median=0.06872 | IC>0=63.27% | spread=0.4177%
2026-08-28 22:53:50,188 | INFO | Top-3 | net=0.40% | 0050=-7.98% | EW=1.43% | alpha=8.37% | turn=83.33%
2026-08-28 22:53:50,264 | INFO | Top-5 | net=-16.50% | 0050=-7.98% | EW=1.43% | alpha=-8.53% | turn=80.30%
2026-08-28 22:53:50,340 | INFO | Top-10 | net=-14.81% | 0050=-7.98% | EW=1.43% | alpha=-6.83% | turn=69.87%
2026-08-28 22:53:50,373 | INFO | ================================================================================
2026-08-28 22:53:50,374 | INFO | YEAR 2019 | train=68,320 valid=11,926 test=12,050
2026-08-28 22:53:52,893 | INFO | epoch=001 rankloss=0.878721 validIC=-0.01840
2026-08-28 22:53:53,535 | INFO | epoch=005 rankloss=0.691867 validIC=0.07868
2026-08-28 22:53:55,834 | INFO | epoch=010 rankloss=0.689868 validIC=0.06930
2026-08-28 22:53:58,050 | INFO | epoch=015 rankloss=0.688119 validIC=0.06785
2026-08-28 22:54:00,377 | INFO | epoch=020 rankloss=0.686892 validIC=0.07815
2026-08-28 22:54:01,118 | INFO | epoch=025 rankloss=0.685352 validIC=0.07753
2026-08-28 22:54:01,915 | INFO | epoch=030 rankloss=0.684206 validIC=0.06234
2026-08-28 22:54:02,670 | INFO | epoch=035 rankloss=0.681404 validIC=0.07190
2026-08-28 22:54:03,418 | INFO | epoch=040 rankloss=0.678563 validIC=0.06944
2026-08-28 22:54:04,169 | INFO | epoch=045 rankloss=0.673133 validIC=0.04529
2026-08-28 22:54:04,169 | INFO | early stop @ 45, best=5, best_valid_ic=0.07868
2026-08-28 22:54:04,437 | INFO | TEST IC=0.04939 | median=0.04788 | IC>0=61.83% | spread=0.4078%
2026-08-28 22:54:04,514 | INFO | Top-3 | net=23.36% | 0050=35.68% | EW=36.46% | alpha=-12.32% | turn=91.71%
2026-08-28 22:54:04,589 | INFO | Top-5 | net=20.75% | 0050=35.68% | EW=36.46% | alpha=-14.93% | turn=89.01%
2026-08-28 22:54:04,665 | INFO | Top-10 | net=33.14% | 0050=35.68% | EW=36.46% | alpha=-2.55% | turn=71.89%
2026-08-28 22:54:04,701 | INFO | ================================================================================
2026-08-28 22:54:04,701 | INFO | YEAR 2020 | train=80,540 valid=11,750 test=12,250
2026-08-28 22:54:07,679 | INFO | epoch=001 rankloss=0.817397 validIC=0.08231
2026-08-28 22:54:08,352 | INFO | epoch=005 rankloss=0.691043 validIC=0.01842
2026-08-28 22:54:09,137 | INFO | epoch=010 rankloss=0.689394 validIC=0.02176
2026-08-28 22:54:09,930 | INFO | epoch=015 rankloss=0.688274 validIC=0.00545
2026-08-28 22:54:10,719 | INFO | epoch=020 rankloss=0.686970 validIC=0.03935
2026-08-28 22:54:11,520 | INFO | epoch=025 rankloss=0.685105 validIC=0.01733
2026-08-28 22:54:12,311 | INFO | epoch=030 rankloss=0.682901 validIC=0.02948
2026-08-28 22:54:13,110 | INFO | epoch=035 rankloss=0.680164 validIC=0.01698
2026-08-28 22:54:13,935 | INFO | epoch=040 rankloss=0.675045 validIC=0.00241
2026-08-28 22:54:13,936 | INFO | early stop @ 40, best=1, best_valid_ic=0.08231
2026-08-28 22:54:14,239 | INFO | TEST IC=0.07777 | median=0.10492 | IC>0=64.90% | spread=0.9441%
2026-08-28 22:54:14,321 | INFO | Top-3 | net=26.58% | 0050=31.40% | EW=29.48% | alpha=-4.83% | turn=81.68%
2026-08-28 22:54:14,403 | INFO | Top-5 | net=49.70% | 0050=31.40% | EW=29.48% | alpha=18.29% | turn=69.47%
2026-08-28 22:54:14,485 | INFO | Top-10 | net=40.22% | 0050=31.40% | EW=29.48% | alpha=8.82% | turn=57.85%
2026-08-28 22:54:14,526 | INFO | ================================================================================
2026-08-28 22:54:14,526 | INFO | YEAR 2021 | train=92,590 valid=11,950 test=12,150
2026-08-28 22:54:18,205 | INFO | epoch=001 rankloss=0.796268 validIC=0.05194
2026-08-28 22:54:18,933 | INFO | epoch=005 rankloss=0.690894 validIC=0.03604
2026-08-28 22:54:19,793 | INFO | epoch=010 rankloss=0.689742 validIC=0.04481
2026-08-28 22:54:20,657 | INFO | epoch=015 rankloss=0.688213 validIC=0.04573
2026-08-28 22:54:21,491 | INFO | epoch=020 rankloss=0.687006 validIC=0.05226
2026-08-28 22:54:22,387 | INFO | epoch=025 rankloss=0.684998 validIC=0.05356
2026-08-28 22:54:23,227 | INFO | epoch=030 rankloss=0.682884 validIC=0.03387
2026-08-28 22:54:24,068 | INFO | epoch=035 rankloss=0.679771 validIC=0.00471
2026-08-28 22:54:24,904 | INFO | epoch=040 rankloss=0.673260 validIC=0.02811
2026-08-28 22:54:25,796 | INFO | epoch=045 rankloss=0.664941 validIC=0.00752
2026-08-28 22:54:26,652 | INFO | epoch=050 rankloss=0.655438 validIC=0.01897
2026-08-28 22:54:27,478 | INFO | epoch=055 rankloss=0.641144 validIC=0.01967
2026-08-28 22:54:28,361 | INFO | epoch=060 rankloss=0.627433 validIC=0.01281
2026-08-28 22:54:29,252 | INFO | epoch=065 rankloss=0.611527 validIC=0.01154
2026-08-28 22:54:29,253 | INFO | early stop @ 65, best=25, best_valid_ic=0.05356
2026-08-28 22:54:29,547 | INFO | TEST IC=0.05087 | median=0.06228 | IC>0=60.91% | spread=0.5859%
2026-08-28 22:54:29,629 | INFO | Top-3 | net=63.88% | 0050=22.32% | EW=41.56% | alpha=41.56% | turn=70.76%
2026-08-28 22:54:29,711 | INFO | Top-5 | net=31.20% | 0050=22.32% | EW=41.56% | alpha=8.89% | turn=65.31%
2026-08-28 22:54:29,792 | INFO | Top-10 | net=27.09% | 0050=22.32% | EW=41.56% | alpha=4.77% | turn=61.97%
2026-08-28 22:54:29,829 | INFO | ================================================================================
2026-08-28 22:54:29,829 | INFO | YEAR 2022 | train=104,840 valid=11,850 test=12,300
2026-08-28 22:54:34,274 | INFO | epoch=001 rankloss=0.788121 validIC=0.04882
2026-08-28 22:54:35,020 | INFO | epoch=005 rankloss=0.691157 validIC=0.05956
2026-08-28 22:54:35,892 | INFO | epoch=010 rankloss=0.689697 validIC=0.05729
2026-08-28 22:54:36,758 | INFO | epoch=015 rankloss=0.688632 validIC=0.04890
2026-08-28 22:54:37,596 | INFO | epoch=020 rankloss=0.686463 validIC=0.05448
2026-08-28 22:54:38,465 | INFO | epoch=025 rankloss=0.684594 validIC=0.04389
2026-08-28 22:54:39,340 | INFO | epoch=030 rankloss=0.681057 validIC=0.05319
2026-08-28 22:54:40,243 | INFO | epoch=035 rankloss=0.677809 validIC=0.06329
2026-08-28 22:54:41,138 | INFO | epoch=040 rankloss=0.670882 validIC=0.05997
2026-08-28 22:54:42,053 | INFO | epoch=045 rankloss=0.663495 validIC=0.05674
2026-08-28 22:54:42,939 | INFO | epoch=050 rankloss=0.653563 validIC=0.05874
2026-08-28 22:54:43,854 | INFO | epoch=055 rankloss=0.640039 validIC=0.05229
2026-08-28 22:54:44,737 | INFO | epoch=060 rankloss=0.625790 validIC=0.05166
2026-08-28 22:54:45,613 | INFO | epoch=065 rankloss=0.611689 validIC=0.04679
2026-08-28 22:54:46,478 | INFO | epoch=070 rankloss=0.596240 validIC=0.04657
2026-08-28 22:54:47,373 | INFO | epoch=075 rankloss=0.580653 validIC=0.04889
2026-08-28 22:54:47,373 | INFO | early stop @ 75, best=35, best_valid_ic=0.06329
2026-08-28 22:54:47,661 | INFO | TEST IC=0.00595 | median=0.00826 | IC>0=50.81% | spread=0.0101%
2026-08-28 22:54:47,739 | INFO | Top-3 | net=-34.22% | 0050=-18.34% | EW=-7.15% | alpha=-15.88% | turn=85.83%
2026-08-28 22:54:47,815 | INFO | Top-5 | net=-29.29% | 0050=-18.34% | EW=-7.15% | alpha=-10.95% | turn=80.88%
2026-08-28 22:54:47,892 | INFO | Top-10 | net=-25.33% | 0050=-18.34% | EW=-7.15% | alpha=-6.98% | turn=71.81%
2026-08-28 22:54:47,927 | INFO | ================================================================================
2026-08-28 22:54:47,927 | INFO | YEAR 2023 | train=116,990 valid=12,000 test=11,950
2026-08-28 22:54:52,404 | INFO | epoch=001 rankloss=0.778116 validIC=0.03155
2026-08-28 22:54:53,168 | INFO | epoch=005 rankloss=0.691058 validIC=0.01391
2026-08-28 22:54:54,089 | INFO | epoch=010 rankloss=0.689528 validIC=0.00793
2026-08-28 22:54:55,007 | INFO | epoch=015 rankloss=0.687760 validIC=0.03086
2026-08-28 22:54:55,909 | INFO | epoch=020 rankloss=0.685556 validIC=0.03730
2026-08-28 22:54:56,863 | INFO | epoch=025 rankloss=0.683932 validIC=0.02246
2026-08-28 22:54:57,763 | INFO | epoch=030 rankloss=0.679987 validIC=0.03430
2026-08-28 22:54:58,670 | INFO | epoch=035 rankloss=0.674594 validIC=0.03549
2026-08-28 22:54:59,588 | INFO | epoch=040 rankloss=0.668082 validIC=0.01890
2026-08-28 22:55:00,532 | INFO | epoch=045 rankloss=0.658476 validIC=0.02248
2026-08-28 22:55:01,466 | INFO | epoch=050 rankloss=0.645887 validIC=0.01654
2026-08-28 22:55:02,421 | INFO | epoch=055 rankloss=0.632349 validIC=0.02770
2026-08-28 22:55:03,361 | INFO | epoch=060 rankloss=0.619120 validIC=0.01291
2026-08-28 22:55:03,361 | INFO | early stop @ 60, best=20, best_valid_ic=0.03730
2026-08-28 22:55:03,624 | INFO | TEST IC=0.03132 | median=0.02838 | IC>0=54.81% | spread=0.0565%
2026-08-28 22:55:03,699 | INFO | Top-3 | net=81.49% | 0050=24.67% | EW=33.05% | alpha=56.82% | turn=90.08%
2026-08-28 22:55:03,773 | INFO | Top-5 | net=59.08% | 0050=24.67% | EW=33.05% | alpha=34.41% | turn=87.05%
2026-08-28 22:55:03,847 | INFO | Top-10 | net=35.74% | 0050=24.67% | EW=33.05% | alpha=11.06% | turn=75.37%
2026-08-28 22:55:03,894 | INFO | ================================================================================
2026-08-28 22:55:03,895 | INFO | YEAR 2024 | train=129,290 valid=11,650 test=12,100
2026-08-28 22:55:08,923 | INFO | epoch=001 rankloss=0.787477 validIC=0.05485
2026-08-28 22:55:09,747 | INFO | epoch=005 rankloss=0.691237 validIC=0.04804
2026-08-28 22:55:10,741 | INFO | epoch=010 rankloss=0.689843 validIC=0.04389
2026-08-28 22:55:11,724 | INFO | epoch=015 rankloss=0.687962 validIC=0.03721
2026-08-28 22:55:12,691 | INFO | epoch=020 rankloss=0.685771 validIC=0.03663
2026-08-28 22:55:13,672 | INFO | epoch=025 rankloss=0.683537 validIC=0.05165
2026-08-28 22:55:14,683 | INFO | epoch=030 rankloss=0.680776 validIC=0.04316
2026-08-28 22:55:15,674 | INFO | epoch=035 rankloss=0.675875 validIC=0.02248
2026-08-28 22:55:16,624 | INFO | epoch=040 rankloss=0.668576 validIC=0.04015
2026-08-28 22:55:16,625 | INFO | early stop @ 40, best=1, best_valid_ic=0.05485
2026-08-28 22:55:16,898 | INFO | TEST IC=-0.00340 | median=0.01215 | IC>0=51.65% | spread=0.1144%
2026-08-28 22:55:16,975 | INFO | Top-3 | net=-15.10% | 0050=55.90% | EW=14.85% | alpha=-71.00% | turn=79.06%
2026-08-28 22:55:17,050 | INFO | Top-5 | net=-0.83% | 0050=55.90% | EW=14.85% | alpha=-56.72% | turn=72.41%
2026-08-28 22:55:17,125 | INFO | Top-10 | net=4.72% | 0050=55.90% | EW=14.85% | alpha=-51.18% | turn=57.33%
2026-08-28 22:55:17,158 | INFO | ================================================================================
2026-08-28 22:55:17,158 | INFO | YEAR 2025 | train=141,240 valid=11,800 test=12,100
2026-08-28 22:55:22,733 | INFO | epoch=001 rankloss=0.778750 validIC=0.07115
2026-08-28 22:55:23,627 | INFO | epoch=005 rankloss=0.691351 validIC=0.00776
2026-08-28 22:55:24,672 | INFO | epoch=010 rankloss=0.689793 validIC=0.02091
2026-08-28 22:55:25,725 | INFO | epoch=015 rankloss=0.688286 validIC=-0.00450
2026-08-28 22:55:26,760 | INFO | epoch=020 rankloss=0.686567 validIC=-0.00480
2026-08-28 22:55:27,798 | INFO | epoch=025 rankloss=0.684362 validIC=-0.00792
2026-08-28 22:55:28,850 | INFO | epoch=030 rankloss=0.681585 validIC=0.01285
2026-08-28 22:55:29,873 | INFO | epoch=035 rankloss=0.676687 validIC=-0.00930
2026-08-28 22:55:30,895 | INFO | epoch=040 rankloss=0.670055 validIC=-0.02636
2026-08-28 22:55:30,896 | INFO | early stop @ 40, best=1, best_valid_ic=0.07115
2026-08-28 22:55:31,162 | INFO | TEST IC=0.05054 | median=0.00233 | IC>0=50.83% | spread=0.0427%
2026-08-28 22:55:31,238 | INFO | Top-3 | net=23.10% | 0050=45.12% | EW=28.26% | alpha=-22.02% | turn=67.80%
2026-08-28 22:55:31,312 | INFO | Top-5 | net=25.68% | 0050=45.12% | EW=28.26% | alpha=-19.44% | turn=65.27%
2026-08-28 22:55:31,387 | INFO | Top-10 | net=17.96% | 0050=45.12% | EW=28.26% | alpha=-27.17% | turn=50.19%
2026-08-28 22:55:31,433 | INFO | ================================================================================
2026-08-28 22:55:31,433 | INFO | YEAR 2026 | train=153,340 valid=11,800 test=7,600
2026-08-28 22:55:37,513 | INFO | epoch=001 rankloss=0.739637 validIC=0.02379
2026-08-28 22:55:38,434 | INFO | epoch=005 rankloss=0.691754 validIC=0.09777
2026-08-28 22:55:39,478 | INFO | epoch=010 rankloss=0.689751 validIC=0.09228
2026-08-28 22:55:40,552 | INFO | epoch=015 rankloss=0.688149 validIC=0.08575
2026-08-28 22:55:41,640 | INFO | epoch=020 rankloss=0.686113 validIC=0.04335
2026-08-28 22:55:42,706 | INFO | epoch=025 rankloss=0.683404 validIC=0.06249
2026-08-28 22:55:43,769 | INFO | epoch=030 rankloss=0.679868 validIC=0.05005
2026-08-28 22:55:44,802 | INFO | epoch=035 rankloss=0.674181 validIC=0.05332
2026-08-28 22:55:45,826 | INFO | epoch=040 rankloss=0.665611 validIC=0.04193
2026-08-28 22:55:46,882 | INFO | epoch=045 rankloss=0.655708 validIC=0.04352
2026-08-28 22:55:46,882 | INFO | early stop @ 45, best=5, best_valid_ic=0.09777
2026-08-28 22:55:47,058 | INFO | TEST IC=0.05841 | median=0.06190 | IC>0=56.58% | spread=1.6918%
2026-08-28 22:55:47,107 | INFO | Top-3 | net=56.71% | 0050=55.96% | EW=57.91% | alpha=0.75% | turn=81.72%
2026-08-28 22:55:47,155 | INFO | Top-5 | net=45.36% | 0050=55.96% | EW=57.91% | alpha=-10.60% | turn=78.48%
2026-08-28 22:55:47,203 | INFO | Top-10 | net=66.38% | 0050=55.96% | EW=57.91% | alpha=10.41% | turn=70.52%
2026-08-28 22:55:47,315 | INFO | ================================================================================
2026-08-28 22:55:47,315 | INFO | FINAL SUMMARY
2026-08-28 22:55:47,315 | INFO | ================================================================================
2026-08-28 22:55:47,319 | INFO | 
   model  seed  top_k  mean_ic  median_year_ic  mean_spread  positive_alpha_years  years  mean_alpha_vs_0050  mean_alpha_vs_equal_weight  median_alpha_vs_0050  mean_turnover  mean_active_sharpe  mean_best_epoch  mean_valid_ic
mlp_rank  9999      3 0.042855         0.05054     0.004745                     4      9           -0.020603                   -0.010724             -0.048254       0.813302           -0.121371        10.888889       0.066819
mlp_rank  9999      5 0.042855         0.05054     0.004745                     3      9           -0.066213                   -0.056335             -0.106016       0.764641           -0.359172        10.888889       0.066819
mlp_rank  9999     10 0.042855         0.05054     0.004745                     4      9           -0.066259                   -0.056380             -0.025459       0.651994           -0.311062        10.888889       0.066819
2026-08-28 22:55:47,319 | INFO | SAVED: runs/v3_mlp_rank_seed9999_20260828_225339
