Yahoo has target before repair: True
TWSE fetch attempt 1/6

===== TWSE 0050 =====
                Volume   Open    High    Low   Close
Date                                                
2026-08-26  88919251.0  104.1  106.05  103.5  105.90
2026-08-27  76015854.0  106.5  107.00  105.9  106.05
2026-08-28  78158934.0  107.1  107.35  106.7  106.95

factor_before: 1.0000000144086771
factor_after : 0.9999999714655651
relative diff: 4.294311236962018e-08

================================================================================
VERIFY 0050.TW 2026-08-27
Open      1.065000e+02
High      1.070000e+02
Low       1.059000e+02
Close     1.060500e+02
Volume    7.601585e+07

0050 2026-08-27 REPAIR: PASS
================================================================================
