
==============================================================================================================
SIGNAL DECAY
==============================================================================================================
 horizon  seeds  ic_mean  ic_median   ic_std   ic_min   ic_max  spread_mean
       1      8 0.039381   0.040095 0.001982 0.036775 0.041719     0.001160
       3      8 0.039011   0.039031 0.001584 0.036727 0.041122     0.003065
       5      8 0.039722   0.040171 0.005140 0.032527 0.047987     0.004712
      10      8 0.036831   0.035551 0.005822 0.029867 0.045817     0.009592
      20      8 0.046351   0.043240 0.010848 0.031366 0.061279     0.017380

==============================================================================================================
PORTFOLIO LEADERBOARD
==============================================================================================================
 horizon  top_k  seeds  ic_mean  ic_median   ic_std   ic_min   ic_max  alpha_mean  alpha_median  active_sharpe_mean  turnover_mean  positive_years_mean
      20      3      8 0.046351   0.043240 0.010848 0.031366 0.061279    0.200569      0.200564            0.337511       0.775825                5.250
      20      5      8 0.046351   0.043240 0.010848 0.031366 0.061279    0.117549      0.124836            0.203220       0.745417                5.500
      20     10      8 0.046351   0.043240 0.010848 0.031366 0.061279    0.073403      0.076423            0.148114       0.657586                5.625
      20     15      8 0.046351   0.043240 0.010848 0.031366 0.061279    0.052208      0.044505            0.135072       0.586157                5.625
      20     20      8 0.046351   0.043240 0.010848 0.031366 0.061279    0.017841      0.005233            0.061369       0.513491                5.500
       5      3      8 0.039722   0.040171 0.005140 0.032527 0.047987   -0.059442     -0.086499           -0.242535       0.827855                3.125
       5      5      8 0.039722   0.040171 0.005140 0.032527 0.047987   -0.060572     -0.080606           -0.328076       0.778426                3.500
       5     10      8 0.039722   0.040171 0.005140 0.032527 0.047987   -0.091999     -0.093573           -0.486718       0.672391                3.125
       5     15      8 0.039722   0.040171 0.005140 0.032527 0.047987   -0.091929     -0.097552           -0.518932       0.585141                3.625
       5     20      8 0.039722   0.040171 0.005140 0.032527 0.047987   -0.100267     -0.102395           -0.633749       0.506335                3.125
       1      3      8 0.039381   0.040095 0.001982 0.036775 0.041719   -0.557542     -0.537049           -2.657795       0.721628                0.250
       1      5      8 0.039381   0.040095 0.001982 0.036775 0.041719   -0.553360     -0.553522           -3.129841       0.665082                0.375
       1     10      8 0.039381   0.040095 0.001982 0.036775 0.041719   -0.549008     -0.548156           -3.968517       0.568497                0.000
       1     20      8 0.039381   0.040095 0.001982 0.036775 0.041719   -0.473167     -0.474445           -4.060477       0.422943                0.000
       1     15      8 0.039381   0.040095 0.001982 0.036775 0.041719   -0.512309     -0.513871           -4.151051       0.492972                0.000
       3      3      8 0.039011   0.039031 0.001584 0.036727 0.041122   -0.133818     -0.122551           -0.603972       0.808044                2.250
       3      5      8 0.039011   0.039031 0.001584 0.036727 0.041122   -0.141850     -0.143140           -0.743907       0.755108                1.750
       3     10      8 0.039011   0.039031 0.001584 0.036727 0.041122   -0.168903     -0.176926           -1.038039       0.650928                1.375
       3     15      8 0.039011   0.039031 0.001584 0.036727 0.041122   -0.160584     -0.151587           -1.068417       0.563591                1.500
       3     20      8 0.039011   0.039031 0.001584 0.036727 0.041122   -0.156658     -0.157913           -1.083373       0.483547                1.375
      10      5      8 0.036831   0.035551 0.005822 0.029867 0.045817    0.217932      0.206633            0.525382       0.739763                6.875
      10      3      8 0.036831   0.035551 0.005822 0.029867 0.045817    0.261229      0.235205            0.501002       0.777688                6.500
      10     10      8 0.036831   0.035551 0.005822 0.029867 0.045817    0.105899      0.104834            0.375361       0.648135                6.625
      10     15      8 0.036831   0.035551 0.005822 0.029867 0.045817    0.051586      0.054051            0.204215       0.566875                6.250
      10     20      8 0.036831   0.035551 0.005822 0.029867 0.045817    0.020679      0.027803            0.087756       0.494812                5.750

Saved:
results/v4_signal_decay.csv
results/v4_multihorizon_leaderboard.csv
results/v4_all_runs.csv
