2026-08-29T16:20:39 | Loading benchmark 0050.TW
2026-08-29T16:20:39 | CACHE    0050.TW
2026-08-29T16:20:39 | [01/50] 2330.TW
2026-08-29T16:20:39 | CACHE    2330.TW
2026-08-29T16:20:39 | OK       2330.TW: 3,511 samples
2026-08-29T16:20:39 | [02/50] 2317.TW
2026-08-29T16:20:39 | CACHE    2317.TW
2026-08-29T16:20:39 | OK       2317.TW: 3,511 samples
2026-08-29T16:20:39 | [03/50] 2454.TW
2026-08-29T16:20:39 | CACHE    2454.TW
2026-08-29T16:20:39 | OK       2454.TW: 3,511 samples
2026-08-29T16:20:39 | [04/50] 2308.TW
2026-08-29T16:20:39 | CACHE    2308.TW
2026-08-29T16:20:39 | OK       2308.TW: 3,511 samples
2026-08-29T16:20:39 | [05/50] 2382.TW
2026-08-29T16:20:39 | CACHE    2382.TW
2026-08-29T16:20:39 | OK       2382.TW: 3,511 samples
2026-08-29T16:20:39 | [06/50] 2412.TW
2026-08-29T16:20:39 | CACHE    2412.TW
2026-08-29T16:20:39 | OK       2412.TW: 3,511 samples
2026-08-29T16:20:39 | [07/50] 2303.TW
2026-08-29T16:20:39 | CACHE    2303.TW
2026-08-29T16:20:39 | OK       2303.TW: 3,511 samples
2026-08-29T16:20:39 | [08/50] 3711.TW
2026-08-29T16:20:39 | CACHE    3711.TW
2026-08-29T16:20:40 | OK       3711.TW: 3,511 samples
2026-08-29T16:20:40 | [09/50] 3034.TW
2026-08-29T16:20:40 | CACHE    3034.TW
2026-08-29T16:20:40 | OK       3034.TW: 3,511 samples
2026-08-29T16:20:40 | [10/50] 2357.TW
2026-08-29T16:20:40 | CACHE    2357.TW
2026-08-29T16:20:40 | OK       2357.TW: 3,511 samples
2026-08-29T16:20:40 | [11/50] 2379.TW
2026-08-29T16:20:40 | CACHE    2379.TW
2026-08-29T16:20:40 | OK       2379.TW: 3,511 samples
2026-08-29T16:20:40 | [12/50] 3231.TW
2026-08-29T16:20:40 | CACHE    3231.TW
2026-08-29T16:20:40 | OK       3231.TW: 3,511 samples
2026-08-29T16:20:40 | [13/50] 6669.TW
2026-08-29T16:20:40 | CACHE    6669.TW
2026-08-29T16:20:40 | OK       6669.TW: 2,073 samples
2026-08-29T16:20:40 | [14/50] 3017.TW
2026-08-29T16:20:40 | CACHE    3017.TW
2026-08-29T16:20:40 | OK       3017.TW: 3,511 samples
2026-08-29T16:20:40 | [15/50] 2327.TW
2026-08-29T16:20:40 | CACHE    2327.TW
2026-08-29T16:20:40 | OK       2327.TW: 3,511 samples
2026-08-29T16:20:40 | [16/50] 2345.TW
2026-08-29T16:20:40 | CACHE    2345.TW
2026-08-29T16:20:40 | OK       2345.TW: 3,511 samples
2026-08-29T16:20:40 | [17/50] 2395.TW
2026-08-29T16:20:40 | CACHE    2395.TW
2026-08-29T16:20:40 | OK       2395.TW: 3,511 samples
2026-08-29T16:20:40 | [18/50] 3008.TW
2026-08-29T16:20:40 | CACHE    3008.TW
2026-08-29T16:20:40 | OK       3008.TW: 3,511 samples
2026-08-29T16:20:40 | [19/50] 2408.TW
2026-08-29T16:20:40 | CACHE    2408.TW
2026-08-29T16:20:40 | OK       2408.TW: 3,511 samples
2026-08-29T16:20:40 | [20/50] 3037.TW
2026-08-29T16:20:40 | CACHE    3037.TW
2026-08-29T16:20:40 | OK       3037.TW: 3,511 samples
2026-08-29T16:20:40 | [21/50] 2002.TW
2026-08-29T16:20:40 | CACHE    2002.TW
2026-08-29T16:20:40 | OK       2002.TW: 3,511 samples
2026-08-29T16:20:40 | [22/50] 1301.TW
2026-08-29T16:20:40 | CACHE    1301.TW
2026-08-29T16:20:40 | OK       1301.TW: 3,511 samples
2026-08-29T16:20:40 | [23/50] 1303.TW
2026-08-29T16:20:40 | CACHE    1303.TW
2026-08-29T16:20:40 | OK       1303.TW: 3,511 samples
2026-08-29T16:20:40 | [24/50] 1326.TW
2026-08-29T16:20:40 | CACHE    1326.TW
2026-08-29T16:20:40 | OK       1326.TW: 3,511 samples
2026-08-29T16:20:40 | [25/50] 1101.TW
2026-08-29T16:20:40 | CACHE    1101.TW
2026-08-29T16:20:40 | OK       1101.TW: 3,511 samples
2026-08-29T16:20:40 | [26/50] 1102.TW
2026-08-29T16:20:40 | CACHE    1102.TW
2026-08-29T16:20:40 | OK       1102.TW: 3,511 samples
2026-08-29T16:20:40 | [27/50] 1216.TW
2026-08-29T16:20:40 | CACHE    1216.TW
2026-08-29T16:20:40 | OK       1216.TW: 3,511 samples
2026-08-29T16:20:40 | [28/50] 2207.TW
2026-08-29T16:20:40 | CACHE    2207.TW
2026-08-29T16:20:40 | OK       2207.TW: 3,511 samples
2026-08-29T16:20:40 | [29/50] 2603.TW
2026-08-29T16:20:40 | CACHE    2603.TW
2026-08-29T16:20:40 | OK       2603.TW: 3,511 samples
2026-08-29T16:20:40 | [30/50] 2609.TW
2026-08-29T16:20:40 | CACHE    2609.TW
2026-08-29T16:20:40 | OK       2609.TW: 3,511 samples
2026-08-29T16:20:40 | [31/50] 2615.TW
2026-08-29T16:20:40 | CACHE    2615.TW
2026-08-29T16:20:40 | OK       2615.TW: 3,511 samples
2026-08-29T16:20:40 | [32/50] 2618.TW
2026-08-29T16:20:40 | CACHE    2618.TW
2026-08-29T16:20:40 | OK       2618.TW: 3,511 samples
2026-08-29T16:20:40 | [33/50] 2880.TW
2026-08-29T16:20:40 | CACHE    2880.TW
2026-08-29T16:20:40 | OK       2880.TW: 3,511 samples
2026-08-29T16:20:40 | [34/50] 2881.TW
2026-08-29T16:20:40 | CACHE    2881.TW
2026-08-29T16:20:40 | OK       2881.TW: 3,511 samples
2026-08-29T16:20:40 | [35/50] 2882.TW
2026-08-29T16:20:40 | CACHE    2882.TW
2026-08-29T16:20:40 | OK       2882.TW: 3,511 samples
2026-08-29T16:20:40 | [36/50] 2883.TW
2026-08-29T16:20:40 | CACHE    2883.TW
2026-08-29T16:20:40 | OK       2883.TW: 3,511 samples
2026-08-29T16:20:40 | [37/50] 2884.TW
2026-08-29T16:20:40 | CACHE    2884.TW
2026-08-29T16:20:40 | OK       2884.TW: 3,511 samples
2026-08-29T16:20:40 | [38/50] 2885.TW
2026-08-29T16:20:40 | CACHE    2885.TW
2026-08-29T16:20:40 | OK       2885.TW: 3,511 samples
2026-08-29T16:20:40 | [39/50] 2886.TW
2026-08-29T16:20:40 | CACHE    2886.TW
2026-08-29T16:20:40 | OK       2886.TW: 3,511 samples
2026-08-29T16:20:40 | [40/50] 2887.TW
2026-08-29T16:20:40 | CACHE    2887.TW
2026-08-29T16:20:40 | OK       2887.TW: 3,511 samples
2026-08-29T16:20:40 | [41/50] 2891.TW
2026-08-29T16:20:40 | CACHE    2891.TW
2026-08-29T16:20:40 | OK       2891.TW: 3,511 samples
2026-08-29T16:20:40 | [42/50] 2892.TW
2026-08-29T16:20:40 | CACHE    2892.TW
2026-08-29T16:20:40 | OK       2892.TW: 3,511 samples
2026-08-29T16:20:40 | [43/50] 5880.TW
2026-08-29T16:20:40 | CACHE    5880.TW
2026-08-29T16:20:40 | OK       5880.TW: 3,511 samples
2026-08-29T16:20:40 | [44/50] 5871.TW
2026-08-29T16:20:40 | CACHE    5871.TW
2026-08-29T16:20:40 | OK       5871.TW: 3,511 samples
2026-08-29T16:20:40 | [45/50] 5876.TW
2026-08-29T16:20:40 | CACHE    5876.TW
2026-08-29T16:20:40 | OK       5876.TW: 2,839 samples
2026-08-29T16:20:40 | [46/50] 2912.TW
2026-08-29T16:20:40 | CACHE    2912.TW
2026-08-29T16:20:40 | OK       2912.TW: 3,511 samples
2026-08-29T16:20:40 | [47/50] 3045.TW
2026-08-29T16:20:40 | CACHE    3045.TW
2026-08-29T16:20:40 | OK       3045.TW: 3,511 samples
2026-08-29T16:20:40 | [48/50] 4904.TW
2026-08-29T16:20:40 | CACHE    4904.TW
2026-08-29T16:20:40 | OK       4904.TW: 3,511 samples
2026-08-29T16:20:40 | [49/50] 1590.TW
2026-08-29T16:20:40 | CACHE    1590.TW
2026-08-29T16:20:40 | OK       1590.TW: 3,511 samples
2026-08-29T16:20:40 | [50/50] 9910.TW
2026-08-29T16:20:40 | CACHE    9910.TW
2026-08-29T16:20:40 | OK       9910.TW: 3,511 samples
2026-08-29T16:20:41 | ======================================================================
2026-08-29T16:20:41 | BUILD COMPLETE
2026-08-29T16:20:41 | ======================================================================
2026-08-29T16:20:41 | Rows     : 173,440
2026-08-29T16:20:41 | Stocks   : 50
2026-08-29T16:20:41 | Failed   : 0
2026-08-29T16:20:41 | Date     : 2012-04-06 00:00:00 -> 2026-08-20 00:00:00
2026-08-29T16:20:41 | Dataset  : data/universe_dataset.parquet
2026-08-29T16:20:41 | Run log  : runs/build_universe_20260829_162039/run.log
