
========================================================================================================================
LOBSTER V5 REALITY CHECK
========================================================================================================================
Common OOS window: 2018-01-02 -> 2026-07-30
Seeds: [1, 7, 42, 123, 2026, 3407, 8765, 9999]
Fee assumptions preserved from v4; slippage stress = 0/5/10/20 bps

TOP ROBUST STRATEGIES @ 10 BPS
       signal  execution_horizon  entry_k  exit_k  strategy_cagr  0050_cagr  ew_net_cagr  active_sharpe  period_max_drawdown  mean_turnover  positive_alpha_years  worst_year  worst_year_alpha
          h20                 20       10      15       0.430863   0.243941     0.248819       0.798544            -0.249023       0.532041                     8        2024         -0.470526
          h20                 20       15      25       0.392611   0.243941     0.248819       0.752315            -0.223397       0.360024                     7        2024         -0.344603
          h20                 20       10      20       0.417016   0.243941     0.248819       0.746033            -0.273275       0.422195                     8        2024         -0.521007
          h10                 10       10      20       0.427841   0.251489     0.251961       0.736667            -0.269794       0.416926                     7        2024         -0.425074
h10_75_h20_25                 10       10      20       0.416700   0.242722     0.243449       0.726232            -0.243573       0.402865                     7        2024         -0.477255
h10_25_h20_75                 10        5      15       0.484540   0.242722     0.243449       0.720509            -0.382848       0.411912                     7        2024         -0.479524
h10_50_h20_50                 10       10      20       0.408485   0.242722     0.243449       0.710339            -0.242483       0.388279                     7        2024         -0.483574
          h20                 20       10      10       0.393183   0.243941     0.248819       0.703354            -0.244433       0.652672                     7        2024         -0.417363
h10_25_h20_75                 10       15      25       0.374054   0.242722     0.243449       0.683779            -0.214354       0.318404                     7        2024         -0.420348
h10_50_h20_50                 10       15      25       0.373140   0.242722     0.243449       0.675961            -0.234804       0.329447                     7        2024         -0.405970
h10_25_h20_75                 10       10      15       0.398189   0.242722     0.243449       0.673495            -0.248077       0.468713                     7        2024         -0.438135
h10_25_h20_75                 10       10      20       0.398018   0.242722     0.243449       0.665932            -0.269370       0.375585                     7        2024         -0.474589
h10_75_h20_25                 10        5      10       0.438377   0.242722     0.243449       0.634503            -0.367259       0.578500                     7        2024         -0.614889
          h20                 20       15      20       0.362116   0.243941     0.248819       0.628834            -0.221302       0.451633                     7        2024         -0.378042
h10_25_h20_75                 10       15      20       0.362033   0.242722     0.243449       0.621668            -0.230290       0.413300                     7        2024         -0.385866
          h20                 20        3      10       0.440236   0.243941     0.248819       0.593245            -0.346284       0.581145                     5        2024         -0.394035
          h20                 20        5      10       0.416118   0.243941     0.248819       0.593018            -0.357318       0.602607                     6        2024         -0.428207
          h10                 10       10      15       0.386257   0.251489     0.251961       0.586507            -0.268813       0.537342                     7        2024         -0.494516
h10_50_h20_50                 10       15      20       0.355040   0.242722     0.243449       0.586488            -0.234556       0.435521                     6        2024         -0.420425
h10_25_h20_75                 10        5      10       0.417312   0.242722     0.243449       0.583500            -0.355468       0.560800                     6        2024         -0.548251

RANDOM BASELINE
 candidate_rank signal  entry_k  exit_k  slippage_bps  trials  model_total_return  random_total_median  random_total_p95  model_total_percentile  model_active_sharpe  random_active_sharpe_p95  model_sharpe_percentile
              1    h20       10      15          10.0    1000           19.984144             2.710104          4.609746                     1.0             0.798544                 -0.128601                      1.0
              2    h20       15      25          10.0    1000           15.669197             3.363093          5.032947                     1.0             0.752315                 -0.091170                      1.0
              3    h20       10      20          10.0    1000           18.320203             2.977857          5.036700                     1.0             0.746033                 -0.063722                      1.0

Saved:
results/v5_fold_metrics.csv
results/v5_portfolio_leaderboard.csv
results/v5_robust_10bps.csv
results/v5_random_baseline.csv
