2026-08-28T21:21:32 | Loading benchmark 0050.TW
2026-08-28T21:21:32 | DOWNLOAD 0050.TW
2026-08-28T21:21:33 | [01/50] 2330.TW
2026-08-28T21:21:33 | DOWNLOAD 2330.TW
2026-08-28T21:21:33 | OK       2330.TW: 3,509 samples
2026-08-28T21:21:33 | [02/50] 2317.TW
2026-08-28T21:21:33 | DOWNLOAD 2317.TW
2026-08-28T21:21:34 | OK       2317.TW: 3,509 samples
2026-08-28T21:21:34 | [03/50] 2454.TW
2026-08-28T21:21:34 | DOWNLOAD 2454.TW
2026-08-28T21:21:35 | OK       2454.TW: 3,509 samples
2026-08-28T21:21:35 | [04/50] 2308.TW
2026-08-28T21:21:35 | DOWNLOAD 2308.TW
2026-08-28T21:21:36 | OK       2308.TW: 3,509 samples
2026-08-28T21:21:36 | [05/50] 2382.TW
2026-08-28T21:21:36 | DOWNLOAD 2382.TW
2026-08-28T21:21:37 | OK       2382.TW: 3,509 samples
2026-08-28T21:21:37 | [06/50] 2412.TW
2026-08-28T21:21:37 | DOWNLOAD 2412.TW
2026-08-28T21:21:37 | OK       2412.TW: 3,509 samples
2026-08-28T21:21:37 | [07/50] 2303.TW
2026-08-28T21:21:37 | DOWNLOAD 2303.TW
2026-08-28T21:21:38 | OK       2303.TW: 3,509 samples
2026-08-28T21:21:38 | [08/50] 3711.TW
2026-08-28T21:21:38 | DOWNLOAD 3711.TW
2026-08-28T21:21:39 | OK       3711.TW: 3,509 samples
2026-08-28T21:21:39 | [09/50] 3034.TW
2026-08-28T21:21:39 | DOWNLOAD 3034.TW
2026-08-28T21:21:39 | OK       3034.TW: 3,509 samples
2026-08-28T21:21:39 | [10/50] 2357.TW
2026-08-28T21:21:39 | DOWNLOAD 2357.TW
2026-08-28T21:21:40 | OK       2357.TW: 3,509 samples
2026-08-28T21:21:40 | [11/50] 2379.TW
2026-08-28T21:21:40 | DOWNLOAD 2379.TW
2026-08-28T21:21:41 | OK       2379.TW: 3,509 samples
2026-08-28T21:21:41 | [12/50] 3231.TW
2026-08-28T21:21:41 | DOWNLOAD 3231.TW
2026-08-28T21:21:41 | OK       3231.TW: 3,509 samples
2026-08-28T21:21:41 | [13/50] 6669.TW
2026-08-28T21:21:41 | DOWNLOAD 6669.TW
2026-08-28T21:21:42 | OK       6669.TW: 2,071 samples
2026-08-28T21:21:42 | [14/50] 3017.TW
2026-08-28T21:21:42 | DOWNLOAD 3017.TW
2026-08-28T21:21:43 | OK       3017.TW: 3,509 samples
2026-08-28T21:21:43 | [15/50] 2327.TW
2026-08-28T21:21:43 | DOWNLOAD 2327.TW
2026-08-28T21:21:44 | OK       2327.TW: 3,509 samples
2026-08-28T21:21:44 | [16/50] 2345.TW
2026-08-28T21:21:44 | DOWNLOAD 2345.TW
2026-08-28T21:21:45 | OK       2345.TW: 3,509 samples
2026-08-28T21:21:45 | [17/50] 2395.TW
2026-08-28T21:21:45 | DOWNLOAD 2395.TW
2026-08-28T21:21:46 | OK       2395.TW: 3,509 samples
2026-08-28T21:21:46 | [18/50] 3008.TW
2026-08-28T21:21:46 | DOWNLOAD 3008.TW
2026-08-28T21:21:46 | OK       3008.TW: 3,509 samples
2026-08-28T21:21:46 | [19/50] 2408.TW
2026-08-28T21:21:46 | DOWNLOAD 2408.TW
2026-08-28T21:21:47 | OK       2408.TW: 3,509 samples
2026-08-28T21:21:47 | [20/50] 3037.TW
2026-08-28T21:21:47 | DOWNLOAD 3037.TW
2026-08-28T21:21:48 | OK       3037.TW: 3,509 samples
2026-08-28T21:21:48 | [21/50] 2002.TW
2026-08-28T21:21:48 | DOWNLOAD 2002.TW
2026-08-28T21:21:48 | OK       2002.TW: 3,509 samples
2026-08-28T21:21:48 | [22/50] 1301.TW
2026-08-28T21:21:48 | DOWNLOAD 1301.TW
2026-08-28T21:21:49 | OK       1301.TW: 3,509 samples
2026-08-28T21:21:49 | [23/50] 1303.TW
2026-08-28T21:21:49 | DOWNLOAD 1303.TW
2026-08-28T21:21:50 | OK       1303.TW: 3,509 samples
2026-08-28T21:21:50 | [24/50] 1326.TW
2026-08-28T21:21:50 | DOWNLOAD 1326.TW
2026-08-28T21:21:50 | OK       1326.TW: 3,509 samples
2026-08-28T21:21:50 | [25/50] 1101.TW
2026-08-28T21:21:50 | DOWNLOAD 1101.TW
2026-08-28T21:21:51 | OK       1101.TW: 3,509 samples
2026-08-28T21:21:51 | [26/50] 1102.TW
2026-08-28T21:21:51 | DOWNLOAD 1102.TW
2026-08-28T21:21:52 | OK       1102.TW: 3,509 samples
2026-08-28T21:21:52 | [27/50] 1216.TW
2026-08-28T21:21:52 | DOWNLOAD 1216.TW
2026-08-28T21:21:53 | OK       1216.TW: 3,509 samples
2026-08-28T21:21:53 | [28/50] 2207.TW
2026-08-28T21:21:53 | DOWNLOAD 2207.TW
2026-08-28T21:21:53 | OK       2207.TW: 3,509 samples
2026-08-28T21:21:53 | [29/50] 2603.TW
2026-08-28T21:21:53 | DOWNLOAD 2603.TW
2026-08-28T21:21:54 | OK       2603.TW: 3,509 samples
2026-08-28T21:21:54 | [30/50] 2609.TW
2026-08-28T21:21:54 | DOWNLOAD 2609.TW
2026-08-28T21:21:55 | OK       2609.TW: 3,509 samples
2026-08-28T21:21:55 | [31/50] 2615.TW
2026-08-28T21:21:55 | DOWNLOAD 2615.TW
2026-08-28T21:21:56 | OK       2615.TW: 3,509 samples
2026-08-28T21:21:56 | [32/50] 2618.TW
2026-08-28T21:21:56 | DOWNLOAD 2618.TW
2026-08-28T21:21:56 | OK       2618.TW: 3,509 samples
2026-08-28T21:21:56 | [33/50] 2880.TW
2026-08-28T21:21:56 | DOWNLOAD 2880.TW
2026-08-28T21:21:57 | OK       2880.TW: 3,509 samples
2026-08-28T21:21:57 | [34/50] 2881.TW
2026-08-28T21:21:57 | DOWNLOAD 2881.TW
2026-08-28T21:21:58 | OK       2881.TW: 3,509 samples
2026-08-28T21:21:58 | [35/50] 2882.TW
2026-08-28T21:21:58 | DOWNLOAD 2882.TW
2026-08-28T21:21:58 | OK       2882.TW: 3,509 samples
2026-08-28T21:21:58 | [36/50] 2883.TW
2026-08-28T21:21:58 | DOWNLOAD 2883.TW
2026-08-28T21:21:59 | OK       2883.TW: 3,509 samples
2026-08-28T21:21:59 | [37/50] 2884.TW
2026-08-28T21:21:59 | DOWNLOAD 2884.TW
2026-08-28T21:22:00 | OK       2884.TW: 3,509 samples
2026-08-28T21:22:00 | [38/50] 2885.TW
2026-08-28T21:22:00 | DOWNLOAD 2885.TW
2026-08-28T21:22:01 | OK       2885.TW: 3,509 samples
2026-08-28T21:22:01 | [39/50] 2886.TW
2026-08-28T21:22:01 | DOWNLOAD 2886.TW
2026-08-28T21:22:01 | OK       2886.TW: 3,509 samples
2026-08-28T21:22:01 | [40/50] 2887.TW
2026-08-28T21:22:01 | DOWNLOAD 2887.TW
2026-08-28T21:22:02 | OK       2887.TW: 3,509 samples
2026-08-28T21:22:02 | [41/50] 2891.TW
2026-08-28T21:22:02 | DOWNLOAD 2891.TW
2026-08-28T21:22:03 | OK       2891.TW: 3,509 samples
2026-08-28T21:22:03 | [42/50] 2892.TW
2026-08-28T21:22:03 | DOWNLOAD 2892.TW
2026-08-28T21:22:04 | OK       2892.TW: 3,509 samples
2026-08-28T21:22:04 | [43/50] 5880.TW
2026-08-28T21:22:04 | DOWNLOAD 5880.TW
2026-08-28T21:22:04 | OK       5880.TW: 3,509 samples
2026-08-28T21:22:04 | [44/50] 5871.TW
2026-08-28T21:22:04 | DOWNLOAD 5871.TW
2026-08-28T21:22:05 | OK       5871.TW: 3,509 samples
2026-08-28T21:22:05 | [45/50] 5876.TW
2026-08-28T21:22:05 | DOWNLOAD 5876.TW
2026-08-28T21:22:06 | OK       5876.TW: 2,837 samples
2026-08-28T21:22:06 | [46/50] 2912.TW
2026-08-28T21:22:06 | DOWNLOAD 2912.TW
2026-08-28T21:22:07 | OK       2912.TW: 3,509 samples
2026-08-28T21:22:07 | [47/50] 3045.TW
2026-08-28T21:22:07 | DOWNLOAD 3045.TW
2026-08-28T21:22:07 | OK       3045.TW: 3,509 samples
2026-08-28T21:22:07 | [48/50] 4904.TW
2026-08-28T21:22:07 | DOWNLOAD 4904.TW
2026-08-28T21:22:08 | OK       4904.TW: 3,509 samples
2026-08-28T21:22:08 | [49/50] 1590.TW
2026-08-28T21:22:08 | DOWNLOAD 1590.TW
2026-08-28T21:22:09 | OK       1590.TW: 3,509 samples
2026-08-28T21:22:09 | [50/50] 9910.TW
2026-08-28T21:22:09 | DOWNLOAD 9910.TW
2026-08-28T21:22:10 | OK       9910.TW: 3,509 samples
2026-08-28T21:22:10 | ======================================================================
2026-08-28T21:22:10 | BUILD COMPLETE
2026-08-28T21:22:10 | ======================================================================
2026-08-28T21:22:10 | Rows     : 173,340
2026-08-28T21:22:10 | Stocks   : 50
2026-08-28T21:22:10 | Failed   : 0
2026-08-28T21:22:10 | Date     : 2012-04-06 00:00:00 -> 2026-08-20 00:00:00
2026-08-28T21:22:10 | Dataset  : data/universe_dataset.parquet
2026-08-28T21:22:10 | Run log  : runs/build_universe_20260828_212132/run.log
