2026-08-28 21:31:22,238 | INFO | Dataset rows: 173,340
2026-08-28 21:31:22,244 | INFO | Stocks: 50
2026-08-28 21:31:22,245 | INFO | Dates: 2012-04-06 00:00:00 -> 2026-08-20 00:00:00
2026-08-28 21:31:22,265 | INFO | ======================================================================
2026-08-28 21:31:22,266 | INFO | YEAR 2018
2026-08-28 21:31:22,266 | INFO | Train: 68,320
2026-08-28 21:31:22,266 | INFO | Test: 12,226
2026-08-28 21:31:23,479 | INFO | Mean IC: 0.0453
2026-08-28 21:31:23,479 | INFO | IC > 0 days: 57.96%
2026-08-28 21:31:23,480 | INFO | Strategy: -24.10%
2026-08-28 21:31:23,480 | INFO | 0050: -7.98%
2026-08-28 21:31:23,480 | INFO | Alpha: -16.13%
2026-08-28 21:31:23,480 | INFO | Active Sharpe: -0.5118
2026-08-28 21:31:23,501 | INFO | ======================================================================
2026-08-28 21:31:23,501 | INFO | YEAR 2019
2026-08-28 21:31:23,501 | INFO | Train: 80,540
2026-08-28 21:31:23,501 | INFO | Test: 12,050
2026-08-28 21:31:24,544 | INFO | Mean IC: 0.0419
2026-08-28 21:31:24,544 | INFO | IC > 0 days: 62.66%
2026-08-28 21:31:24,544 | INFO | Strategy: 9.16%
2026-08-28 21:31:24,544 | INFO | 0050: 35.68%
2026-08-28 21:31:24,544 | INFO | Alpha: -26.53%
2026-08-28 21:31:24,544 | INFO | Active Sharpe: -1.2599
2026-08-28 21:31:24,568 | INFO | ======================================================================
2026-08-28 21:31:24,569 | INFO | YEAR 2020
2026-08-28 21:31:24,569 | INFO | Train: 92,590
2026-08-28 21:31:24,569 | INFO | Test: 12,250
2026-08-28 21:31:25,628 | INFO | Mean IC: 0.0182
2026-08-28 21:31:25,628 | INFO | IC > 0 days: 51.84%
2026-08-28 21:31:25,628 | INFO | Strategy: 21.42%
2026-08-28 21:31:25,628 | INFO | 0050: 31.40%
2026-08-28 21:31:25,629 | INFO | Alpha: -9.98%
2026-08-28 21:31:25,629 | INFO | Active Sharpe: -0.1106
2026-08-28 21:31:25,650 | INFO | ======================================================================
2026-08-28 21:31:25,650 | INFO | YEAR 2021
2026-08-28 21:31:25,650 | INFO | Train: 104,840
2026-08-28 21:31:25,650 | INFO | Test: 12,150
2026-08-28 21:31:26,726 | INFO | Mean IC: 0.0288
2026-08-28 21:31:26,726 | INFO | IC > 0 days: 56.38%
2026-08-28 21:31:26,727 | INFO | Strategy: 58.39%
2026-08-28 21:31:26,727 | INFO | 0050: 22.32%
2026-08-28 21:31:26,727 | INFO | Alpha: 36.08%
2026-08-28 21:31:26,727 | INFO | Active Sharpe: 0.8550
2026-08-28 21:31:26,756 | INFO | ======================================================================
2026-08-28 21:31:26,756 | INFO | YEAR 2022
2026-08-28 21:31:26,756 | INFO | Train: 116,990
2026-08-28 21:31:26,756 | INFO | Test: 12,300
2026-08-28 21:31:27,874 | INFO | Mean IC: 0.0026
2026-08-28 21:31:27,874 | INFO | IC > 0 days: 49.19%
2026-08-28 21:31:27,875 | INFO | Strategy: -30.23%
2026-08-28 21:31:27,875 | INFO | 0050: -18.34%
2026-08-28 21:31:27,875 | INFO | Alpha: -11.88%
2026-08-28 21:31:27,875 | INFO | Active Sharpe: -0.6317
2026-08-28 21:31:27,893 | INFO | ======================================================================
2026-08-28 21:31:27,893 | INFO | YEAR 2023
2026-08-28 21:31:27,893 | INFO | Train: 129,290
2026-08-28 21:31:27,893 | INFO | Test: 11,950
2026-08-28 21:31:29,004 | INFO | Mean IC: 0.0177
2026-08-28 21:31:29,005 | INFO | IC > 0 days: 56.49%
2026-08-28 21:31:29,005 | INFO | Strategy: 58.80%
2026-08-28 21:31:29,005 | INFO | 0050: 24.67%
2026-08-28 21:31:29,005 | INFO | Alpha: 34.13%
2026-08-28 21:31:29,005 | INFO | Active Sharpe: 0.9633
2026-08-28 21:31:29,028 | INFO | ======================================================================
2026-08-28 21:31:29,029 | INFO | YEAR 2024
2026-08-28 21:31:29,029 | INFO | Train: 141,240
2026-08-28 21:31:29,029 | INFO | Test: 12,100
2026-08-28 21:31:30,208 | INFO | Mean IC: 0.0243
2026-08-28 21:31:30,209 | INFO | IC > 0 days: 57.44%
2026-08-28 21:31:30,209 | INFO | Strategy: -19.60%
2026-08-28 21:31:30,209 | INFO | 0050: 55.90%
2026-08-28 21:31:30,209 | INFO | Alpha: -75.49%
2026-08-28 21:31:30,209 | INFO | Active Sharpe: -2.9273
2026-08-28 21:31:30,238 | INFO | ======================================================================
2026-08-28 21:31:30,238 | INFO | YEAR 2025
2026-08-28 21:31:30,238 | INFO | Train: 153,340
2026-08-28 21:31:30,238 | INFO | Test: 12,100
2026-08-28 21:31:31,401 | INFO | Mean IC: 0.0574
2026-08-28 21:31:31,401 | INFO | IC > 0 days: 58.26%
2026-08-28 21:31:31,401 | INFO | Strategy: 61.88%
2026-08-28 21:31:31,401 | INFO | 0050: 45.12%
2026-08-28 21:31:31,401 | INFO | Alpha: 16.76%
2026-08-28 21:31:31,401 | INFO | Active Sharpe: 0.5652
2026-08-28 21:31:31,423 | INFO | ======================================================================
2026-08-28 21:31:31,423 | INFO | YEAR 2026
2026-08-28 21:31:31,423 | INFO | Train: 165,440
2026-08-28 21:31:31,423 | INFO | Test: 7,600
2026-08-28 21:31:32,523 | INFO | Mean IC: 0.0156
2026-08-28 21:31:32,523 | INFO | IC > 0 days: 55.26%
2026-08-28 21:31:32,523 | INFO | Strategy: 51.03%
2026-08-28 21:31:32,523 | INFO | 0050: 55.96%
2026-08-28 21:31:32,523 | INFO | Alpha: -4.93%
2026-08-28 21:31:32,523 | INFO | Active Sharpe: 0.1343
2026-08-28 21:31:32,875 | INFO | ======================================================================
2026-08-28 21:31:32,875 | INFO | FINAL SUMMARY
2026-08-28 21:31:32,875 | INFO | ======================================================================
2026-08-28 21:31:32,876 | INFO | Mean yearly IC: 0.0280
2026-08-28 21:31:32,876 | INFO | Positive alpha years: 3/9
2026-08-28 21:31:32,876 | INFO | Total Strategy Return: 247.04%
2026-08-28 21:31:32,876 | INFO | Total Benchmark Return: 620.89%
2026-08-28 21:31:32,876 | INFO | Run saved to: runs/xgb_gpu0_top5_20260828_213122
