2026-08-28 21:38:19,700 | INFO | Rows: 173,340
2026-08-28 21:38:19,707 | INFO | Stocks: 50
2026-08-28 21:38:19,707 | INFO | Dates: 2012-04-06 00:00:00 -> 2026-08-20 00:00:00
2026-08-28 21:38:19,733 | INFO | ======================================================================
2026-08-28 21:38:19,733 | INFO | YEAR 2018
2026-08-28 21:38:19,733 | INFO | Train: 68,320
2026-08-28 21:38:19,733 | INFO | Test : 12,226
2026-08-28 21:38:21,179 | INFO | Mean IC: 0.0460
2026-08-28 21:38:21,179 | INFO | Median IC: 0.0453
2026-08-28 21:38:21,179 | INFO | IC > 0 days: 59.59%
2026-08-28 21:38:21,179 | INFO | Mean Top-Bottom Spread: 0.3518%
2026-08-28 21:38:21,271 | INFO | Top-3 | Net=-4.28% | 0050=-7.98% | EW=1.43% | Alpha0050=3.69% | Turnover=65.57%
2026-08-28 21:38:21,363 | INFO | Top-5 | Net=-13.68% | 0050=-7.98% | EW=1.43% | Alpha0050=-5.70% | Turnover=64.34%
2026-08-28 21:38:21,454 | INFO | Top-10 | Net=-10.76% | 0050=-7.98% | EW=1.43% | Alpha0050=-2.78% | Turnover=64.33%
2026-08-28 21:38:21,475 | INFO | ======================================================================
2026-08-28 21:38:21,475 | INFO | YEAR 2019
2026-08-28 21:38:21,475 | INFO | Train: 80,540
2026-08-28 21:38:21,475 | INFO | Test : 12,050
2026-08-28 21:38:22,670 | INFO | Mean IC: 0.0293
2026-08-28 21:38:22,670 | INFO | Median IC: 0.0134
2026-08-28 21:38:22,670 | INFO | IC > 0 days: 55.19%
2026-08-28 21:38:22,670 | INFO | Mean Top-Bottom Spread: 0.2561%
2026-08-28 21:38:22,763 | INFO | Top-3 | Net=25.26% | 0050=35.68% | EW=36.46% | Alpha0050=-10.42% | Turnover=82.49%
2026-08-28 21:38:22,854 | INFO | Top-5 | Net=19.75% | 0050=35.68% | EW=36.46% | Alpha0050=-15.93% | Turnover=80.77%
2026-08-28 21:38:22,945 | INFO | Top-10 | Net=15.87% | 0050=35.68% | EW=36.46% | Alpha0050=-19.81% | Turnover=70.54%
2026-08-28 21:38:22,969 | INFO | ======================================================================
2026-08-28 21:38:22,969 | INFO | YEAR 2020
2026-08-28 21:38:22,969 | INFO | Train: 92,590
2026-08-28 21:38:22,969 | INFO | Test : 12,250
2026-08-28 21:38:24,175 | INFO | Mean IC: 0.0196
2026-08-28 21:38:24,175 | INFO | Median IC: 0.0109
2026-08-28 21:38:24,175 | INFO | IC > 0 days: 53.88%
2026-08-28 21:38:24,175 | INFO | Mean Top-Bottom Spread: 0.3403%
2026-08-28 21:38:24,267 | INFO | Top-3 | Net=1.66% | 0050=31.40% | EW=29.48% | Alpha0050=-29.74% | Turnover=71.12%
2026-08-28 21:38:24,360 | INFO | Top-5 | Net=30.33% | 0050=31.40% | EW=29.48% | Alpha0050=-1.07% | Turnover=67.76%
2026-08-28 21:38:24,453 | INFO | Top-10 | Net=16.09% | 0050=31.40% | EW=29.48% | Alpha0050=-15.31% | Turnover=60.89%
2026-08-28 21:38:24,469 | INFO | ======================================================================
2026-08-28 21:38:24,469 | INFO | YEAR 2021
2026-08-28 21:38:24,469 | INFO | Train: 104,840
2026-08-28 21:38:24,469 | INFO | Test : 12,150
2026-08-28 21:38:25,686 | INFO | Mean IC: 0.0296
2026-08-28 21:38:25,686 | INFO | Median IC: 0.0437
2026-08-28 21:38:25,686 | INFO | IC > 0 days: 56.79%
2026-08-28 21:38:25,686 | INFO | Mean Top-Bottom Spread: 0.5571%
2026-08-28 21:38:25,778 | INFO | Top-3 | Net=153.16% | 0050=22.32% | EW=41.56% | Alpha0050=130.84% | Turnover=63.60%
2026-08-28 21:38:25,869 | INFO | Top-5 | Net=95.67% | 0050=22.32% | EW=41.56% | Alpha0050=73.35% | Turnover=65.24%
2026-08-28 21:38:25,961 | INFO | Top-10 | Net=36.25% | 0050=22.32% | EW=41.56% | Alpha0050=13.93% | Turnover=57.69%
2026-08-28 21:38:25,983 | INFO | ======================================================================
2026-08-28 21:38:25,983 | INFO | YEAR 2022
2026-08-28 21:38:25,984 | INFO | Train: 116,990
2026-08-28 21:38:25,984 | INFO | Test : 12,300
2026-08-28 21:38:27,327 | INFO | Mean IC: 0.0033
2026-08-28 21:38:27,328 | INFO | Median IC: -0.0066
2026-08-28 21:38:27,328 | INFO | IC > 0 days: 49.19%
2026-08-28 21:38:27,328 | INFO | Mean Top-Bottom Spread: 0.0400%
2026-08-28 21:38:27,429 | INFO | Top-3 | Net=-14.35% | 0050=-18.34% | EW=-7.15% | Alpha0050=3.99% | Turnover=68.37%
2026-08-28 21:38:27,530 | INFO | Top-5 | Net=-20.66% | 0050=-18.34% | EW=-7.15% | Alpha0050=-2.32% | Turnover=65.32%
2026-08-28 21:38:27,630 | INFO | Top-10 | Net=-18.21% | 0050=-18.34% | EW=-7.15% | Alpha0050=0.14% | Turnover=61.41%
2026-08-28 21:38:27,650 | INFO | ======================================================================
2026-08-28 21:38:27,650 | INFO | YEAR 2023
2026-08-28 21:38:27,650 | INFO | Train: 129,290
2026-08-28 21:38:27,650 | INFO | Test : 11,950
2026-08-28 21:38:28,956 | INFO | Mean IC: 0.0222
2026-08-28 21:38:28,956 | INFO | Median IC: 0.0181
2026-08-28 21:38:28,958 | INFO | IC > 0 days: 54.39%
2026-08-28 21:38:28,958 | INFO | Mean Top-Bottom Spread: 0.4190%
2026-08-28 21:38:29,050 | INFO | Top-3 | Net=76.27% | 0050=24.67% | EW=33.05% | Alpha0050=51.60% | Turnover=66.99%
2026-08-28 21:38:29,141 | INFO | Top-5 | Net=81.95% | 0050=24.67% | EW=33.05% | Alpha0050=57.28% | Turnover=60.08%
2026-08-28 21:38:29,233 | INFO | Top-10 | Net=40.75% | 0050=24.67% | EW=33.05% | Alpha0050=16.07% | Turnover=56.11%
2026-08-28 21:38:29,260 | INFO | ======================================================================
2026-08-28 21:38:29,260 | INFO | YEAR 2024
2026-08-28 21:38:29,260 | INFO | Train: 141,240
2026-08-28 21:38:29,260 | INFO | Test : 12,100
2026-08-28 21:38:30,555 | INFO | Mean IC: 0.0296
2026-08-28 21:38:30,556 | INFO | Median IC: 0.0440
2026-08-28 21:38:30,556 | INFO | IC > 0 days: 57.44%
2026-08-28 21:38:30,556 | INFO | Mean Top-Bottom Spread: 0.5017%
2026-08-28 21:38:30,649 | INFO | Top-3 | Net=-21.23% | 0050=55.90% | EW=14.85% | Alpha0050=-77.12% | Turnover=60.42%
2026-08-28 21:38:30,743 | INFO | Top-5 | Net=-15.64% | 0050=55.90% | EW=14.85% | Alpha0050=-71.54% | Turnover=59.12%
2026-08-28 21:38:30,836 | INFO | Top-10 | Net=5.52% | 0050=55.90% | EW=14.85% | Alpha0050=-50.38% | Turnover=55.07%
2026-08-28 21:38:30,857 | INFO | ======================================================================
2026-08-28 21:38:30,858 | INFO | YEAR 2025
2026-08-28 21:38:30,858 | INFO | Train: 153,340
2026-08-28 21:38:30,858 | INFO | Test : 12,100
2026-08-28 21:38:32,178 | INFO | Mean IC: 0.0559
2026-08-28 21:38:32,178 | INFO | Median IC: 0.0442
2026-08-28 21:38:32,178 | INFO | IC > 0 days: 54.96%
2026-08-28 21:38:32,178 | INFO | Mean Top-Bottom Spread: 1.0204%
2026-08-28 21:38:32,271 | INFO | Top-3 | Net=106.92% | 0050=45.12% | EW=28.26% | Alpha0050=61.80% | Turnover=51.00%
2026-08-28 21:38:32,365 | INFO | Top-5 | Net=83.89% | 0050=45.12% | EW=28.26% | Alpha0050=38.77% | Turnover=49.80%
2026-08-28 21:38:32,458 | INFO | Top-10 | Net=70.98% | 0050=45.12% | EW=28.26% | Alpha0050=25.86% | Turnover=52.48%
2026-08-28 21:38:32,480 | INFO | ======================================================================
2026-08-28 21:38:32,480 | INFO | YEAR 2026
2026-08-28 21:38:32,480 | INFO | Train: 165,440
2026-08-28 21:38:32,480 | INFO | Test : 7,600
2026-08-28 21:38:33,740 | INFO | Mean IC: 0.0136
2026-08-28 21:38:33,740 | INFO | Median IC: 0.0121
2026-08-28 21:38:33,740 | INFO | IC > 0 days: 51.97%
2026-08-28 21:38:33,740 | INFO | Mean Top-Bottom Spread: 0.9488%
2026-08-28 21:38:33,800 | INFO | Top-3 | Net=37.62% | 0050=55.96% | EW=57.91% | Alpha0050=-18.34% | Turnover=67.29%
2026-08-28 21:38:33,860 | INFO | Top-5 | Net=59.15% | 0050=55.96% | EW=57.91% | Alpha0050=3.19% | Turnover=63.33%
2026-08-28 21:38:33,920 | INFO | Top-10 | Net=51.50% | 0050=55.96% | EW=57.91% | Alpha0050=-4.47% | Turnover=57.79%
2026-08-28 21:38:34,023 | INFO | ======================================================================
2026-08-28 21:38:34,023 | INFO | FINAL SUMMARY
2026-08-28 21:38:34,023 | INFO | ======================================================================
2026-08-28 21:38:34,026 | INFO | 
model  top_k  mean_ic  mean_top_bottom_spread  positive_alpha_years  years  mean_alpha_vs_0050  mean_alpha_vs_equal_weight  mean_turnover  mean_active_sharpe
  xgb      3 0.027677                0.004928                     5      9            0.129227                    0.139105       0.663165            0.178412
  xgb      5 0.027677                0.004928                     4      9            0.084477                    0.094355       0.639729            0.098855
  xgb     10 0.027677                0.004928                     4      9           -0.040834                   -0.030955       0.595900           -0.267662
2026-08-28 21:38:34,405 | INFO | Saved: runs/v2_xgb_gpu0_20260828_213819
