2026-08-28 23:56:15,182 | INFO | Rows=172,590, stocks=50, dates=2012-04-06 00:00:00->2026-07-30 00:00:00
2026-08-28 23:56:15,243 | INFO | ================================================================================
2026-08-28 23:56:15,243 | INFO | YEAR 2018 | train=55,678 valid=10,878 test=12,226
2026-08-28 23:56:19,303 | INFO | epoch=001 rankloss=0.786834 validIC=0.00390
2026-08-28 23:56:19,989 | INFO | epoch=005 rankloss=0.689160 validIC=0.03378
2026-08-28 23:56:20,877 | INFO | epoch=010 rankloss=0.685370 validIC=0.03499
2026-08-28 23:56:21,745 | INFO | epoch=015 rankloss=0.682427 validIC=0.04756
2026-08-28 23:56:22,566 | INFO | epoch=020 rankloss=0.678468 validIC=0.01945
2026-08-28 23:56:23,405 | INFO | epoch=025 rankloss=0.674209 validIC=0.01428
2026-08-28 23:56:24,260 | INFO | epoch=030 rankloss=0.667307 validIC=0.02352
2026-08-28 23:56:25,099 | INFO | epoch=035 rankloss=0.658627 validIC=0.02183
2026-08-28 23:56:25,915 | INFO | epoch=040 rankloss=0.646349 validIC=0.01597
2026-08-28 23:56:26,720 | INFO | epoch=045 rankloss=0.631399 validIC=0.01990
2026-08-28 23:56:27,499 | INFO | epoch=050 rankloss=0.613379 validIC=0.02694
2026-08-28 23:56:28,285 | INFO | epoch=055 rankloss=0.596692 validIC=0.02461
2026-08-28 23:56:28,285 | INFO | early stop @ 55, best=15, best_valid_ic=0.04756
2026-08-28 23:56:28,562 | INFO | TEST IC=0.05655 | median=0.06593 | IC>0=62.45% | spread=1.7725%
2026-08-28 23:56:28,587 | INFO | Top-3 | net=-13.23% | 0050=-4.93% | EW=6.78% | alpha=-8.30% | turn=44.81%
2026-08-28 23:56:28,610 | INFO | Top-5 | net=17.09% | 0050=-4.93% | EW=6.78% | alpha=22.02% | turn=57.74%
2026-08-28 23:56:28,632 | INFO | Top-10 | net=22.12% | 0050=-4.93% | EW=6.78% | alpha=27.05% | turn=61.00%
2026-08-28 23:56:28,655 | INFO | Top-15 | net=16.63% | 0050=-4.93% | EW=6.78% | alpha=21.56% | turn=55.66%
2026-08-28 23:56:28,678 | INFO | Top-20 | net=12.92% | 0050=-4.93% | EW=6.78% | alpha=17.85% | turn=54.07%
2026-08-28 23:56:28,760 | INFO | ================================================================================
2026-08-28 23:56:28,760 | INFO | YEAR 2019 | train=67,585 valid=11,176 test=12,050
2026-08-28 23:56:31,202 | INFO | epoch=001 rankloss=0.812284 validIC=-0.08195
2026-08-28 23:56:31,906 | INFO | epoch=005 rankloss=0.690241 validIC=0.06430
2026-08-28 23:56:32,777 | INFO | epoch=010 rankloss=0.687089 validIC=0.06663
2026-08-28 23:56:33,722 | INFO | epoch=015 rankloss=0.683875 validIC=0.07057
2026-08-28 23:56:34,619 | INFO | epoch=020 rankloss=0.679626 validIC=0.07091
2026-08-28 23:56:35,525 | INFO | epoch=025 rankloss=0.675510 validIC=0.04735
2026-08-28 23:56:36,417 | INFO | epoch=030 rankloss=0.669196 validIC=0.02291
2026-08-28 23:56:37,306 | INFO | epoch=035 rankloss=0.659541 validIC=0.01091
2026-08-28 23:56:38,234 | INFO | epoch=040 rankloss=0.650025 validIC=0.04502
2026-08-28 23:56:39,121 | INFO | epoch=045 rankloss=0.633980 validIC=0.01940
2026-08-28 23:56:40,021 | INFO | epoch=050 rankloss=0.617322 validIC=0.03149
2026-08-28 23:56:40,933 | INFO | epoch=055 rankloss=0.599652 validIC=0.02212
2026-08-28 23:56:41,828 | INFO | epoch=060 rankloss=0.583109 validIC=0.01799
2026-08-28 23:56:41,829 | INFO | early stop @ 60, best=20, best_valid_ic=0.07091
2026-08-28 23:56:42,100 | INFO | TEST IC=0.02589 | median=0.00667 | IC>0=51.45% | spread=-0.1386%
2026-08-28 23:56:42,123 | INFO | Top-3 | net=59.10% | 0050=30.92% | EW=32.42% | alpha=28.18% | turn=78.52%
2026-08-28 23:56:42,146 | INFO | Top-5 | net=55.89% | 0050=30.92% | EW=32.42% | alpha=24.96% | turn=78.01%
2026-08-28 23:56:42,169 | INFO | Top-10 | net=53.21% | 0050=30.92% | EW=32.42% | alpha=22.29% | turn=65.88%
2026-08-28 23:56:42,191 | INFO | Top-15 | net=43.38% | 0050=30.92% | EW=32.42% | alpha=12.45% | turn=58.37%
2026-08-28 23:56:42,214 | INFO | Top-20 | net=38.43% | 0050=30.92% | EW=32.42% | alpha=7.50% | turn=47.13%
2026-08-28 23:56:42,300 | INFO | ================================================================================
2026-08-28 23:56:42,301 | INFO | YEAR 2020 | train=79,790 valid=11,000 test=12,250
2026-08-28 23:56:45,474 | INFO | epoch=001 rankloss=0.829385 validIC=0.07218
2026-08-28 23:56:46,216 | INFO | epoch=005 rankloss=0.691162 validIC=-0.04656
2026-08-28 23:56:47,116 | INFO | epoch=010 rankloss=0.688623 validIC=0.08884
2026-08-28 23:56:48,029 | INFO | epoch=015 rankloss=0.685848 validIC=0.06055
2026-08-28 23:56:48,941 | INFO | epoch=020 rankloss=0.683157 validIC=-0.00860
2026-08-28 23:56:49,804 | INFO | epoch=025 rankloss=0.679117 validIC=0.06760
2026-08-28 23:56:50,662 | INFO | epoch=030 rankloss=0.674398 validIC=0.00856
2026-08-28 23:56:51,563 | INFO | epoch=035 rankloss=0.669203 validIC=-0.02323
2026-08-28 23:56:52,507 | INFO | epoch=040 rankloss=0.659486 validIC=-0.00340
2026-08-28 23:56:53,404 | INFO | epoch=045 rankloss=0.648082 validIC=0.00418
2026-08-28 23:56:54,364 | INFO | epoch=050 rankloss=0.637194 validIC=-0.00255
2026-08-28 23:56:54,364 | INFO | early stop @ 50, best=10, best_valid_ic=0.08884
2026-08-28 23:56:54,640 | INFO | TEST IC=0.07082 | median=0.07064 | IC>0=60.41% | spread=2.5011%
2026-08-28 23:56:54,664 | INFO | Top-3 | net=67.22% | 0050=46.53% | EW=32.18% | alpha=20.68% | turn=83.33%
2026-08-28 23:56:54,686 | INFO | Top-5 | net=39.35% | 0050=46.53% | EW=32.18% | alpha=-7.18% | turn=76.28%
2026-08-28 23:56:54,709 | INFO | Top-10 | net=37.94% | 0050=46.53% | EW=32.18% | alpha=-8.59% | turn=62.96%
2026-08-28 23:56:54,732 | INFO | Top-15 | net=35.51% | 0050=46.53% | EW=32.18% | alpha=-11.03% | turn=58.53%
2026-08-28 23:56:54,754 | INFO | Top-20 | net=29.83% | 0050=46.53% | EW=32.18% | alpha=-16.70% | turn=50.90%
2026-08-28 23:56:54,836 | INFO | ================================================================================
2026-08-28 23:56:54,837 | INFO | YEAR 2021 | train=91,840 valid=11,200 test=12,150
2026-08-28 23:56:58,459 | INFO | epoch=001 rankloss=0.865288 validIC=0.03165
2026-08-28 23:56:59,291 | INFO | epoch=005 rankloss=0.691409 validIC=0.02921
2026-08-28 23:57:00,255 | INFO | epoch=010 rankloss=0.689581 validIC=0.02616
2026-08-28 23:57:01,224 | INFO | epoch=015 rankloss=0.687152 validIC=0.09479
2026-08-28 23:57:02,226 | INFO | epoch=020 rankloss=0.684478 validIC=0.10565
2026-08-28 23:57:03,230 | INFO | epoch=025 rankloss=0.681212 validIC=0.09458
2026-08-28 23:57:04,194 | INFO | epoch=030 rankloss=0.677639 validIC=0.10184
2026-08-28 23:57:05,207 | INFO | epoch=035 rankloss=0.672960 validIC=0.08866
2026-08-28 23:57:06,229 | INFO | epoch=040 rankloss=0.666512 validIC=0.06856
2026-08-28 23:57:07,197 | INFO | epoch=045 rankloss=0.657067 validIC=0.08057
2026-08-28 23:57:08,222 | INFO | epoch=050 rankloss=0.645535 validIC=0.05595
2026-08-28 23:57:09,228 | INFO | epoch=055 rankloss=0.632650 validIC=0.05056
2026-08-28 23:57:10,221 | INFO | epoch=060 rankloss=0.618375 validIC=0.03604
2026-08-28 23:57:10,221 | INFO | early stop @ 60, best=20, best_valid_ic=0.10565
2026-08-28 23:57:10,496 | INFO | TEST IC=0.05987 | median=0.07169 | IC>0=61.32% | spread=3.1775%
2026-08-28 23:57:10,519 | INFO | Top-3 | net=100.07% | 0050=20.20% | EW=39.86% | alpha=79.88% | turn=76.17%
2026-08-28 23:57:10,542 | INFO | Top-5 | net=81.55% | 0050=20.20% | EW=39.86% | alpha=61.35% | turn=71.08%
2026-08-28 23:57:10,565 | INFO | Top-10 | net=89.53% | 0050=20.20% | EW=39.86% | alpha=69.33% | turn=68.40%
2026-08-28 23:57:10,588 | INFO | Top-15 | net=67.09% | 0050=20.20% | EW=39.86% | alpha=46.89% | turn=66.96%
2026-08-28 23:57:10,611 | INFO | Top-20 | net=55.38% | 0050=20.20% | EW=39.86% | alpha=35.18% | turn=55.26%
2026-08-28 23:57:10,702 | INFO | ================================================================================
2026-08-28 23:57:10,702 | INFO | YEAR 2022 | train=104,090 valid=11,100 test=12,300
2026-08-28 23:57:14,726 | INFO | epoch=001 rankloss=0.786470 validIC=0.04638
2026-08-28 23:57:15,643 | INFO | epoch=005 rankloss=0.689995 validIC=0.08722
2026-08-28 23:57:16,644 | INFO | epoch=010 rankloss=0.686505 validIC=0.06982
2026-08-28 23:57:17,688 | INFO | epoch=015 rankloss=0.683441 validIC=0.08017
2026-08-28 23:57:18,705 | INFO | epoch=020 rankloss=0.680135 validIC=0.08255
2026-08-28 23:57:19,802 | INFO | epoch=025 rankloss=0.676777 validIC=0.08350
2026-08-28 23:57:20,837 | INFO | epoch=030 rankloss=0.671386 validIC=0.06594
2026-08-28 23:57:21,864 | INFO | epoch=035 rankloss=0.664005 validIC=0.08236
2026-08-28 23:57:22,916 | INFO | epoch=040 rankloss=0.654578 validIC=0.06074
2026-08-28 23:57:23,989 | INFO | epoch=045 rankloss=0.642939 validIC=0.06619
2026-08-28 23:57:23,990 | INFO | early stop @ 45, best=5, best_valid_ic=0.08722
2026-08-28 23:57:24,260 | INFO | TEST IC=0.06093 | median=0.06872 | IC>0=57.72% | spread=1.3335%
2026-08-28 23:57:24,283 | INFO | Top-3 | net=-25.69% | 0050=-12.91% | EW=-4.58% | alpha=-12.78% | turn=66.35%
2026-08-28 23:57:24,306 | INFO | Top-5 | net=-7.92% | 0050=-12.91% | EW=-4.58% | alpha=4.99% | turn=72.59%
2026-08-28 23:57:24,328 | INFO | Top-10 | net=-1.32% | 0050=-12.91% | EW=-4.58% | alpha=11.59% | turn=60.93%
2026-08-28 23:57:24,350 | INFO | Top-15 | net=2.21% | 0050=-12.91% | EW=-4.58% | alpha=15.12% | turn=51.22%
2026-08-28 23:57:24,373 | INFO | Top-20 | net=2.66% | 0050=-12.91% | EW=-4.58% | alpha=15.57% | turn=45.17%
2026-08-28 23:57:24,511 | INFO | ================================================================================
2026-08-28 23:57:24,511 | INFO | YEAR 2023 | train=116,240 valid=11,250 test=11,950
2026-08-28 23:57:29,201 | INFO | epoch=001 rankloss=0.783657 validIC=0.11067
2026-08-28 23:57:30,121 | INFO | epoch=005 rankloss=0.690356 validIC=0.07540
2026-08-28 23:57:31,194 | INFO | epoch=010 rankloss=0.687103 validIC=0.08458
2026-08-28 23:57:32,365 | INFO | epoch=015 rankloss=0.683559 validIC=0.04930
2026-08-28 23:57:33,471 | INFO | epoch=020 rankloss=0.679990 validIC=0.08329
2026-08-28 23:57:34,596 | INFO | epoch=025 rankloss=0.675687 validIC=0.07188
2026-08-28 23:57:35,729 | INFO | epoch=030 rankloss=0.670891 validIC=0.04315
2026-08-28 23:57:36,827 | INFO | epoch=035 rankloss=0.663600 validIC=0.07036
2026-08-28 23:57:37,908 | INFO | epoch=040 rankloss=0.652394 validIC=0.02485
2026-08-28 23:57:37,908 | INFO | early stop @ 40, best=1, best_valid_ic=0.11067
2026-08-28 23:57:38,180 | INFO | TEST IC=-0.05488 | median=-0.04845 | IC>0=39.33% | spread=-3.1809%
2026-08-28 23:57:38,202 | INFO | Top-3 | net=18.47% | 0050=24.67% | EW=33.00% | alpha=-6.21% | turn=82.02%
2026-08-28 23:57:38,223 | INFO | Top-5 | net=20.46% | 0050=24.67% | EW=33.00% | alpha=-4.21% | turn=77.63%
2026-08-28 23:57:38,243 | INFO | Top-10 | net=16.79% | 0050=24.67% | EW=33.00% | alpha=-7.88% | turn=57.64%
2026-08-28 23:57:38,264 | INFO | Top-15 | net=15.54% | 0050=24.67% | EW=33.00% | alpha=-9.13% | turn=52.12%
2026-08-28 23:57:38,285 | INFO | Top-20 | net=15.20% | 0050=24.67% | EW=33.00% | alpha=-9.47% | turn=45.38%
2026-08-28 23:57:38,434 | INFO | ================================================================================
2026-08-28 23:57:38,434 | INFO | YEAR 2024 | train=128,540 valid=10,900 test=12,100
2026-08-28 23:57:43,438 | INFO | epoch=001 rankloss=0.747681 validIC=0.01604
2026-08-28 23:57:44,323 | INFO | epoch=005 rankloss=0.689396 validIC=0.04436
2026-08-28 23:57:45,524 | INFO | epoch=010 rankloss=0.685556 validIC=0.03291
2026-08-28 23:57:46,648 | INFO | epoch=015 rankloss=0.682627 validIC=0.06625
2026-08-28 23:57:47,807 | INFO | epoch=020 rankloss=0.678456 validIC=0.04595
2026-08-28 23:57:48,947 | INFO | epoch=025 rankloss=0.672776 validIC=0.07182
2026-08-28 23:57:50,126 | INFO | epoch=030 rankloss=0.666272 validIC=0.04992
2026-08-28 23:57:51,279 | INFO | epoch=035 rankloss=0.657049 validIC=0.05779
2026-08-28 23:57:52,444 | INFO | epoch=040 rankloss=0.644003 validIC=0.04454
2026-08-28 23:57:53,647 | INFO | epoch=045 rankloss=0.631957 validIC=0.03368
2026-08-28 23:57:54,789 | INFO | epoch=050 rankloss=0.617043 validIC=0.03863
2026-08-28 23:57:55,994 | INFO | epoch=055 rankloss=0.601839 validIC=0.04343
2026-08-28 23:57:57,097 | INFO | epoch=060 rankloss=0.587022 validIC=0.03040
2026-08-28 23:57:58,340 | INFO | epoch=065 rankloss=0.572703 validIC=0.03476
2026-08-28 23:57:58,340 | INFO | early stop @ 65, best=25, best_valid_ic=0.07182
2026-08-28 23:57:58,613 | INFO | TEST IC=0.02870 | median=0.01933 | IC>0=54.96% | spread=0.4318%
2026-08-28 23:57:58,637 | INFO | Top-3 | net=-16.97% | 0050=54.15% | EW=13.42% | alpha=-71.12% | turn=78.56%
2026-08-28 23:57:58,660 | INFO | Top-5 | net=-7.58% | 0050=54.15% | EW=13.42% | alpha=-61.73% | turn=73.92%
2026-08-28 23:57:58,683 | INFO | Top-10 | net=1.64% | 0050=54.15% | EW=13.42% | alpha=-52.51% | turn=69.60%
2026-08-28 23:57:58,706 | INFO | Top-15 | net=4.49% | 0050=54.15% | EW=13.42% | alpha=-49.66% | turn=59.56%
2026-08-28 23:57:58,729 | INFO | Top-20 | net=1.11% | 0050=54.15% | EW=13.42% | alpha=-53.05% | turn=51.77%
2026-08-28 23:57:58,895 | INFO | ================================================================================
2026-08-28 23:57:58,895 | INFO | YEAR 2025 | train=140,490 valid=11,050 test=12,100
2026-08-28 23:58:04,400 | INFO | epoch=001 rankloss=0.756392 validIC=-0.04298
2026-08-28 23:58:05,374 | INFO | epoch=005 rankloss=0.689157 validIC=-0.01754
2026-08-28 23:58:06,628 | INFO | epoch=010 rankloss=0.686373 validIC=-0.02300
2026-08-28 23:58:07,833 | INFO | epoch=015 rankloss=0.683864 validIC=-0.03453
2026-08-28 23:58:09,070 | INFO | epoch=020 rankloss=0.680258 validIC=-0.02783
2026-08-28 23:58:10,341 | INFO | epoch=025 rankloss=0.677522 validIC=-0.01956
2026-08-28 23:58:11,548 | INFO | epoch=030 rankloss=0.671444 validIC=-0.01241
2026-08-28 23:58:12,828 | INFO | epoch=035 rankloss=0.662159 validIC=0.02719
2026-08-28 23:58:14,005 | INFO | epoch=040 rankloss=0.651199 validIC=-0.01804
2026-08-28 23:58:15,288 | INFO | epoch=045 rankloss=0.638870 validIC=-0.00528
2026-08-28 23:58:16,514 | INFO | epoch=050 rankloss=0.623730 validIC=-0.00763
2026-08-28 23:58:17,814 | INFO | epoch=055 rankloss=0.609545 validIC=-0.00422
2026-08-28 23:58:18,976 | INFO | epoch=060 rankloss=0.593798 validIC=0.00143
2026-08-28 23:58:20,156 | INFO | epoch=065 rankloss=0.578645 validIC=-0.01552
2026-08-28 23:58:21,260 | INFO | epoch=070 rankloss=0.567016 validIC=-0.00114
2026-08-28 23:58:22,366 | INFO | epoch=075 rankloss=0.554836 validIC=-0.01993
2026-08-28 23:58:22,366 | INFO | early stop @ 75, best=35, best_valid_ic=0.02719
2026-08-28 23:58:22,638 | INFO | TEST IC=0.10765 | median=0.10305 | IC>0=70.25% | spread=3.4869%
2026-08-28 23:58:22,661 | INFO | Top-3 | net=160.54% | 0050=57.21% | EW=35.83% | alpha=103.33% | turn=73.75%
2026-08-28 23:58:22,683 | INFO | Top-5 | net=108.69% | 0050=57.21% | EW=35.83% | alpha=51.48% | turn=76.75%
2026-08-28 23:58:22,705 | INFO | Top-10 | net=78.00% | 0050=57.21% | EW=35.83% | alpha=20.80% | turn=61.75%
2026-08-28 23:58:22,727 | INFO | Top-15 | net=61.30% | 0050=57.21% | EW=35.83% | alpha=4.09% | turn=59.20%
2026-08-28 23:58:22,749 | INFO | Top-20 | net=54.26% | 0050=57.21% | EW=35.83% | alpha=-2.95% | turn=50.01%
2026-08-28 23:58:22,875 | INFO | ================================================================================
2026-08-28 23:58:22,875 | INFO | YEAR 2026 | train=152,590 valid=11,050 test=6,850
2026-08-28 23:58:28,838 | INFO | epoch=001 rankloss=0.747768 validIC=0.10906
2026-08-28 23:58:29,888 | INFO | epoch=005 rankloss=0.689812 validIC=0.10152
2026-08-28 23:58:31,261 | INFO | epoch=010 rankloss=0.687774 validIC=0.07222
2026-08-28 23:58:32,639 | INFO | epoch=015 rankloss=0.684850 validIC=0.10631
2026-08-28 23:58:33,954 | INFO | epoch=020 rankloss=0.681821 validIC=0.12089
2026-08-28 23:58:35,224 | INFO | epoch=025 rankloss=0.676648 validIC=0.12151
2026-08-28 23:58:36,604 | INFO | epoch=030 rankloss=0.671300 validIC=0.05970
2026-08-28 23:58:37,902 | INFO | epoch=035 rankloss=0.663237 validIC=0.05754
2026-08-28 23:58:39,237 | INFO | epoch=040 rankloss=0.654377 validIC=0.06274
2026-08-28 23:58:40,388 | INFO | epoch=045 rankloss=0.642344 validIC=0.04640
2026-08-28 23:58:41,511 | INFO | epoch=050 rankloss=0.629442 validIC=0.05962
2026-08-28 23:58:42,722 | INFO | epoch=055 rankloss=0.616003 validIC=0.06367
2026-08-28 23:58:43,894 | INFO | epoch=060 rankloss=0.602823 validIC=0.04981
2026-08-28 23:58:45,150 | INFO | epoch=065 rankloss=0.589049 validIC=0.05386
2026-08-28 23:58:45,150 | INFO | early stop @ 65, best=25, best_valid_ic=0.12151
2026-08-28 23:58:45,308 | INFO | TEST IC=0.01682 | median=-0.00619 | IC>0=48.18% | spread=2.4515%
2026-08-28 23:58:45,323 | INFO | Top-3 | net=78.78% | 0050=55.44% | EW=54.57% | alpha=23.34% | turn=92.86%
2026-08-28 23:58:45,336 | INFO | Top-5 | net=79.29% | 0050=55.44% | EW=54.57% | alpha=23.85% | turn=84.64%
2026-08-28 23:58:45,350 | INFO | Top-10 | net=58.62% | 0050=55.44% | EW=54.57% | alpha=3.18% | turn=76.55%
2026-08-28 23:58:45,363 | INFO | Top-15 | net=62.01% | 0050=55.44% | EW=54.57% | alpha=6.57% | turn=69.28%
2026-08-28 23:58:45,377 | INFO | Top-20 | net=61.63% | 0050=55.44% | EW=54.57% | alpha=6.19% | turn=60.73%
2026-08-28 23:58:45,483 | INFO | ================================================================================
2026-08-28 23:58:45,483 | INFO | FINAL SUMMARY
2026-08-28 23:58:45,483 | INFO | ================================================================================
2026-08-28 23:58:45,488 | INFO | 
   model  seed  top_k  mean_ic  median_year_ic  mean_spread  positive_alpha_years  years  mean_alpha_vs_0050  mean_alpha_vs_equal_weight  median_alpha_vs_0050  mean_turnover  mean_active_sharpe  mean_best_epoch  mean_valid_ic
mlp_rank     7      3 0.041372        0.056549      0.01315                     5      9            0.174445                    0.205344              0.206813       0.751507            0.255961        17.333333       0.081263
mlp_rank     7      5 0.041372        0.056549      0.01315                     6      9            0.128364                    0.159264              0.220212       0.742927            0.256331        17.333333       0.081263
mlp_rank     7     10 0.041372        0.056549      0.01315                     6      9            0.094726                    0.125626              0.115891       0.649684            0.111439        17.333333       0.081263
mlp_rank     7     15 0.041372        0.056549      0.01315                     6      9            0.040954                    0.071853              0.065746       0.589896            0.051150        17.333333       0.081263
mlp_rank     7     20 0.041372        0.056549      0.01315                     5      9            0.000132                    0.031031              0.061898       0.511581           -0.148943        17.333333       0.081263
2026-08-28 23:58:45,488 | INFO | SAVED: runs/v4_h20_mlp_rank_seed7_20260828_235614
