2026-08-28 23:28:40,794 | INFO | Rows=173,090, stocks=50, dates=2012-04-06 00:00:00->2026-08-13 00:00:00
2026-08-28 23:28:40,949 | INFO | ================================================================================
2026-08-28 23:28:40,949 | INFO | YEAR 2026 | train=153,090 valid=11,550 test=7,350
2026-08-28 23:28:48,801 | INFO | epoch=001 rankloss=0.762301 validIC=0.06682
2026-08-28 23:28:49,148 | INFO | epoch=002 rankloss=0.693265 validIC=0.12173
2026-08-28 23:28:49,682 | INFO | epoch=004 rankloss=0.692101 validIC=0.11667
2026-08-28 23:28:49,682 | INFO | early stop @ 4, best=2, best_valid_ic=0.12173
2026-08-28 23:28:49,854 | INFO | TEST IC=0.06676 | median=0.05095 | IC>0=56.46% | spread=3.3218%
2026-08-28 23:28:49,881 | INFO | Top-3 | net=95.73% | 0050=54.39% | EW=54.13% | alpha=41.34% | turn=75.49%
2026-08-28 23:28:49,906 | INFO | Top-5 | net=132.28% | 0050=54.39% | EW=54.13% | alpha=77.89% | turn=72.67%
2026-08-28 23:28:49,931 | INFO | Top-10 | net=90.30% | 0050=54.39% | EW=54.13% | alpha=35.90% | turn=53.69%
2026-08-28 23:28:49,955 | INFO | ================================================================================
2026-08-28 23:28:49,955 | INFO | FINAL SUMMARY
2026-08-28 23:28:49,955 | INFO | ================================================================================
2026-08-28 23:28:49,959 | INFO | 
   model  seed  top_k  mean_ic  median_year_ic  mean_spread  positive_alpha_years  years  mean_alpha_vs_0050  mean_alpha_vs_equal_weight  median_alpha_vs_0050  mean_turnover  mean_active_sharpe  mean_best_epoch  mean_valid_ic
mlp_rank    42      3 0.066764        0.066764     0.033218                     1      1            0.413389                    0.416042              0.413389       0.754876            1.096848              2.0       0.121728
mlp_rank    42      5 0.066764        0.066764     0.033218                     1      1            0.778886                    0.781538              0.778886       0.726718            2.016539              2.0       0.121728
mlp_rank    42     10 0.066764        0.066764     0.033218                     1      1            0.359044                    0.361697              0.359044       0.536937            1.894691              2.0       0.121728
2026-08-28 23:28:49,959 | INFO | SAVED: runs/smoke_v4_h10_20260828_232840
