2026-08-28 23:46:32,544 | INFO | Rows=173,340, stocks=50, dates=2012-04-06 00:00:00->2026-08-20 00:00:00
2026-08-28 23:46:32,562 | INFO | ================================================================================
2026-08-28 23:46:32,563 | INFO | YEAR 2018 | train=56,413 valid=11,613 test=12,226
2026-08-28 23:46:36,608 | INFO | epoch=001 rankloss=0.840892 validIC=0.02703
2026-08-28 23:46:37,334 | INFO | epoch=005 rankloss=0.691210 validIC=0.06073
2026-08-28 23:46:38,192 | INFO | epoch=010 rankloss=0.689025 validIC=0.05666
2026-08-28 23:46:39,040 | INFO | epoch=015 rankloss=0.687647 validIC=0.05722
2026-08-28 23:46:39,874 | INFO | epoch=020 rankloss=0.688484 validIC=0.05979
2026-08-28 23:46:40,784 | INFO | epoch=025 rankloss=0.684403 validIC=0.05436
2026-08-28 23:46:41,631 | INFO | epoch=030 rankloss=0.683714 validIC=0.04920
2026-08-28 23:46:42,493 | INFO | epoch=035 rankloss=0.680457 validIC=0.04809
2026-08-28 23:46:43,382 | INFO | epoch=040 rankloss=0.678942 validIC=0.03467
2026-08-28 23:46:44,223 | INFO | epoch=045 rankloss=0.676241 validIC=0.02263
2026-08-28 23:46:44,223 | INFO | early stop @ 45, best=5, best_valid_ic=0.06073
2026-08-28 23:46:44,504 | INFO | TEST IC=0.07657 | median=0.08840 | IC>0=68.98% | spread=0.7649%
2026-08-28 23:46:44,579 | INFO | Top-3 | net=1.33% | 0050=-7.98% | EW=1.43% | alpha=9.31% | turn=90.36%
2026-08-28 23:46:44,654 | INFO | Top-5 | net=-8.76% | 0050=-7.98% | EW=1.43% | alpha=-0.79% | turn=86.99%
2026-08-28 23:46:44,728 | INFO | Top-10 | net=-12.00% | 0050=-7.98% | EW=1.43% | alpha=-4.02% | turn=67.34%
2026-08-28 23:46:44,803 | INFO | Top-15 | net=-8.26% | 0050=-7.98% | EW=1.43% | alpha=-0.29% | turn=54.28%
2026-08-28 23:46:44,878 | INFO | Top-20 | net=-6.54% | 0050=-7.98% | EW=1.43% | alpha=1.44% | turn=46.39%
2026-08-28 23:46:44,916 | INFO | ================================================================================
2026-08-28 23:46:44,916 | INFO | YEAR 2019 | train=68,320 valid=11,926 test=12,050
2026-08-28 23:46:47,460 | INFO | epoch=001 rankloss=0.840998 validIC=0.03405
2026-08-28 23:46:48,156 | INFO | epoch=005 rankloss=0.690978 validIC=0.07108
2026-08-28 23:46:48,983 | INFO | epoch=010 rankloss=0.689202 validIC=0.05022
2026-08-28 23:46:49,851 | INFO | epoch=015 rankloss=0.687804 validIC=0.07632
2026-08-28 23:46:50,705 | INFO | epoch=020 rankloss=0.686156 validIC=0.06854
2026-08-28 23:46:51,564 | INFO | epoch=025 rankloss=0.684516 validIC=0.07140
2026-08-28 23:46:52,387 | INFO | epoch=030 rankloss=0.683822 validIC=0.04838
2026-08-28 23:46:53,212 | INFO | epoch=035 rankloss=0.680223 validIC=0.05232
2026-08-28 23:46:54,019 | INFO | epoch=040 rankloss=0.676056 validIC=0.05992
2026-08-28 23:46:54,854 | INFO | epoch=045 rankloss=0.669223 validIC=0.05868
2026-08-28 23:46:55,692 | INFO | epoch=050 rankloss=0.660181 validIC=0.06408
2026-08-28 23:46:56,604 | INFO | epoch=055 rankloss=0.647580 validIC=0.06694
2026-08-28 23:46:56,604 | INFO | early stop @ 55, best=15, best_valid_ic=0.07632
2026-08-28 23:46:56,874 | INFO | TEST IC=0.02932 | median=0.02387 | IC>0=56.85% | spread=0.1307%
2026-08-28 23:46:56,951 | INFO | Top-3 | net=25.30% | 0050=35.68% | EW=36.46% | alpha=-10.38% | turn=90.91%
2026-08-28 23:46:57,028 | INFO | Top-5 | net=17.13% | 0050=35.68% | EW=36.46% | alpha=-18.55% | turn=84.93%
2026-08-28 23:46:57,105 | INFO | Top-10 | net=17.15% | 0050=35.68% | EW=36.46% | alpha=-18.53% | turn=73.69%
2026-08-28 23:46:57,182 | INFO | Top-15 | net=24.89% | 0050=35.68% | EW=36.46% | alpha=-10.79% | turn=62.92%
2026-08-28 23:46:57,259 | INFO | Top-20 | net=23.90% | 0050=35.68% | EW=36.46% | alpha=-11.78% | turn=53.66%
2026-08-28 23:46:57,305 | INFO | ================================================================================
2026-08-28 23:46:57,305 | INFO | YEAR 2020 | train=80,540 valid=11,750 test=12,250
2026-08-28 23:47:00,541 | INFO | epoch=001 rankloss=0.821346 validIC=0.01048
2026-08-28 23:47:01,338 | INFO | epoch=005 rankloss=0.691291 validIC=0.01515
2026-08-28 23:47:02,283 | INFO | epoch=010 rankloss=0.689642 validIC=0.01599
2026-08-28 23:47:03,204 | INFO | epoch=015 rankloss=0.688427 validIC=0.02157
2026-08-28 23:47:04,093 | INFO | epoch=020 rankloss=0.687222 validIC=0.02917
2026-08-28 23:47:04,976 | INFO | epoch=025 rankloss=0.685202 validIC=0.01873
2026-08-28 23:47:05,849 | INFO | epoch=030 rankloss=0.683602 validIC=0.01803
2026-08-28 23:47:06,739 | INFO | epoch=035 rankloss=0.680370 validIC=0.02016
2026-08-28 23:47:07,699 | INFO | epoch=040 rankloss=0.676948 validIC=0.00684
2026-08-28 23:47:08,546 | INFO | epoch=045 rankloss=0.669657 validIC=0.02293
2026-08-28 23:47:09,510 | INFO | epoch=050 rankloss=0.661228 validIC=0.01487
2026-08-28 23:47:10,434 | INFO | epoch=055 rankloss=0.650875 validIC=-0.00180
2026-08-28 23:47:11,297 | INFO | epoch=060 rankloss=0.638805 validIC=0.01357
2026-08-28 23:47:11,297 | INFO | early stop @ 60, best=20, best_valid_ic=0.02917
2026-08-28 23:47:11,584 | INFO | TEST IC=0.02593 | median=0.02146 | IC>0=56.73% | spread=0.0769%
2026-08-28 23:47:11,661 | INFO | Top-3 | net=47.01% | 0050=31.40% | EW=29.48% | alpha=15.61% | turn=81.89%
2026-08-28 23:47:11,736 | INFO | Top-5 | net=50.03% | 0050=31.40% | EW=29.48% | alpha=18.63% | turn=81.10%
2026-08-28 23:47:11,813 | INFO | Top-10 | net=26.96% | 0050=31.40% | EW=29.48% | alpha=-4.44% | turn=69.20%
2026-08-28 23:47:11,889 | INFO | Top-15 | net=12.05% | 0050=31.40% | EW=29.48% | alpha=-19.35% | turn=60.82%
2026-08-28 23:47:11,966 | INFO | Top-20 | net=13.19% | 0050=31.40% | EW=29.48% | alpha=-18.21% | turn=52.86%
2026-08-28 23:47:12,010 | INFO | ================================================================================
2026-08-28 23:47:12,010 | INFO | YEAR 2021 | train=92,590 valid=11,950 test=12,150
2026-08-28 23:47:15,608 | INFO | epoch=001 rankloss=0.848999 validIC=0.04711
2026-08-28 23:47:16,427 | INFO | epoch=005 rankloss=0.691529 validIC=0.05868
2026-08-28 23:47:17,364 | INFO | epoch=010 rankloss=0.690323 validIC=0.05091
2026-08-28 23:47:18,367 | INFO | epoch=015 rankloss=0.689591 validIC=0.05099
2026-08-28 23:47:19,288 | INFO | epoch=020 rankloss=0.688241 validIC=0.04876
2026-08-28 23:47:20,228 | INFO | epoch=025 rankloss=0.686494 validIC=0.03431
2026-08-28 23:47:21,132 | INFO | epoch=030 rankloss=0.684971 validIC=0.04339
2026-08-28 23:47:22,045 | INFO | epoch=035 rankloss=0.682459 validIC=0.01399
2026-08-28 23:47:23,078 | INFO | epoch=040 rankloss=0.679715 validIC=0.00675
2026-08-28 23:47:24,073 | INFO | epoch=045 rankloss=0.674916 validIC=0.03488
2026-08-28 23:47:24,073 | INFO | early stop @ 45, best=5, best_valid_ic=0.05868
2026-08-28 23:47:24,349 | INFO | TEST IC=0.05231 | median=0.06502 | IC>0=58.44% | spread=0.3932%
2026-08-28 23:47:24,426 | INFO | Top-3 | net=7.63% | 0050=22.32% | EW=41.56% | alpha=-14.69% | turn=89.03%
2026-08-28 23:47:24,502 | INFO | Top-5 | net=5.88% | 0050=22.32% | EW=41.56% | alpha=-16.43% | turn=87.16%
2026-08-28 23:47:24,578 | INFO | Top-10 | net=14.13% | 0050=22.32% | EW=41.56% | alpha=-8.19% | turn=75.35%
2026-08-28 23:47:24,654 | INFO | Top-15 | net=30.40% | 0050=22.32% | EW=41.56% | alpha=8.08% | turn=67.99%
2026-08-28 23:47:24,731 | INFO | Top-20 | net=27.05% | 0050=22.32% | EW=41.56% | alpha=4.73% | turn=58.24%
2026-08-28 23:47:24,781 | INFO | ================================================================================
2026-08-28 23:47:24,781 | INFO | YEAR 2022 | train=104,840 valid=11,850 test=12,300
2026-08-28 23:47:28,848 | INFO | epoch=001 rankloss=0.777709 validIC=0.01679
2026-08-28 23:47:29,711 | INFO | epoch=005 rankloss=0.691173 validIC=0.06119
2026-08-28 23:47:30,721 | INFO | epoch=010 rankloss=0.689349 validIC=0.05653
2026-08-28 23:47:31,666 | INFO | epoch=015 rankloss=0.688096 validIC=0.05338
2026-08-28 23:47:32,622 | INFO | epoch=020 rankloss=0.686181 validIC=0.04745
2026-08-28 23:47:33,590 | INFO | epoch=025 rankloss=0.683926 validIC=0.04303
2026-08-28 23:47:34,650 | INFO | epoch=030 rankloss=0.680301 validIC=0.05131
2026-08-28 23:47:35,769 | INFO | epoch=035 rankloss=0.674954 validIC=0.03952
2026-08-28 23:47:36,861 | INFO | epoch=040 rankloss=0.667015 validIC=0.04448
2026-08-28 23:47:37,864 | INFO | epoch=045 rankloss=0.658512 validIC=0.04922
2026-08-28 23:47:37,864 | INFO | early stop @ 45, best=5, best_valid_ic=0.06119
2026-08-28 23:47:38,145 | INFO | TEST IC=0.01795 | median=-0.00026 | IC>0=49.59% | spread=0.1365%
2026-08-28 23:47:38,223 | INFO | Top-3 | net=-28.15% | 0050=-18.34% | EW=-7.15% | alpha=-9.80% | turn=83.31%
2026-08-28 23:47:38,300 | INFO | Top-5 | net=-23.51% | 0050=-18.34% | EW=-7.15% | alpha=-5.17% | turn=76.24%
2026-08-28 23:47:38,378 | INFO | Top-10 | net=-19.13% | 0050=-18.34% | EW=-7.15% | alpha=-0.78% | turn=67.11%
2026-08-28 23:47:38,455 | INFO | Top-15 | net=-14.08% | 0050=-18.34% | EW=-7.15% | alpha=4.26% | turn=59.37%
2026-08-28 23:47:38,533 | INFO | Top-20 | net=-19.29% | 0050=-18.34% | EW=-7.15% | alpha=-0.95% | turn=50.93%
2026-08-28 23:47:38,592 | INFO | ================================================================================
2026-08-28 23:47:38,592 | INFO | YEAR 2023 | train=116,990 valid=12,000 test=11,950
2026-08-28 23:47:43,286 | INFO | epoch=001 rankloss=0.782709 validIC=0.00820
2026-08-28 23:47:44,179 | INFO | epoch=005 rankloss=0.691292 validIC=0.02631
2026-08-28 23:47:45,196 | INFO | epoch=010 rankloss=0.690355 validIC=0.03132
2026-08-28 23:47:46,197 | INFO | epoch=015 rankloss=0.688150 validIC=0.01262
2026-08-28 23:47:47,208 | INFO | epoch=020 rankloss=0.686396 validIC=0.01658
2026-08-28 23:47:48,292 | INFO | epoch=025 rankloss=0.684433 validIC=0.01114
2026-08-28 23:47:49,458 | INFO | epoch=030 rankloss=0.681303 validIC=-0.00283
2026-08-28 23:47:50,528 | INFO | epoch=035 rankloss=0.675770 validIC=0.01127
2026-08-28 23:47:51,645 | INFO | epoch=040 rankloss=0.669626 validIC=0.01403
2026-08-28 23:47:52,787 | INFO | epoch=045 rankloss=0.659408 validIC=0.00982
2026-08-28 23:47:53,882 | INFO | epoch=050 rankloss=0.646618 validIC=-0.01195
2026-08-28 23:47:53,883 | INFO | early stop @ 50, best=10, best_valid_ic=0.03132
2026-08-28 23:47:54,156 | INFO | TEST IC=0.04012 | median=0.03049 | IC>0=54.81% | spread=0.2462%
2026-08-28 23:47:54,231 | INFO | Top-3 | net=-1.12% | 0050=24.67% | EW=33.05% | alpha=-25.80% | turn=94.18%
2026-08-28 23:47:54,305 | INFO | Top-5 | net=17.26% | 0050=24.67% | EW=33.05% | alpha=-7.41% | turn=83.45%
2026-08-28 23:47:54,379 | INFO | Top-10 | net=25.57% | 0050=24.67% | EW=33.05% | alpha=0.90% | turn=74.11%
2026-08-28 23:47:54,454 | INFO | Top-15 | net=24.74% | 0050=24.67% | EW=33.05% | alpha=0.07% | turn=63.91%
2026-08-28 23:47:54,529 | INFO | Top-20 | net=21.97% | 0050=24.67% | EW=33.05% | alpha=-2.70% | turn=55.49%
2026-08-28 23:47:54,585 | INFO | ================================================================================
2026-08-28 23:47:54,585 | INFO | YEAR 2024 | train=129,290 valid=11,650 test=12,100
2026-08-28 23:47:59,653 | INFO | epoch=001 rankloss=0.766073 validIC=0.00430
2026-08-28 23:48:00,603 | INFO | epoch=005 rankloss=0.691690 validIC=0.03869
2026-08-28 23:48:01,698 | INFO | epoch=010 rankloss=0.689805 validIC=0.04479
2026-08-28 23:48:02,869 | INFO | epoch=015 rankloss=0.688247 validIC=0.04848
2026-08-28 23:48:03,977 | INFO | epoch=020 rankloss=0.686248 validIC=0.04263
2026-08-28 23:48:05,036 | INFO | epoch=025 rankloss=0.683146 validIC=0.02998
2026-08-28 23:48:06,069 | INFO | epoch=030 rankloss=0.679780 validIC=0.05072
2026-08-28 23:48:07,113 | INFO | epoch=035 rankloss=0.674248 validIC=0.03378
2026-08-28 23:48:08,149 | INFO | epoch=040 rankloss=0.666393 validIC=0.02533
2026-08-28 23:48:09,201 | INFO | epoch=045 rankloss=0.656663 validIC=0.03966
2026-08-28 23:48:10,358 | INFO | epoch=050 rankloss=0.645221 validIC=0.03095
2026-08-28 23:48:11,485 | INFO | epoch=055 rankloss=0.630914 validIC=0.02413
2026-08-28 23:48:12,610 | INFO | epoch=060 rankloss=0.615697 validIC=0.02170
2026-08-28 23:48:13,754 | INFO | epoch=065 rankloss=0.603769 validIC=0.01374
2026-08-28 23:48:14,934 | INFO | epoch=070 rankloss=0.590624 validIC=0.01471
2026-08-28 23:48:14,934 | INFO | early stop @ 70, best=30, best_valid_ic=0.05072
2026-08-28 23:48:15,218 | INFO | TEST IC=0.01258 | median=0.00341 | IC>0=51.24% | spread=0.0735%
2026-08-28 23:48:15,294 | INFO | Top-3 | net=-15.11% | 0050=55.90% | EW=14.85% | alpha=-71.01% | turn=79.71%
2026-08-28 23:48:15,370 | INFO | Top-5 | net=-15.25% | 0050=55.90% | EW=14.85% | alpha=-71.14% | turn=77.48%
2026-08-28 23:48:15,446 | INFO | Top-10 | net=-5.62% | 0050=55.90% | EW=14.85% | alpha=-61.52% | turn=68.48%
2026-08-28 23:48:15,523 | INFO | Top-15 | net=1.12% | 0050=55.90% | EW=14.85% | alpha=-54.78% | turn=61.53%
2026-08-28 23:48:15,599 | INFO | Top-20 | net=-0.95% | 0050=55.90% | EW=14.85% | alpha=-56.84% | turn=54.60%
2026-08-28 23:48:15,662 | INFO | ================================================================================
2026-08-28 23:48:15,662 | INFO | YEAR 2025 | train=141,240 valid=11,800 test=12,100
2026-08-28 23:48:21,163 | INFO | epoch=001 rankloss=0.766512 validIC=0.09377
2026-08-28 23:48:22,073 | INFO | epoch=005 rankloss=0.691563 validIC=0.03409
2026-08-28 23:48:23,158 | INFO | epoch=010 rankloss=0.690385 validIC=0.00222
2026-08-28 23:48:24,233 | INFO | epoch=015 rankloss=0.688211 validIC=0.00111
2026-08-28 23:48:25,337 | INFO | epoch=020 rankloss=0.686776 validIC=-0.01781
2026-08-28 23:48:26,527 | INFO | epoch=025 rankloss=0.684065 validIC=-0.00126
2026-08-28 23:48:27,784 | INFO | epoch=030 rankloss=0.680492 validIC=0.00880
2026-08-28 23:48:29,015 | INFO | epoch=035 rankloss=0.675636 validIC=-0.00377
2026-08-28 23:48:30,257 | INFO | epoch=040 rankloss=0.669052 validIC=0.00528
2026-08-28 23:48:30,257 | INFO | early stop @ 40, best=1, best_valid_ic=0.09377
2026-08-28 23:48:30,536 | INFO | TEST IC=0.05481 | median=0.02403 | IC>0=54.55% | spread=0.0182%
2026-08-28 23:48:30,612 | INFO | Top-3 | net=12.96% | 0050=45.12% | EW=28.26% | alpha=-32.16% | turn=74.68%
2026-08-28 23:48:30,686 | INFO | Top-5 | net=27.97% | 0050=45.12% | EW=28.26% | alpha=-17.15% | turn=70.20%
2026-08-28 23:48:30,761 | INFO | Top-10 | net=29.28% | 0050=45.12% | EW=28.26% | alpha=-15.84% | turn=54.85%
2026-08-28 23:48:30,836 | INFO | Top-15 | net=21.82% | 0050=45.12% | EW=28.26% | alpha=-23.31% | turn=48.02%
2026-08-28 23:48:30,912 | INFO | Top-20 | net=22.56% | 0050=45.12% | EW=28.26% | alpha=-22.56% | turn=41.52%
2026-08-28 23:48:31,000 | INFO | ================================================================================
2026-08-28 23:48:31,000 | INFO | YEAR 2026 | train=153,340 valid=11,800 test=7,600
2026-08-28 23:48:37,251 | INFO | epoch=001 rankloss=0.769313 validIC=0.05475
2026-08-28 23:48:39,507 | INFO | epoch=005 rankloss=0.691318 validIC=0.09765
2026-08-28 23:48:42,300 | INFO | epoch=010 rankloss=0.690057 validIC=0.08595
2026-08-28 23:48:45,239 | INFO | epoch=015 rankloss=0.688839 validIC=0.07066
2026-08-28 23:48:46,449 | INFO | epoch=020 rankloss=0.687002 validIC=0.05709
2026-08-28 23:48:47,693 | INFO | epoch=025 rankloss=0.684859 validIC=0.05159
2026-08-28 23:48:49,016 | INFO | epoch=030 rankloss=0.681428 validIC=0.05744
2026-08-28 23:48:50,409 | INFO | epoch=035 rankloss=0.677426 validIC=0.06168
2026-08-28 23:48:51,814 | INFO | epoch=040 rankloss=0.670396 validIC=0.04688
2026-08-28 23:48:53,196 | INFO | epoch=045 rankloss=0.662885 validIC=0.03902
2026-08-28 23:48:53,196 | INFO | early stop @ 45, best=5, best_valid_ic=0.09765
2026-08-28 23:48:53,412 | INFO | TEST IC=0.06044 | median=0.05806 | IC>0=58.55% | spread=2.0874%
2026-08-28 23:48:53,462 | INFO | Top-3 | net=102.75% | 0050=55.96% | EW=57.91% | alpha=46.79% | turn=77.71%
2026-08-28 23:48:53,510 | INFO | Top-5 | net=93.86% | 0050=55.96% | EW=57.91% | alpha=37.90% | turn=65.51%
2026-08-28 23:48:53,558 | INFO | Top-10 | net=79.02% | 0050=55.96% | EW=57.91% | alpha=23.06% | turn=51.08%
2026-08-28 23:48:53,607 | INFO | Top-15 | net=80.40% | 0050=55.96% | EW=57.91% | alpha=24.44% | turn=47.75%
2026-08-28 23:48:53,656 | INFO | Top-20 | net=78.48% | 0050=55.96% | EW=57.91% | alpha=22.52% | turn=40.47%
2026-08-28 23:48:53,774 | INFO | ================================================================================
2026-08-28 23:48:53,774 | INFO | FINAL SUMMARY
2026-08-28 23:48:53,774 | INFO | ================================================================================
2026-08-28 23:48:53,779 | INFO | 
   model  seed  top_k  mean_ic  median_year_ic  mean_spread  positive_alpha_years  years  mean_alpha_vs_0050  mean_alpha_vs_equal_weight  median_alpha_vs_0050  mean_turnover  mean_active_sharpe  mean_best_epoch  mean_valid_ic
mlp_rank   123      3 0.041114        0.040118     0.004364                     3      9           -0.102376                   -0.092498             -0.103800       0.846427           -0.328143        10.666667       0.062173
mlp_rank   123      5 0.041114        0.040118     0.004364                     2      9           -0.089024                   -0.079146             -0.074147       0.792266           -0.413938        10.666667       0.062173
mlp_rank   123     10 0.041114        0.040118     0.004364                     2      9           -0.099296                   -0.089418             -0.044435       0.668008           -0.521707        10.666667       0.062173
mlp_rank   123     15 0.041114        0.040118     0.004364                     4      9           -0.079633                   -0.069754             -0.002870       0.585108           -0.390742        10.666667       0.062173
mlp_rank   123     20 0.041114        0.040118     0.004364                     3      9           -0.093722                   -0.083843             -0.027017       0.504600           -0.555118        10.666667       0.062173
2026-08-28 23:48:53,779 | INFO | SAVED: runs/v4_h5_mlp_rank_seed123_20260828_234632
