2026-08-28 23:44:17,803 | INFO | Rows=173,340, stocks=50, dates=2012-04-06 00:00:00->2026-08-20 00:00:00
2026-08-28 23:44:17,822 | INFO | ================================================================================
2026-08-28 23:44:17,822 | INFO | YEAR 2018 | train=56,511 valid=11,711 test=12,226
2026-08-28 23:44:21,899 | INFO | epoch=001 rankloss=0.868005 validIC=0.05371
2026-08-28 23:44:22,608 | INFO | epoch=005 rankloss=0.691349 validIC=0.08301
2026-08-28 23:44:23,541 | INFO | epoch=010 rankloss=0.688965 validIC=0.09350
2026-08-28 23:44:24,398 | INFO | epoch=015 rankloss=0.688770 validIC=0.08270
2026-08-28 23:44:25,227 | INFO | epoch=020 rankloss=0.687055 validIC=0.09100
2026-08-28 23:44:26,008 | INFO | epoch=025 rankloss=0.685933 validIC=0.07939
2026-08-28 23:44:26,815 | INFO | epoch=030 rankloss=0.684256 validIC=0.07631
2026-08-28 23:44:27,632 | INFO | epoch=035 rankloss=0.683280 validIC=0.07402
2026-08-28 23:44:28,415 | INFO | epoch=040 rankloss=0.678386 validIC=0.07469
2026-08-28 23:44:29,242 | INFO | epoch=045 rankloss=0.677046 validIC=0.06200
2026-08-28 23:44:30,137 | INFO | epoch=050 rankloss=0.673372 validIC=0.07312
2026-08-28 23:44:30,137 | INFO | early stop @ 50, best=10, best_valid_ic=0.09350
2026-08-28 23:44:30,412 | INFO | TEST IC=0.07783 | median=0.06531 | IC>0=64.49% | spread=0.5222%
2026-08-28 23:44:30,539 | INFO | Top-3 | net=-14.15% | 0050=-9.22% | EW=0.43% | alpha=-4.93% | turn=85.68%
2026-08-28 23:44:30,665 | INFO | Top-5 | net=-20.61% | 0050=-9.22% | EW=0.43% | alpha=-11.39% | turn=79.07%
2026-08-28 23:44:30,797 | INFO | Top-10 | net=-15.95% | 0050=-9.22% | EW=0.43% | alpha=-6.73% | turn=68.14%
2026-08-28 23:44:30,925 | INFO | Top-15 | net=-14.82% | 0050=-9.22% | EW=0.43% | alpha=-5.60% | turn=58.26%
2026-08-28 23:44:31,053 | INFO | Top-20 | net=-15.24% | 0050=-9.22% | EW=0.43% | alpha=-6.01% | turn=49.00%
2026-08-28 23:44:31,095 | INFO | ================================================================================
2026-08-28 23:44:31,095 | INFO | YEAR 2019 | train=68,418 valid=12,026 test=12,050
2026-08-28 23:44:33,636 | INFO | epoch=001 rankloss=0.781934 validIC=0.03223
2026-08-28 23:44:34,395 | INFO | epoch=005 rankloss=0.690771 validIC=0.07876
2026-08-28 23:44:35,337 | INFO | epoch=010 rankloss=0.691678 validIC=0.08737
2026-08-28 23:44:36,184 | INFO | epoch=015 rankloss=0.687694 validIC=0.06098
2026-08-28 23:44:37,014 | INFO | epoch=020 rankloss=0.690517 validIC=0.07603
2026-08-28 23:44:37,846 | INFO | epoch=025 rankloss=0.687493 validIC=0.08512
2026-08-28 23:44:38,664 | INFO | epoch=030 rankloss=0.687957 validIC=0.07467
2026-08-28 23:44:39,510 | INFO | epoch=035 rankloss=0.686612 validIC=0.08215
2026-08-28 23:44:40,430 | INFO | epoch=040 rankloss=0.687630 validIC=0.08537
2026-08-28 23:44:41,305 | INFO | epoch=045 rankloss=0.686739 validIC=0.05732
2026-08-28 23:44:42,173 | INFO | epoch=050 rankloss=0.684742 validIC=0.06108
2026-08-28 23:44:42,173 | INFO | early stop @ 50, best=10, best_valid_ic=0.08737
2026-08-28 23:44:42,445 | INFO | TEST IC=0.05518 | median=0.05316 | IC>0=58.92% | spread=0.2620%
2026-08-28 23:44:42,568 | INFO | Top-3 | net=18.52% | 0050=35.89% | EW=37.39% | alpha=-17.38% | turn=84.47%
2026-08-28 23:44:42,690 | INFO | Top-5 | net=23.06% | 0050=35.89% | EW=37.39% | alpha=-12.83% | turn=81.66%
2026-08-28 23:44:42,813 | INFO | Top-10 | net=15.81% | 0050=35.89% | EW=37.39% | alpha=-20.08% | turn=70.25%
2026-08-28 23:44:42,935 | INFO | Top-15 | net=19.67% | 0050=35.89% | EW=37.39% | alpha=-16.22% | turn=58.03%
2026-08-28 23:44:43,060 | INFO | Top-20 | net=16.90% | 0050=35.89% | EW=37.39% | alpha=-19.00% | turn=46.82%
2026-08-28 23:44:43,102 | INFO | ================================================================================
2026-08-28 23:44:43,103 | INFO | YEAR 2020 | train=80,640 valid=11,850 test=12,250
2026-08-28 23:44:46,210 | INFO | epoch=001 rankloss=0.842527 validIC=0.04287
2026-08-28 23:44:46,985 | INFO | epoch=005 rankloss=0.690948 validIC=0.05888
2026-08-28 23:44:47,968 | INFO | epoch=010 rankloss=0.689721 validIC=0.05300
2026-08-28 23:44:48,872 | INFO | epoch=015 rankloss=0.687949 validIC=0.04807
2026-08-28 23:44:49,733 | INFO | epoch=020 rankloss=0.686623 validIC=0.05476
2026-08-28 23:44:50,604 | INFO | epoch=025 rankloss=0.684829 validIC=0.05437
2026-08-28 23:44:51,464 | INFO | epoch=030 rankloss=0.684346 validIC=0.06451
2026-08-28 23:44:52,316 | INFO | epoch=035 rankloss=0.680991 validIC=0.03715
2026-08-28 23:44:53,188 | INFO | epoch=040 rankloss=0.677149 validIC=0.03585
2026-08-28 23:44:54,162 | INFO | epoch=045 rankloss=0.672899 validIC=0.04866
2026-08-28 23:44:55,129 | INFO | epoch=050 rankloss=0.667594 validIC=0.03340
2026-08-28 23:44:55,985 | INFO | epoch=055 rankloss=0.658209 validIC=0.03490
2026-08-28 23:44:56,875 | INFO | epoch=060 rankloss=0.648265 validIC=0.03316
2026-08-28 23:44:57,826 | INFO | epoch=065 rankloss=0.635769 validIC=0.01918
2026-08-28 23:44:58,721 | INFO | epoch=070 rankloss=0.621859 validIC=0.03566
2026-08-28 23:44:58,721 | INFO | early stop @ 70, best=30, best_valid_ic=0.06451
2026-08-28 23:44:58,993 | INFO | TEST IC=0.02627 | median=0.01273 | IC>0=53.47% | spread=-0.0415%
2026-08-28 23:44:59,118 | INFO | Top-3 | net=19.50% | 0050=33.41% | EW=30.48% | alpha=-13.91% | turn=79.04%
2026-08-28 23:44:59,242 | INFO | Top-5 | net=8.18% | 0050=33.41% | EW=30.48% | alpha=-25.23% | turn=72.59%
2026-08-28 23:44:59,366 | INFO | Top-10 | net=-10.13% | 0050=33.41% | EW=30.48% | alpha=-43.54% | turn=65.80%
2026-08-28 23:44:59,489 | INFO | Top-15 | net=0.65% | 0050=33.41% | EW=30.48% | alpha=-32.76% | turn=59.30%
2026-08-28 23:44:59,613 | INFO | Top-20 | net=7.90% | 0050=33.41% | EW=30.48% | alpha=-25.51% | turn=51.71%
2026-08-28 23:44:59,671 | INFO | ================================================================================
2026-08-28 23:44:59,671 | INFO | YEAR 2021 | train=92,690 valid=12,050 test=12,150
2026-08-28 23:45:03,305 | INFO | epoch=001 rankloss=0.835134 validIC=0.00080
2026-08-28 23:45:04,079 | INFO | epoch=005 rankloss=0.691003 validIC=0.04084
2026-08-28 23:45:05,012 | INFO | epoch=010 rankloss=0.689638 validIC=0.05581
2026-08-28 23:45:05,933 | INFO | epoch=015 rankloss=0.688299 validIC=0.05835
2026-08-28 23:45:06,864 | INFO | epoch=020 rankloss=0.687122 validIC=0.02694
2026-08-28 23:45:07,804 | INFO | epoch=025 rankloss=0.685513 validIC=0.00934
2026-08-28 23:45:08,769 | INFO | epoch=030 rankloss=0.683813 validIC=0.01664
2026-08-28 23:45:09,788 | INFO | epoch=035 rankloss=0.681313 validIC=0.01365
2026-08-28 23:45:10,780 | INFO | epoch=040 rankloss=0.677795 validIC=0.01591
2026-08-28 23:45:11,692 | INFO | epoch=045 rankloss=0.673240 validIC=0.00271
2026-08-28 23:45:12,655 | INFO | epoch=050 rankloss=0.665701 validIC=0.01233
2026-08-28 23:45:13,701 | INFO | epoch=055 rankloss=0.656929 validIC=0.00255
2026-08-28 23:45:13,701 | INFO | early stop @ 55, best=15, best_valid_ic=0.05835
2026-08-28 23:45:13,977 | INFO | TEST IC=0.04490 | median=0.02675 | IC>0=54.32% | spread=0.2303%
2026-08-28 23:45:14,099 | INFO | Top-3 | net=-4.84% | 0050=21.82% | EW=41.66% | alpha=-26.66% | turn=82.90%
2026-08-28 23:45:14,221 | INFO | Top-5 | net=6.44% | 0050=21.82% | EW=41.66% | alpha=-15.38% | turn=73.89%
2026-08-28 23:45:14,342 | INFO | Top-10 | net=17.47% | 0050=21.82% | EW=41.66% | alpha=-4.36% | turn=66.28%
2026-08-28 23:45:14,464 | INFO | Top-15 | net=11.99% | 0050=21.82% | EW=41.66% | alpha=-9.83% | turn=59.51%
2026-08-28 23:45:14,587 | INFO | Top-20 | net=9.23% | 0050=21.82% | EW=41.66% | alpha=-12.59% | turn=51.20%
2026-08-28 23:45:14,649 | INFO | ================================================================================
2026-08-28 23:45:14,649 | INFO | YEAR 2022 | train=104,940 valid=11,950 test=12,300
2026-08-28 23:45:18,751 | INFO | epoch=001 rankloss=0.805215 validIC=0.02455
2026-08-28 23:45:19,586 | INFO | epoch=005 rankloss=0.690951 validIC=0.04617
2026-08-28 23:45:20,564 | INFO | epoch=010 rankloss=0.689684 validIC=0.05104
2026-08-28 23:45:21,515 | INFO | epoch=015 rankloss=0.688242 validIC=0.05706
2026-08-28 23:45:22,460 | INFO | epoch=020 rankloss=0.686707 validIC=0.05030
2026-08-28 23:45:23,415 | INFO | epoch=025 rankloss=0.684982 validIC=0.05356
2026-08-28 23:45:24,393 | INFO | epoch=030 rankloss=0.683048 validIC=0.04992
2026-08-28 23:45:25,373 | INFO | epoch=035 rankloss=0.679808 validIC=0.04391
2026-08-28 23:45:26,402 | INFO | epoch=040 rankloss=0.675778 validIC=0.03962
2026-08-28 23:45:27,461 | INFO | epoch=045 rankloss=0.670267 validIC=0.04563
2026-08-28 23:45:28,481 | INFO | epoch=050 rankloss=0.661380 validIC=0.03457
2026-08-28 23:45:29,432 | INFO | epoch=055 rankloss=0.650500 validIC=0.03712
2026-08-28 23:45:29,432 | INFO | early stop @ 55, best=15, best_valid_ic=0.05706
2026-08-28 23:45:29,704 | INFO | TEST IC=-0.00212 | median=-0.01477 | IC>0=47.56% | spread=0.0523%
2026-08-28 23:45:29,828 | INFO | Top-3 | net=-47.48% | 0050=-22.32% | EW=-10.24% | alpha=-25.16% | turn=79.42%
2026-08-28 23:45:29,951 | INFO | Top-5 | net=-41.38% | 0050=-22.32% | EW=-10.24% | alpha=-19.05% | turn=75.90%
2026-08-28 23:45:30,074 | INFO | Top-10 | net=-34.47% | 0050=-22.32% | EW=-10.24% | alpha=-12.14% | turn=65.92%
2026-08-28 23:45:30,198 | INFO | Top-15 | net=-30.09% | 0050=-22.32% | EW=-10.24% | alpha=-7.77% | turn=56.52%
2026-08-28 23:45:30,322 | INFO | Top-20 | net=-29.95% | 0050=-22.32% | EW=-10.24% | alpha=-7.62% | turn=50.16%
2026-08-28 23:45:30,399 | INFO | ================================================================================
2026-08-28 23:45:30,399 | INFO | YEAR 2023 | train=117,090 valid=12,100 test=11,950
2026-08-28 23:45:35,173 | INFO | epoch=001 rankloss=0.769605 validIC=-0.00531
2026-08-28 23:45:36,028 | INFO | epoch=005 rankloss=0.691186 validIC=0.01239
2026-08-28 23:45:37,076 | INFO | epoch=010 rankloss=0.689200 validIC=0.00677
2026-08-28 23:45:38,103 | INFO | epoch=015 rankloss=0.687403 validIC=0.01532
2026-08-28 23:45:39,212 | INFO | epoch=020 rankloss=0.685655 validIC=-0.01201
2026-08-28 23:45:40,401 | INFO | epoch=025 rankloss=0.682892 validIC=0.00386
2026-08-28 23:45:41,520 | INFO | epoch=030 rankloss=0.679581 validIC=0.00136
2026-08-28 23:45:42,568 | INFO | epoch=035 rankloss=0.673920 validIC=-0.00490
2026-08-28 23:45:43,704 | INFO | epoch=040 rankloss=0.666137 validIC=-0.01166
2026-08-28 23:45:44,758 | INFO | epoch=045 rankloss=0.656779 validIC=0.00468
2026-08-28 23:45:45,771 | INFO | epoch=050 rankloss=0.645092 validIC=-0.01320
2026-08-28 23:45:46,891 | INFO | epoch=055 rankloss=0.632399 validIC=-0.01159
2026-08-28 23:45:46,892 | INFO | early stop @ 55, best=15, best_valid_ic=0.01532
2026-08-28 23:45:47,168 | INFO | TEST IC=0.04316 | median=0.03597 | IC>0=54.39% | spread=0.3955%
2026-08-28 23:45:47,291 | INFO | Top-3 | net=-2.14% | 0050=24.67% | EW=32.79% | alpha=-26.82% | turn=80.48%
2026-08-28 23:45:47,413 | INFO | Top-5 | net=22.15% | 0050=24.67% | EW=32.79% | alpha=-2.52% | turn=76.31%
2026-08-28 23:45:47,536 | INFO | Top-10 | net=21.49% | 0050=24.67% | EW=32.79% | alpha=-3.18% | turn=64.81%
2026-08-28 23:45:47,659 | INFO | Top-15 | net=28.28% | 0050=24.67% | EW=32.79% | alpha=3.61% | turn=54.16%
2026-08-28 23:45:47,783 | INFO | Top-20 | net=26.21% | 0050=24.67% | EW=32.79% | alpha=1.54% | turn=45.30%
2026-08-28 23:45:47,847 | INFO | ================================================================================
2026-08-28 23:45:47,847 | INFO | YEAR 2024 | train=129,390 valid=11,750 test=12,100
2026-08-28 23:45:52,916 | INFO | epoch=001 rankloss=0.752318 validIC=0.03032
2026-08-28 23:45:53,770 | INFO | epoch=005 rankloss=0.691384 validIC=0.03702
2026-08-28 23:45:54,811 | INFO | epoch=010 rankloss=0.690011 validIC=0.03708
2026-08-28 23:45:55,883 | INFO | epoch=015 rankloss=0.689028 validIC=0.03378
2026-08-28 23:45:56,930 | INFO | epoch=020 rankloss=0.686589 validIC=0.04381
2026-08-28 23:45:58,151 | INFO | epoch=025 rankloss=0.684987 validIC=0.03111
2026-08-28 23:45:59,288 | INFO | epoch=030 rankloss=0.681641 validIC=0.04998
2026-08-28 23:46:00,388 | INFO | epoch=035 rankloss=0.677113 validIC=0.04416
2026-08-28 23:46:01,619 | INFO | epoch=040 rankloss=0.670676 validIC=0.02827
2026-08-28 23:46:02,795 | INFO | epoch=045 rankloss=0.662630 validIC=0.04694
2026-08-28 23:46:03,920 | INFO | epoch=050 rankloss=0.650209 validIC=0.03542
2026-08-28 23:46:05,035 | INFO | epoch=055 rankloss=0.636716 validIC=0.01388
2026-08-28 23:46:06,121 | INFO | epoch=060 rankloss=0.622358 validIC=0.01628
2026-08-28 23:46:07,332 | INFO | epoch=065 rankloss=0.606220 validIC=0.01139
2026-08-28 23:46:08,511 | INFO | epoch=070 rankloss=0.594265 validIC=0.01553
2026-08-28 23:46:08,511 | INFO | early stop @ 70, best=30, best_valid_ic=0.04998
2026-08-28 23:46:08,784 | INFO | TEST IC=-0.00047 | median=-0.02175 | IC>0=47.11% | spread=-0.0494%
2026-08-28 23:46:08,911 | INFO | Top-3 | net=-11.17% | 0050=52.82% | EW=14.34% | alpha=-63.99% | turn=83.11%
2026-08-28 23:46:09,036 | INFO | Top-5 | net=-18.84% | 0050=52.82% | EW=14.34% | alpha=-71.66% | turn=79.17%
2026-08-28 23:46:09,160 | INFO | Top-10 | net=-20.38% | 0050=52.82% | EW=14.34% | alpha=-73.20% | turn=68.79%
2026-08-28 23:46:09,284 | INFO | Top-15 | net=-14.60% | 0050=52.82% | EW=14.34% | alpha=-67.42% | turn=61.80%
2026-08-28 23:46:09,410 | INFO | Top-20 | net=-9.05% | 0050=52.82% | EW=14.34% | alpha=-61.88% | turn=53.38%
2026-08-28 23:46:09,474 | INFO | ================================================================================
2026-08-28 23:46:09,475 | INFO | YEAR 2025 | train=141,340 valid=11,900 test=12,100
2026-08-28 23:46:15,017 | INFO | epoch=001 rankloss=0.754162 validIC=0.03243
2026-08-28 23:46:15,997 | INFO | epoch=005 rankloss=0.691762 validIC=0.04842
2026-08-28 23:46:17,262 | INFO | epoch=010 rankloss=0.690486 validIC=0.05205
2026-08-28 23:46:18,453 | INFO | epoch=015 rankloss=0.688834 validIC=0.02785
2026-08-28 23:46:19,599 | INFO | epoch=020 rankloss=0.687198 validIC=0.00866
2026-08-28 23:46:20,848 | INFO | epoch=025 rankloss=0.685755 validIC=0.01993
2026-08-28 23:46:22,140 | INFO | epoch=030 rankloss=0.683389 validIC=-0.00097
2026-08-28 23:46:23,375 | INFO | epoch=035 rankloss=0.679642 validIC=0.00552
2026-08-28 23:46:24,575 | INFO | epoch=040 rankloss=0.673536 validIC=-0.00337
2026-08-28 23:46:25,751 | INFO | epoch=045 rankloss=0.665654 validIC=-0.00207
2026-08-28 23:46:27,076 | INFO | epoch=050 rankloss=0.655203 validIC=0.01154
2026-08-28 23:46:27,076 | INFO | early stop @ 50, best=10, best_valid_ic=0.05205
2026-08-28 23:46:27,354 | INFO | TEST IC=0.03625 | median=-0.00372 | IC>0=49.59% | spread=0.3231%
2026-08-28 23:46:27,477 | INFO | Top-3 | net=26.48% | 0050=44.71% | EW=25.86% | alpha=-18.23% | turn=80.84%
2026-08-28 23:46:27,600 | INFO | Top-5 | net=17.19% | 0050=44.71% | EW=25.86% | alpha=-27.52% | turn=77.57%
2026-08-28 23:46:27,728 | INFO | Top-10 | net=8.55% | 0050=44.71% | EW=25.86% | alpha=-36.16% | turn=68.14%
2026-08-28 23:46:27,851 | INFO | Top-15 | net=7.02% | 0050=44.71% | EW=25.86% | alpha=-37.69% | turn=56.95%
2026-08-28 23:46:27,973 | INFO | Top-20 | net=6.54% | 0050=44.71% | EW=25.86% | alpha=-38.16% | turn=49.34%
2026-08-28 23:46:28,043 | INFO | ================================================================================
2026-08-28 23:46:28,043 | INFO | YEAR 2026 | train=153,440 valid=11,900 test=7,600
2026-08-28 23:46:34,028 | INFO | epoch=001 rankloss=0.727451 validIC=0.02909
2026-08-28 23:46:34,971 | INFO | epoch=005 rankloss=0.691434 validIC=0.03077
2026-08-28 23:46:36,103 | INFO | epoch=010 rankloss=0.689637 validIC=0.04284
2026-08-28 23:46:37,335 | INFO | epoch=015 rankloss=0.687858 validIC=0.03748
2026-08-28 23:46:38,537 | INFO | epoch=020 rankloss=0.685972 validIC=0.03351
2026-08-28 23:46:39,790 | INFO | epoch=025 rankloss=0.683563 validIC=0.02847
2026-08-28 23:46:41,013 | INFO | epoch=030 rankloss=0.679246 validIC=0.03448
2026-08-28 23:46:42,215 | INFO | epoch=035 rankloss=0.674013 validIC=0.01885
2026-08-28 23:46:43,487 | INFO | epoch=040 rankloss=0.665461 validIC=0.03988
2026-08-28 23:46:44,677 | INFO | epoch=045 rankloss=0.654755 validIC=0.02799
2026-08-28 23:46:45,789 | INFO | epoch=050 rankloss=0.643266 validIC=0.01588
2026-08-28 23:46:45,789 | INFO | early stop @ 50, best=10, best_valid_ic=0.04284
2026-08-28 23:46:45,965 | INFO | TEST IC=0.05396 | median=0.07282 | IC>0=60.53% | spread=1.1215%
2026-08-28 23:46:46,044 | INFO | Top-3 | net=98.68% | 0050=56.79% | EW=59.48% | alpha=41.89% | turn=71.10%
2026-08-28 23:46:46,121 | INFO | Top-5 | net=108.64% | 0050=56.79% | EW=59.48% | alpha=51.85% | turn=68.23%
2026-08-28 23:46:46,200 | INFO | Top-10 | net=103.30% | 0050=56.79% | EW=59.48% | alpha=46.51% | turn=58.71%
2026-08-28 23:46:46,278 | INFO | Top-15 | net=95.63% | 0050=56.79% | EW=59.48% | alpha=38.84% | turn=51.24%
2026-08-28 23:46:46,356 | INFO | Top-20 | net=82.96% | 0050=56.79% | EW=59.48% | alpha=26.17% | turn=44.62%
2026-08-28 23:46:46,506 | INFO | ================================================================================
2026-08-28 23:46:46,506 | INFO | FINAL SUMMARY
2026-08-28 23:46:46,506 | INFO | ================================================================================
2026-08-28 23:46:46,510 | INFO | 
   model  seed  top_k  mean_ic  median_year_ic  mean_spread  positive_alpha_years  years  mean_alpha_vs_0050  mean_alpha_vs_equal_weight  median_alpha_vs_0050  mean_turnover  mean_active_sharpe  mean_best_epoch  mean_valid_ic
mlp_rank  8765      3 0.037216        0.043158     0.003129                     1      9           -0.172429                   -0.165343             -0.182307       0.807811           -0.622346        16.111111       0.057888
mlp_rank  8765      5 0.037216        0.043158     0.003129                     1      9           -0.148598                   -0.141513             -0.153841       0.760449           -0.671773        16.111111       0.057888
mlp_rank  8765     10 0.037216        0.043158     0.003129                     1      9           -0.169870                   -0.162785             -0.121428       0.663153           -0.991469        16.111111       0.057888
mlp_rank  8765     15 0.037216        0.043158     0.003129                     2      9           -0.149825                   -0.142740             -0.098305       0.573074           -0.895146        16.111111       0.057888
mlp_rank  8765     20 0.037216        0.043158     0.003129                     2      9           -0.158966                   -0.151881             -0.125928       0.490604           -1.019853        16.111111       0.057888
2026-08-28 23:46:46,510 | INFO | SAVED: runs/v4_h3_mlp_rank_seed8765_20260828_234417
