2026-08-28 21:30:05,618 | INFO | Dataset rows: 173,340
2026-08-28 21:30:05,624 | INFO | Stocks: 50
2026-08-28 21:30:05,625 | INFO | Dates: 2012-04-06 00:00:00 -> 2026-08-20 00:00:00
2026-08-28 21:30:05,646 | INFO | ======================================================================
2026-08-28 21:30:05,646 | INFO | YEAR 2018
2026-08-28 21:30:05,646 | INFO | Train: 68,320
2026-08-28 21:30:05,647 | INFO | Test: 12,226
2026-08-28 21:30:05,940 | INFO | Mean IC: 0.0303
2026-08-28 21:30:05,940 | INFO | IC > 0 days: 57.14%
2026-08-28 21:30:05,940 | INFO | Strategy: -25.01%
2026-08-28 21:30:05,940 | INFO | 0050: -7.98%
2026-08-28 21:30:05,940 | INFO | Alpha: -17.03%
2026-08-28 21:30:05,940 | INFO | Active Sharpe: -0.7010
2026-08-28 21:30:05,956 | INFO | ======================================================================
2026-08-28 21:30:05,957 | INFO | YEAR 2019
2026-08-28 21:30:05,957 | INFO | Train: 80,540
2026-08-28 21:30:05,957 | INFO | Test: 12,050
2026-08-28 21:30:06,248 | INFO | Mean IC: 0.0479
2026-08-28 21:30:06,248 | INFO | IC > 0 days: 62.66%
2026-08-28 21:30:06,248 | INFO | Strategy: 18.66%
2026-08-28 21:30:06,248 | INFO | 0050: 35.68%
2026-08-28 21:30:06,248 | INFO | Alpha: -17.02%
2026-08-28 21:30:06,248 | INFO | Active Sharpe: -0.8294
2026-08-28 21:30:06,264 | INFO | ======================================================================
2026-08-28 21:30:06,264 | INFO | YEAR 2020
2026-08-28 21:30:06,264 | INFO | Train: 92,590
2026-08-28 21:30:06,264 | INFO | Test: 12,250
2026-08-28 21:30:06,558 | INFO | Mean IC: 0.0577
2026-08-28 21:30:06,558 | INFO | IC > 0 days: 61.22%
2026-08-28 21:30:06,558 | INFO | Strategy: -6.19%
2026-08-28 21:30:06,558 | INFO | 0050: 31.40%
2026-08-28 21:30:06,558 | INFO | Alpha: -37.59%
2026-08-28 21:30:06,558 | INFO | Active Sharpe: -1.0114
2026-08-28 21:30:06,573 | INFO | ======================================================================
2026-08-28 21:30:06,573 | INFO | YEAR 2021
2026-08-28 21:30:06,574 | INFO | Train: 104,840
2026-08-28 21:30:06,574 | INFO | Test: 12,150
2026-08-28 21:30:06,872 | INFO | Mean IC: 0.0167
2026-08-28 21:30:06,872 | INFO | IC > 0 days: 55.14%
2026-08-28 21:30:06,872 | INFO | Strategy: 24.18%
2026-08-28 21:30:06,872 | INFO | 0050: 22.32%
2026-08-28 21:30:06,872 | INFO | Alpha: 1.86%
2026-08-28 21:30:06,872 | INFO | Active Sharpe: 0.2615
2026-08-28 21:30:06,893 | INFO | ======================================================================
2026-08-28 21:30:06,894 | INFO | YEAR 2022
2026-08-28 21:30:06,894 | INFO | Train: 116,990
2026-08-28 21:30:06,894 | INFO | Test: 12,300
2026-08-28 21:30:07,195 | INFO | Mean IC: -0.0364
2026-08-28 21:30:07,195 | INFO | IC > 0 days: 41.46%
2026-08-28 21:30:07,195 | INFO | Strategy: -37.10%
2026-08-28 21:30:07,195 | INFO | 0050: -18.34%
2026-08-28 21:30:07,196 | INFO | Alpha: -18.76%
2026-08-28 21:30:07,196 | INFO | Active Sharpe: -0.9451
2026-08-28 21:30:07,213 | INFO | ======================================================================
2026-08-28 21:30:07,213 | INFO | YEAR 2023
2026-08-28 21:30:07,213 | INFO | Train: 129,290
2026-08-28 21:30:07,213 | INFO | Test: 11,950
2026-08-28 21:30:07,514 | INFO | Mean IC: 0.0533
2026-08-28 21:30:07,514 | INFO | IC > 0 days: 57.32%
2026-08-28 21:30:07,514 | INFO | Strategy: 59.59%
2026-08-28 21:30:07,514 | INFO | 0050: 24.67%
2026-08-28 21:30:07,514 | INFO | Alpha: 34.92%
2026-08-28 21:30:07,514 | INFO | Active Sharpe: 0.8141
2026-08-28 21:30:07,533 | INFO | ======================================================================
2026-08-28 21:30:07,533 | INFO | YEAR 2024
2026-08-28 21:30:07,533 | INFO | Train: 141,240
2026-08-28 21:30:07,533 | INFO | Test: 12,100
2026-08-28 21:30:07,842 | INFO | Mean IC: 0.0585
2026-08-28 21:30:07,842 | INFO | IC > 0 days: 59.92%
2026-08-28 21:30:07,842 | INFO | Strategy: -7.27%
2026-08-28 21:30:07,842 | INFO | 0050: 55.90%
2026-08-28 21:30:07,842 | INFO | Alpha: -63.16%
2026-08-28 21:30:07,842 | INFO | Active Sharpe: -2.4961
2026-08-28 21:30:07,865 | INFO | ======================================================================
2026-08-28 21:30:07,866 | INFO | YEAR 2025
2026-08-28 21:30:07,866 | INFO | Train: 153,340
2026-08-28 21:30:07,866 | INFO | Test: 12,100
2026-08-28 21:30:08,175 | INFO | Mean IC: 0.0923
2026-08-28 21:30:08,175 | INFO | IC > 0 days: 61.57%
2026-08-28 21:30:08,175 | INFO | Strategy: 70.57%
2026-08-28 21:30:08,175 | INFO | 0050: 45.12%
2026-08-28 21:30:08,175 | INFO | Alpha: 25.45%
2026-08-28 21:30:08,175 | INFO | Active Sharpe: 0.7589
2026-08-28 21:30:08,204 | INFO | ======================================================================
2026-08-28 21:30:08,204 | INFO | YEAR 2026
2026-08-28 21:30:08,204 | INFO | Train: 165,440
2026-08-28 21:30:08,204 | INFO | Test: 7,600
2026-08-28 21:30:08,425 | INFO | Mean IC: 0.0627
2026-08-28 21:30:08,425 | INFO | IC > 0 days: 57.24%
2026-08-28 21:30:08,425 | INFO | Strategy: 66.01%
2026-08-28 21:30:08,425 | INFO | 0050: 55.96%
2026-08-28 21:30:08,425 | INFO | Alpha: 10.05%
2026-08-28 21:30:08,425 | INFO | Active Sharpe: 0.5834
2026-08-28 21:30:08,780 | INFO | ======================================================================
2026-08-28 21:30:08,780 | INFO | FINAL SUMMARY
2026-08-28 21:30:08,780 | INFO | ======================================================================
2026-08-28 21:30:08,780 | INFO | Mean yearly IC: 0.0426
2026-08-28 21:30:08,780 | INFO | Positive alpha years: 4/9
2026-08-28 21:30:08,781 | INFO | Total Strategy Return: 173.26%
2026-08-28 21:30:08,781 | INFO | Total Benchmark Return: 620.89%
2026-08-28 21:30:08,781 | INFO | Run saved to: runs/ridge_top5_20260828_213005
