2026-08-28 22:06:45,805 | INFO | Rows=173,340, stocks=50, dates=2012-04-06 00:00:00->2026-08-20 00:00:00
2026-08-28 22:06:45,834 | INFO | ================================================================================
2026-08-28 22:06:45,834 | INFO | YEAR 2018 | train=56,413 valid=11,613 test=12,226
2026-08-28 22:06:48,007 | INFO | epoch=001 loss=1.662623 validIC=0.03806
2026-08-28 22:06:51,317 | INFO | epoch=005 loss=0.386369 validIC=0.04625
2026-08-28 22:06:55,279 | INFO | epoch=010 loss=0.376384 validIC=0.04106
2026-08-28 22:06:59,188 | INFO | epoch=015 loss=0.374015 validIC=0.05160
2026-08-28 22:07:03,041 | INFO | epoch=020 loss=0.373041 validIC=0.05163
2026-08-28 22:07:06,883 | INFO | epoch=025 loss=0.372721 validIC=0.05177
2026-08-28 22:07:10,916 | INFO | epoch=030 loss=0.372296 validIC=0.05235
2026-08-28 22:07:15,053 | INFO | epoch=035 loss=0.371514 validIC=0.05192
2026-08-28 22:07:19,824 | INFO | epoch=040 loss=0.370997 validIC=0.05753
2026-08-28 22:07:24,598 | INFO | epoch=045 loss=0.370274 validIC=0.05597
2026-08-28 22:07:28,901 | INFO | epoch=050 loss=0.369612 validIC=0.05462
2026-08-28 22:07:33,823 | INFO | epoch=055 loss=0.369184 validIC=0.05550
2026-08-28 22:07:38,311 | INFO | epoch=060 loss=0.368496 validIC=0.05120
2026-08-28 22:07:43,011 | INFO | epoch=065 loss=0.367595 validIC=0.04969
2026-08-28 22:07:47,275 | INFO | epoch=070 loss=0.366810 validIC=0.04849
2026-08-28 22:07:51,883 | INFO | epoch=075 loss=0.366254 validIC=0.04700
2026-08-28 22:07:56,072 | INFO | epoch=080 loss=0.365212 validIC=0.04520
2026-08-28 22:07:56,072 | INFO | early stop @ 80, best=40, best_valid_ic=0.05753
2026-08-28 22:07:56,347 | INFO | TEST IC=0.07050 | median=0.07745 | IC>0=70.61% | spread=0.4720%
2026-08-28 22:07:56,424 | INFO | Top-3 | net=13.69% | 0050=-7.98% | EW=1.43% | alpha=21.66% | turn=62.26%
2026-08-28 22:07:56,500 | INFO | Top-5 | net=-16.25% | 0050=-7.98% | EW=1.43% | alpha=-8.27% | turn=64.84%
2026-08-28 22:07:56,578 | INFO | Top-10 | net=-7.88% | 0050=-7.98% | EW=1.43% | alpha=0.09% | turn=59.86%
2026-08-28 22:07:56,605 | INFO | ================================================================================
2026-08-28 22:07:56,606 | INFO | YEAR 2019 | train=68,320 valid=11,926 test=12,050
2026-08-28 22:07:57,685 | INFO | epoch=001 loss=1.435260 validIC=0.04735
2026-08-28 22:08:01,958 | INFO | epoch=005 loss=0.384275 validIC=-0.01667
2026-08-28 22:08:06,697 | INFO | epoch=010 loss=0.375186 validIC=0.06161
2026-08-28 22:08:11,946 | INFO | epoch=015 loss=0.374190 validIC=0.06344
2026-08-28 22:08:17,525 | INFO | epoch=020 loss=0.373597 validIC=0.06368
2026-08-28 22:08:22,524 | INFO | epoch=025 loss=0.373181 validIC=0.06202
2026-08-28 22:08:27,519 | INFO | epoch=030 loss=0.372719 validIC=0.06682
2026-08-28 22:08:32,619 | INFO | epoch=035 loss=0.371976 validIC=0.06064
2026-08-28 22:08:37,200 | INFO | epoch=040 loss=0.371421 validIC=0.06714
2026-08-28 22:08:42,348 | INFO | epoch=045 loss=0.370708 validIC=0.06303
2026-08-28 22:08:47,789 | INFO | epoch=050 loss=0.369948 validIC=0.06440
2026-08-28 22:08:52,771 | INFO | epoch=055 loss=0.369386 validIC=0.07400
2026-08-28 22:08:57,665 | INFO | epoch=060 loss=0.368578 validIC=0.06219
2026-08-28 22:09:03,904 | INFO | epoch=065 loss=0.368088 validIC=0.06079
2026-08-28 22:09:08,869 | INFO | epoch=070 loss=0.366907 validIC=0.05780
2026-08-28 22:09:14,494 | INFO | epoch=075 loss=0.366416 validIC=0.07087
2026-08-28 22:09:20,585 | INFO | epoch=080 loss=0.365432 validIC=0.06409
2026-08-28 22:09:25,811 | INFO | epoch=085 loss=0.364699 validIC=0.06270
2026-08-28 22:09:30,507 | INFO | epoch=090 loss=0.363301 validIC=0.06477
2026-08-28 22:09:35,870 | INFO | epoch=095 loss=0.362097 validIC=0.04788
2026-08-28 22:09:35,870 | INFO | early stop @ 95, best=55, best_valid_ic=0.07400
2026-08-28 22:09:36,139 | INFO | TEST IC=0.02118 | median=0.00908 | IC>0=52.70% | spread=0.0008%
2026-08-28 22:09:36,217 | INFO | Top-3 | net=34.63% | 0050=35.68% | EW=36.46% | alpha=-1.05% | turn=81.64%
2026-08-28 22:09:36,294 | INFO | Top-5 | net=25.60% | 0050=35.68% | EW=36.46% | alpha=-10.09% | turn=83.80%
2026-08-28 22:09:36,372 | INFO | Top-10 | net=23.62% | 0050=35.68% | EW=36.46% | alpha=-12.07% | turn=71.94%
2026-08-28 22:09:36,402 | INFO | ================================================================================
2026-08-28 22:09:36,402 | INFO | YEAR 2020 | train=80,540 valid=11,750 test=12,250
2026-08-28 22:09:37,945 | INFO | epoch=001 loss=1.439847 validIC=-0.01329
2026-08-28 22:09:42,828 | INFO | epoch=005 loss=0.382934 validIC=0.01537
2026-08-28 22:09:48,932 | INFO | epoch=010 loss=0.374818 validIC=0.05098
2026-08-28 22:09:55,181 | INFO | epoch=015 loss=0.373429 validIC=0.01453
2026-08-28 22:10:00,837 | INFO | epoch=020 loss=0.372700 validIC=0.01445
2026-08-28 22:10:07,247 | INFO | epoch=025 loss=0.372200 validIC=0.01040
2026-08-28 22:10:13,428 | INFO | epoch=030 loss=0.371668 validIC=0.01440
2026-08-28 22:10:19,759 | INFO | epoch=035 loss=0.371158 validIC=0.01436
2026-08-28 22:10:25,753 | INFO | epoch=040 loss=0.370469 validIC=0.02106
2026-08-28 22:10:31,130 | INFO | epoch=045 loss=0.369832 validIC=0.02241
2026-08-28 22:10:37,851 | INFO | epoch=050 loss=0.369197 validIC=0.01443
2026-08-28 22:10:37,851 | INFO | early stop @ 50, best=10, best_valid_ic=0.05098
2026-08-28 22:10:38,134 | INFO | TEST IC=0.07269 | median=0.06766 | IC>0=61.63% | spread=0.7049%
2026-08-28 22:10:38,211 | INFO | Top-3 | net=43.41% | 0050=31.40% | EW=29.48% | alpha=12.01% | turn=73.75%
2026-08-28 22:10:38,287 | INFO | Top-5 | net=61.38% | 0050=31.40% | EW=29.48% | alpha=29.98% | turn=74.48%
2026-08-28 22:10:38,363 | INFO | Top-10 | net=37.86% | 0050=31.40% | EW=29.48% | alpha=6.46% | turn=62.78%
2026-08-28 22:10:38,391 | INFO | ================================================================================
2026-08-28 22:10:38,391 | INFO | YEAR 2021 | train=92,590 valid=11,950 test=12,150
2026-08-28 22:10:39,888 | INFO | epoch=001 loss=1.839615 validIC=-0.05969
2026-08-28 22:10:44,995 | INFO | epoch=005 loss=0.384735 validIC=0.02208
2026-08-28 22:10:52,859 | INFO | epoch=010 loss=0.376261 validIC=0.04407
2026-08-28 22:11:00,191 | INFO | epoch=015 loss=0.375366 validIC=0.06019
2026-08-28 22:11:07,074 | INFO | epoch=020 loss=0.374915 validIC=0.05758
2026-08-28 22:11:14,300 | INFO | epoch=025 loss=0.374363 validIC=0.05885
2026-08-28 22:11:20,450 | INFO | epoch=030 loss=0.373844 validIC=0.05506
2026-08-28 22:11:27,441 | INFO | epoch=035 loss=0.373220 validIC=0.05190
2026-08-28 22:11:34,926 | INFO | epoch=040 loss=0.372852 validIC=0.05463
2026-08-28 22:11:41,588 | INFO | epoch=045 loss=0.371953 validIC=0.05527
2026-08-28 22:11:47,755 | INFO | epoch=050 loss=0.371765 validIC=0.05505
2026-08-28 22:11:53,739 | INFO | epoch=055 loss=0.370807 validIC=0.03536
2026-08-28 22:11:53,739 | INFO | early stop @ 55, best=15, best_valid_ic=0.06019
2026-08-28 22:11:54,008 | INFO | TEST IC=0.03605 | median=0.03942 | IC>0=54.73% | spread=0.0455%
2026-08-28 22:11:54,085 | INFO | Top-3 | net=23.21% | 0050=22.32% | EW=41.56% | alpha=0.89% | turn=78.49%
2026-08-28 22:11:54,168 | INFO | Top-5 | net=18.31% | 0050=22.32% | EW=41.56% | alpha=-4.01% | turn=73.57%
2026-08-28 22:11:54,244 | INFO | Top-10 | net=25.40% | 0050=22.32% | EW=41.56% | alpha=3.09% | turn=68.10%
2026-08-28 22:11:54,285 | INFO | ================================================================================
2026-08-28 22:11:54,286 | INFO | YEAR 2022 | train=104,840 valid=11,850 test=12,300
2026-08-28 22:11:56,134 | INFO | epoch=001 loss=1.291781 validIC=0.00575
2026-08-28 22:12:02,628 | INFO | epoch=005 loss=0.378019 validIC=0.04023
2026-08-28 22:12:09,574 | INFO | epoch=010 loss=0.373775 validIC=0.04968
2026-08-28 22:12:18,147 | INFO | epoch=015 loss=0.372967 validIC=0.05253
2026-08-28 22:12:25,233 | INFO | epoch=020 loss=0.372417 validIC=0.05096
2026-08-28 22:12:33,465 | INFO | epoch=025 loss=0.371676 validIC=0.05222
2026-08-28 22:12:41,289 | INFO | epoch=030 loss=0.371097 validIC=0.05146
2026-08-28 22:12:49,558 | INFO | epoch=035 loss=0.370375 validIC=0.05143
2026-08-28 22:12:58,066 | INFO | epoch=040 loss=0.369330 validIC=0.04527
2026-08-28 22:13:05,484 | INFO | epoch=045 loss=0.368221 validIC=0.04576
2026-08-28 22:13:12,398 | INFO | epoch=050 loss=0.367529 validIC=0.04981
2026-08-28 22:13:20,876 | INFO | epoch=055 loss=0.366224 validIC=0.04455
2026-08-28 22:13:20,876 | INFO | early stop @ 55, best=15, best_valid_ic=0.05253
2026-08-28 22:13:21,143 | INFO | TEST IC=0.01220 | median=0.00864 | IC>0=52.85% | spread=0.0819%
2026-08-28 22:13:21,220 | INFO | Top-3 | net=-35.14% | 0050=-18.34% | EW=-7.15% | alpha=-16.79% | turn=72.43%
2026-08-28 22:13:21,297 | INFO | Top-5 | net=-24.84% | 0050=-18.34% | EW=-7.15% | alpha=-6.50% | turn=70.98%
2026-08-28 22:13:21,374 | INFO | Top-10 | net=-19.77% | 0050=-18.34% | EW=-7.15% | alpha=-1.42% | turn=62.66%
2026-08-28 22:13:21,409 | INFO | ================================================================================
2026-08-28 22:13:21,409 | INFO | YEAR 2023 | train=116,990 valid=12,000 test=11,950
2026-08-28 22:13:23,335 | INFO | epoch=001 loss=1.434594 validIC=0.04174
2026-08-28 22:13:30,816 | INFO | epoch=005 loss=0.375347 validIC=0.03356
2026-08-28 22:13:38,734 | INFO | epoch=010 loss=0.371990 validIC=0.02405
2026-08-28 22:13:47,407 | INFO | epoch=015 loss=0.370792 validIC=0.02550
2026-08-28 22:13:56,731 | INFO | epoch=020 loss=0.370014 validIC=0.02353
2026-08-28 22:14:06,107 | INFO | epoch=025 loss=0.369076 validIC=0.02610
2026-08-28 22:14:14,338 | INFO | epoch=030 loss=0.368295 validIC=0.02879
2026-08-28 22:14:23,315 | INFO | epoch=035 loss=0.367464 validIC=0.02772
2026-08-28 22:14:31,120 | INFO | epoch=040 loss=0.366073 validIC=0.02858
2026-08-28 22:14:31,120 | INFO | early stop @ 40, best=1, best_valid_ic=0.04174
2026-08-28 22:14:31,381 | INFO | TEST IC=0.00046 | median=0.00715 | IC>0=50.63% | spread=-0.0446%
2026-08-28 22:14:31,455 | INFO | Top-3 | net=72.87% | 0050=24.67% | EW=33.05% | alpha=48.20% | turn=90.81%
2026-08-28 22:14:31,529 | INFO | Top-5 | net=52.66% | 0050=24.67% | EW=33.05% | alpha=27.99% | turn=87.53%
2026-08-28 22:14:31,603 | INFO | Top-10 | net=36.00% | 0050=24.67% | EW=33.05% | alpha=11.33% | turn=77.92%
2026-08-28 22:14:31,635 | INFO | ================================================================================
2026-08-28 22:14:31,635 | INFO | YEAR 2024 | train=129,290 valid=11,650 test=12,100
2026-08-28 22:14:33,421 | INFO | epoch=001 loss=1.118212 validIC=0.01052
2026-08-28 22:14:40,843 | INFO | epoch=005 loss=0.379137 validIC=0.03414
2026-08-28 22:14:51,175 | INFO | epoch=010 loss=0.375792 validIC=0.04702
2026-08-28 22:15:00,571 | INFO | epoch=015 loss=0.375225 validIC=0.04831
2026-08-28 22:15:10,978 | INFO | epoch=020 loss=0.374435 validIC=0.04518
2026-08-28 22:15:21,628 | INFO | epoch=025 loss=0.373725 validIC=0.04541
2026-08-28 22:15:31,013 | INFO | epoch=030 loss=0.373001 validIC=0.04791
2026-08-28 22:15:41,315 | INFO | epoch=035 loss=0.371988 validIC=0.04932
2026-08-28 22:15:51,651 | INFO | epoch=040 loss=0.371196 validIC=0.04320
2026-08-28 22:16:02,806 | INFO | epoch=045 loss=0.370097 validIC=0.03992
2026-08-28 22:16:11,465 | INFO | epoch=050 loss=0.368584 validIC=0.03670
2026-08-28 22:16:21,880 | INFO | epoch=055 loss=0.367476 validIC=0.03338
2026-08-28 22:16:32,224 | INFO | epoch=060 loss=0.365713 validIC=0.02622
2026-08-28 22:16:42,626 | INFO | epoch=065 loss=0.363291 validIC=0.04601
2026-08-28 22:16:53,071 | INFO | epoch=070 loss=0.361943 validIC=0.03406
2026-08-28 22:17:03,240 | INFO | epoch=075 loss=0.359086 validIC=0.04998
2026-08-28 22:17:13,609 | INFO | epoch=080 loss=0.356514 validIC=0.03864
2026-08-28 22:17:23,737 | INFO | epoch=085 loss=0.353494 validIC=0.04217
2026-08-28 22:17:34,205 | INFO | epoch=090 loss=0.349944 validIC=0.02702
2026-08-28 22:17:44,549 | INFO | epoch=095 loss=0.345795 validIC=0.03526
2026-08-28 22:17:55,127 | INFO | epoch=100 loss=0.341315 validIC=0.02278
2026-08-28 22:18:05,472 | INFO | epoch=105 loss=0.335667 validIC=0.02562
2026-08-28 22:18:14,152 | INFO | epoch=110 loss=0.329647 validIC=0.02088
2026-08-28 22:18:23,365 | INFO | epoch=115 loss=0.323141 validIC=0.01783
2026-08-28 22:18:23,365 | INFO | early stop @ 115, best=75, best_valid_ic=0.04998
2026-08-28 22:18:23,628 | INFO | TEST IC=-0.00808 | median=-0.02065 | IC>0=45.45% | spread=-0.2120%
2026-08-28 22:18:23,704 | INFO | Top-3 | net=-37.36% | 0050=55.90% | EW=14.85% | alpha=-93.26% | turn=79.09%
2026-08-28 22:18:23,779 | INFO | Top-5 | net=-16.00% | 0050=55.90% | EW=14.85% | alpha=-71.90% | turn=74.27%
2026-08-28 22:18:23,854 | INFO | Top-10 | net=-11.86% | 0050=55.90% | EW=14.85% | alpha=-67.76% | turn=69.25%
2026-08-28 22:18:23,902 | INFO | ================================================================================
2026-08-28 22:18:23,902 | INFO | YEAR 2025 | train=141,240 valid=11,800 test=12,100
2026-08-28 22:18:26,080 | INFO | epoch=001 loss=0.934327 validIC=-0.06126
2026-08-28 22:18:34,687 | INFO | epoch=005 loss=0.377173 validIC=0.03989
2026-08-28 22:18:45,648 | INFO | epoch=010 loss=0.375561 validIC=0.00834
2026-08-28 22:18:57,105 | INFO | epoch=015 loss=0.374714 validIC=0.00621
2026-08-28 22:19:06,880 | INFO | epoch=020 loss=0.373502 validIC=0.00781
2026-08-28 22:19:20,243 | INFO | epoch=025 loss=0.372759 validIC=0.00508
2026-08-28 22:19:30,660 | INFO | epoch=030 loss=0.371553 validIC=0.00631
2026-08-28 22:19:41,876 | INFO | epoch=035 loss=0.370171 validIC=-0.00422
2026-08-28 22:19:52,190 | INFO | epoch=040 loss=0.368851 validIC=-0.00024
2026-08-28 22:20:02,561 | INFO | epoch=045 loss=0.366848 validIC=-0.00822
2026-08-28 22:20:02,561 | INFO | early stop @ 45, best=5, best_valid_ic=0.03989
2026-08-28 22:20:02,824 | INFO | TEST IC=0.09587 | median=0.08792 | IC>0=66.53% | spread=1.3391%
2026-08-28 22:20:02,899 | INFO | Top-3 | net=183.55% | 0050=45.12% | EW=28.26% | alpha=138.43% | turn=85.55%
2026-08-28 22:20:02,975 | INFO | Top-5 | net=131.14% | 0050=45.12% | EW=28.26% | alpha=86.02% | turn=79.03%
2026-08-28 22:20:03,050 | INFO | Top-10 | net=63.66% | 0050=45.12% | EW=28.26% | alpha=18.54% | turn=66.43%
2026-08-28 22:20:03,089 | INFO | ================================================================================
2026-08-28 22:20:03,089 | INFO | YEAR 2026 | train=153,340 valid=11,800 test=7,600
2026-08-28 22:20:05,687 | INFO | epoch=001 loss=1.191836 validIC=-0.00868
2026-08-28 22:20:13,633 | INFO | epoch=005 loss=0.380616 validIC=0.06867
2026-08-28 22:20:24,580 | INFO | epoch=010 loss=0.378576 validIC=0.10618
2026-08-28 22:20:36,229 | INFO | epoch=015 loss=0.377817 validIC=0.09478
2026-08-28 22:20:47,326 | INFO | epoch=020 loss=0.376912 validIC=0.10511
2026-08-28 22:20:58,473 | INFO | epoch=025 loss=0.376054 validIC=0.10380
2026-08-28 22:21:08,668 | INFO | epoch=030 loss=0.375205 validIC=0.08647
2026-08-28 22:21:18,538 | INFO | epoch=035 loss=0.374559 validIC=0.08184
2026-08-28 22:21:28,761 | INFO | epoch=040 loss=0.373210 validIC=0.07249
2026-08-28 22:21:38,313 | INFO | epoch=045 loss=0.372427 validIC=0.08393
2026-08-28 22:21:47,738 | INFO | epoch=050 loss=0.370951 validIC=0.05874
2026-08-28 22:21:47,738 | INFO | early stop @ 50, best=10, best_valid_ic=0.10618
2026-08-28 22:21:47,909 | INFO | TEST IC=0.03734 | median=0.03253 | IC>0=54.61% | spread=1.3584%
2026-08-28 22:21:47,958 | INFO | Top-3 | net=69.77% | 0050=55.96% | EW=57.91% | alpha=13.80% | turn=84.23%
2026-08-28 22:21:48,005 | INFO | Top-5 | net=50.17% | 0050=55.96% | EW=57.91% | alpha=-5.80% | turn=80.77%
2026-08-28 22:21:48,053 | INFO | Top-10 | net=56.74% | 0050=55.96% | EW=57.91% | alpha=0.78% | turn=67.54%
2026-08-28 22:21:48,162 | INFO | ================================================================================
2026-08-28 22:21:48,162 | INFO | FINAL SUMMARY
2026-08-28 22:21:48,162 | INFO | ================================================================================
2026-08-28 22:21:48,166 | INFO | 
  model  seed  top_k  mean_ic  median_year_ic  mean_spread  positive_alpha_years  years  mean_alpha_vs_0050  mean_alpha_vs_equal_weight  median_alpha_vs_0050  mean_turnover  mean_active_sharpe  mean_best_epoch  mean_valid_ic
mlp_reg     1      3 0.037578        0.036049     0.004162                     6      9            0.137657                    0.147535              0.120100       0.786941            0.216605        25.111111       0.059226
mlp_reg     1      5 0.037578        0.036049     0.004162                     3      9            0.041583                    0.051461             -0.057975       0.765862            0.115279        25.111111       0.059226
mlp_reg     1     10 0.037578        0.036049     0.004162                     6      9           -0.045517                   -0.035639              0.007769       0.673858           -0.218369        25.111111       0.059226
2026-08-28 22:21:48,166 | INFO | SAVED: runs/v3_mlp_reg_seed1_20260828_220645
