2026-08-28 23:44:15,586 | INFO | Rows=173,340, stocks=50, dates=2012-04-06 00:00:00->2026-08-20 00:00:00
2026-08-28 23:44:15,604 | INFO | ================================================================================
2026-08-28 23:44:15,604 | INFO | YEAR 2018 | train=56,511 valid=11,711 test=12,226
2026-08-28 23:44:19,638 | INFO | epoch=001 rankloss=0.824724 validIC=0.03830
2026-08-28 23:44:20,333 | INFO | epoch=005 rankloss=0.690520 validIC=0.08990
2026-08-28 23:44:21,195 | INFO | epoch=010 rankloss=0.690070 validIC=0.08796
2026-08-28 23:44:21,982 | INFO | epoch=015 rankloss=0.687346 validIC=0.08120
2026-08-28 23:44:22,809 | INFO | epoch=020 rankloss=0.687031 validIC=0.07901
2026-08-28 23:44:23,610 | INFO | epoch=025 rankloss=0.685231 validIC=0.08054
2026-08-28 23:44:24,422 | INFO | epoch=030 rankloss=0.683209 validIC=0.07979
2026-08-28 23:44:25,233 | INFO | epoch=035 rankloss=0.681478 validIC=0.06252
2026-08-28 23:44:26,019 | INFO | epoch=040 rankloss=0.681072 validIC=0.06230
2026-08-28 23:44:26,809 | INFO | epoch=045 rankloss=0.677274 validIC=0.07426
2026-08-28 23:44:26,809 | INFO | early stop @ 45, best=5, best_valid_ic=0.08990
2026-08-28 23:44:27,086 | INFO | TEST IC=0.07633 | median=0.07064 | IC>0=62.86% | spread=0.4922%
2026-08-28 23:44:27,213 | INFO | Top-3 | net=-10.58% | 0050=-9.22% | EW=0.43% | alpha=-1.36% | turn=82.91%
2026-08-28 23:44:27,338 | INFO | Top-5 | net=-11.12% | 0050=-9.22% | EW=0.43% | alpha=-1.89% | turn=77.63%
2026-08-28 23:44:27,464 | INFO | Top-10 | net=-19.87% | 0050=-9.22% | EW=0.43% | alpha=-10.64% | turn=69.47%
2026-08-28 23:44:27,590 | INFO | Top-15 | net=-16.75% | 0050=-9.22% | EW=0.43% | alpha=-7.53% | turn=60.47%
2026-08-28 23:44:27,723 | INFO | Top-20 | net=-15.74% | 0050=-9.22% | EW=0.43% | alpha=-6.52% | turn=52.71%
2026-08-28 23:44:27,761 | INFO | ================================================================================
2026-08-28 23:44:27,762 | INFO | YEAR 2019 | train=68,418 valid=12,026 test=12,050
2026-08-28 23:44:30,348 | INFO | epoch=001 rankloss=0.828300 validIC=-0.02166
2026-08-28 23:44:31,069 | INFO | epoch=005 rankloss=0.689140 validIC=0.02240
2026-08-28 23:44:31,939 | INFO | epoch=010 rankloss=0.690692 validIC=0.09256
2026-08-28 23:44:32,842 | INFO | epoch=015 rankloss=0.690891 validIC=0.06706
2026-08-28 23:44:33,744 | INFO | epoch=020 rankloss=0.687801 validIC=0.06708
2026-08-28 23:44:34,611 | INFO | epoch=025 rankloss=0.689621 validIC=0.08556
2026-08-28 23:44:35,525 | INFO | epoch=030 rankloss=0.687406 validIC=0.08151
2026-08-28 23:44:36,426 | INFO | epoch=035 rankloss=0.685687 validIC=0.05966
2026-08-28 23:44:37,332 | INFO | epoch=040 rankloss=0.687164 validIC=0.08334
2026-08-28 23:44:38,250 | INFO | epoch=045 rankloss=0.688588 validIC=0.07709
2026-08-28 23:44:39,170 | INFO | epoch=050 rankloss=0.684521 validIC=0.06541
2026-08-28 23:44:39,170 | INFO | early stop @ 50, best=10, best_valid_ic=0.09256
2026-08-28 23:44:39,439 | INFO | TEST IC=0.04826 | median=0.05681 | IC>0=59.75% | spread=0.1761%
2026-08-28 23:44:39,562 | INFO | Top-3 | net=14.21% | 0050=35.89% | EW=37.39% | alpha=-21.69% | turn=88.55%
2026-08-28 23:44:39,884 | INFO | Top-5 | net=11.06% | 0050=35.89% | EW=37.39% | alpha=-24.84% | turn=83.88%
2026-08-28 23:44:40,009 | INFO | Top-10 | net=13.83% | 0050=35.89% | EW=37.39% | alpha=-22.06% | turn=71.39%
2026-08-28 23:44:40,134 | INFO | Top-15 | net=16.01% | 0050=35.89% | EW=37.39% | alpha=-19.88% | turn=57.31%
2026-08-28 23:44:40,260 | INFO | Top-20 | net=14.17% | 0050=35.89% | EW=37.39% | alpha=-21.72% | turn=46.89%
2026-08-28 23:44:40,303 | INFO | ================================================================================
2026-08-28 23:44:40,303 | INFO | YEAR 2020 | train=80,640 valid=11,850 test=12,250
2026-08-28 23:44:43,280 | INFO | epoch=001 rankloss=0.887471 validIC=0.04005
2026-08-28 23:44:44,041 | INFO | epoch=005 rankloss=0.690897 validIC=0.05540
2026-08-28 23:44:44,993 | INFO | epoch=010 rankloss=0.689802 validIC=0.06076
2026-08-28 23:44:45,894 | INFO | epoch=015 rankloss=0.689165 validIC=0.05823
2026-08-28 23:44:46,825 | INFO | epoch=020 rankloss=0.687631 validIC=0.06045
2026-08-28 23:44:47,747 | INFO | epoch=025 rankloss=0.686505 validIC=0.04260
2026-08-28 23:44:48,625 | INFO | epoch=030 rankloss=0.685144 validIC=0.04511
2026-08-28 23:44:49,501 | INFO | epoch=035 rankloss=0.684014 validIC=0.04875
2026-08-28 23:44:50,370 | INFO | epoch=040 rankloss=0.681524 validIC=0.04515
2026-08-28 23:44:51,258 | INFO | epoch=045 rankloss=0.678317 validIC=0.05068
2026-08-28 23:44:52,181 | INFO | epoch=050 rankloss=0.675260 validIC=0.04973
2026-08-28 23:44:52,181 | INFO | early stop @ 50, best=10, best_valid_ic=0.06076
2026-08-28 23:44:52,455 | INFO | TEST IC=0.04106 | median=0.03923 | IC>0=57.14% | spread=0.1422%
2026-08-28 23:44:52,581 | INFO | Top-3 | net=-13.20% | 0050=33.41% | EW=30.48% | alpha=-46.61% | turn=85.11%
2026-08-28 23:44:52,708 | INFO | Top-5 | net=-15.16% | 0050=33.41% | EW=30.48% | alpha=-48.57% | turn=79.17%
2026-08-28 23:44:52,836 | INFO | Top-10 | net=-9.11% | 0050=33.41% | EW=30.48% | alpha=-42.52% | turn=69.04%
2026-08-28 23:44:52,960 | INFO | Top-15 | net=1.39% | 0050=33.41% | EW=30.48% | alpha=-32.03% | turn=57.45%
2026-08-28 23:44:53,087 | INFO | Top-20 | net=7.05% | 0050=33.41% | EW=30.48% | alpha=-26.36% | turn=49.21%
2026-08-28 23:44:53,128 | INFO | ================================================================================
2026-08-28 23:44:53,129 | INFO | YEAR 2021 | train=92,690 valid=12,050 test=12,150
2026-08-28 23:44:56,776 | INFO | epoch=001 rankloss=0.789516 validIC=0.06182
2026-08-28 23:44:57,640 | INFO | epoch=005 rankloss=0.690729 validIC=0.04579
2026-08-28 23:44:58,583 | INFO | epoch=010 rankloss=0.689225 validIC=0.04509
2026-08-28 23:44:59,511 | INFO | epoch=015 rankloss=0.688461 validIC=0.04817
2026-08-28 23:45:00,450 | INFO | epoch=020 rankloss=0.686767 validIC=0.03048
2026-08-28 23:45:01,360 | INFO | epoch=025 rankloss=0.685322 validIC=0.03111
2026-08-28 23:45:02,289 | INFO | epoch=030 rankloss=0.682532 validIC=0.02392
2026-08-28 23:45:03,217 | INFO | epoch=035 rankloss=0.679222 validIC=0.03012
2026-08-28 23:45:04,153 | INFO | epoch=040 rankloss=0.673781 validIC=0.01033
2026-08-28 23:45:04,154 | INFO | early stop @ 40, best=1, best_valid_ic=0.06182
2026-08-28 23:45:04,427 | INFO | TEST IC=0.03084 | median=0.04841 | IC>0=55.56% | spread=0.1119%
2026-08-28 23:45:04,549 | INFO | Top-3 | net=52.18% | 0050=21.82% | EW=41.66% | alpha=30.36% | turn=72.76%
2026-08-28 23:45:04,677 | INFO | Top-5 | net=12.54% | 0050=21.82% | EW=41.66% | alpha=-9.29% | turn=66.17%
2026-08-28 23:45:04,800 | INFO | Top-10 | net=2.27% | 0050=21.82% | EW=41.66% | alpha=-19.56% | turn=56.47%
2026-08-28 23:45:04,925 | INFO | Top-15 | net=12.47% | 0050=21.82% | EW=41.66% | alpha=-9.36% | turn=49.86%
2026-08-28 23:45:05,049 | INFO | Top-20 | net=15.61% | 0050=21.82% | EW=41.66% | alpha=-6.22% | turn=45.24%
2026-08-28 23:45:05,099 | INFO | ================================================================================
2026-08-28 23:45:05,099 | INFO | YEAR 2022 | train=104,940 valid=11,950 test=12,300
2026-08-28 23:45:09,350 | INFO | epoch=001 rankloss=0.757590 validIC=0.02316
2026-08-28 23:45:10,259 | INFO | epoch=005 rankloss=0.691236 validIC=0.04120
2026-08-28 23:45:11,352 | INFO | epoch=010 rankloss=0.689606 validIC=0.04954
2026-08-28 23:45:12,431 | INFO | epoch=015 rankloss=0.687763 validIC=0.05322
2026-08-28 23:45:13,457 | INFO | epoch=020 rankloss=0.686375 validIC=0.05356
2026-08-28 23:45:14,483 | INFO | epoch=025 rankloss=0.683945 validIC=0.04244
2026-08-28 23:45:15,468 | INFO | epoch=030 rankloss=0.681450 validIC=0.04633
2026-08-28 23:45:16,443 | INFO | epoch=035 rankloss=0.677285 validIC=0.04185
2026-08-28 23:45:17,428 | INFO | epoch=040 rankloss=0.670172 validIC=0.04790
2026-08-28 23:45:18,529 | INFO | epoch=045 rankloss=0.661229 validIC=0.03904
2026-08-28 23:45:19,621 | INFO | epoch=050 rankloss=0.650917 validIC=0.02644
2026-08-28 23:45:20,632 | INFO | epoch=055 rankloss=0.637347 validIC=0.03129
2026-08-28 23:45:21,631 | INFO | epoch=060 rankloss=0.621902 validIC=0.02284
2026-08-28 23:45:21,631 | INFO | early stop @ 60, best=20, best_valid_ic=0.05356
2026-08-28 23:45:21,907 | INFO | TEST IC=-0.00097 | median=-0.00355 | IC>0=48.78% | spread=0.0766%
2026-08-28 23:45:22,030 | INFO | Top-3 | net=-41.27% | 0050=-22.32% | EW=-10.24% | alpha=-18.95% | turn=83.31%
2026-08-28 23:45:22,152 | INFO | Top-5 | net=-51.35% | 0050=-22.32% | EW=-10.24% | alpha=-29.02% | turn=76.55%
2026-08-28 23:45:22,274 | INFO | Top-10 | net=-44.41% | 0050=-22.32% | EW=-10.24% | alpha=-22.08% | turn=64.05%
2026-08-28 23:45:22,396 | INFO | Top-15 | net=-35.32% | 0050=-22.32% | EW=-10.24% | alpha=-13.00% | turn=55.74%
2026-08-28 23:45:22,519 | INFO | Top-20 | net=-29.78% | 0050=-22.32% | EW=-10.24% | alpha=-7.45% | turn=47.97%
2026-08-28 23:45:22,594 | INFO | ================================================================================
2026-08-28 23:45:22,594 | INFO | YEAR 2023 | train=117,090 valid=12,100 test=11,950
2026-08-28 23:45:27,201 | INFO | epoch=001 rankloss=0.782221 validIC=-0.02819
2026-08-28 23:45:28,188 | INFO | epoch=005 rankloss=0.691011 validIC=0.01694
2026-08-28 23:45:29,252 | INFO | epoch=010 rankloss=0.689482 validIC=0.00725
2026-08-28 23:45:30,326 | INFO | epoch=015 rankloss=0.688292 validIC=0.00826
2026-08-28 23:45:31,348 | INFO | epoch=020 rankloss=0.686423 validIC=-0.00056
2026-08-28 23:45:32,413 | INFO | epoch=025 rankloss=0.685130 validIC=0.00384
2026-08-28 23:45:33,456 | INFO | epoch=030 rankloss=0.682069 validIC=0.00194
2026-08-28 23:45:34,487 | INFO | epoch=035 rankloss=0.677621 validIC=0.01138
2026-08-28 23:45:35,502 | INFO | epoch=040 rankloss=0.672261 validIC=0.00770
2026-08-28 23:45:36,576 | INFO | epoch=045 rankloss=0.665011 validIC=-0.00964
2026-08-28 23:45:36,576 | INFO | early stop @ 45, best=5, best_valid_ic=0.01694
2026-08-28 23:45:36,846 | INFO | TEST IC=0.05007 | median=0.05498 | IC>0=62.34% | spread=0.3301%
2026-08-28 23:45:36,968 | INFO | Top-3 | net=32.24% | 0050=24.67% | EW=32.79% | alpha=7.57% | turn=89.21%
2026-08-28 23:45:37,089 | INFO | Top-5 | net=20.03% | 0050=24.67% | EW=32.79% | alpha=-4.65% | turn=79.48%
2026-08-28 23:45:37,211 | INFO | Top-10 | net=18.87% | 0050=24.67% | EW=32.79% | alpha=-5.80% | turn=68.76%
2026-08-28 23:45:37,334 | INFO | Top-15 | net=15.27% | 0050=24.67% | EW=32.79% | alpha=-9.40% | turn=59.91%
2026-08-28 23:45:37,457 | INFO | Top-20 | net=16.74% | 0050=24.67% | EW=32.79% | alpha=-7.93% | turn=50.24%
2026-08-28 23:45:37,539 | INFO | ================================================================================
2026-08-28 23:45:37,540 | INFO | YEAR 2024 | train=129,390 valid=11,750 test=12,100
2026-08-28 23:45:42,698 | INFO | epoch=001 rankloss=0.773025 validIC=0.02839
2026-08-28 23:45:43,648 | INFO | epoch=005 rankloss=0.691399 validIC=0.04170
2026-08-28 23:45:44,851 | INFO | epoch=010 rankloss=0.689794 validIC=0.05267
2026-08-28 23:45:45,993 | INFO | epoch=015 rankloss=0.688793 validIC=0.04799
2026-08-28 23:45:47,199 | INFO | epoch=020 rankloss=0.687212 validIC=0.05784
2026-08-28 23:45:48,331 | INFO | epoch=025 rankloss=0.686055 validIC=0.04101
2026-08-28 23:45:49,570 | INFO | epoch=030 rankloss=0.683024 validIC=0.05605
2026-08-28 23:45:50,749 | INFO | epoch=035 rankloss=0.680113 validIC=0.04899
2026-08-28 23:45:51,800 | INFO | epoch=040 rankloss=0.674254 validIC=0.03904
2026-08-28 23:45:52,848 | INFO | epoch=045 rankloss=0.667273 validIC=0.02940
2026-08-28 23:45:53,884 | INFO | epoch=050 rankloss=0.659715 validIC=0.04104
2026-08-28 23:45:54,920 | INFO | epoch=055 rankloss=0.648411 validIC=0.03521
2026-08-28 23:45:55,973 | INFO | epoch=060 rankloss=0.633532 validIC=0.02063
2026-08-28 23:45:55,973 | INFO | early stop @ 60, best=20, best_valid_ic=0.05784
2026-08-28 23:45:56,245 | INFO | TEST IC=0.01518 | median=0.02005 | IC>0=54.96% | spread=0.0555%
2026-08-28 23:45:56,367 | INFO | Top-3 | net=-12.75% | 0050=52.82% | EW=14.34% | alpha=-65.57% | turn=75.49%
2026-08-28 23:45:56,489 | INFO | Top-5 | net=-10.95% | 0050=52.82% | EW=14.34% | alpha=-63.77% | turn=68.87%
2026-08-28 23:45:56,611 | INFO | Top-10 | net=-8.60% | 0050=52.82% | EW=14.34% | alpha=-61.42% | turn=62.71%
2026-08-28 23:45:56,733 | INFO | Top-15 | net=-2.56% | 0050=52.82% | EW=14.34% | alpha=-55.38% | turn=58.76%
2026-08-28 23:45:56,856 | INFO | Top-20 | net=1.91% | 0050=52.82% | EW=14.34% | alpha=-50.91% | turn=52.38%
2026-08-28 23:45:56,944 | INFO | ================================================================================
2026-08-28 23:45:56,945 | INFO | YEAR 2025 | train=141,340 valid=11,900 test=12,100
2026-08-28 23:46:02,473 | INFO | epoch=001 rankloss=0.773307 validIC=0.00734
2026-08-28 23:46:03,453 | INFO | epoch=005 rankloss=0.691521 validIC=0.02851
2026-08-28 23:46:04,740 | INFO | epoch=010 rankloss=0.690066 validIC=0.03840
2026-08-28 23:46:05,897 | INFO | epoch=015 rankloss=0.688709 validIC=0.02645
2026-08-28 23:46:07,184 | INFO | epoch=020 rankloss=0.686816 validIC=0.01470
2026-08-28 23:46:08,318 | INFO | epoch=025 rankloss=0.684399 validIC=0.01011
2026-08-28 23:46:09,537 | INFO | epoch=030 rankloss=0.681985 validIC=0.01210
2026-08-28 23:46:10,759 | INFO | epoch=035 rankloss=0.677956 validIC=0.02177
2026-08-28 23:46:11,943 | INFO | epoch=040 rankloss=0.672274 validIC=0.01415
2026-08-28 23:46:13,066 | INFO | epoch=045 rankloss=0.666254 validIC=0.00782
2026-08-28 23:46:14,162 | INFO | epoch=050 rankloss=0.655696 validIC=0.01230
2026-08-28 23:46:14,162 | INFO | early stop @ 50, best=10, best_valid_ic=0.03840
2026-08-28 23:46:14,430 | INFO | TEST IC=0.05939 | median=0.04696 | IC>0=58.68% | spread=0.6061%
2026-08-28 23:46:14,551 | INFO | Top-3 | net=67.17% | 0050=44.71% | EW=25.86% | alpha=22.47% | turn=81.68%
2026-08-28 23:46:14,675 | INFO | Top-5 | net=77.65% | 0050=44.71% | EW=25.86% | alpha=32.94% | turn=77.70%
2026-08-28 23:46:14,798 | INFO | Top-10 | net=34.97% | 0050=44.71% | EW=25.86% | alpha=-9.73% | turn=65.30%
2026-08-28 23:46:14,921 | INFO | Top-15 | net=27.60% | 0050=44.71% | EW=25.86% | alpha=-17.10% | turn=59.18%
2026-08-28 23:46:15,052 | INFO | Top-20 | net=26.26% | 0050=44.71% | EW=25.86% | alpha=-18.44% | turn=51.34%
2026-08-28 23:46:15,122 | INFO | ================================================================================
2026-08-28 23:46:15,122 | INFO | YEAR 2026 | train=153,440 valid=11,900 test=7,600
2026-08-28 23:46:21,211 | INFO | epoch=001 rankloss=0.753960 validIC=0.01471
2026-08-28 23:46:22,236 | INFO | epoch=005 rankloss=0.691632 validIC=0.04172
2026-08-28 23:46:23,603 | INFO | epoch=010 rankloss=0.689899 validIC=0.03481
2026-08-28 23:46:24,905 | INFO | epoch=015 rankloss=0.688762 validIC=0.04861
2026-08-28 23:46:26,235 | INFO | epoch=020 rankloss=0.687304 validIC=0.05067
2026-08-28 23:46:27,483 | INFO | epoch=025 rankloss=0.685174 validIC=0.03530
2026-08-28 23:46:28,630 | INFO | epoch=030 rankloss=0.682467 validIC=0.02815
2026-08-28 23:46:29,784 | INFO | epoch=035 rankloss=0.678665 validIC=0.04058
2026-08-28 23:46:30,941 | INFO | epoch=040 rankloss=0.672319 validIC=0.03336
2026-08-28 23:46:32,087 | INFO | epoch=045 rankloss=0.664746 validIC=0.03051
2026-08-28 23:46:33,205 | INFO | epoch=050 rankloss=0.655203 validIC=0.03053
2026-08-28 23:46:34,398 | INFO | epoch=055 rankloss=0.643249 validIC=0.02178
2026-08-28 23:46:35,767 | INFO | epoch=060 rankloss=0.629251 validIC=0.01159
2026-08-28 23:46:35,767 | INFO | early stop @ 60, best=20, best_valid_ic=0.05067
2026-08-28 23:46:35,945 | INFO | TEST IC=0.04530 | median=0.04836 | IC>0=58.55% | spread=0.8856%
2026-08-28 23:46:36,023 | INFO | Top-3 | net=58.14% | 0050=56.79% | EW=59.48% | alpha=1.35% | turn=70.41%
2026-08-28 23:46:36,100 | INFO | Top-5 | net=81.96% | 0050=56.79% | EW=59.48% | alpha=25.17% | turn=61.16%
2026-08-28 23:46:36,180 | INFO | Top-10 | net=85.03% | 0050=56.79% | EW=59.48% | alpha=28.24% | turn=53.46%
2026-08-28 23:46:36,260 | INFO | Top-15 | net=82.46% | 0050=56.79% | EW=59.48% | alpha=25.67% | turn=50.36%
2026-08-28 23:46:36,340 | INFO | Top-20 | net=76.29% | 0050=56.79% | EW=59.48% | alpha=19.50% | turn=45.79%
2026-08-28 23:46:36,514 | INFO | ================================================================================
2026-08-28 23:46:36,514 | INFO | FINAL SUMMARY
2026-08-28 23:46:36,514 | INFO | ================================================================================
2026-08-28 23:46:36,518 | INFO | 
   model  seed  top_k  mean_ic  median_year_ic  mean_spread  positive_alpha_years  years  mean_alpha_vs_0050  mean_alpha_vs_equal_weight  median_alpha_vs_0050  mean_turnover  mean_active_sharpe  mean_best_epoch  mean_valid_ic
mlp_rank  3407      3 0.040606        0.045304     0.003196                     4      9           -0.102693                   -0.095608             -0.013590       0.810489           -0.440983        11.222222       0.058051
mlp_rank  3407      5 0.040606        0.045304     0.003196                     2      9           -0.137683                   -0.130598             -0.092854       0.745113           -0.811360        11.222222       0.058051
mlp_rank  3407     10 0.040606        0.045304     0.003196                     1      9           -0.183982                   -0.176896             -0.195583       0.645172           -1.181925        11.222222       0.058051
mlp_rank  3407     15 0.040606        0.045304     0.003196                     1      9           -0.153349                   -0.146264             -0.129979       0.565605           -1.073110        11.222222       0.058051
mlp_rank  3407     20 0.040606        0.045304     0.003196                     1      9           -0.140058                   -0.132973             -0.079287       0.490872           -1.021457        11.222222       0.058051
2026-08-28 23:46:36,518 | INFO | SAVED: runs/v4_h3_mlp_rank_seed3407_20260828_234415
