2026-08-28 23:48:58,920 | INFO | Rows=173,340, stocks=50, dates=2012-04-06 00:00:00->2026-08-20 00:00:00
2026-08-28 23:48:58,940 | INFO | ================================================================================
2026-08-28 23:48:58,941 | INFO | YEAR 2018 | train=56,413 valid=11,613 test=12,226
2026-08-28 23:49:02,902 | INFO | epoch=001 rankloss=0.835169 validIC=0.01715
2026-08-28 23:49:03,606 | INFO | epoch=005 rankloss=0.690972 validIC=0.06222
2026-08-28 23:49:04,404 | INFO | epoch=010 rankloss=0.690437 validIC=0.06433
2026-08-28 23:49:05,225 | INFO | epoch=015 rankloss=0.689618 validIC=0.06370
2026-08-28 23:49:06,053 | INFO | epoch=020 rankloss=0.687333 validIC=0.05713
2026-08-28 23:49:06,878 | INFO | epoch=025 rankloss=0.686522 validIC=0.06146
2026-08-28 23:49:07,676 | INFO | epoch=030 rankloss=0.684426 validIC=0.05392
2026-08-28 23:49:08,491 | INFO | epoch=035 rankloss=0.682945 validIC=0.04990
2026-08-28 23:49:09,288 | INFO | epoch=040 rankloss=0.679635 validIC=0.04756
2026-08-28 23:49:10,138 | INFO | epoch=045 rankloss=0.680891 validIC=0.04903
2026-08-28 23:49:10,996 | INFO | epoch=050 rankloss=0.675361 validIC=0.05018
2026-08-28 23:49:10,996 | INFO | early stop @ 50, best=10, best_valid_ic=0.06433
2026-08-28 23:49:11,277 | INFO | TEST IC=0.08233 | median=0.08265 | IC>0=69.39% | spread=0.8161%
2026-08-28 23:49:11,356 | INFO | Top-3 | net=-4.96% | 0050=-7.98% | EW=1.43% | alpha=3.02% | turn=78.59%
2026-08-28 23:49:11,433 | INFO | Top-5 | net=-6.90% | 0050=-7.98% | EW=1.43% | alpha=1.07% | turn=76.80%
2026-08-28 23:49:11,510 | INFO | Top-10 | net=7.01% | 0050=-7.98% | EW=1.43% | alpha=14.98% | turn=67.92%
2026-08-28 23:49:11,591 | INFO | Top-15 | net=0.87% | 0050=-7.98% | EW=1.43% | alpha=8.85% | turn=57.55%
2026-08-28 23:49:11,667 | INFO | Top-20 | net=1.95% | 0050=-7.98% | EW=1.43% | alpha=9.92% | turn=48.18%
2026-08-28 23:49:11,709 | INFO | ================================================================================
2026-08-28 23:49:11,710 | INFO | YEAR 2019 | train=68,320 valid=11,926 test=12,050
2026-08-28 23:49:14,234 | INFO | epoch=001 rankloss=0.809375 validIC=0.03662
2026-08-28 23:49:14,954 | INFO | epoch=005 rankloss=0.690960 validIC=0.08198
2026-08-28 23:49:15,848 | INFO | epoch=010 rankloss=0.689177 validIC=0.07973
2026-08-28 23:49:16,758 | INFO | epoch=015 rankloss=0.688110 validIC=0.03910
2026-08-28 23:49:17,629 | INFO | epoch=020 rankloss=0.686401 validIC=0.07637
2026-08-28 23:49:18,524 | INFO | epoch=025 rankloss=0.684655 validIC=0.07336
2026-08-28 23:49:19,413 | INFO | epoch=030 rankloss=0.682749 validIC=0.08222
2026-08-28 23:49:20,252 | INFO | epoch=035 rankloss=0.680072 validIC=0.05987
2026-08-28 23:49:21,103 | INFO | epoch=040 rankloss=0.675521 validIC=0.08477
2026-08-28 23:49:21,969 | INFO | epoch=045 rankloss=0.668578 validIC=0.07569
2026-08-28 23:49:22,811 | INFO | epoch=050 rankloss=0.658210 validIC=0.05938
2026-08-28 23:49:23,646 | INFO | epoch=055 rankloss=0.646689 validIC=0.05484
2026-08-28 23:49:24,491 | INFO | epoch=060 rankloss=0.629537 validIC=0.04009
2026-08-28 23:49:25,326 | INFO | epoch=065 rankloss=0.613917 validIC=0.04266
2026-08-28 23:49:26,160 | INFO | epoch=070 rankloss=0.597488 validIC=0.04627
2026-08-28 23:49:26,982 | INFO | epoch=075 rankloss=0.578400 validIC=0.03992
2026-08-28 23:49:27,827 | INFO | epoch=080 rankloss=0.560794 validIC=0.03407
2026-08-28 23:49:27,827 | INFO | early stop @ 80, best=40, best_valid_ic=0.08477
2026-08-28 23:49:28,093 | INFO | TEST IC=0.02227 | median=0.04067 | IC>0=54.36% | spread=0.1221%
2026-08-28 23:49:28,170 | INFO | Top-3 | net=32.35% | 0050=35.68% | EW=36.46% | alpha=-3.33% | turn=91.67%
2026-08-28 23:49:28,246 | INFO | Top-5 | net=18.82% | 0050=35.68% | EW=36.46% | alpha=-16.86% | turn=83.35%
2026-08-28 23:49:28,326 | INFO | Top-10 | net=12.91% | 0050=35.68% | EW=36.46% | alpha=-22.77% | turn=67.36%
2026-08-28 23:49:28,403 | INFO | Top-15 | net=15.00% | 0050=35.68% | EW=36.46% | alpha=-20.68% | turn=58.50%
2026-08-28 23:49:28,483 | INFO | Top-20 | net=17.63% | 0050=35.68% | EW=36.46% | alpha=-18.05% | turn=49.19%
2026-08-28 23:49:28,540 | INFO | ================================================================================
2026-08-28 23:49:28,540 | INFO | YEAR 2020 | train=80,540 valid=11,750 test=12,250
2026-08-28 23:49:31,819 | INFO | epoch=001 rankloss=0.804540 validIC=0.04604
2026-08-28 23:49:32,612 | INFO | epoch=005 rankloss=0.691422 validIC=0.02855
2026-08-28 23:49:33,483 | INFO | epoch=010 rankloss=0.689737 validIC=0.03304
2026-08-28 23:49:34,419 | INFO | epoch=015 rankloss=0.688888 validIC=0.00749
2026-08-28 23:49:35,340 | INFO | epoch=020 rankloss=0.687001 validIC=0.00876
2026-08-28 23:49:36,234 | INFO | epoch=025 rankloss=0.685461 validIC=0.01814
2026-08-28 23:49:37,119 | INFO | epoch=030 rankloss=0.683151 validIC=0.01932
2026-08-28 23:49:38,010 | INFO | epoch=035 rankloss=0.679590 validIC=0.02511
2026-08-28 23:49:38,897 | INFO | epoch=040 rankloss=0.674181 validIC=0.03145
2026-08-28 23:49:38,897 | INFO | early stop @ 40, best=1, best_valid_ic=0.04604
2026-08-28 23:49:39,190 | INFO | TEST IC=0.02488 | median=0.00999 | IC>0=52.65% | spread=-0.1527%
2026-08-28 23:49:39,266 | INFO | Top-3 | net=12.94% | 0050=31.40% | EW=29.48% | alpha=-18.46% | turn=91.57%
2026-08-28 23:49:39,342 | INFO | Top-5 | net=0.61% | 0050=31.40% | EW=29.48% | alpha=-30.79% | turn=84.19%
2026-08-28 23:49:39,418 | INFO | Top-10 | net=-7.09% | 0050=31.40% | EW=29.48% | alpha=-38.49% | turn=72.10%
2026-08-28 23:49:39,493 | INFO | Top-15 | net=1.15% | 0050=31.40% | EW=29.48% | alpha=-30.25% | turn=61.58%
2026-08-28 23:49:39,570 | INFO | Top-20 | net=7.84% | 0050=31.40% | EW=29.48% | alpha=-23.56% | turn=53.15%
2026-08-28 23:49:39,605 | INFO | ================================================================================
2026-08-28 23:49:39,605 | INFO | YEAR 2021 | train=92,590 valid=11,950 test=12,150
2026-08-28 23:49:43,159 | INFO | epoch=001 rankloss=0.834276 validIC=0.07334
2026-08-28 23:49:43,994 | INFO | epoch=005 rankloss=0.691273 validIC=0.04642
2026-08-28 23:49:44,977 | INFO | epoch=010 rankloss=0.690295 validIC=0.04133
2026-08-28 23:49:45,930 | INFO | epoch=015 rankloss=0.688738 validIC=0.04074
2026-08-28 23:49:46,866 | INFO | epoch=020 rankloss=0.687779 validIC=0.02914
2026-08-28 23:49:47,857 | INFO | epoch=025 rankloss=0.686628 validIC=0.03225
2026-08-28 23:49:48,861 | INFO | epoch=030 rankloss=0.684205 validIC=0.01358
2026-08-28 23:49:49,814 | INFO | epoch=035 rankloss=0.681376 validIC=0.01635
2026-08-28 23:49:50,762 | INFO | epoch=040 rankloss=0.678462 validIC=0.02963
2026-08-28 23:49:50,762 | INFO | early stop @ 40, best=1, best_valid_ic=0.07334
2026-08-28 23:49:51,027 | INFO | TEST IC=0.02599 | median=0.04115 | IC>0=56.38% | spread=0.5087%
2026-08-28 23:49:51,103 | INFO | Top-3 | net=0.72% | 0050=22.32% | EW=41.56% | alpha=-21.60% | turn=86.34%
2026-08-28 23:49:51,178 | INFO | Top-5 | net=-11.25% | 0050=22.32% | EW=41.56% | alpha=-33.57% | turn=78.39%
2026-08-28 23:49:51,254 | INFO | Top-10 | net=12.13% | 0050=22.32% | EW=41.56% | alpha=-10.19% | turn=60.94%
2026-08-28 23:49:51,329 | INFO | Top-15 | net=25.92% | 0050=22.32% | EW=41.56% | alpha=3.60% | turn=49.10%
2026-08-28 23:49:51,405 | INFO | Top-20 | net=28.94% | 0050=22.32% | EW=41.56% | alpha=6.62% | turn=42.20%
2026-08-28 23:49:51,461 | INFO | ================================================================================
2026-08-28 23:49:51,461 | INFO | YEAR 2022 | train=104,840 valid=11,850 test=12,300
2026-08-28 23:49:55,456 | INFO | epoch=001 rankloss=0.769827 validIC=0.04571
2026-08-28 23:49:56,325 | INFO | epoch=005 rankloss=0.691268 validIC=0.05680
2026-08-28 23:49:57,336 | INFO | epoch=010 rankloss=0.689303 validIC=0.04874
2026-08-28 23:49:58,391 | INFO | epoch=015 rankloss=0.687615 validIC=0.05176
2026-08-28 23:49:59,419 | INFO | epoch=020 rankloss=0.686133 validIC=0.05456
2026-08-28 23:50:00,466 | INFO | epoch=025 rankloss=0.683380 validIC=0.05258
2026-08-28 23:50:01,430 | INFO | epoch=030 rankloss=0.679661 validIC=0.06541
2026-08-28 23:50:02,497 | INFO | epoch=035 rankloss=0.675727 validIC=0.07182
2026-08-28 23:50:03,593 | INFO | epoch=040 rankloss=0.667615 validIC=0.06794
2026-08-28 23:50:04,546 | INFO | epoch=045 rankloss=0.657402 validIC=0.05234
2026-08-28 23:50:05,504 | INFO | epoch=050 rankloss=0.644219 validIC=0.06132
2026-08-28 23:50:06,470 | INFO | epoch=055 rankloss=0.629342 validIC=0.04393
2026-08-28 23:50:07,405 | INFO | epoch=060 rankloss=0.614100 validIC=0.05193
2026-08-28 23:50:08,330 | INFO | epoch=065 rankloss=0.595003 validIC=0.03637
2026-08-28 23:50:09,318 | INFO | epoch=070 rankloss=0.581278 validIC=0.04976
2026-08-28 23:50:10,371 | INFO | epoch=075 rankloss=0.568517 validIC=0.03528
2026-08-28 23:50:10,371 | INFO | early stop @ 75, best=35, best_valid_ic=0.07182
2026-08-28 23:50:10,644 | INFO | TEST IC=0.01388 | median=0.00790 | IC>0=52.03% | spread=0.1496%
2026-08-28 23:50:10,722 | INFO | Top-3 | net=-36.23% | 0050=-18.34% | EW=-7.15% | alpha=-17.88% | turn=80.54%
2026-08-28 23:50:10,799 | INFO | Top-5 | net=-30.49% | 0050=-18.34% | EW=-7.15% | alpha=-12.15% | turn=74.13%
2026-08-28 23:50:10,876 | INFO | Top-10 | net=-24.64% | 0050=-18.34% | EW=-7.15% | alpha=-6.30% | turn=67.48%
2026-08-28 23:50:10,953 | INFO | Top-15 | net=-21.46% | 0050=-18.34% | EW=-7.15% | alpha=-3.11% | turn=60.06%
2026-08-28 23:50:11,031 | INFO | Top-20 | net=-21.46% | 0050=-18.34% | EW=-7.15% | alpha=-3.12% | turn=51.58%
2026-08-28 23:50:11,106 | INFO | ================================================================================
2026-08-28 23:50:11,106 | INFO | YEAR 2023 | train=116,990 valid=12,000 test=11,950
2026-08-28 23:50:15,855 | INFO | epoch=001 rankloss=0.860671 validIC=0.05472
2026-08-28 23:50:16,691 | INFO | epoch=005 rankloss=0.691124 validIC=0.01669
2026-08-28 23:50:17,725 | INFO | epoch=010 rankloss=0.689421 validIC=0.02371
2026-08-28 23:50:18,725 | INFO | epoch=015 rankloss=0.688164 validIC=0.00891
2026-08-28 23:50:19,741 | INFO | epoch=020 rankloss=0.685869 validIC=0.02344
2026-08-28 23:50:20,765 | INFO | epoch=025 rankloss=0.683795 validIC=0.01524
2026-08-28 23:50:21,802 | INFO | epoch=030 rankloss=0.680254 validIC=0.01310
2026-08-28 23:50:22,980 | INFO | epoch=035 rankloss=0.676652 validIC=0.01065
2026-08-28 23:50:24,025 | INFO | epoch=040 rankloss=0.668606 validIC=0.02026
2026-08-28 23:50:24,025 | INFO | early stop @ 40, best=1, best_valid_ic=0.05472
2026-08-28 23:50:24,297 | INFO | TEST IC=-0.00362 | median=-0.01772 | IC>0=46.44% | spread=-0.1465%
2026-08-28 23:50:24,373 | INFO | Top-3 | net=15.18% | 0050=24.67% | EW=33.05% | alpha=-9.50% | turn=85.19%
2026-08-28 23:50:24,448 | INFO | Top-5 | net=6.23% | 0050=24.67% | EW=33.05% | alpha=-18.44% | turn=79.10%
2026-08-28 23:50:24,523 | INFO | Top-10 | net=10.45% | 0050=24.67% | EW=33.05% | alpha=-14.22% | turn=65.44%
2026-08-28 23:50:24,598 | INFO | Top-15 | net=10.69% | 0050=24.67% | EW=33.05% | alpha=-13.98% | turn=56.90%
2026-08-28 23:50:24,672 | INFO | Top-20 | net=9.32% | 0050=24.67% | EW=33.05% | alpha=-15.35% | turn=46.37%
2026-08-28 23:50:24,737 | INFO | ================================================================================
2026-08-28 23:50:24,738 | INFO | YEAR 2024 | train=129,290 valid=11,650 test=12,100
2026-08-28 23:50:29,837 | INFO | epoch=001 rankloss=0.790333 validIC=0.01970
2026-08-28 23:50:30,806 | INFO | epoch=005 rankloss=0.691448 validIC=0.04620
2026-08-28 23:50:31,938 | INFO | epoch=010 rankloss=0.690219 validIC=0.05806
2026-08-28 23:50:33,111 | INFO | epoch=015 rankloss=0.688818 validIC=0.04780
2026-08-28 23:50:34,286 | INFO | epoch=020 rankloss=0.686860 validIC=0.04037
2026-08-28 23:50:35,384 | INFO | epoch=025 rankloss=0.684356 validIC=0.04596
2026-08-28 23:50:36,422 | INFO | epoch=030 rankloss=0.681982 validIC=0.04705
2026-08-28 23:50:37,514 | INFO | epoch=035 rankloss=0.677265 validIC=0.03766
2026-08-28 23:50:38,597 | INFO | epoch=040 rankloss=0.670662 validIC=0.04426
2026-08-28 23:50:39,661 | INFO | epoch=045 rankloss=0.662418 validIC=0.04390
2026-08-28 23:50:40,733 | INFO | epoch=050 rankloss=0.650818 validIC=0.03320
2026-08-28 23:50:40,733 | INFO | early stop @ 50, best=10, best_valid_ic=0.05806
2026-08-28 23:50:41,006 | INFO | TEST IC=0.02283 | median=0.01537 | IC>0=53.31% | spread=0.2159%
2026-08-28 23:50:41,081 | INFO | Top-3 | net=23.85% | 0050=55.90% | EW=14.85% | alpha=-32.05% | turn=71.07%
2026-08-28 23:50:41,156 | INFO | Top-5 | net=-1.22% | 0050=55.90% | EW=14.85% | alpha=-57.12% | turn=68.26%
2026-08-28 23:50:41,230 | INFO | Top-10 | net=4.08% | 0050=55.90% | EW=14.85% | alpha=-51.82% | turn=62.26%
2026-08-28 23:50:41,305 | INFO | Top-15 | net=2.88% | 0050=55.90% | EW=14.85% | alpha=-53.02% | turn=55.66%
2026-08-28 23:50:41,381 | INFO | Top-20 | net=1.55% | 0050=55.90% | EW=14.85% | alpha=-54.35% | turn=51.36%
2026-08-28 23:50:41,467 | INFO | ================================================================================
2026-08-28 23:50:41,468 | INFO | YEAR 2025 | train=141,240 valid=11,800 test=12,100
2026-08-28 23:50:47,106 | INFO | epoch=001 rankloss=0.779264 validIC=0.01038
2026-08-28 23:50:48,119 | INFO | epoch=005 rankloss=0.691603 validIC=0.04661
2026-08-28 23:50:49,317 | INFO | epoch=010 rankloss=0.690062 validIC=0.02759
2026-08-28 23:50:50,522 | INFO | epoch=015 rankloss=0.688441 validIC=0.00882
2026-08-28 23:50:51,750 | INFO | epoch=020 rankloss=0.686788 validIC=0.03761
2026-08-28 23:50:52,848 | INFO | epoch=025 rankloss=0.684848 validIC=0.01603
2026-08-28 23:50:53,963 | INFO | epoch=030 rankloss=0.682042 validIC=0.01536
2026-08-28 23:50:55,036 | INFO | epoch=035 rankloss=0.677869 validIC=0.01160
2026-08-28 23:50:56,102 | INFO | epoch=040 rankloss=0.671262 validIC=0.01136
2026-08-28 23:50:57,183 | INFO | epoch=045 rankloss=0.663266 validIC=-0.01946
2026-08-28 23:50:57,183 | INFO | early stop @ 45, best=5, best_valid_ic=0.04661
2026-08-28 23:50:57,497 | INFO | TEST IC=0.08081 | median=0.06723 | IC>0=64.05% | spread=1.1161%
2026-08-28 23:50:57,579 | INFO | Top-3 | net=100.57% | 0050=45.12% | EW=28.26% | alpha=55.44% | turn=84.96%
2026-08-28 23:50:57,656 | INFO | Top-5 | net=89.80% | 0050=45.12% | EW=28.26% | alpha=44.68% | turn=79.72%
2026-08-28 23:50:57,732 | INFO | Top-10 | net=45.35% | 0050=45.12% | EW=28.26% | alpha=0.23% | turn=70.87%
2026-08-28 23:50:57,810 | INFO | Top-15 | net=42.88% | 0050=45.12% | EW=28.26% | alpha=-2.25% | turn=59.75%
2026-08-28 23:50:57,887 | INFO | Top-20 | net=41.96% | 0050=45.12% | EW=28.26% | alpha=-3.16% | turn=51.79%
2026-08-28 23:50:57,959 | INFO | ================================================================================
2026-08-28 23:50:57,959 | INFO | YEAR 2026 | train=153,340 valid=11,800 test=7,600
2026-08-28 23:51:04,110 | INFO | epoch=001 rankloss=0.741986 validIC=0.03831
2026-08-28 23:51:05,159 | INFO | epoch=005 rankloss=0.691110 validIC=0.07855
2026-08-28 23:51:06,428 | INFO | epoch=010 rankloss=0.689873 validIC=0.08659
2026-08-28 23:51:07,713 | INFO | epoch=015 rankloss=0.688715 validIC=0.05047
2026-08-28 23:51:08,992 | INFO | epoch=020 rankloss=0.686257 validIC=0.05988
2026-08-28 23:51:10,299 | INFO | epoch=025 rankloss=0.683727 validIC=0.04641
2026-08-28 23:51:11,508 | INFO | epoch=030 rankloss=0.680476 validIC=0.08105
2026-08-28 23:51:12,687 | INFO | epoch=035 rankloss=0.674031 validIC=0.05603
2026-08-28 23:51:13,822 | INFO | epoch=040 rankloss=0.665996 validIC=0.02496
2026-08-28 23:51:14,936 | INFO | epoch=045 rankloss=0.655232 validIC=0.02944
2026-08-28 23:51:16,071 | INFO | epoch=050 rankloss=0.642964 validIC=0.02817
2026-08-28 23:51:16,071 | INFO | early stop @ 50, best=10, best_valid_ic=0.08659
2026-08-28 23:51:16,271 | INFO | TEST IC=0.04282 | median=0.03558 | IC>0=59.87% | spread=1.5186%
2026-08-28 23:51:16,320 | INFO | Top-3 | net=49.01% | 0050=55.96% | EW=57.91% | alpha=-6.95% | turn=78.57%
2026-08-28 23:51:16,368 | INFO | Top-5 | net=68.16% | 0050=55.96% | EW=57.91% | alpha=12.20% | turn=80.42%
2026-08-28 23:51:16,417 | INFO | Top-10 | net=65.67% | 0050=55.96% | EW=57.91% | alpha=9.71% | turn=64.87%
2026-08-28 23:51:16,466 | INFO | Top-15 | net=71.49% | 0050=55.96% | EW=57.91% | alpha=15.53% | turn=60.55%
2026-08-28 23:51:16,514 | INFO | Top-20 | net=65.58% | 0050=55.96% | EW=57.91% | alpha=9.61% | turn=52.41%
2026-08-28 23:51:16,647 | INFO | ================================================================================
2026-08-28 23:51:16,647 | INFO | FINAL SUMMARY
2026-08-28 23:51:16,647 | INFO | ================================================================================
2026-08-28 23:51:16,651 | INFO | 
   model  seed  top_k  mean_ic  median_year_ic  mean_spread  positive_alpha_years  years  mean_alpha_vs_0050  mean_alpha_vs_equal_weight  median_alpha_vs_0050  mean_turnover  mean_active_sharpe  mean_best_epoch  mean_valid_ic
mlp_rank  3407      3 0.034689        0.024883     0.004609                     2      9           -0.057020                   -0.047141             -0.094960       0.831648           -0.236828        12.555556       0.065142
mlp_rank  3407      5 0.034689        0.024883     0.004609                     3      9           -0.123312                   -0.113433             -0.168589       0.782635           -0.632793        12.555556       0.065142
mlp_rank  3407     10 0.034689        0.024883     0.004609                     3      9           -0.132083                   -0.122204             -0.101914       0.665826           -0.727349        12.555556       0.065142
mlp_rank  3407     15 0.034689        0.024883     0.004609                     3      9           -0.105899                   -0.096020             -0.031113       0.577393           -0.648905        12.555556       0.065142
mlp_rank  3407     20 0.034689        0.024883     0.004609                     3      9           -0.101594                   -0.091715             -0.031628       0.495810           -0.678442        12.555556       0.065142
2026-08-28 23:51:16,651 | INFO | SAVED: runs/v4_h5_mlp_rank_seed3407_20260828_234858
