2026-08-28 22:53:39,488 | INFO | Rows=173,340, stocks=50, dates=2012-04-06 00:00:00->2026-08-20 00:00:00
2026-08-28 22:53:39,517 | INFO | ================================================================================
2026-08-28 22:53:39,517 | INFO | YEAR 2018 | train=56,413 valid=11,613 test=12,226
/home/ubuntu/lobster-trading/src/train_cross_section_v3.py:532: FutureWarning: `torch.cuda.amp.GradScaler(args...)` is deprecated. Please use `torch.amp.GradScaler('cuda', args...)` instead.
  torch.cuda.amp.GradScaler()
2026-08-28 22:53:41,697 | INFO | epoch=001 loss=1.673838 validIC=-0.04104
2026-08-28 22:53:45,550 | INFO | epoch=005 loss=0.394191 validIC=0.00791
2026-08-28 22:53:49,557 | INFO | epoch=010 loss=0.375726 validIC=0.03477
2026-08-28 22:53:54,573 | INFO | epoch=015 loss=0.374166 validIC=0.04822
2026-08-28 22:53:59,066 | INFO | epoch=020 loss=0.373367 validIC=0.05067
2026-08-28 22:54:03,660 | INFO | epoch=025 loss=0.373050 validIC=0.05254
2026-08-28 22:54:07,655 | INFO | epoch=030 loss=0.372532 validIC=0.05331
2026-08-28 22:54:12,246 | INFO | epoch=035 loss=0.371913 validIC=0.05242
2026-08-28 22:54:16,204 | INFO | epoch=040 loss=0.371212 validIC=0.05347
2026-08-28 22:54:20,624 | INFO | epoch=045 loss=0.370587 validIC=0.05298
2026-08-28 22:54:24,957 | INFO | epoch=050 loss=0.370169 validIC=0.05286
2026-08-28 22:54:28,966 | INFO | epoch=055 loss=0.369506 validIC=0.05102
2026-08-28 22:54:33,795 | INFO | epoch=060 loss=0.368864 validIC=0.05158
2026-08-28 22:54:38,873 | INFO | epoch=065 loss=0.367968 validIC=0.05142
2026-08-28 22:54:42,803 | INFO | epoch=070 loss=0.367339 validIC=0.05206
2026-08-28 22:54:47,045 | INFO | epoch=075 loss=0.366598 validIC=0.05006
2026-08-28 22:54:51,523 | INFO | epoch=080 loss=0.365651 validIC=0.05015
2026-08-28 22:54:51,523 | INFO | early stop @ 80, best=40, best_valid_ic=0.05347
2026-08-28 22:54:51,833 | INFO | TEST IC=0.07039 | median=0.07328 | IC>0=69.80% | spread=0.5762%
2026-08-28 22:54:51,910 | INFO | Top-3 | net=0.45% | 0050=-7.98% | EW=1.43% | alpha=8.42% | turn=67.59%
2026-08-28 22:54:51,986 | INFO | Top-5 | net=-11.13% | 0050=-7.98% | EW=1.43% | alpha=-3.16% | turn=67.62%
2026-08-28 22:54:52,062 | INFO | Top-10 | net=-7.96% | 0050=-7.98% | EW=1.43% | alpha=0.02% | turn=62.39%
2026-08-28 22:54:52,097 | INFO | ================================================================================
2026-08-28 22:54:52,097 | INFO | YEAR 2019 | train=68,320 valid=11,926 test=12,050
/home/ubuntu/lobster-trading/src/train_cross_section_v3.py:532: FutureWarning: `torch.cuda.amp.GradScaler(args...)` is deprecated. Please use `torch.amp.GradScaler('cuda', args...)` instead.
  torch.cuda.amp.GradScaler()
2026-08-28 22:54:53,158 | INFO | epoch=001 loss=2.430254 validIC=0.00209
2026-08-28 22:54:57,290 | INFO | epoch=005 loss=0.387275 validIC=0.08535
2026-08-28 22:55:02,056 | INFO | epoch=010 loss=0.375964 validIC=0.06120
2026-08-28 22:55:07,587 | INFO | epoch=015 loss=0.375043 validIC=0.05944
2026-08-28 22:55:13,193 | INFO | epoch=020 loss=0.374317 validIC=0.06558
2026-08-28 22:55:17,890 | INFO | epoch=025 loss=0.373777 validIC=0.06263
2026-08-28 22:55:22,974 | INFO | epoch=030 loss=0.373823 validIC=0.05846
2026-08-28 22:55:28,494 | INFO | epoch=035 loss=0.372691 validIC=0.05852
2026-08-28 22:55:34,060 | INFO | epoch=040 loss=0.372376 validIC=0.05501
2026-08-28 22:55:40,137 | INFO | epoch=045 loss=0.371714 validIC=0.05667
2026-08-28 22:55:40,137 | INFO | early stop @ 45, best=5, best_valid_ic=0.08535
2026-08-28 22:55:40,410 | INFO | TEST IC=-0.05485 | median=-0.06727 | IC>0=39.42% | spread=-0.6736%
2026-08-28 22:55:40,493 | INFO | Top-3 | net=-13.04% | 0050=35.68% | EW=36.46% | alpha=-48.73% | turn=76.63%
2026-08-28 22:55:40,570 | INFO | Top-5 | net=-5.59% | 0050=35.68% | EW=36.46% | alpha=-41.28% | turn=70.10%
2026-08-28 22:55:40,647 | INFO | Top-10 | net=1.97% | 0050=35.68% | EW=36.46% | alpha=-33.71% | turn=49.42%
2026-08-28 22:55:40,678 | INFO | ================================================================================
2026-08-28 22:55:40,678 | INFO | YEAR 2020 | train=80,540 valid=11,750 test=12,250
/home/ubuntu/lobster-trading/src/train_cross_section_v3.py:532: FutureWarning: `torch.cuda.amp.GradScaler(args...)` is deprecated. Please use `torch.amp.GradScaler('cuda', args...)` instead.
  torch.cuda.amp.GradScaler()
2026-08-28 22:55:41,935 | INFO | epoch=001 loss=1.553387 validIC=0.02597
2026-08-28 22:55:46,793 | INFO | epoch=005 loss=0.379557 validIC=0.07596
2026-08-28 22:55:52,172 | INFO | epoch=010 loss=0.375120 validIC=0.00141
2026-08-28 22:55:57,957 | INFO | epoch=015 loss=0.373936 validIC=0.00895
2026-08-28 22:56:04,382 | INFO | epoch=020 loss=0.373372 validIC=0.01477
2026-08-28 22:56:10,819 | INFO | epoch=025 loss=0.372892 validIC=0.01486
2026-08-28 22:56:17,370 | INFO | epoch=030 loss=0.372489 validIC=0.01516
2026-08-28 22:56:22,967 | INFO | epoch=035 loss=0.371554 validIC=0.00999
2026-08-28 22:56:29,128 | INFO | epoch=040 loss=0.370965 validIC=0.01481
2026-08-28 22:56:35,678 | INFO | epoch=045 loss=0.370047 validIC=0.00643
2026-08-28 22:56:35,678 | INFO | early stop @ 45, best=5, best_valid_ic=0.07596
2026-08-28 22:56:35,997 | INFO | TEST IC=0.08014 | median=0.09724 | IC>0=61.63% | spread=1.4211%
2026-08-28 22:56:36,073 | INFO | Top-3 | net=31.61% | 0050=31.40% | EW=29.48% | alpha=0.21% | turn=60.92%
2026-08-28 22:56:36,149 | INFO | Top-5 | net=43.29% | 0050=31.40% | EW=29.48% | alpha=11.89% | turn=57.79%
2026-08-28 22:56:36,224 | INFO | Top-10 | net=55.26% | 0050=31.40% | EW=29.48% | alpha=23.86% | turn=46.33%
2026-08-28 22:56:36,252 | INFO | ================================================================================
2026-08-28 22:56:36,252 | INFO | YEAR 2021 | train=92,590 valid=11,950 test=12,150
/home/ubuntu/lobster-trading/src/train_cross_section_v3.py:532: FutureWarning: `torch.cuda.amp.GradScaler(args...)` is deprecated. Please use `torch.amp.GradScaler('cuda', args...)` instead.
  torch.cuda.amp.GradScaler()
2026-08-28 22:56:37,794 | INFO | epoch=001 loss=2.041028 validIC=0.02868
2026-08-28 22:56:44,729 | INFO | epoch=005 loss=0.382626 validIC=0.05487
2026-08-28 22:56:52,210 | INFO | epoch=010 loss=0.376427 validIC=0.04497
2026-08-28 22:56:59,105 | INFO | epoch=015 loss=0.375750 validIC=0.04440
2026-08-28 22:57:04,794 | INFO | epoch=020 loss=0.374918 validIC=0.04732
2026-08-28 22:57:10,954 | INFO | epoch=025 loss=0.374545 validIC=0.04443
2026-08-28 22:57:17,141 | INFO | epoch=030 loss=0.374054 validIC=0.04714
2026-08-28 22:57:24,795 | INFO | epoch=035 loss=0.373450 validIC=0.04314
2026-08-28 22:57:32,721 | INFO | epoch=040 loss=0.373018 validIC=0.04038
2026-08-28 22:57:39,187 | INFO | epoch=045 loss=0.372383 validIC=0.03579
2026-08-28 22:57:39,187 | INFO | early stop @ 45, best=5, best_valid_ic=0.05487
2026-08-28 22:57:39,454 | INFO | TEST IC=0.02005 | median=0.05738 | IC>0=54.73% | spread=0.8589%
2026-08-28 22:57:39,530 | INFO | Top-3 | net=24.97% | 0050=22.32% | EW=41.56% | alpha=2.65% | turn=87.65%
2026-08-28 22:57:39,604 | INFO | Top-5 | net=22.15% | 0050=22.32% | EW=41.56% | alpha=-0.17% | turn=83.07%
2026-08-28 22:57:39,679 | INFO | Top-10 | net=31.75% | 0050=22.32% | EW=41.56% | alpha=9.43% | turn=61.06%
2026-08-28 22:57:39,719 | INFO | ================================================================================
2026-08-28 22:57:39,720 | INFO | YEAR 2022 | train=104,840 valid=11,850 test=12,300
/home/ubuntu/lobster-trading/src/train_cross_section_v3.py:532: FutureWarning: `torch.cuda.amp.GradScaler(args...)` is deprecated. Please use `torch.amp.GradScaler('cuda', args...)` instead.
  torch.cuda.amp.GradScaler()
2026-08-28 22:57:41,644 | INFO | epoch=001 loss=1.677142 validIC=-0.00689
2026-08-28 22:57:47,482 | INFO | epoch=005 loss=0.377105 validIC=0.01674
2026-08-28 22:57:54,885 | INFO | epoch=010 loss=0.374125 validIC=0.04880
2026-08-28 22:58:03,139 | INFO | epoch=015 loss=0.373341 validIC=0.04818
2026-08-28 22:58:11,268 | INFO | epoch=020 loss=0.372727 validIC=0.04742
2026-08-28 22:58:18,350 | INFO | epoch=025 loss=0.371792 validIC=0.05140
2026-08-28 22:58:26,647 | INFO | epoch=030 loss=0.371310 validIC=0.05178
2026-08-28 22:58:34,616 | INFO | epoch=035 loss=0.370642 validIC=0.05181
2026-08-28 22:58:41,158 | INFO | epoch=040 loss=0.369531 validIC=0.05181
2026-08-28 22:58:48,840 | INFO | epoch=045 loss=0.368731 validIC=0.05134
2026-08-28 22:58:57,001 | INFO | epoch=050 loss=0.368056 validIC=0.04984
2026-08-28 22:59:04,697 | INFO | epoch=055 loss=0.367260 validIC=0.04817
2026-08-28 22:59:12,902 | INFO | epoch=060 loss=0.366089 validIC=0.04971
2026-08-28 22:59:20,906 | INFO | epoch=065 loss=0.365382 validIC=0.05256
2026-08-28 22:59:28,978 | INFO | epoch=070 loss=0.363682 validIC=0.05113
2026-08-28 22:59:36,462 | INFO | epoch=075 loss=0.362375 validIC=0.06351
2026-08-28 22:59:45,053 | INFO | epoch=080 loss=0.361170 validIC=0.06441
2026-08-28 22:59:53,049 | INFO | epoch=085 loss=0.358981 validIC=0.06940
2026-08-28 23:00:01,296 | INFO | epoch=090 loss=0.356134 validIC=0.05694
2026-08-28 23:00:09,930 | INFO | epoch=095 loss=0.352833 validIC=0.06305
2026-08-28 23:00:18,157 | INFO | epoch=100 loss=0.349762 validIC=0.06227
2026-08-28 23:00:27,286 | INFO | epoch=105 loss=0.345964 validIC=0.06164
2026-08-28 23:00:35,690 | INFO | epoch=110 loss=0.341615 validIC=0.05790
2026-08-28 23:00:43,924 | INFO | epoch=115 loss=0.336792 validIC=0.05943
2026-08-28 23:00:53,752 | INFO | epoch=120 loss=0.332369 validIC=0.05895
2026-08-28 23:01:02,111 | INFO | epoch=125 loss=0.326032 validIC=0.05260
2026-08-28 23:01:02,112 | INFO | early stop @ 125, best=85, best_valid_ic=0.06940
2026-08-28 23:01:02,379 | INFO | TEST IC=0.03159 | median=0.03198 | IC>0=57.72% | spread=0.2313%
2026-08-28 23:01:02,456 | INFO | Top-3 | net=-39.66% | 0050=-18.34% | EW=-7.15% | alpha=-21.32% | turn=81.21%
2026-08-28 23:01:02,533 | INFO | Top-5 | net=-33.78% | 0050=-18.34% | EW=-7.15% | alpha=-15.43% | turn=77.08%
2026-08-28 23:01:02,609 | INFO | Top-10 | net=-28.02% | 0050=-18.34% | EW=-7.15% | alpha=-9.67% | turn=71.00%
2026-08-28 23:01:02,646 | INFO | ================================================================================
2026-08-28 23:01:02,646 | INFO | YEAR 2023 | train=116,990 valid=12,000 test=11,950
/home/ubuntu/lobster-trading/src/train_cross_section_v3.py:532: FutureWarning: `torch.cuda.amp.GradScaler(args...)` is deprecated. Please use `torch.amp.GradScaler('cuda', args...)` instead.
  torch.cuda.amp.GradScaler()
2026-08-28 23:01:04,830 | INFO | epoch=001 loss=1.208781 validIC=-0.03852
2026-08-28 23:01:10,755 | INFO | epoch=005 loss=0.374946 validIC=-0.00076
2026-08-28 23:01:19,804 | INFO | epoch=010 loss=0.372062 validIC=0.00982
2026-08-28 23:01:27,939 | INFO | epoch=015 loss=0.371135 validIC=0.00365
2026-08-28 23:01:37,311 | INFO | epoch=020 loss=0.370643 validIC=0.01721
2026-08-28 23:01:46,759 | INFO | epoch=025 loss=0.369752 validIC=0.01102
2026-08-28 23:01:56,809 | INFO | epoch=030 loss=0.368775 validIC=0.01584
2026-08-28 23:02:06,353 | INFO | epoch=035 loss=0.367694 validIC=0.01818
2026-08-28 23:02:15,273 | INFO | epoch=040 loss=0.366585 validIC=0.02492
2026-08-28 23:02:24,769 | INFO | epoch=045 loss=0.365304 validIC=0.02287
2026-08-28 23:02:34,425 | INFO | epoch=050 loss=0.363473 validIC=0.02272
2026-08-28 23:02:43,326 | INFO | epoch=055 loss=0.362734 validIC=0.04362
2026-08-28 23:02:52,328 | INFO | epoch=060 loss=0.360511 validIC=0.02327
2026-08-28 23:03:01,281 | INFO | epoch=065 loss=0.358438 validIC=0.03859
2026-08-28 23:03:09,963 | INFO | epoch=070 loss=0.355811 validIC=0.03262
2026-08-28 23:03:18,806 | INFO | epoch=075 loss=0.353882 validIC=0.03005
2026-08-28 23:03:28,184 | INFO | epoch=080 loss=0.350940 validIC=0.02222
2026-08-28 23:03:37,119 | INFO | epoch=085 loss=0.347448 validIC=0.02775
2026-08-28 23:03:46,049 | INFO | epoch=090 loss=0.344988 validIC=0.03410
2026-08-28 23:03:55,349 | INFO | epoch=095 loss=0.341494 validIC=0.02107
2026-08-28 23:03:55,349 | INFO | early stop @ 95, best=55, best_valid_ic=0.04362
2026-08-28 23:03:55,612 | INFO | TEST IC=0.03087 | median=0.01714 | IC>0=55.23% | spread=0.4769%
2026-08-28 23:03:55,686 | INFO | Top-3 | net=18.40% | 0050=24.67% | EW=33.05% | alpha=-6.28% | turn=77.76%
2026-08-28 23:03:55,759 | INFO | Top-5 | net=35.47% | 0050=24.67% | EW=33.05% | alpha=10.80% | turn=74.87%
2026-08-28 23:03:55,832 | INFO | Top-10 | net=30.36% | 0050=24.67% | EW=33.05% | alpha=5.69% | turn=64.37%
2026-08-28 23:03:55,873 | INFO | ================================================================================
2026-08-28 23:03:55,874 | INFO | YEAR 2024 | train=129,290 valid=11,650 test=12,100
/home/ubuntu/lobster-trading/src/train_cross_section_v3.py:532: FutureWarning: `torch.cuda.amp.GradScaler(args...)` is deprecated. Please use `torch.amp.GradScaler('cuda', args...)` instead.
  torch.cuda.amp.GradScaler()
2026-08-28 23:03:58,010 | INFO | epoch=001 loss=1.281298 validIC=-0.01219
2026-08-28 23:04:05,673 | INFO | epoch=005 loss=0.380438 validIC=0.03127
2026-08-28 23:04:15,460 | INFO | epoch=010 loss=0.376439 validIC=0.05112
2026-08-28 23:04:25,522 | INFO | epoch=015 loss=0.375176 validIC=0.04969
2026-08-28 23:04:35,089 | INFO | epoch=020 loss=0.374385 validIC=0.04623
2026-08-28 23:04:45,001 | INFO | epoch=025 loss=0.373635 validIC=0.04556
2026-08-28 23:04:54,196 | INFO | epoch=030 loss=0.372545 validIC=0.04245
2026-08-28 23:05:03,790 | INFO | epoch=035 loss=0.371740 validIC=0.03914
2026-08-28 23:05:13,321 | INFO | epoch=040 loss=0.370686 validIC=0.03959
2026-08-28 23:05:22,861 | INFO | epoch=045 loss=0.369482 validIC=0.03831
2026-08-28 23:05:32,424 | INFO | epoch=050 loss=0.368491 validIC=0.04218
2026-08-28 23:05:32,424 | INFO | early stop @ 50, best=10, best_valid_ic=0.05112
2026-08-28 23:05:32,690 | INFO | TEST IC=0.00948 | median=0.00752 | IC>0=52.89% | spread=0.0722%
2026-08-28 23:05:32,766 | INFO | Top-3 | net=-22.50% | 0050=55.90% | EW=14.85% | alpha=-78.40% | turn=72.46%
2026-08-28 23:05:32,841 | INFO | Top-5 | net=-15.23% | 0050=55.90% | EW=14.85% | alpha=-71.12% | turn=67.20%
2026-08-28 23:05:32,916 | INFO | Top-10 | net=-7.86% | 0050=55.90% | EW=14.85% | alpha=-63.76% | turn=60.99%
2026-08-28 23:05:32,957 | INFO | ================================================================================
2026-08-28 23:05:32,957 | INFO | YEAR 2025 | train=141,240 valid=11,800 test=12,100
/home/ubuntu/lobster-trading/src/train_cross_section_v3.py:532: FutureWarning: `torch.cuda.amp.GradScaler(args...)` is deprecated. Please use `torch.amp.GradScaler('cuda', args...)` instead.
  torch.cuda.amp.GradScaler()
2026-08-28 23:05:35,104 | INFO | epoch=001 loss=0.912367 validIC=-0.00477
2026-08-28 23:05:44,479 | INFO | epoch=005 loss=0.377326 validIC=0.01034
2026-08-28 23:05:54,690 | INFO | epoch=010 loss=0.375303 validIC=0.01280
2026-08-28 23:06:04,797 | INFO | epoch=015 loss=0.374619 validIC=0.02090
2026-08-28 23:06:14,335 | INFO | epoch=020 loss=0.373633 validIC=0.01558
2026-08-28 23:06:23,433 | INFO | epoch=025 loss=0.372772 validIC=0.00995
2026-08-28 23:06:32,718 | INFO | epoch=030 loss=0.371618 validIC=0.00453
2026-08-28 23:06:44,264 | INFO | epoch=035 loss=0.370510 validIC=0.00624
2026-08-28 23:06:54,927 | INFO | epoch=040 loss=0.368806 validIC=-0.00490
2026-08-28 23:07:05,162 | INFO | epoch=045 loss=0.367277 validIC=-0.01404
2026-08-28 23:07:15,466 | INFO | epoch=050 loss=0.365254 validIC=-0.01634
2026-08-28 23:07:26,301 | INFO | epoch=055 loss=0.363291 validIC=0.00075
2026-08-28 23:07:26,301 | INFO | early stop @ 55, best=15, best_valid_ic=0.02090
2026-08-28 23:07:26,573 | INFO | TEST IC=0.08470 | median=0.07938 | IC>0=63.64% | spread=1.3322%
2026-08-28 23:07:26,650 | INFO | Top-3 | net=140.61% | 0050=45.12% | EW=28.26% | alpha=95.49% | turn=73.57%
2026-08-28 23:07:26,726 | INFO | Top-5 | net=104.11% | 0050=45.12% | EW=28.26% | alpha=58.99% | turn=71.57%
2026-08-28 23:07:26,801 | INFO | Top-10 | net=79.14% | 0050=45.12% | EW=28.26% | alpha=34.02% | turn=63.83%
2026-08-28 23:07:26,840 | INFO | ================================================================================
2026-08-28 23:07:26,840 | INFO | YEAR 2026 | train=153,340 valid=11,800 test=7,600
/home/ubuntu/lobster-trading/src/train_cross_section_v3.py:532: FutureWarning: `torch.cuda.amp.GradScaler(args...)` is deprecated. Please use `torch.amp.GradScaler('cuda', args...)` instead.
  torch.cuda.amp.GradScaler()
2026-08-28 23:07:29,064 | INFO | epoch=001 loss=1.230597 validIC=0.05189
2026-08-28 23:07:37,311 | INFO | epoch=005 loss=0.379898 validIC=0.07853
2026-08-28 23:07:46,691 | INFO | epoch=010 loss=0.378036 validIC=0.08842
2026-08-28 23:07:56,660 | INFO | epoch=015 loss=0.377289 validIC=0.08336
2026-08-28 23:08:07,418 | INFO | epoch=020 loss=0.376659 validIC=0.08944
2026-08-28 23:08:19,378 | INFO | epoch=025 loss=0.375875 validIC=0.08140
2026-08-28 23:08:30,683 | INFO | epoch=030 loss=0.375019 validIC=0.08043
2026-08-28 23:08:40,417 | INFO | epoch=035 loss=0.374102 validIC=0.07375
2026-08-28 23:08:50,297 | INFO | epoch=040 loss=0.372859 validIC=0.06827
2026-08-28 23:08:59,633 | INFO | epoch=045 loss=0.371555 validIC=0.07539
2026-08-28 23:09:09,494 | INFO | epoch=050 loss=0.369828 validIC=0.06088
2026-08-28 23:09:20,142 | INFO | epoch=055 loss=0.368465 validIC=0.04779
2026-08-28 23:09:31,538 | INFO | epoch=060 loss=0.365794 validIC=0.04621
2026-08-28 23:09:31,538 | INFO | early stop @ 60, best=20, best_valid_ic=0.08944
2026-08-28 23:09:31,711 | INFO | TEST IC=0.02439 | median=0.01445 | IC>0=52.63% | spread=1.3213%
2026-08-28 23:09:31,761 | INFO | Top-3 | net=84.75% | 0050=55.96% | EW=57.91% | alpha=28.78% | turn=86.28%
2026-08-28 23:09:31,809 | INFO | Top-5 | net=65.19% | 0050=55.96% | EW=57.91% | alpha=9.23% | turn=80.56%
2026-08-28 23:09:31,857 | INFO | Top-10 | net=43.10% | 0050=55.96% | EW=57.91% | alpha=-12.87% | turn=70.33%
2026-08-28 23:09:31,966 | INFO | ================================================================================
2026-08-28 23:09:31,967 | INFO | FINAL SUMMARY
2026-08-28 23:09:31,967 | INFO | ================================================================================
2026-08-28 23:09:31,971 | INFO | 
  model  seed  top_k  mean_ic  median_year_ic  mean_spread  positive_alpha_years  years  mean_alpha_vs_0050  mean_alpha_vs_equal_weight  median_alpha_vs_0050  mean_turnover  mean_active_sharpe  mean_best_epoch  mean_valid_ic
mlp_reg  8765      3 0.032975        0.030874     0.006241                     5      9           -0.021288                   -0.011410              0.002139       0.760076           -0.505463        26.666667        0.06046
mlp_reg  8765      5 0.032975        0.030874     0.006241                     4      9           -0.044729                   -0.034850             -0.001654       0.722074           -0.495787        26.666667        0.06046
mlp_reg  8765     10 0.032975        0.030874     0.006241                     5      9           -0.052215                   -0.042337              0.000181       0.610806           -0.479723        26.666667        0.06046
2026-08-28 23:09:31,971 | INFO | SAVED: runs/v3_mlp_reg_seed8765_20260828_225339
