2026-08-28 22:06:45,894 | INFO | Rows=173,340, stocks=50, dates=2012-04-06 00:00:00->2026-08-20 00:00:00
2026-08-28 22:06:45,923 | INFO | ================================================================================
2026-08-28 22:06:45,924 | INFO | YEAR 2018 | train=56,413 valid=11,613 test=12,226
/home/ubuntu/lobster-trading/src/train_cross_section_v3.py:1021: FutureWarning: `torch.cuda.amp.GradScaler(args...)` is deprecated. Please use `torch.amp.GradScaler('cuda', args...)` instead.
  torch.cuda.amp.GradScaler()
2026-08-28 22:06:50,178 | INFO | epoch=001 rankloss=0.797062 validIC=-0.00758
2026-08-28 22:06:50,778 | INFO | epoch=005 rankloss=0.690530 validIC=0.05976
2026-08-28 22:06:51,490 | INFO | epoch=010 rankloss=0.689281 validIC=0.06167
2026-08-28 22:06:52,165 | INFO | epoch=015 rankloss=0.687293 validIC=0.06279
2026-08-28 22:06:52,833 | INFO | epoch=020 rankloss=0.686861 validIC=0.05563
2026-08-28 22:06:53,497 | INFO | epoch=025 rankloss=0.684863 validIC=0.05635
2026-08-28 22:06:54,173 | INFO | epoch=030 rankloss=0.683097 validIC=0.04900
2026-08-28 22:06:54,857 | INFO | epoch=035 rankloss=0.679762 validIC=0.05079
2026-08-28 22:06:55,526 | INFO | epoch=040 rankloss=0.677565 validIC=0.04974
2026-08-28 22:06:56,191 | INFO | epoch=045 rankloss=0.672689 validIC=0.03647
2026-08-28 22:06:56,854 | INFO | epoch=050 rankloss=0.666616 validIC=0.04374
2026-08-28 22:06:57,530 | INFO | epoch=055 rankloss=0.659573 validIC=0.03669
2026-08-28 22:06:57,530 | INFO | early stop @ 55, best=15, best_valid_ic=0.06279
2026-08-28 22:06:57,828 | INFO | TEST IC=0.08929 | median=0.09911 | IC>0=70.61% | spread=0.7572%
2026-08-28 22:06:57,905 | INFO | Top-3 | net=18.24% | 0050=-7.98% | EW=1.43% | alpha=26.21% | turn=74.28%
2026-08-28 22:06:57,981 | INFO | Top-5 | net=7.90% | 0050=-7.98% | EW=1.43% | alpha=15.88% | turn=69.90%
2026-08-28 22:06:58,057 | INFO | Top-10 | net=3.13% | 0050=-7.98% | EW=1.43% | alpha=11.11% | turn=62.42%
2026-08-28 22:06:58,091 | INFO | ================================================================================
2026-08-28 22:06:58,091 | INFO | YEAR 2019 | train=68,320 valid=11,926 test=12,050
/home/ubuntu/lobster-trading/src/train_cross_section_v3.py:1021: FutureWarning: `torch.cuda.amp.GradScaler(args...)` is deprecated. Please use `torch.amp.GradScaler('cuda', args...)` instead.
  torch.cuda.amp.GradScaler()
2026-08-28 22:07:00,597 | INFO | epoch=001 rankloss=0.833435 validIC=-0.00923
2026-08-28 22:07:01,212 | INFO | epoch=005 rankloss=0.690873 validIC=0.08775
2026-08-28 22:07:01,921 | INFO | epoch=010 rankloss=0.689103 validIC=0.06625
2026-08-28 22:07:02,628 | INFO | epoch=015 rankloss=0.687860 validIC=0.07377
2026-08-28 22:07:03,345 | INFO | epoch=020 rankloss=0.686229 validIC=0.08814
2026-08-28 22:07:04,067 | INFO | epoch=025 rankloss=0.684651 validIC=0.07443
2026-08-28 22:07:04,789 | INFO | epoch=030 rankloss=0.681930 validIC=0.08186
2026-08-28 22:07:05,500 | INFO | epoch=035 rankloss=0.679270 validIC=0.06972
2026-08-28 22:07:06,244 | INFO | epoch=040 rankloss=0.673840 validIC=0.06736
2026-08-28 22:07:06,991 | INFO | epoch=045 rankloss=0.667139 validIC=0.07125
2026-08-28 22:07:07,710 | INFO | epoch=050 rankloss=0.655411 validIC=0.03797
2026-08-28 22:07:08,427 | INFO | epoch=055 rankloss=0.641600 validIC=0.05587
2026-08-28 22:07:10,349 | INFO | epoch=060 rankloss=0.627287 validIC=0.05333
2026-08-28 22:07:10,350 | INFO | early stop @ 60, best=20, best_valid_ic=0.08814
2026-08-28 22:07:10,846 | INFO | TEST IC=0.03038 | median=0.01455 | IC>0=53.94% | spread=0.1615%
2026-08-28 22:07:10,922 | INFO | Top-3 | net=25.13% | 0050=35.68% | EW=36.46% | alpha=-10.55% | turn=90.25%
2026-08-28 22:07:10,998 | INFO | Top-5 | net=23.36% | 0050=35.68% | EW=36.46% | alpha=-12.32% | turn=86.15%
2026-08-28 22:07:11,074 | INFO | Top-10 | net=19.58% | 0050=35.68% | EW=36.46% | alpha=-16.10% | turn=74.31%
2026-08-28 22:07:11,115 | INFO | ================================================================================
2026-08-28 22:07:11,115 | INFO | YEAR 2020 | train=80,540 valid=11,750 test=12,250
/home/ubuntu/lobster-trading/src/train_cross_section_v3.py:1021: FutureWarning: `torch.cuda.amp.GradScaler(args...)` is deprecated. Please use `torch.amp.GradScaler('cuda', args...)` instead.
  torch.cuda.amp.GradScaler()
2026-08-28 22:07:14,064 | INFO | epoch=001 rankloss=0.849855 validIC=0.05359
2026-08-28 22:07:14,687 | INFO | epoch=005 rankloss=0.691190 validIC=-0.00477
2026-08-28 22:07:15,428 | INFO | epoch=010 rankloss=0.689795 validIC=0.02077
2026-08-28 22:07:16,188 | INFO | epoch=015 rankloss=0.688414 validIC=0.03226
2026-08-28 22:07:16,957 | INFO | epoch=020 rankloss=0.687260 validIC=0.03590
2026-08-28 22:07:17,724 | INFO | epoch=025 rankloss=0.685492 validIC=0.02732
2026-08-28 22:07:18,483 | INFO | epoch=030 rankloss=0.683306 validIC=0.02497
2026-08-28 22:07:19,248 | INFO | epoch=035 rankloss=0.681533 validIC=0.02655
2026-08-28 22:07:20,003 | INFO | epoch=040 rankloss=0.676938 validIC=0.02032
2026-08-28 22:07:20,003 | INFO | early stop @ 40, best=1, best_valid_ic=0.05359
2026-08-28 22:07:20,274 | INFO | TEST IC=0.05814 | median=0.05575 | IC>0=62.45% | spread=0.3062%
2026-08-28 22:07:20,350 | INFO | Top-3 | net=10.15% | 0050=31.40% | EW=29.48% | alpha=-21.25% | turn=84.38%
2026-08-28 22:07:20,425 | INFO | Top-5 | net=18.31% | 0050=31.40% | EW=29.48% | alpha=-13.09% | turn=80.33%
2026-08-28 22:07:20,501 | INFO | Top-10 | net=14.15% | 0050=31.40% | EW=29.48% | alpha=-17.25% | turn=68.63%
2026-08-28 22:07:20,528 | INFO | ================================================================================
2026-08-28 22:07:20,528 | INFO | YEAR 2021 | train=92,590 valid=11,950 test=12,150
/home/ubuntu/lobster-trading/src/train_cross_section_v3.py:1021: FutureWarning: `torch.cuda.amp.GradScaler(args...)` is deprecated. Please use `torch.amp.GradScaler('cuda', args...)` instead.
  torch.cuda.amp.GradScaler()
2026-08-28 22:07:24,129 | INFO | epoch=001 rankloss=0.794600 validIC=0.08533
2026-08-28 22:07:24,810 | INFO | epoch=005 rankloss=0.690759 validIC=0.04128
2026-08-28 22:07:25,633 | INFO | epoch=010 rankloss=0.689617 validIC=0.04388
2026-08-28 22:07:26,451 | INFO | epoch=015 rankloss=0.688228 validIC=0.04084
2026-08-28 22:07:27,238 | INFO | epoch=020 rankloss=0.687072 validIC=0.03114
2026-08-28 22:07:28,040 | INFO | epoch=025 rankloss=0.685369 validIC=0.04388
2026-08-28 22:07:28,845 | INFO | epoch=030 rankloss=0.682970 validIC=0.02241
2026-08-28 22:07:29,657 | INFO | epoch=035 rankloss=0.680018 validIC=0.03189
2026-08-28 22:07:30,507 | INFO | epoch=040 rankloss=0.675081 validIC=0.01331
2026-08-28 22:07:30,507 | INFO | early stop @ 40, best=1, best_valid_ic=0.08533
2026-08-28 22:07:30,775 | INFO | TEST IC=0.02633 | median=0.04240 | IC>0=59.26% | spread=0.6309%
2026-08-28 22:07:30,852 | INFO | Top-3 | net=6.30% | 0050=22.32% | EW=41.56% | alpha=-16.02% | turn=93.01%
2026-08-28 22:07:30,928 | INFO | Top-5 | net=22.90% | 0050=22.32% | EW=41.56% | alpha=0.58% | turn=83.63%
2026-08-28 22:07:31,004 | INFO | Top-10 | net=23.41% | 0050=22.32% | EW=41.56% | alpha=1.09% | turn=70.72%
2026-08-28 22:07:31,037 | INFO | ================================================================================
2026-08-28 22:07:31,037 | INFO | YEAR 2022 | train=104,840 valid=11,850 test=12,300
/home/ubuntu/lobster-trading/src/train_cross_section_v3.py:1021: FutureWarning: `torch.cuda.amp.GradScaler(args...)` is deprecated. Please use `torch.amp.GradScaler('cuda', args...)` instead.
  torch.cuda.amp.GradScaler()
2026-08-28 22:07:35,047 | INFO | epoch=001 rankloss=0.806194 validIC=0.04363
2026-08-28 22:07:35,777 | INFO | epoch=005 rankloss=0.691354 validIC=0.05544
2026-08-28 22:07:36,639 | INFO | epoch=010 rankloss=0.689923 validIC=0.05320
2026-08-28 22:07:37,484 | INFO | epoch=015 rankloss=0.688595 validIC=0.05263
2026-08-28 22:07:38,349 | INFO | epoch=020 rankloss=0.687260 validIC=0.05285
2026-08-28 22:07:39,199 | INFO | epoch=025 rankloss=0.685196 validIC=0.05876
2026-08-28 22:07:40,048 | INFO | epoch=030 rankloss=0.682903 validIC=0.04896
2026-08-28 22:07:40,902 | INFO | epoch=035 rankloss=0.679032 validIC=0.05775
2026-08-28 22:07:41,751 | INFO | epoch=040 rankloss=0.675174 validIC=0.05515
2026-08-28 22:07:42,607 | INFO | epoch=045 rankloss=0.668951 validIC=0.07078
2026-08-28 22:07:43,463 | INFO | epoch=050 rankloss=0.659084 validIC=0.05611
2026-08-28 22:07:44,315 | INFO | epoch=055 rankloss=0.647373 validIC=0.04536
2026-08-28 22:07:45,188 | INFO | epoch=060 rankloss=0.634199 validIC=0.04712
2026-08-28 22:07:46,058 | INFO | epoch=065 rankloss=0.622092 validIC=0.06998
2026-08-28 22:07:46,906 | INFO | epoch=070 rankloss=0.607652 validIC=0.05000
2026-08-28 22:07:47,735 | INFO | epoch=075 rankloss=0.594339 validIC=0.02804
2026-08-28 22:07:48,586 | INFO | epoch=080 rankloss=0.579955 validIC=0.03382
2026-08-28 22:07:49,431 | INFO | epoch=085 rankloss=0.569840 validIC=0.02022
2026-08-28 22:07:49,431 | INFO | early stop @ 85, best=45, best_valid_ic=0.07078
2026-08-28 22:07:49,928 | INFO | TEST IC=0.00534 | median=0.02814 | IC>0=55.28% | spread=0.1661%
2026-08-28 22:07:50,006 | INFO | Top-3 | net=-22.32% | 0050=-18.34% | EW=-7.15% | alpha=-3.98% | turn=83.96%
2026-08-28 22:07:50,084 | INFO | Top-5 | net=-16.77% | 0050=-18.34% | EW=-7.15% | alpha=1.58% | turn=79.37%
2026-08-28 22:07:50,161 | INFO | Top-10 | net=-24.57% | 0050=-18.34% | EW=-7.15% | alpha=-6.23% | turn=71.74%
2026-08-28 22:07:50,209 | INFO | ================================================================================
2026-08-28 22:07:50,209 | INFO | YEAR 2023 | train=116,990 valid=12,000 test=11,950
/home/ubuntu/lobster-trading/src/train_cross_section_v3.py:1021: FutureWarning: `torch.cuda.amp.GradScaler(args...)` is deprecated. Please use `torch.amp.GradScaler('cuda', args...)` instead.
  torch.cuda.amp.GradScaler()
2026-08-28 22:07:54,778 | INFO | epoch=001 rankloss=0.738339 validIC=0.06122
2026-08-28 22:07:55,538 | INFO | epoch=005 rankloss=0.690923 validIC=-0.00556
2026-08-28 22:07:56,422 | INFO | epoch=010 rankloss=0.688915 validIC=0.00923
2026-08-28 22:07:57,335 | INFO | epoch=015 rankloss=0.687252 validIC=0.03036
2026-08-28 22:07:58,230 | INFO | epoch=020 rankloss=0.683672 validIC=0.02312
2026-08-28 22:07:59,135 | INFO | epoch=025 rankloss=0.680962 validIC=0.02545
2026-08-28 22:08:00,036 | INFO | epoch=030 rankloss=0.674758 validIC=0.03435
2026-08-28 22:08:00,928 | INFO | epoch=035 rankloss=0.667487 validIC=0.02293
2026-08-28 22:08:01,841 | INFO | epoch=040 rankloss=0.658207 validIC=0.01256
2026-08-28 22:08:01,841 | INFO | early stop @ 40, best=1, best_valid_ic=0.06122
2026-08-28 22:08:02,162 | INFO | TEST IC=-0.00210 | median=-0.01244 | IC>0=46.86% | spread=-0.2908%
2026-08-28 22:08:02,236 | INFO | Top-3 | net=5.39% | 0050=24.67% | EW=33.05% | alpha=-19.29% | turn=80.39%
2026-08-28 22:08:02,309 | INFO | Top-5 | net=11.80% | 0050=24.67% | EW=33.05% | alpha=-12.88% | turn=72.16%
2026-08-28 22:08:02,383 | INFO | Top-10 | net=12.32% | 0050=24.67% | EW=33.05% | alpha=-12.35% | turn=62.88%
2026-08-28 22:08:02,415 | INFO | ================================================================================
2026-08-28 22:08:02,415 | INFO | YEAR 2024 | train=129,290 valid=11,650 test=12,100
/home/ubuntu/lobster-trading/src/train_cross_section_v3.py:1021: FutureWarning: `torch.cuda.amp.GradScaler(args...)` is deprecated. Please use `torch.amp.GradScaler('cuda', args...)` instead.
  torch.cuda.amp.GradScaler()
2026-08-28 22:08:07,407 | INFO | epoch=001 rankloss=0.780746 validIC=-0.02145
2026-08-28 22:08:08,206 | INFO | epoch=005 rankloss=0.691250 validIC=0.04727
2026-08-28 22:08:09,191 | INFO | epoch=010 rankloss=0.689925 validIC=0.05175
2026-08-28 22:08:10,139 | INFO | epoch=015 rankloss=0.688182 validIC=0.04475
2026-08-28 22:08:11,063 | INFO | epoch=020 rankloss=0.686111 validIC=0.05962
2026-08-28 22:08:11,976 | INFO | epoch=025 rankloss=0.684148 validIC=0.05451
2026-08-28 22:08:12,957 | INFO | epoch=030 rankloss=0.680797 validIC=0.04667
2026-08-28 22:08:13,876 | INFO | epoch=035 rankloss=0.676348 validIC=0.04699
2026-08-28 22:08:14,800 | INFO | epoch=040 rankloss=0.669834 validIC=0.02786
2026-08-28 22:08:15,718 | INFO | epoch=045 rankloss=0.659719 validIC=0.02807
2026-08-28 22:08:16,655 | INFO | epoch=050 rankloss=0.646328 validIC=0.01957
2026-08-28 22:08:17,604 | INFO | epoch=055 rankloss=0.634203 validIC=0.02771
2026-08-28 22:08:18,525 | INFO | epoch=060 rankloss=0.621438 validIC=0.01226
2026-08-28 22:08:18,525 | INFO | early stop @ 60, best=20, best_valid_ic=0.05962
2026-08-28 22:08:18,794 | INFO | TEST IC=0.02124 | median=0.02079 | IC>0=54.55% | spread=0.3064%
2026-08-28 22:08:18,871 | INFO | Top-3 | net=13.49% | 0050=55.90% | EW=14.85% | alpha=-42.41% | turn=71.52%
2026-08-28 22:08:18,947 | INFO | Top-5 | net=2.48% | 0050=55.90% | EW=14.85% | alpha=-53.42% | turn=71.31%
2026-08-28 22:08:19,028 | INFO | Top-10 | net=3.06% | 0050=55.90% | EW=14.85% | alpha=-52.84% | turn=65.95%
2026-08-28 22:08:19,068 | INFO | ================================================================================
2026-08-28 22:08:19,068 | INFO | YEAR 2025 | train=141,240 valid=11,800 test=12,100
/home/ubuntu/lobster-trading/src/train_cross_section_v3.py:1021: FutureWarning: `torch.cuda.amp.GradScaler(args...)` is deprecated. Please use `torch.amp.GradScaler('cuda', args...)` instead.
  torch.cuda.amp.GradScaler()
2026-08-28 22:08:24,616 | INFO | epoch=001 rankloss=0.767939 validIC=0.03424
2026-08-28 22:08:25,461 | INFO | epoch=005 rankloss=0.691168 validIC=0.04474
2026-08-28 22:08:26,437 | INFO | epoch=010 rankloss=0.689733 validIC=0.03824
2026-08-28 22:08:27,391 | INFO | epoch=015 rankloss=0.688151 validIC=0.00597
2026-08-28 22:08:28,350 | INFO | epoch=020 rankloss=0.686237 validIC=-0.00827
2026-08-28 22:08:29,330 | INFO | epoch=025 rankloss=0.683087 validIC=0.03092
2026-08-28 22:08:30,292 | INFO | epoch=030 rankloss=0.680213 validIC=-0.02106
2026-08-28 22:08:31,268 | INFO | epoch=035 rankloss=0.674632 validIC=-0.00875
2026-08-28 22:08:32,273 | INFO | epoch=040 rankloss=0.667718 validIC=-0.00724
2026-08-28 22:08:33,249 | INFO | epoch=045 rankloss=0.658069 validIC=-0.00305
2026-08-28 22:08:33,250 | INFO | early stop @ 45, best=5, best_valid_ic=0.04474
2026-08-28 22:08:33,520 | INFO | TEST IC=0.07418 | median=0.05743 | IC>0=60.33% | spread=0.9032%
2026-08-28 22:08:33,596 | INFO | Top-3 | net=61.07% | 0050=45.12% | EW=28.26% | alpha=15.95% | turn=90.94%
2026-08-28 22:08:33,670 | INFO | Top-5 | net=67.99% | 0050=45.12% | EW=28.26% | alpha=22.87% | turn=88.93%
2026-08-28 22:08:33,745 | INFO | Top-10 | net=50.50% | 0050=45.12% | EW=28.26% | alpha=5.38% | turn=74.82%
2026-08-28 22:08:33,783 | INFO | ================================================================================
2026-08-28 22:08:33,783 | INFO | YEAR 2026 | train=153,340 valid=11,800 test=7,600
/home/ubuntu/lobster-trading/src/train_cross_section_v3.py:1021: FutureWarning: `torch.cuda.amp.GradScaler(args...)` is deprecated. Please use `torch.amp.GradScaler('cuda', args...)` instead.
  torch.cuda.amp.GradScaler()
2026-08-28 22:08:39,937 | INFO | epoch=001 rankloss=0.779553 validIC=0.03521
2026-08-28 22:08:40,759 | INFO | epoch=005 rankloss=0.691610 validIC=0.05512
2026-08-28 22:08:41,790 | INFO | epoch=010 rankloss=0.689966 validIC=0.05734
2026-08-28 22:08:42,838 | INFO | epoch=015 rankloss=0.688815 validIC=0.05805
2026-08-28 22:08:43,860 | INFO | epoch=020 rankloss=0.687307 validIC=0.07059
2026-08-28 22:08:44,886 | INFO | epoch=025 rankloss=0.684750 validIC=0.06824
2026-08-28 22:08:45,918 | INFO | epoch=030 rankloss=0.681770 validIC=0.06139
2026-08-28 22:08:46,929 | INFO | epoch=035 rankloss=0.677771 validIC=0.05839
2026-08-28 22:08:47,946 | INFO | epoch=040 rankloss=0.671338 validIC=0.03977
2026-08-28 22:08:48,971 | INFO | epoch=045 rankloss=0.664500 validIC=0.05244
2026-08-28 22:08:49,991 | INFO | epoch=050 rankloss=0.653969 validIC=0.02868
2026-08-28 22:08:51,005 | INFO | epoch=055 rankloss=0.643534 validIC=0.03862
2026-08-28 22:08:52,022 | INFO | epoch=060 rankloss=0.631722 validIC=0.03855
2026-08-28 22:08:52,023 | INFO | early stop @ 60, best=20, best_valid_ic=0.07059
2026-08-28 22:08:52,196 | INFO | TEST IC=0.05075 | median=0.06089 | IC>0=58.55% | spread=1.7521%
2026-08-28 22:08:52,245 | INFO | Top-3 | net=73.04% | 0050=55.96% | EW=57.91% | alpha=17.08% | turn=79.68%
2026-08-28 22:08:52,293 | INFO | Top-5 | net=78.19% | 0050=55.96% | EW=57.91% | alpha=22.23% | turn=71.44%
2026-08-28 22:08:52,341 | INFO | Top-10 | net=83.72% | 0050=55.96% | EW=57.91% | alpha=27.76% | turn=62.39%
2026-08-28 22:08:52,453 | INFO | ================================================================================
2026-08-28 22:08:52,453 | INFO | FINAL SUMMARY
2026-08-28 22:08:52,453 | INFO | ================================================================================
2026-08-28 22:08:52,457 | INFO | 
   model  seed  top_k  mean_ic  median_year_ic  mean_spread  positive_alpha_years  years  mean_alpha_vs_0050  mean_alpha_vs_equal_weight  median_alpha_vs_0050  mean_turnover  mean_active_sharpe  mean_best_epoch  mean_valid_ic
mlp_rank     7      3 0.039284        0.030379     0.005214                     3      9           -0.060276                   -0.050398             -0.105483       0.831590           -0.158328        14.222222       0.066312
mlp_rank     7      5 0.039284        0.030379     0.005214                     5      9           -0.031748                   -0.021870              0.005842       0.781367           -0.091200        14.222222       0.066312
mlp_rank     7     10 0.039284        0.030379     0.005214                     4      9           -0.066041                   -0.056163             -0.062271       0.682071           -0.394979        14.222222       0.066312
2026-08-28 22:08:52,457 | INFO | SAVED: runs/v3_mlp_rank_seed7_20260828_220645
