2026-08-28 22:21:52,100 | INFO | Rows=173,340, stocks=50, dates=2012-04-06 00:00:00->2026-08-20 00:00:00
2026-08-28 22:21:52,130 | INFO | ================================================================================
2026-08-28 22:21:52,130 | INFO | YEAR 2018 | train=56,413 valid=11,613 test=12,226
/home/ubuntu/lobster-trading/src/train_cross_section_v3.py:1021: FutureWarning: `torch.cuda.amp.GradScaler(args...)` is deprecated. Please use `torch.amp.GradScaler('cuda', args...)` instead.
  torch.cuda.amp.GradScaler()
2026-08-28 22:21:56,212 | INFO | epoch=001 rankloss=0.841799 validIC=0.02346
2026-08-28 22:21:56,817 | INFO | epoch=005 rankloss=0.690932 validIC=0.06164
2026-08-28 22:21:57,531 | INFO | epoch=010 rankloss=0.689384 validIC=0.05661
2026-08-28 22:21:58,257 | INFO | epoch=015 rankloss=0.688151 validIC=0.05537
2026-08-28 22:21:58,953 | INFO | epoch=020 rankloss=0.688827 validIC=0.06163
2026-08-28 22:21:59,652 | INFO | epoch=025 rankloss=0.684577 validIC=0.05527
2026-08-28 22:22:00,338 | INFO | epoch=030 rankloss=0.684052 validIC=0.04257
2026-08-28 22:22:01,040 | INFO | epoch=035 rankloss=0.681078 validIC=0.05211
2026-08-28 22:22:01,751 | INFO | epoch=040 rankloss=0.680220 validIC=0.04059
2026-08-28 22:22:02,439 | INFO | epoch=045 rankloss=0.676997 validIC=0.02453
2026-08-28 22:22:02,439 | INFO | early stop @ 45, best=5, best_valid_ic=0.06164
2026-08-28 22:22:02,754 | INFO | TEST IC=0.07715 | median=0.08543 | IC>0=67.35% | spread=0.7182%
2026-08-28 22:22:02,831 | INFO | Top-3 | net=-18.02% | 0050=-7.98% | EW=1.43% | alpha=-10.04% | turn=91.77%
2026-08-28 22:22:02,907 | INFO | Top-5 | net=-13.54% | 0050=-7.98% | EW=1.43% | alpha=-5.56% | turn=86.98%
2026-08-28 22:22:02,982 | INFO | Top-10 | net=-5.57% | 0050=-7.98% | EW=1.43% | alpha=2.40% | turn=69.00%
2026-08-28 22:22:03,017 | INFO | ================================================================================
2026-08-28 22:22:03,018 | INFO | YEAR 2019 | train=68,320 valid=11,926 test=12,050
/home/ubuntu/lobster-trading/src/train_cross_section_v3.py:1021: FutureWarning: `torch.cuda.amp.GradScaler(args...)` is deprecated. Please use `torch.amp.GradScaler('cuda', args...)` instead.
  torch.cuda.amp.GradScaler()
2026-08-28 22:22:05,550 | INFO | epoch=001 rankloss=0.837850 validIC=0.03579
2026-08-28 22:22:06,225 | INFO | epoch=005 rankloss=0.690933 validIC=0.07107
2026-08-28 22:22:08,542 | INFO | epoch=010 rankloss=0.689145 validIC=0.04895
2026-08-28 22:22:10,853 | INFO | epoch=015 rankloss=0.687672 validIC=0.07886
2026-08-28 22:22:13,364 | INFO | epoch=020 rankloss=0.686332 validIC=0.07069
2026-08-28 22:22:14,124 | INFO | epoch=025 rankloss=0.684300 validIC=0.06647
2026-08-28 22:22:14,890 | INFO | epoch=030 rankloss=0.683239 validIC=0.05034
2026-08-28 22:22:15,654 | INFO | epoch=035 rankloss=0.679333 validIC=0.05942
2026-08-28 22:22:16,418 | INFO | epoch=040 rankloss=0.675002 validIC=0.05287
2026-08-28 22:22:17,148 | INFO | epoch=045 rankloss=0.668160 validIC=0.06526
2026-08-28 22:22:17,878 | INFO | epoch=050 rankloss=0.659042 validIC=0.06850
2026-08-28 22:22:18,611 | INFO | epoch=055 rankloss=0.646514 validIC=0.06495
2026-08-28 22:22:18,612 | INFO | early stop @ 55, best=15, best_valid_ic=0.07886
2026-08-28 22:22:18,885 | INFO | TEST IC=0.02637 | median=0.02094 | IC>0=54.77% | spread=0.0739%
2026-08-28 22:22:18,961 | INFO | Top-3 | net=21.34% | 0050=35.68% | EW=36.46% | alpha=-14.34% | turn=91.57%
2026-08-28 22:22:19,037 | INFO | Top-5 | net=29.45% | 0050=35.68% | EW=36.46% | alpha=-6.23% | turn=85.35%
2026-08-28 22:22:19,112 | INFO | Top-10 | net=17.75% | 0050=35.68% | EW=36.46% | alpha=-17.93% | turn=72.69%
2026-08-28 22:22:19,150 | INFO | ================================================================================
2026-08-28 22:22:19,151 | INFO | YEAR 2020 | train=80,540 valid=11,750 test=12,250
/home/ubuntu/lobster-trading/src/train_cross_section_v3.py:1021: FutureWarning: `torch.cuda.amp.GradScaler(args...)` is deprecated. Please use `torch.amp.GradScaler('cuda', args...)` instead.
  torch.cuda.amp.GradScaler()
2026-08-28 22:22:22,188 | INFO | epoch=001 rankloss=0.820467 validIC=0.00520
2026-08-28 22:22:22,847 | INFO | epoch=005 rankloss=0.691107 validIC=0.01518
2026-08-28 22:22:23,649 | INFO | epoch=010 rankloss=0.689379 validIC=0.01230
2026-08-28 22:22:24,478 | INFO | epoch=015 rankloss=0.688143 validIC=0.02072
2026-08-28 22:22:25,276 | INFO | epoch=020 rankloss=0.687250 validIC=0.02769
2026-08-28 22:22:26,067 | INFO | epoch=025 rankloss=0.685448 validIC=0.01462
2026-08-28 22:22:26,856 | INFO | epoch=030 rankloss=0.683439 validIC=0.01903
2026-08-28 22:22:27,647 | INFO | epoch=035 rankloss=0.680396 validIC=0.01857
2026-08-28 22:22:28,435 | INFO | epoch=040 rankloss=0.676590 validIC=0.00380
2026-08-28 22:22:29,226 | INFO | epoch=045 rankloss=0.669611 validIC=0.02769
2026-08-28 22:22:30,041 | INFO | epoch=050 rankloss=0.660750 validIC=0.01349
2026-08-28 22:22:30,830 | INFO | epoch=055 rankloss=0.650987 validIC=0.00791
2026-08-28 22:22:31,624 | INFO | epoch=060 rankloss=0.637207 validIC=0.00299
2026-08-28 22:22:31,624 | INFO | early stop @ 60, best=20, best_valid_ic=0.02769
2026-08-28 22:22:31,972 | INFO | TEST IC=0.02851 | median=0.03078 | IC>0=54.29% | spread=0.1644%
2026-08-28 22:22:32,049 | INFO | Top-3 | net=36.84% | 0050=31.40% | EW=29.48% | alpha=5.44% | turn=81.20%
2026-08-28 22:22:32,124 | INFO | Top-5 | net=45.48% | 0050=31.40% | EW=29.48% | alpha=14.07% | turn=80.64%
2026-08-28 22:22:32,201 | INFO | Top-10 | net=26.86% | 0050=31.40% | EW=29.48% | alpha=-4.54% | turn=71.36%
2026-08-28 22:22:32,234 | INFO | ================================================================================
2026-08-28 22:22:32,234 | INFO | YEAR 2021 | train=92,590 valid=11,950 test=12,150
/home/ubuntu/lobster-trading/src/train_cross_section_v3.py:1021: FutureWarning: `torch.cuda.amp.GradScaler(args...)` is deprecated. Please use `torch.amp.GradScaler('cuda', args...)` instead.
  torch.cuda.amp.GradScaler()
2026-08-28 22:22:35,802 | INFO | epoch=001 rankloss=0.848028 validIC=0.05935
2026-08-28 22:22:36,548 | INFO | epoch=005 rankloss=0.691619 validIC=0.05717
2026-08-28 22:22:37,395 | INFO | epoch=010 rankloss=0.690539 validIC=0.04955
2026-08-28 22:22:38,233 | INFO | epoch=015 rankloss=0.689521 validIC=0.04802
2026-08-28 22:22:39,080 | INFO | epoch=020 rankloss=0.688176 validIC=0.04549
2026-08-28 22:22:39,953 | INFO | epoch=025 rankloss=0.686489 validIC=0.03876
2026-08-28 22:22:40,804 | INFO | epoch=030 rankloss=0.685145 validIC=0.04106
2026-08-28 22:22:41,649 | INFO | epoch=035 rankloss=0.682491 validIC=0.01661
2026-08-28 22:22:42,465 | INFO | epoch=040 rankloss=0.679286 validIC=-0.00017
2026-08-28 22:22:42,466 | INFO | early stop @ 40, best=1, best_valid_ic=0.05935
2026-08-28 22:22:42,746 | INFO | TEST IC=0.02433 | median=0.03904 | IC>0=55.97% | spread=0.2977%
2026-08-28 22:22:42,822 | INFO | Top-3 | net=-11.60% | 0050=22.32% | EW=41.56% | alpha=-33.92% | turn=92.40%
2026-08-28 22:22:42,897 | INFO | Top-5 | net=7.90% | 0050=22.32% | EW=41.56% | alpha=-14.42% | turn=85.58%
2026-08-28 22:22:42,973 | INFO | Top-10 | net=-2.76% | 0050=22.32% | EW=41.56% | alpha=-25.07% | turn=73.63%
2026-08-28 22:22:43,011 | INFO | ================================================================================
2026-08-28 22:22:43,011 | INFO | YEAR 2022 | train=104,840 valid=11,850 test=12,300
/home/ubuntu/lobster-trading/src/train_cross_section_v3.py:1021: FutureWarning: `torch.cuda.amp.GradScaler(args...)` is deprecated. Please use `torch.amp.GradScaler('cuda', args...)` instead.
  torch.cuda.amp.GradScaler()
2026-08-28 22:22:47,248 | INFO | epoch=001 rankloss=0.785234 validIC=0.03586
2026-08-28 22:22:48,021 | INFO | epoch=005 rankloss=0.691166 validIC=0.05260
2026-08-28 22:22:48,991 | INFO | epoch=010 rankloss=0.689488 validIC=0.05545
2026-08-28 22:22:49,886 | INFO | epoch=015 rankloss=0.688156 validIC=0.05596
2026-08-28 22:22:50,768 | INFO | epoch=020 rankloss=0.686968 validIC=0.05596
2026-08-28 22:22:51,664 | INFO | epoch=025 rankloss=0.684663 validIC=0.04866
2026-08-28 22:22:52,535 | INFO | epoch=030 rankloss=0.682044 validIC=0.04667
2026-08-28 22:22:53,423 | INFO | epoch=035 rankloss=0.677693 validIC=0.05483
2026-08-28 22:22:54,305 | INFO | epoch=040 rankloss=0.671415 validIC=0.06155
2026-08-28 22:22:56,311 | INFO | epoch=045 rankloss=0.662960 validIC=0.04344
2026-08-28 22:22:58,672 | INFO | epoch=050 rankloss=0.652137 validIC=0.05159
2026-08-28 22:23:01,147 | INFO | epoch=055 rankloss=0.638788 validIC=0.04588
2026-08-28 22:23:03,595 | INFO | epoch=060 rankloss=0.624469 validIC=0.05020
2026-08-28 22:23:06,366 | INFO | epoch=065 rankloss=0.607652 validIC=0.03883
2026-08-28 22:23:07,267 | INFO | epoch=070 rankloss=0.593879 validIC=0.04343
2026-08-28 22:23:08,165 | INFO | epoch=075 rankloss=0.578823 validIC=0.04140
2026-08-28 22:23:09,042 | INFO | epoch=080 rankloss=0.565186 validIC=0.03796
2026-08-28 22:23:09,042 | INFO | early stop @ 80, best=40, best_valid_ic=0.06155
2026-08-28 22:23:09,316 | INFO | TEST IC=0.02164 | median=0.03337 | IC>0=57.72% | spread=0.2322%
2026-08-28 22:23:09,398 | INFO | Top-3 | net=-22.78% | 0050=-18.34% | EW=-7.15% | alpha=-4.44% | turn=79.99%
2026-08-28 22:23:09,476 | INFO | Top-5 | net=-25.65% | 0050=-18.34% | EW=-7.15% | alpha=-7.31% | turn=74.29%
2026-08-28 22:23:09,554 | INFO | Top-10 | net=-18.36% | 0050=-18.34% | EW=-7.15% | alpha=-0.02% | turn=70.02%
2026-08-28 22:23:09,586 | INFO | ================================================================================
2026-08-28 22:23:09,586 | INFO | YEAR 2023 | train=116,990 valid=12,000 test=11,950
/home/ubuntu/lobster-trading/src/train_cross_section_v3.py:1021: FutureWarning: `torch.cuda.amp.GradScaler(args...)` is deprecated. Please use `torch.amp.GradScaler('cuda', args...)` instead.
  torch.cuda.amp.GradScaler()
2026-08-28 22:23:14,236 | INFO | epoch=001 rankloss=0.756170 validIC=0.04738
2026-08-28 22:23:15,009 | INFO | epoch=005 rankloss=0.690956 validIC=0.00080
2026-08-28 22:23:16,000 | INFO | epoch=010 rankloss=0.689189 validIC=0.02455
2026-08-28 22:23:16,996 | INFO | epoch=015 rankloss=0.687042 validIC=0.02206
2026-08-28 22:23:17,942 | INFO | epoch=020 rankloss=0.684777 validIC=0.01761
2026-08-28 22:23:18,882 | INFO | epoch=025 rankloss=0.681878 validIC=0.01519
2026-08-28 22:23:19,848 | INFO | epoch=030 rankloss=0.676920 validIC=0.02218
2026-08-28 22:23:20,774 | INFO | epoch=035 rankloss=0.671487 validIC=0.03822
2026-08-28 22:23:21,697 | INFO | epoch=040 rankloss=0.661376 validIC=0.02163
2026-08-28 22:23:21,697 | INFO | early stop @ 40, best=1, best_valid_ic=0.04738
2026-08-28 22:23:22,003 | INFO | TEST IC=0.01484 | median=0.00245 | IC>0=50.63% | spread=0.0011%
2026-08-28 22:23:22,077 | INFO | Top-3 | net=2.27% | 0050=24.67% | EW=33.05% | alpha=-22.40% | turn=92.10%
2026-08-28 22:23:22,151 | INFO | Top-5 | net=5.40% | 0050=24.67% | EW=33.05% | alpha=-19.27% | turn=84.52%
2026-08-28 22:23:22,225 | INFO | Top-10 | net=11.16% | 0050=24.67% | EW=33.05% | alpha=-13.51% | turn=70.55%
2026-08-28 22:23:22,273 | INFO | ================================================================================
2026-08-28 22:23:22,273 | INFO | YEAR 2024 | train=129,290 valid=11,650 test=12,100
/home/ubuntu/lobster-trading/src/train_cross_section_v3.py:1021: FutureWarning: `torch.cuda.amp.GradScaler(args...)` is deprecated. Please use `torch.amp.GradScaler('cuda', args...)` instead.
  torch.cuda.amp.GradScaler()
2026-08-28 22:23:27,308 | INFO | epoch=001 rankloss=0.805311 validIC=-0.02199
2026-08-28 22:23:28,111 | INFO | epoch=005 rankloss=0.691616 validIC=0.04320
2026-08-28 22:23:29,080 | INFO | epoch=010 rankloss=0.690342 validIC=0.03940
2026-08-28 22:23:30,072 | INFO | epoch=015 rankloss=0.688792 validIC=0.02794
2026-08-28 22:23:31,060 | INFO | epoch=020 rankloss=0.687108 validIC=0.04685
2026-08-28 22:23:32,075 | INFO | epoch=025 rankloss=0.686197 validIC=0.04949
2026-08-28 22:23:33,081 | INFO | epoch=030 rankloss=0.683007 validIC=0.04903
2026-08-28 22:23:34,043 | INFO | epoch=035 rankloss=0.679717 validIC=0.05043
2026-08-28 22:23:35,024 | INFO | epoch=040 rankloss=0.674767 validIC=0.04451
2026-08-28 22:23:35,989 | INFO | epoch=045 rankloss=0.669106 validIC=0.04189
2026-08-28 22:23:37,001 | INFO | epoch=050 rankloss=0.659284 validIC=0.02249
2026-08-28 22:23:37,973 | INFO | epoch=055 rankloss=0.648739 validIC=0.01141
2026-08-28 22:23:38,944 | INFO | epoch=060 rankloss=0.637201 validIC=0.01378
2026-08-28 22:23:39,908 | INFO | epoch=065 rankloss=0.622367 validIC=0.00711
2026-08-28 22:23:40,876 | INFO | epoch=070 rankloss=0.609715 validIC=-0.00240
2026-08-28 22:23:41,865 | INFO | epoch=075 rankloss=0.596018 validIC=-0.01219
2026-08-28 22:23:41,866 | INFO | early stop @ 75, best=35, best_valid_ic=0.05043
2026-08-28 22:23:42,200 | INFO | TEST IC=0.00810 | median=0.00403 | IC>0=50.83% | spread=0.0583%
2026-08-28 22:23:42,277 | INFO | Top-3 | net=-28.06% | 0050=55.90% | EW=14.85% | alpha=-83.96% | turn=77.64%
2026-08-28 22:23:42,353 | INFO | Top-5 | net=-14.73% | 0050=55.90% | EW=14.85% | alpha=-70.63% | turn=78.20%
2026-08-28 22:23:42,428 | INFO | Top-10 | net=-8.65% | 0050=55.90% | EW=14.85% | alpha=-64.54% | turn=70.82%
2026-08-28 22:23:42,468 | INFO | ================================================================================
2026-08-28 22:23:42,468 | INFO | YEAR 2025 | train=141,240 valid=11,800 test=12,100
/home/ubuntu/lobster-trading/src/train_cross_section_v3.py:1021: FutureWarning: `torch.cuda.amp.GradScaler(args...)` is deprecated. Please use `torch.amp.GradScaler('cuda', args...)` instead.
  torch.cuda.amp.GradScaler()
2026-08-28 22:23:48,085 | INFO | epoch=001 rankloss=0.761778 validIC=-0.02480
2026-08-28 22:23:48,953 | INFO | epoch=005 rankloss=0.691364 validIC=0.00664
2026-08-28 22:23:49,980 | INFO | epoch=010 rankloss=0.689836 validIC=0.02404
2026-08-28 22:23:50,986 | INFO | epoch=015 rankloss=0.688735 validIC=-0.00776
2026-08-28 22:23:51,999 | INFO | epoch=020 rankloss=0.686304 validIC=0.00949
2026-08-28 22:23:53,010 | INFO | epoch=025 rankloss=0.684375 validIC=0.00774
2026-08-28 22:23:54,032 | INFO | epoch=030 rankloss=0.681179 validIC=0.00655
2026-08-28 22:23:55,054 | INFO | epoch=035 rankloss=0.676567 validIC=0.00847
2026-08-28 22:23:56,063 | INFO | epoch=040 rankloss=0.669979 validIC=-0.02292
2026-08-28 22:23:57,066 | INFO | epoch=045 rankloss=0.659604 validIC=-0.01405
2026-08-28 22:23:58,071 | INFO | epoch=050 rankloss=0.648957 validIC=-0.01213
2026-08-28 22:23:58,071 | INFO | early stop @ 50, best=10, best_valid_ic=0.02404
2026-08-28 22:23:58,346 | INFO | TEST IC=0.07473 | median=0.06017 | IC>0=64.05% | spread=1.1089%
2026-08-28 22:23:58,422 | INFO | Top-3 | net=185.92% | 0050=45.12% | EW=28.26% | alpha=140.80% | turn=86.32%
2026-08-28 22:23:58,496 | INFO | Top-5 | net=127.65% | 0050=45.12% | EW=28.26% | alpha=82.53% | turn=81.74%
2026-08-28 22:23:58,572 | INFO | Top-10 | net=48.64% | 0050=45.12% | EW=28.26% | alpha=3.52% | turn=71.06%
2026-08-28 22:23:58,612 | INFO | ================================================================================
2026-08-28 22:23:58,612 | INFO | YEAR 2026 | train=153,340 valid=11,800 test=7,600
/home/ubuntu/lobster-trading/src/train_cross_section_v3.py:1021: FutureWarning: `torch.cuda.amp.GradScaler(args...)` is deprecated. Please use `torch.amp.GradScaler('cuda', args...)` instead.
  torch.cuda.amp.GradScaler()
2026-08-28 22:24:04,689 | INFO | epoch=001 rankloss=0.765538 validIC=0.07352
2026-08-28 22:24:05,570 | INFO | epoch=005 rankloss=0.691554 validIC=0.07571
2026-08-28 22:24:06,600 | INFO | epoch=010 rankloss=0.690225 validIC=0.09551
2026-08-28 22:24:07,625 | INFO | epoch=015 rankloss=0.688717 validIC=0.08393
2026-08-28 22:24:08,655 | INFO | epoch=020 rankloss=0.687076 validIC=0.06506
2026-08-28 22:24:09,696 | INFO | epoch=025 rankloss=0.685078 validIC=0.04633
2026-08-28 22:24:10,732 | INFO | epoch=030 rankloss=0.681627 validIC=0.04616
2026-08-28 22:24:11,769 | INFO | epoch=035 rankloss=0.677018 validIC=0.03328
2026-08-28 22:24:12,854 | INFO | epoch=040 rankloss=0.671011 validIC=0.03338
2026-08-28 22:24:13,902 | INFO | epoch=045 rankloss=0.661938 validIC=0.06814
2026-08-28 22:24:14,970 | INFO | epoch=050 rankloss=0.651061 validIC=0.03665
2026-08-28 22:24:14,971 | INFO | early stop @ 50, best=10, best_valid_ic=0.09551
2026-08-28 22:24:15,143 | INFO | TEST IC=0.04759 | median=0.03945 | IC>0=61.18% | spread=1.5816%
2026-08-28 22:24:15,193 | INFO | Top-3 | net=71.03% | 0050=55.96% | EW=57.91% | alpha=15.06% | turn=78.85%
2026-08-28 22:24:15,241 | INFO | Top-5 | net=69.07% | 0050=55.96% | EW=57.91% | alpha=13.10% | turn=79.75%
2026-08-28 22:24:15,290 | INFO | Top-10 | net=61.57% | 0050=55.96% | EW=57.91% | alpha=5.61% | turn=72.49%
2026-08-28 22:24:15,395 | INFO | ================================================================================
2026-08-28 22:24:15,396 | INFO | FINAL SUMMARY
2026-08-28 22:24:15,396 | INFO | ================================================================================
2026-08-28 22:24:15,400 | INFO | 
   model  seed  top_k  mean_ic  median_year_ic  mean_spread  positive_alpha_years  years  mean_alpha_vs_0050  mean_alpha_vs_equal_weight  median_alpha_vs_0050  mean_turnover  mean_active_sharpe  mean_best_epoch  mean_valid_ic
mlp_rank   123      3 0.035917         0.02637     0.004707                     3      9           -0.008676                    0.001203             -0.100436       0.857601           -0.346673        15.222222       0.056273
mlp_rank   123      5 0.035917         0.02637     0.004707                     3      9           -0.015235                   -0.005357             -0.062316       0.818961           -0.206340        15.222222       0.056273
mlp_rank   123     10 0.035917         0.02637     0.004707                     3      9           -0.126761                   -0.116882             -0.045394       0.712907           -0.638559        15.222222       0.056273
2026-08-28 22:24:15,400 | INFO | SAVED: runs/v3_mlp_rank_seed123_20260828_222151
