2026-08-28 22:36:16,740 | INFO | Rows=173,340, stocks=50, dates=2012-04-06 00:00:00->2026-08-20 00:00:00
2026-08-28 22:36:16,763 | INFO | ================================================================================
2026-08-28 22:36:16,763 | INFO | YEAR 2018 | train=56,413 valid=11,613 test=12,226
/home/ubuntu/lobster-trading/src/train_cross_section_v3.py:532: FutureWarning: `torch.cuda.amp.GradScaler(args...)` is deprecated. Please use `torch.amp.GradScaler('cuda', args...)` instead.
  torch.cuda.amp.GradScaler()
2026-08-28 22:36:18,783 | INFO | epoch=001 loss=2.392145 validIC=-0.00101
2026-08-28 22:36:23,005 | INFO | epoch=005 loss=0.402708 validIC=0.01381
2026-08-28 22:36:27,596 | INFO | epoch=010 loss=0.378222 validIC=0.03056
2026-08-28 22:36:31,804 | INFO | epoch=015 loss=0.374953 validIC=0.04348
2026-08-28 22:36:36,944 | INFO | epoch=020 loss=0.374187 validIC=0.05022
2026-08-28 22:36:41,411 | INFO | epoch=025 loss=0.373510 validIC=0.05129
2026-08-28 22:36:45,812 | INFO | epoch=030 loss=0.373324 validIC=0.05304
2026-08-28 22:36:49,678 | INFO | epoch=035 loss=0.372632 validIC=0.05599
2026-08-28 22:36:53,551 | INFO | epoch=040 loss=0.372314 validIC=0.05618
2026-08-28 22:36:57,637 | INFO | epoch=045 loss=0.371774 validIC=0.05687
2026-08-28 22:37:02,022 | INFO | epoch=050 loss=0.371230 validIC=0.05756
2026-08-28 22:37:05,910 | INFO | epoch=055 loss=0.371095 validIC=0.05526
2026-08-28 22:37:09,909 | INFO | epoch=060 loss=0.370448 validIC=0.05590
2026-08-28 22:37:13,962 | INFO | epoch=065 loss=0.369918 validIC=0.05730
2026-08-28 22:37:17,956 | INFO | epoch=070 loss=0.369434 validIC=0.05611
2026-08-28 22:37:22,242 | INFO | epoch=075 loss=0.369080 validIC=0.05193
2026-08-28 22:37:26,438 | INFO | epoch=080 loss=0.367769 validIC=0.05334
2026-08-28 22:37:30,769 | INFO | epoch=085 loss=0.366919 validIC=0.05109
2026-08-28 22:37:34,793 | INFO | epoch=090 loss=0.366553 validIC=0.04899
2026-08-28 22:37:34,793 | INFO | early stop @ 90, best=50, best_valid_ic=0.05756
2026-08-28 22:37:35,059 | INFO | TEST IC=0.06159 | median=0.06631 | IC>0=66.12% | spread=0.4215%
2026-08-28 22:37:35,134 | INFO | Top-3 | net=-13.50% | 0050=-7.98% | EW=1.43% | alpha=-5.52% | turn=66.10%
2026-08-28 22:37:35,210 | INFO | Top-5 | net=-11.44% | 0050=-7.98% | EW=1.43% | alpha=-3.47% | turn=65.21%
2026-08-28 22:37:35,284 | INFO | Top-10 | net=-12.12% | 0050=-7.98% | EW=1.43% | alpha=-4.15% | turn=61.37%
2026-08-28 22:37:35,307 | INFO | ================================================================================
2026-08-28 22:37:35,307 | INFO | YEAR 2019 | train=68,320 valid=11,926 test=12,050
/home/ubuntu/lobster-trading/src/train_cross_section_v3.py:532: FutureWarning: `torch.cuda.amp.GradScaler(args...)` is deprecated. Please use `torch.amp.GradScaler('cuda', args...)` instead.
  torch.cuda.amp.GradScaler()
2026-08-28 22:37:36,449 | INFO | epoch=001 loss=1.490408 validIC=-0.05133
2026-08-28 22:37:40,302 | INFO | epoch=005 loss=0.381940 validIC=0.00756
2026-08-28 22:37:46,724 | INFO | epoch=010 loss=0.375876 validIC=0.05455
2026-08-28 22:37:51,342 | INFO | epoch=015 loss=0.375002 validIC=0.05733
2026-08-28 22:37:55,976 | INFO | epoch=020 loss=0.374278 validIC=0.05596
2026-08-28 22:38:01,288 | INFO | epoch=025 loss=0.373444 validIC=0.04923
2026-08-28 22:38:05,885 | INFO | epoch=030 loss=0.372988 validIC=0.05247
2026-08-28 22:38:10,850 | INFO | epoch=035 loss=0.372477 validIC=0.05446
2026-08-28 22:38:15,505 | INFO | epoch=040 loss=0.371874 validIC=0.05309
2026-08-28 22:38:20,394 | INFO | epoch=045 loss=0.371472 validIC=0.06039
2026-08-28 22:38:25,091 | INFO | epoch=050 loss=0.370903 validIC=0.05913
2026-08-28 22:38:30,997 | INFO | epoch=055 loss=0.369987 validIC=0.06163
2026-08-28 22:38:36,482 | INFO | epoch=060 loss=0.369097 validIC=0.06155
2026-08-28 22:38:42,416 | INFO | epoch=065 loss=0.368368 validIC=0.05799
2026-08-28 22:38:48,454 | INFO | epoch=070 loss=0.367830 validIC=0.06035
2026-08-28 22:38:54,200 | INFO | epoch=075 loss=0.367036 validIC=0.05877
2026-08-28 22:38:59,164 | INFO | epoch=080 loss=0.365835 validIC=0.05014
2026-08-28 22:39:04,492 | INFO | epoch=085 loss=0.365014 validIC=0.04677
2026-08-28 22:39:09,268 | INFO | epoch=090 loss=0.364135 validIC=0.05128
2026-08-28 22:39:14,703 | INFO | epoch=095 loss=0.362987 validIC=0.06667
2026-08-28 22:39:20,463 | INFO | epoch=100 loss=0.361064 validIC=0.07247
2026-08-28 22:39:25,490 | INFO | epoch=105 loss=0.359648 validIC=0.04393
2026-08-28 22:39:31,225 | INFO | epoch=110 loss=0.356706 validIC=0.06657
2026-08-28 22:39:37,326 | INFO | epoch=115 loss=0.354869 validIC=0.07438
2026-08-28 22:39:42,003 | INFO | epoch=120 loss=0.352518 validIC=0.04425
2026-08-28 22:39:48,442 | INFO | epoch=125 loss=0.348050 validIC=0.06481
2026-08-28 22:39:54,445 | INFO | epoch=130 loss=0.343655 validIC=0.07458
2026-08-28 22:39:59,907 | INFO | epoch=135 loss=0.340153 validIC=0.05049
2026-08-28 22:40:05,361 | INFO | epoch=140 loss=0.336504 validIC=0.05710
2026-08-28 22:40:11,004 | INFO | epoch=145 loss=0.332065 validIC=0.04795
2026-08-28 22:40:17,379 | INFO | epoch=150 loss=0.326918 validIC=0.04653
2026-08-28 22:40:22,937 | INFO | epoch=155 loss=0.321824 validIC=0.05280
2026-08-28 22:40:28,465 | INFO | epoch=160 loss=0.317065 validIC=0.05355
2026-08-28 22:40:33,468 | INFO | epoch=165 loss=0.311324 validIC=0.03635
2026-08-28 22:40:38,354 | INFO | epoch=170 loss=0.308435 validIC=0.03473
2026-08-28 22:40:38,354 | INFO | early stop @ 170, best=130, best_valid_ic=0.07458
2026-08-28 22:40:38,615 | INFO | TEST IC=0.02809 | median=0.03116 | IC>0=57.26% | spread=0.1013%
2026-08-28 22:40:38,689 | INFO | Top-3 | net=83.55% | 0050=35.68% | EW=36.46% | alpha=47.87% | turn=81.61%
2026-08-28 22:40:38,763 | INFO | Top-5 | net=58.96% | 0050=35.68% | EW=36.46% | alpha=23.28% | turn=79.34%
2026-08-28 22:40:38,837 | INFO | Top-10 | net=18.64% | 0050=35.68% | EW=36.46% | alpha=-17.04% | turn=74.47%
2026-08-28 22:40:38,865 | INFO | ================================================================================
2026-08-28 22:40:38,865 | INFO | YEAR 2020 | train=80,540 valid=11,750 test=12,250
/home/ubuntu/lobster-trading/src/train_cross_section_v3.py:532: FutureWarning: `torch.cuda.amp.GradScaler(args...)` is deprecated. Please use `torch.amp.GradScaler('cuda', args...)` instead.
  torch.cuda.amp.GradScaler()
2026-08-28 22:40:40,070 | INFO | epoch=001 loss=1.058332 validIC=-0.07630
2026-08-28 22:40:44,389 | INFO | epoch=005 loss=0.378518 validIC=-0.02112
2026-08-28 22:40:50,207 | INFO | epoch=010 loss=0.374099 validIC=0.03128
2026-08-28 22:40:56,048 | INFO | epoch=015 loss=0.373456 validIC=0.01136
2026-08-28 22:41:01,814 | INFO | epoch=020 loss=0.372420 validIC=0.01684
2026-08-28 22:41:07,497 | INFO | epoch=025 loss=0.371911 validIC=0.01703
2026-08-28 22:41:13,812 | INFO | epoch=030 loss=0.371370 validIC=0.02190
2026-08-28 22:41:19,868 | INFO | epoch=035 loss=0.370927 validIC=0.01673
2026-08-28 22:41:26,224 | INFO | epoch=040 loss=0.369910 validIC=0.01917
2026-08-28 22:41:31,912 | INFO | epoch=045 loss=0.369329 validIC=0.01336
2026-08-28 22:41:38,023 | INFO | epoch=050 loss=0.368564 validIC=0.02076
2026-08-28 22:41:38,023 | INFO | early stop @ 50, best=10, best_valid_ic=0.03128
2026-08-28 22:41:38,287 | INFO | TEST IC=0.03787 | median=0.04533 | IC>0=55.92% | spread=0.2826%
2026-08-28 22:41:38,363 | INFO | Top-3 | net=64.62% | 0050=31.40% | EW=29.48% | alpha=33.22% | turn=82.39%
2026-08-28 22:41:38,438 | INFO | Top-5 | net=35.53% | 0050=31.40% | EW=29.48% | alpha=4.13% | turn=77.18%
2026-08-28 22:41:38,512 | INFO | Top-10 | net=25.70% | 0050=31.40% | EW=29.48% | alpha=-5.70% | turn=67.96%
2026-08-28 22:41:38,539 | INFO | ================================================================================
2026-08-28 22:41:38,539 | INFO | YEAR 2021 | train=92,590 valid=11,950 test=12,150
/home/ubuntu/lobster-trading/src/train_cross_section_v3.py:532: FutureWarning: `torch.cuda.amp.GradScaler(args...)` is deprecated. Please use `torch.amp.GradScaler('cuda', args...)` instead.
  torch.cuda.amp.GradScaler()
2026-08-28 22:41:39,865 | INFO | epoch=001 loss=1.014000 validIC=-0.03017
2026-08-28 22:41:45,080 | INFO | epoch=005 loss=0.378489 validIC=0.00949
2026-08-28 22:41:51,919 | INFO | epoch=010 loss=0.375635 validIC=0.05130
2026-08-28 22:41:58,521 | INFO | epoch=015 loss=0.374899 validIC=0.04965
2026-08-28 22:42:04,783 | INFO | epoch=020 loss=0.374290 validIC=0.04352
2026-08-28 22:42:10,976 | INFO | epoch=025 loss=0.373514 validIC=0.04246
2026-08-28 22:42:17,426 | INFO | epoch=030 loss=0.373143 validIC=0.04238
2026-08-28 22:42:24,471 | INFO | epoch=035 loss=0.372840 validIC=0.03953
2026-08-28 22:42:31,706 | INFO | epoch=040 loss=0.371898 validIC=0.03854
2026-08-28 22:42:38,664 | INFO | epoch=045 loss=0.371202 validIC=0.03798
2026-08-28 22:42:45,276 | INFO | epoch=050 loss=0.370493 validIC=0.03763
2026-08-28 22:42:45,276 | INFO | early stop @ 50, best=10, best_valid_ic=0.05130
2026-08-28 22:42:45,545 | INFO | TEST IC=0.03025 | median=0.03241 | IC>0=54.73% | spread=-0.0102%
2026-08-28 22:42:45,621 | INFO | Top-3 | net=10.80% | 0050=22.32% | EW=41.56% | alpha=-11.52% | turn=78.32%
2026-08-28 22:42:45,697 | INFO | Top-5 | net=11.25% | 0050=22.32% | EW=41.56% | alpha=-11.07% | turn=74.04%
2026-08-28 22:42:45,773 | INFO | Top-10 | net=16.72% | 0050=22.32% | EW=41.56% | alpha=-5.60% | turn=70.37%
2026-08-28 22:42:45,804 | INFO | ================================================================================
2026-08-28 22:42:45,804 | INFO | YEAR 2022 | train=104,840 valid=11,850 test=12,300
/home/ubuntu/lobster-trading/src/train_cross_section_v3.py:532: FutureWarning: `torch.cuda.amp.GradScaler(args...)` is deprecated. Please use `torch.amp.GradScaler('cuda', args...)` instead.
  torch.cuda.amp.GradScaler()
2026-08-28 22:42:47,690 | INFO | epoch=001 loss=1.378847 validIC=0.02930
2026-08-28 22:42:54,509 | INFO | epoch=005 loss=0.378394 validIC=0.04490
2026-08-28 22:43:01,598 | INFO | epoch=010 loss=0.374232 validIC=0.04995
2026-08-28 22:43:08,282 | INFO | epoch=015 loss=0.373218 validIC=0.05201
2026-08-28 22:43:15,665 | INFO | epoch=020 loss=0.372773 validIC=0.05525
2026-08-28 22:43:23,426 | INFO | epoch=025 loss=0.371575 validIC=0.05410
2026-08-28 22:43:29,975 | INFO | epoch=030 loss=0.370655 validIC=0.04943
2026-08-28 22:43:36,680 | INFO | epoch=035 loss=0.369855 validIC=0.05137
2026-08-28 22:43:43,781 | INFO | epoch=040 loss=0.369144 validIC=0.04890
2026-08-28 22:43:51,793 | INFO | epoch=045 loss=0.368377 validIC=0.04731
2026-08-28 22:43:59,621 | INFO | epoch=050 loss=0.367396 validIC=0.05220
2026-08-28 22:44:07,144 | INFO | epoch=055 loss=0.366314 validIC=0.05673
2026-08-28 22:44:14,141 | INFO | epoch=060 loss=0.365256 validIC=0.04618
2026-08-28 22:44:22,334 | INFO | epoch=065 loss=0.364030 validIC=0.05501
2026-08-28 22:44:28,909 | INFO | epoch=070 loss=0.362664 validIC=0.05394
2026-08-28 22:44:36,873 | INFO | epoch=075 loss=0.360607 validIC=0.05255
2026-08-28 22:44:44,456 | INFO | epoch=080 loss=0.358945 validIC=0.05243
2026-08-28 22:44:52,066 | INFO | epoch=085 loss=0.357033 validIC=0.06128
2026-08-28 22:44:59,308 | INFO | epoch=090 loss=0.354138 validIC=0.05212
2026-08-28 22:45:07,268 | INFO | epoch=095 loss=0.350281 validIC=0.05992
2026-08-28 22:45:15,710 | INFO | epoch=100 loss=0.347108 validIC=0.06677
2026-08-28 22:45:23,824 | INFO | epoch=105 loss=0.342849 validIC=0.05977
2026-08-28 22:45:31,495 | INFO | epoch=110 loss=0.337458 validIC=0.06690
2026-08-28 22:45:38,955 | INFO | epoch=115 loss=0.333535 validIC=0.05820
2026-08-28 22:45:48,157 | INFO | epoch=120 loss=0.328444 validIC=0.05768
2026-08-28 22:45:56,279 | INFO | epoch=125 loss=0.321513 validIC=0.05063
2026-08-28 22:46:03,321 | INFO | epoch=130 loss=0.315406 validIC=0.05540
2026-08-28 22:46:11,611 | INFO | epoch=135 loss=0.310264 validIC=0.04268
2026-08-28 22:46:18,963 | INFO | epoch=140 loss=0.304865 validIC=0.04857
2026-08-28 22:46:25,925 | INFO | epoch=145 loss=0.298401 validIC=0.04061
2026-08-28 22:46:34,214 | INFO | epoch=150 loss=0.291021 validIC=0.04828
2026-08-28 22:46:34,214 | INFO | early stop @ 150, best=110, best_valid_ic=0.06690
2026-08-28 22:46:34,488 | INFO | TEST IC=0.00487 | median=0.02024 | IC>0=53.66% | spread=-0.1462%
2026-08-28 22:46:34,566 | INFO | Top-3 | net=-43.72% | 0050=-18.34% | EW=-7.15% | alpha=-25.37% | turn=78.58%
2026-08-28 22:46:34,643 | INFO | Top-5 | net=-35.07% | 0050=-18.34% | EW=-7.15% | alpha=-16.72% | turn=78.15%
2026-08-28 22:46:34,721 | INFO | Top-10 | net=-33.41% | 0050=-18.34% | EW=-7.15% | alpha=-15.06% | turn=71.06%
2026-08-28 22:46:34,760 | INFO | ================================================================================
2026-08-28 22:46:34,760 | INFO | YEAR 2023 | train=116,990 valid=12,000 test=11,950
/home/ubuntu/lobster-trading/src/train_cross_section_v3.py:532: FutureWarning: `torch.cuda.amp.GradScaler(args...)` is deprecated. Please use `torch.amp.GradScaler('cuda', args...)` instead.
  torch.cuda.amp.GradScaler()
2026-08-28 22:46:37,011 | INFO | epoch=001 loss=1.442763 validIC=0.02096
2026-08-28 22:46:43,937 | INFO | epoch=005 loss=0.376500 validIC=0.02611
2026-08-28 22:46:52,645 | INFO | epoch=010 loss=0.372359 validIC=0.01444
2026-08-28 22:47:01,204 | INFO | epoch=015 loss=0.371642 validIC=0.01853
2026-08-28 22:47:08,840 | INFO | epoch=020 loss=0.371017 validIC=0.01926
2026-08-28 22:47:17,250 | INFO | epoch=025 loss=0.370465 validIC=0.01634
2026-08-28 22:47:25,383 | INFO | epoch=030 loss=0.369818 validIC=0.02516
2026-08-28 22:47:33,372 | INFO | epoch=035 loss=0.368648 validIC=0.01420
2026-08-28 22:47:42,879 | INFO | epoch=040 loss=0.368275 validIC=0.01909
2026-08-28 22:47:52,883 | INFO | epoch=045 loss=0.367417 validIC=0.02573
2026-08-28 22:47:52,883 | INFO | early stop @ 45, best=5, best_valid_ic=0.02611
2026-08-28 22:47:53,180 | INFO | TEST IC=0.01967 | median=0.00576 | IC>0=51.05% | spread=0.7890%
2026-08-28 22:47:53,256 | INFO | Top-3 | net=33.32% | 0050=24.67% | EW=33.05% | alpha=8.65% | turn=60.07%
2026-08-28 22:47:53,330 | INFO | Top-5 | net=61.32% | 0050=24.67% | EW=33.05% | alpha=36.65% | turn=52.77%
2026-08-28 22:47:53,405 | INFO | Top-10 | net=51.27% | 0050=24.67% | EW=33.05% | alpha=26.60% | turn=46.22%
2026-08-28 22:47:53,443 | INFO | ================================================================================
2026-08-28 22:47:53,443 | INFO | YEAR 2024 | train=129,290 valid=11,650 test=12,100
/home/ubuntu/lobster-trading/src/train_cross_section_v3.py:532: FutureWarning: `torch.cuda.amp.GradScaler(args...)` is deprecated. Please use `torch.amp.GradScaler('cuda', args...)` instead.
  torch.cuda.amp.GradScaler()
2026-08-28 22:47:55,236 | INFO | epoch=001 loss=1.331208 validIC=0.05245
2026-08-28 22:48:03,700 | INFO | epoch=005 loss=0.379483 validIC=0.02477
2026-08-28 22:48:14,428 | INFO | epoch=010 loss=0.375986 validIC=0.05356
2026-08-28 22:48:24,859 | INFO | epoch=015 loss=0.375501 validIC=0.04937
2026-08-28 22:48:34,594 | INFO | epoch=020 loss=0.374921 validIC=0.04963
2026-08-28 22:48:43,862 | INFO | epoch=025 loss=0.374020 validIC=0.04743
2026-08-28 22:48:52,606 | INFO | epoch=030 loss=0.373455 validIC=0.04669
2026-08-28 22:49:02,461 | INFO | epoch=035 loss=0.372739 validIC=0.04769
2026-08-28 22:49:10,961 | INFO | epoch=040 loss=0.371721 validIC=0.04483
2026-08-28 22:49:19,258 | INFO | epoch=045 loss=0.371031 validIC=0.04424
2026-08-28 22:49:27,537 | INFO | epoch=050 loss=0.369861 validIC=0.04429
2026-08-28 22:49:27,538 | INFO | early stop @ 50, best=10, best_valid_ic=0.05356
2026-08-28 22:49:27,801 | INFO | TEST IC=0.01257 | median=0.01830 | IC>0=55.37% | spread=0.0861%
2026-08-28 22:49:27,876 | INFO | Top-3 | net=3.52% | 0050=55.90% | EW=14.85% | alpha=-52.38% | turn=83.10%
2026-08-28 22:49:27,950 | INFO | Top-5 | net=-7.29% | 0050=55.90% | EW=14.85% | alpha=-63.19% | turn=74.77%
2026-08-28 22:49:28,024 | INFO | Top-10 | net=-5.41% | 0050=55.90% | EW=14.85% | alpha=-61.30% | turn=63.18%
2026-08-28 22:49:28,062 | INFO | ================================================================================
2026-08-28 22:49:28,062 | INFO | YEAR 2025 | train=141,240 valid=11,800 test=12,100
/home/ubuntu/lobster-trading/src/train_cross_section_v3.py:532: FutureWarning: `torch.cuda.amp.GradScaler(args...)` is deprecated. Please use `torch.amp.GradScaler('cuda', args...)` instead.
  torch.cuda.amp.GradScaler()
2026-08-28 22:49:29,920 | INFO | epoch=001 loss=1.288829 validIC=0.03126
2026-08-28 22:49:38,061 | INFO | epoch=005 loss=0.379499 validIC=0.01451
2026-08-28 22:49:49,293 | INFO | epoch=010 loss=0.376167 validIC=0.00864
2026-08-28 22:49:59,280 | INFO | epoch=015 loss=0.375269 validIC=0.00618
2026-08-28 22:50:09,386 | INFO | epoch=020 loss=0.374751 validIC=0.00542
2026-08-28 22:50:19,952 | INFO | epoch=025 loss=0.374265 validIC=0.00300
2026-08-28 22:50:29,540 | INFO | epoch=030 loss=0.373354 validIC=0.00780
2026-08-28 22:50:39,988 | INFO | epoch=035 loss=0.372668 validIC=0.00488
2026-08-28 22:50:49,629 | INFO | epoch=040 loss=0.371924 validIC=0.00268
2026-08-28 22:50:49,630 | INFO | early stop @ 40, best=1, best_valid_ic=0.03126
2026-08-28 22:50:49,890 | INFO | TEST IC=0.00415 | median=-0.00175 | IC>0=49.17% | spread=-0.5233%
2026-08-28 22:50:49,964 | INFO | Top-3 | net=-28.33% | 0050=45.12% | EW=28.26% | alpha=-73.45% | turn=89.65%
2026-08-28 22:50:50,038 | INFO | Top-5 | net=-17.50% | 0050=45.12% | EW=28.26% | alpha=-62.62% | turn=84.18%
2026-08-28 22:50:50,112 | INFO | Top-10 | net=-7.13% | 0050=45.12% | EW=28.26% | alpha=-52.26% | turn=74.23%
2026-08-28 22:50:50,155 | INFO | ================================================================================
2026-08-28 22:50:50,155 | INFO | YEAR 2026 | train=153,340 valid=11,800 test=7,600
/home/ubuntu/lobster-trading/src/train_cross_section_v3.py:532: FutureWarning: `torch.cuda.amp.GradScaler(args...)` is deprecated. Please use `torch.amp.GradScaler('cuda', args...)` instead.
  torch.cuda.amp.GradScaler()
2026-08-28 22:50:52,758 | INFO | epoch=001 loss=0.755769 validIC=0.04287
2026-08-28 22:51:01,220 | INFO | epoch=005 loss=0.379181 validIC=0.08969
2026-08-28 22:51:12,672 | INFO | epoch=010 loss=0.377687 validIC=0.09894
2026-08-28 22:51:25,309 | INFO | epoch=015 loss=0.376783 validIC=0.09507
2026-08-28 22:51:36,004 | INFO | epoch=020 loss=0.375678 validIC=0.09190
2026-08-28 22:51:47,191 | INFO | epoch=025 loss=0.374598 validIC=0.08119
2026-08-28 22:51:57,661 | INFO | epoch=030 loss=0.373089 validIC=0.07985
2026-08-28 22:52:08,901 | INFO | epoch=035 loss=0.371573 validIC=0.07231
2026-08-28 22:52:20,553 | INFO | epoch=040 loss=0.370135 validIC=0.06929
2026-08-28 22:52:30,123 | INFO | epoch=045 loss=0.368427 validIC=0.06191
2026-08-28 22:52:40,997 | INFO | epoch=050 loss=0.366023 validIC=0.04613
2026-08-28 22:52:40,997 | INFO | early stop @ 50, best=10, best_valid_ic=0.09894
2026-08-28 22:52:41,175 | INFO | TEST IC=0.05208 | median=0.06137 | IC>0=58.55% | spread=1.8236%
2026-08-28 22:52:41,224 | INFO | Top-3 | net=184.24% | 0050=55.96% | EW=57.91% | alpha=128.28% | turn=81.07%
2026-08-28 22:52:41,272 | INFO | Top-5 | net=69.63% | 0050=55.96% | EW=57.91% | alpha=13.66% | turn=74.33%
2026-08-28 22:52:41,319 | INFO | Top-10 | net=53.87% | 0050=55.96% | EW=57.91% | alpha=-2.10% | turn=63.52%
2026-08-28 22:52:41,433 | INFO | ================================================================================
2026-08-28 22:52:41,433 | INFO | FINAL SUMMARY
2026-08-28 22:52:41,433 | INFO | ================================================================================
2026-08-28 22:52:41,437 | INFO | 
  model  seed  top_k  mean_ic  median_year_ic  mean_spread  positive_alpha_years  years  mean_alpha_vs_0050  mean_alpha_vs_equal_weight  median_alpha_vs_0050  mean_turnover  mean_active_sharpe  mean_best_epoch  mean_valid_ic
mlp_reg  3407      3 0.027904        0.028092     0.003138                     4      9            0.055307                    0.065186             -0.055202       0.778764           -0.265884        37.333333       0.054612
mlp_reg  3407      5 0.027904        0.028092     0.003138                     4      9           -0.088169                   -0.078291             -0.034691       0.733303           -0.497667        37.333333       0.054612
mlp_reg  3407     10 0.027904        0.028092     0.003138                     1      9           -0.151784                   -0.141905             -0.056976       0.658214           -0.831415        37.333333       0.054612
2026-08-28 22:52:41,437 | INFO | SAVED: runs/v3_mlp_reg_seed3407_20260828_223616
