2026-08-28 22:36:16,856 | INFO | Rows=173,340, stocks=50, dates=2012-04-06 00:00:00->2026-08-20 00:00:00
2026-08-28 22:36:16,883 | INFO | ================================================================================
2026-08-28 22:36:16,884 | INFO | YEAR 2018 | train=56,413 valid=11,613 test=12,226
/home/ubuntu/lobster-trading/src/train_cross_section_v3.py:532: FutureWarning: `torch.cuda.amp.GradScaler(args...)` is deprecated. Please use `torch.amp.GradScaler('cuda', args...)` instead.
  torch.cuda.amp.GradScaler()
2026-08-28 22:36:19,009 | INFO | epoch=001 loss=2.140191 validIC=0.00730
2026-08-28 22:36:22,883 | INFO | epoch=005 loss=0.395978 validIC=-0.01146
2026-08-28 22:36:27,126 | INFO | epoch=010 loss=0.377598 validIC=0.02276
2026-08-28 22:36:31,739 | INFO | epoch=015 loss=0.374848 validIC=0.03368
2026-08-28 22:36:36,299 | INFO | epoch=020 loss=0.373576 validIC=0.04275
2026-08-28 22:36:41,239 | INFO | epoch=025 loss=0.373414 validIC=0.04470
2026-08-28 22:36:45,781 | INFO | epoch=030 loss=0.372883 validIC=0.04362
2026-08-28 22:36:50,677 | INFO | epoch=035 loss=0.372311 validIC=0.04669
2026-08-28 22:36:55,309 | INFO | epoch=040 loss=0.371570 validIC=0.04600
2026-08-28 22:36:59,697 | INFO | epoch=045 loss=0.371006 validIC=0.04827
2026-08-28 22:37:04,825 | INFO | epoch=050 loss=0.370522 validIC=0.04772
2026-08-28 22:37:09,088 | INFO | epoch=055 loss=0.370357 validIC=0.04729
2026-08-28 22:37:13,268 | INFO | epoch=060 loss=0.369458 validIC=0.04586
2026-08-28 22:37:17,567 | INFO | epoch=065 loss=0.368630 validIC=0.04787
2026-08-28 22:37:21,584 | INFO | epoch=070 loss=0.367928 validIC=0.04312
2026-08-28 22:37:26,026 | INFO | epoch=075 loss=0.367417 validIC=0.04212
2026-08-28 22:37:30,902 | INFO | epoch=080 loss=0.366418 validIC=0.04817
2026-08-28 22:37:36,023 | INFO | epoch=085 loss=0.365638 validIC=0.04570
2026-08-28 22:37:36,023 | INFO | early stop @ 85, best=45, best_valid_ic=0.04827
2026-08-28 22:37:36,292 | INFO | TEST IC=0.07004 | median=0.07275 | IC>0=70.61% | spread=0.5327%
2026-08-28 22:37:36,372 | INFO | Top-3 | net=-2.86% | 0050=-7.98% | EW=1.43% | alpha=5.12% | turn=66.36%
2026-08-28 22:37:36,449 | INFO | Top-5 | net=1.18% | 0050=-7.98% | EW=1.43% | alpha=9.16% | turn=67.63%
2026-08-28 22:37:36,527 | INFO | Top-10 | net=-0.44% | 0050=-7.98% | EW=1.43% | alpha=7.53% | turn=65.62%
2026-08-28 22:37:36,554 | INFO | ================================================================================
2026-08-28 22:37:36,554 | INFO | YEAR 2019 | train=68,320 valid=11,926 test=12,050
/home/ubuntu/lobster-trading/src/train_cross_section_v3.py:532: FutureWarning: `torch.cuda.amp.GradScaler(args...)` is deprecated. Please use `torch.amp.GradScaler('cuda', args...)` instead.
  torch.cuda.amp.GradScaler()
2026-08-28 22:37:37,675 | INFO | epoch=001 loss=1.539768 validIC=-0.03949
2026-08-28 22:37:41,556 | INFO | epoch=005 loss=0.390531 validIC=-0.02486
2026-08-28 22:37:47,055 | INFO | epoch=010 loss=0.376140 validIC=0.04450
2026-08-28 22:37:52,656 | INFO | epoch=015 loss=0.374830 validIC=0.06148
2026-08-28 22:37:57,980 | INFO | epoch=020 loss=0.374674 validIC=0.05605
2026-08-28 22:38:03,085 | INFO | epoch=025 loss=0.373703 validIC=0.06027
2026-08-28 22:38:09,119 | INFO | epoch=030 loss=0.373113 validIC=0.05920
2026-08-28 22:38:14,235 | INFO | epoch=035 loss=0.372428 validIC=0.05388
2026-08-28 22:38:20,194 | INFO | epoch=040 loss=0.371938 validIC=0.05406
2026-08-28 22:38:26,623 | INFO | epoch=045 loss=0.371014 validIC=0.05035
2026-08-28 22:38:32,226 | INFO | epoch=050 loss=0.370515 validIC=0.04853
2026-08-28 22:38:37,661 | INFO | epoch=055 loss=0.370022 validIC=0.05790
2026-08-28 22:38:37,662 | INFO | early stop @ 55, best=15, best_valid_ic=0.06148
2026-08-28 22:38:37,931 | INFO | TEST IC=0.02761 | median=0.02329 | IC>0=54.36% | spread=0.1792%
2026-08-28 22:38:38,010 | INFO | Top-3 | net=30.49% | 0050=35.68% | EW=36.46% | alpha=-5.19% | turn=83.73%
2026-08-28 22:38:38,087 | INFO | Top-5 | net=26.38% | 0050=35.68% | EW=36.46% | alpha=-9.30% | turn=81.15%
2026-08-28 22:38:38,164 | INFO | Top-10 | net=24.86% | 0050=35.68% | EW=36.46% | alpha=-10.82% | turn=70.10%
2026-08-28 22:38:38,194 | INFO | ================================================================================
2026-08-28 22:38:38,195 | INFO | YEAR 2020 | train=80,540 valid=11,750 test=12,250
/home/ubuntu/lobster-trading/src/train_cross_section_v3.py:532: FutureWarning: `torch.cuda.amp.GradScaler(args...)` is deprecated. Please use `torch.amp.GradScaler('cuda', args...)` instead.
  torch.cuda.amp.GradScaler()
2026-08-28 22:38:39,771 | INFO | epoch=001 loss=1.679194 validIC=0.02811
2026-08-28 22:38:45,266 | INFO | epoch=005 loss=0.385390 validIC=0.00676
2026-08-28 22:38:50,764 | INFO | epoch=010 loss=0.374931 validIC=0.02931
2026-08-28 22:38:57,003 | INFO | epoch=015 loss=0.373666 validIC=0.01305
2026-08-28 22:39:03,642 | INFO | epoch=020 loss=0.373007 validIC=0.01347
2026-08-28 22:39:10,411 | INFO | epoch=025 loss=0.372618 validIC=0.01598
2026-08-28 22:39:16,539 | INFO | epoch=030 loss=0.371663 validIC=0.02021
2026-08-28 22:39:22,848 | INFO | epoch=035 loss=0.371104 validIC=0.01529
2026-08-28 22:39:29,123 | INFO | epoch=040 loss=0.370498 validIC=0.01032
2026-08-28 22:39:34,510 | INFO | epoch=045 loss=0.370159 validIC=0.01715
2026-08-28 22:39:40,595 | INFO | epoch=050 loss=0.369287 validIC=0.01381
2026-08-28 22:39:40,595 | INFO | early stop @ 50, best=10, best_valid_ic=0.02931
2026-08-28 22:39:40,916 | INFO | TEST IC=0.03266 | median=0.00658 | IC>0=51.02% | spread=0.3488%
2026-08-28 22:39:40,992 | INFO | Top-3 | net=24.92% | 0050=31.40% | EW=29.48% | alpha=-6.49% | turn=78.40%
2026-08-28 22:39:41,068 | INFO | Top-5 | net=24.44% | 0050=31.40% | EW=29.48% | alpha=-6.97% | turn=75.07%
2026-08-28 22:39:41,143 | INFO | Top-10 | net=20.49% | 0050=31.40% | EW=29.48% | alpha=-10.92% | turn=62.44%
2026-08-28 22:39:41,169 | INFO | ================================================================================
2026-08-28 22:39:41,169 | INFO | YEAR 2021 | train=92,590 valid=11,950 test=12,150
/home/ubuntu/lobster-trading/src/train_cross_section_v3.py:532: FutureWarning: `torch.cuda.amp.GradScaler(args...)` is deprecated. Please use `torch.amp.GradScaler('cuda', args...)` instead.
  torch.cuda.amp.GradScaler()
2026-08-28 22:39:42,753 | INFO | epoch=001 loss=1.606400 validIC=-0.03037
2026-08-28 22:39:48,270 | INFO | epoch=005 loss=0.382769 validIC=0.00991
2026-08-28 22:39:53,998 | INFO | epoch=010 loss=0.376252 validIC=0.06443
2026-08-28 22:40:01,768 | INFO | epoch=015 loss=0.375773 validIC=0.06271
2026-08-28 22:40:08,914 | INFO | epoch=020 loss=0.375325 validIC=0.06566
2026-08-28 22:40:15,699 | INFO | epoch=025 loss=0.374523 validIC=0.06222
2026-08-28 22:40:22,667 | INFO | epoch=030 loss=0.374370 validIC=0.05751
2026-08-28 22:40:29,556 | INFO | epoch=035 loss=0.373987 validIC=0.05579
2026-08-28 22:40:36,859 | INFO | epoch=040 loss=0.373270 validIC=0.04996
2026-08-28 22:40:44,443 | INFO | epoch=045 loss=0.372766 validIC=0.05553
2026-08-28 22:40:52,148 | INFO | epoch=050 loss=0.372159 validIC=0.04917
2026-08-28 22:40:58,612 | INFO | epoch=055 loss=0.371651 validIC=0.05527
2026-08-28 22:41:05,679 | INFO | epoch=060 loss=0.370967 validIC=0.05071
2026-08-28 22:41:05,679 | INFO | early stop @ 60, best=20, best_valid_ic=0.06566
2026-08-28 22:41:05,947 | INFO | TEST IC=0.04457 | median=0.05220 | IC>0=58.85% | spread=0.1325%
2026-08-28 22:41:06,023 | INFO | Top-3 | net=4.06% | 0050=22.32% | EW=41.56% | alpha=-18.25% | turn=79.17%
2026-08-28 22:41:06,099 | INFO | Top-5 | net=15.17% | 0050=22.32% | EW=41.56% | alpha=-7.15% | turn=74.41%
2026-08-28 22:41:06,174 | INFO | Top-10 | net=29.79% | 0050=22.32% | EW=41.56% | alpha=7.47% | turn=68.97%
2026-08-28 22:41:06,208 | INFO | ================================================================================
2026-08-28 22:41:06,208 | INFO | YEAR 2022 | train=104,840 valid=11,850 test=12,300
/home/ubuntu/lobster-trading/src/train_cross_section_v3.py:532: FutureWarning: `torch.cuda.amp.GradScaler(args...)` is deprecated. Please use `torch.amp.GradScaler('cuda', args...)` instead.
  torch.cuda.amp.GradScaler()
2026-08-28 22:41:08,059 | INFO | epoch=001 loss=1.412049 validIC=-0.00897
2026-08-28 22:41:14,317 | INFO | epoch=005 loss=0.378127 validIC=0.01369
2026-08-28 22:41:22,281 | INFO | epoch=010 loss=0.373929 validIC=0.04468
2026-08-28 22:41:29,717 | INFO | epoch=015 loss=0.373179 validIC=0.04356
2026-08-28 22:41:37,571 | INFO | epoch=020 loss=0.372733 validIC=0.04102
2026-08-28 22:41:45,703 | INFO | epoch=025 loss=0.371942 validIC=0.04516
2026-08-28 22:41:53,832 | INFO | epoch=030 loss=0.371329 validIC=0.04724
2026-08-28 22:42:02,252 | INFO | epoch=035 loss=0.370523 validIC=0.04687
2026-08-28 22:42:11,718 | INFO | epoch=040 loss=0.369810 validIC=0.04796
2026-08-28 22:42:19,381 | INFO | epoch=045 loss=0.368895 validIC=0.04761
2026-08-28 22:42:27,631 | INFO | epoch=050 loss=0.368078 validIC=0.04782
2026-08-28 22:42:35,417 | INFO | epoch=055 loss=0.366894 validIC=0.05019
2026-08-28 22:42:44,056 | INFO | epoch=060 loss=0.365857 validIC=0.04909
2026-08-28 22:42:51,912 | INFO | epoch=065 loss=0.365089 validIC=0.05193
2026-08-28 22:42:59,668 | INFO | epoch=070 loss=0.363235 validIC=0.05068
2026-08-28 22:43:07,668 | INFO | epoch=075 loss=0.362143 validIC=0.05384
2026-08-28 22:43:15,387 | INFO | epoch=080 loss=0.359856 validIC=0.05146
2026-08-28 22:43:22,967 | INFO | epoch=085 loss=0.358254 validIC=0.05436
2026-08-28 22:43:31,369 | INFO | epoch=090 loss=0.355866 validIC=0.06335
2026-08-28 22:43:39,955 | INFO | epoch=095 loss=0.353344 validIC=0.05480
2026-08-28 22:43:47,746 | INFO | epoch=100 loss=0.350065 validIC=0.06308
2026-08-28 22:43:55,579 | INFO | epoch=105 loss=0.346020 validIC=0.05839
2026-08-28 22:44:02,537 | INFO | epoch=110 loss=0.341852 validIC=0.05587
2026-08-28 22:44:10,827 | INFO | epoch=115 loss=0.336923 validIC=0.06051
2026-08-28 22:44:18,482 | INFO | epoch=120 loss=0.332146 validIC=0.05907
2026-08-28 22:44:26,735 | INFO | epoch=125 loss=0.327217 validIC=0.06042
2026-08-28 22:44:35,349 | INFO | epoch=130 loss=0.321201 validIC=0.05681
2026-08-28 22:44:35,350 | INFO | early stop @ 130, best=90, best_valid_ic=0.06335
2026-08-28 22:44:35,616 | INFO | TEST IC=0.01458 | median=0.00706 | IC>0=51.63% | spread=0.1584%
2026-08-28 22:44:35,695 | INFO | Top-3 | net=-27.58% | 0050=-18.34% | EW=-7.15% | alpha=-9.24% | turn=77.25%
2026-08-28 22:44:35,774 | INFO | Top-5 | net=-37.30% | 0050=-18.34% | EW=-7.15% | alpha=-18.96% | turn=73.86%
2026-08-28 22:44:35,851 | INFO | Top-10 | net=-24.76% | 0050=-18.34% | EW=-7.15% | alpha=-6.41% | turn=68.27%
2026-08-28 22:44:35,886 | INFO | ================================================================================
2026-08-28 22:44:35,886 | INFO | YEAR 2023 | train=116,990 valid=12,000 test=11,950
/home/ubuntu/lobster-trading/src/train_cross_section_v3.py:532: FutureWarning: `torch.cuda.amp.GradScaler(args...)` is deprecated. Please use `torch.amp.GradScaler('cuda', args...)` instead.
  torch.cuda.amp.GradScaler()
2026-08-28 22:44:37,622 | INFO | epoch=001 loss=1.097822 validIC=-0.02662
2026-08-28 22:44:45,092 | INFO | epoch=005 loss=0.374564 validIC=-0.00738
2026-08-28 22:44:54,186 | INFO | epoch=010 loss=0.371890 validIC=0.00322
2026-08-28 22:45:03,164 | INFO | epoch=015 loss=0.371243 validIC=0.02111
2026-08-28 22:45:11,265 | INFO | epoch=020 loss=0.370255 validIC=0.02082
2026-08-28 22:45:18,981 | INFO | epoch=025 loss=0.369375 validIC=0.02004
2026-08-28 22:45:28,618 | INFO | epoch=030 loss=0.367934 validIC=0.02028
2026-08-28 22:45:37,850 | INFO | epoch=035 loss=0.367148 validIC=0.01348
2026-08-28 22:45:46,187 | INFO | epoch=040 loss=0.365801 validIC=0.02596
2026-08-28 22:45:54,682 | INFO | epoch=045 loss=0.364231 validIC=0.01937
2026-08-28 22:46:04,208 | INFO | epoch=050 loss=0.362728 validIC=0.02108
2026-08-28 22:46:12,353 | INFO | epoch=055 loss=0.361013 validIC=0.02151
2026-08-28 22:46:21,516 | INFO | epoch=060 loss=0.359346 validIC=0.00834
2026-08-28 22:46:31,369 | INFO | epoch=065 loss=0.357184 validIC=0.02669
2026-08-28 22:46:41,527 | INFO | epoch=070 loss=0.355060 validIC=0.02845
2026-08-28 22:46:51,030 | INFO | epoch=075 loss=0.351788 validIC=0.03853
2026-08-28 22:46:59,504 | INFO | epoch=080 loss=0.348854 validIC=0.03335
2026-08-28 22:47:08,202 | INFO | epoch=085 loss=0.345340 validIC=0.02314
2026-08-28 22:47:17,763 | INFO | epoch=090 loss=0.341780 validIC=0.01975
2026-08-28 22:47:27,177 | INFO | epoch=095 loss=0.337352 validIC=0.03140
2026-08-28 22:47:35,950 | INFO | epoch=100 loss=0.332071 validIC=0.02083
2026-08-28 22:47:44,816 | INFO | epoch=105 loss=0.327394 validIC=0.01953
2026-08-28 22:47:54,642 | INFO | epoch=110 loss=0.323157 validIC=0.02024
2026-08-28 22:48:02,950 | INFO | epoch=115 loss=0.317648 validIC=0.02725
2026-08-28 22:48:02,951 | INFO | early stop @ 115, best=75, best_valid_ic=0.03853
2026-08-28 22:48:03,233 | INFO | TEST IC=0.03602 | median=0.00735 | IC>0=52.30% | spread=0.4939%
2026-08-28 22:48:03,309 | INFO | Top-3 | net=94.07% | 0050=24.67% | EW=33.05% | alpha=69.40% | turn=73.08%
2026-08-28 22:48:03,384 | INFO | Top-5 | net=58.67% | 0050=24.67% | EW=33.05% | alpha=34.00% | turn=73.32%
2026-08-28 22:48:03,459 | INFO | Top-10 | net=32.26% | 0050=24.67% | EW=33.05% | alpha=7.59% | turn=64.29%
2026-08-28 22:48:03,494 | INFO | ================================================================================
2026-08-28 22:48:03,494 | INFO | YEAR 2024 | train=129,290 valid=11,650 test=12,100
/home/ubuntu/lobster-trading/src/train_cross_section_v3.py:532: FutureWarning: `torch.cuda.amp.GradScaler(args...)` is deprecated. Please use `torch.amp.GradScaler('cuda', args...)` instead.
  torch.cuda.amp.GradScaler()
2026-08-28 22:48:05,848 | INFO | epoch=001 loss=1.150356 validIC=0.01562
2026-08-28 22:48:12,910 | INFO | epoch=005 loss=0.378233 validIC=-0.01060
2026-08-28 22:48:22,588 | INFO | epoch=010 loss=0.375683 validIC=0.03990
2026-08-28 22:48:31,812 | INFO | epoch=015 loss=0.375142 validIC=0.03849
2026-08-28 22:48:40,984 | INFO | epoch=020 loss=0.374369 validIC=0.03533
2026-08-28 22:48:51,275 | INFO | epoch=025 loss=0.373760 validIC=0.03694
2026-08-28 22:49:01,255 | INFO | epoch=030 loss=0.372824 validIC=0.03050
2026-08-28 22:49:11,375 | INFO | epoch=035 loss=0.371862 validIC=0.02907
2026-08-28 22:49:21,517 | INFO | epoch=040 loss=0.370751 validIC=0.02664
2026-08-28 22:49:31,852 | INFO | epoch=045 loss=0.369879 validIC=0.02840
2026-08-28 22:49:41,368 | INFO | epoch=050 loss=0.368691 validIC=0.03191
2026-08-28 22:49:41,368 | INFO | early stop @ 50, best=10, best_valid_ic=0.03990
2026-08-28 22:49:41,629 | INFO | TEST IC=0.01959 | median=0.02648 | IC>0=54.55% | spread=0.1991%
2026-08-28 22:49:41,707 | INFO | Top-3 | net=5.71% | 0050=55.90% | EW=14.85% | alpha=-50.18% | turn=76.96%
2026-08-28 22:49:41,783 | INFO | Top-5 | net=-0.32% | 0050=55.90% | EW=14.85% | alpha=-56.22% | turn=70.00%
2026-08-28 22:49:41,859 | INFO | Top-10 | net=1.50% | 0050=55.90% | EW=14.85% | alpha=-54.40% | turn=61.89%
2026-08-28 22:49:41,900 | INFO | ================================================================================
2026-08-28 22:49:41,900 | INFO | YEAR 2025 | train=141,240 valid=11,800 test=12,100
/home/ubuntu/lobster-trading/src/train_cross_section_v3.py:532: FutureWarning: `torch.cuda.amp.GradScaler(args...)` is deprecated. Please use `torch.amp.GradScaler('cuda', args...)` instead.
  torch.cuda.amp.GradScaler()
2026-08-28 22:49:44,349 | INFO | epoch=001 loss=0.951459 validIC=-0.03001
2026-08-28 22:49:53,882 | INFO | epoch=005 loss=0.377920 validIC=0.00759
2026-08-28 22:50:04,696 | INFO | epoch=010 loss=0.375559 validIC=0.01140
2026-08-28 22:50:15,116 | INFO | epoch=015 loss=0.374654 validIC=0.01202
2026-08-28 22:50:25,946 | INFO | epoch=020 loss=0.373683 validIC=0.01446
2026-08-28 22:50:36,227 | INFO | epoch=025 loss=0.372628 validIC=0.00304
2026-08-28 22:50:46,795 | INFO | epoch=030 loss=0.371622 validIC=0.00904
2026-08-28 22:50:58,489 | INFO | epoch=035 loss=0.370434 validIC=-0.00380
2026-08-28 22:51:09,300 | INFO | epoch=040 loss=0.369002 validIC=0.00392
2026-08-28 22:51:18,353 | INFO | epoch=045 loss=0.367254 validIC=-0.00382
2026-08-28 22:51:27,539 | INFO | epoch=050 loss=0.365546 validIC=-0.00537
2026-08-28 22:51:38,176 | INFO | epoch=055 loss=0.363710 validIC=-0.00208
2026-08-28 22:51:47,761 | INFO | epoch=060 loss=0.361465 validIC=-0.00250
2026-08-28 22:51:47,761 | INFO | early stop @ 60, best=20, best_valid_ic=0.01446
2026-08-28 22:51:48,041 | INFO | TEST IC=0.07863 | median=0.06665 | IC>0=65.29% | spread=1.2886%
2026-08-28 22:51:48,122 | INFO | Top-3 | net=126.47% | 0050=45.12% | EW=28.26% | alpha=81.34% | turn=67.16%
2026-08-28 22:51:48,201 | INFO | Top-5 | net=114.10% | 0050=45.12% | EW=28.26% | alpha=68.98% | turn=68.75%
2026-08-28 22:51:48,281 | INFO | Top-10 | net=65.35% | 0050=45.12% | EW=28.26% | alpha=20.23% | turn=61.03%
2026-08-28 22:51:48,328 | INFO | ================================================================================
2026-08-28 22:51:48,328 | INFO | YEAR 2026 | train=153,340 valid=11,800 test=7,600
/home/ubuntu/lobster-trading/src/train_cross_section_v3.py:532: FutureWarning: `torch.cuda.amp.GradScaler(args...)` is deprecated. Please use `torch.amp.GradScaler('cuda', args...)` instead.
  torch.cuda.amp.GradScaler()
2026-08-28 22:51:50,943 | INFO | epoch=001 loss=1.103798 validIC=0.01642
2026-08-28 22:51:58,996 | INFO | epoch=005 loss=0.380208 validIC=0.08236
2026-08-28 22:52:10,745 | INFO | epoch=010 loss=0.378428 validIC=0.09457
2026-08-28 22:52:20,503 | INFO | epoch=015 loss=0.377566 validIC=0.08942
2026-08-28 22:52:33,481 | INFO | epoch=020 loss=0.377073 validIC=0.09193
2026-08-28 22:52:43,945 | INFO | epoch=025 loss=0.376075 validIC=0.08116
2026-08-28 22:52:54,212 | INFO | epoch=030 loss=0.375263 validIC=0.08816
2026-08-28 22:53:04,105 | INFO | epoch=035 loss=0.374232 validIC=0.07261
2026-08-28 22:53:14,487 | INFO | epoch=040 loss=0.373113 validIC=0.06704
2026-08-28 22:53:25,773 | INFO | epoch=045 loss=0.372287 validIC=0.06626
2026-08-28 22:53:35,234 | INFO | epoch=050 loss=0.370777 validIC=0.06140
2026-08-28 22:53:35,234 | INFO | early stop @ 50, best=10, best_valid_ic=0.09457
2026-08-28 22:53:35,403 | INFO | TEST IC=0.04951 | median=0.03681 | IC>0=57.89% | spread=1.8392%
2026-08-28 22:53:35,452 | INFO | Top-3 | net=43.25% | 0050=55.96% | EW=57.91% | alpha=-12.72% | turn=80.03%
2026-08-28 22:53:35,500 | INFO | Top-5 | net=58.63% | 0050=55.96% | EW=57.91% | alpha=2.67% | turn=77.92%
2026-08-28 22:53:35,549 | INFO | Top-10 | net=68.30% | 0050=55.96% | EW=57.91% | alpha=12.33% | turn=66.49%
2026-08-28 22:53:35,660 | INFO | ================================================================================
2026-08-28 22:53:35,660 | INFO | FINAL SUMMARY
2026-08-28 22:53:35,660 | INFO | ================================================================================
2026-08-28 22:53:35,664 | INFO | 
  model  seed  top_k  mean_ic  median_year_ic  mean_spread  positive_alpha_years  years  mean_alpha_vs_0050  mean_alpha_vs_equal_weight  median_alpha_vs_0050  mean_turnover  mean_active_sharpe  mean_best_epoch  mean_valid_ic
mlp_reg  2026      3 0.041467        0.036017     0.005747                     3      9            0.059772                    0.069651             -0.064853       0.757917            0.126536        32.777778       0.050614
mlp_reg  2026      5 0.041467        0.036017     0.005747                     4      9            0.018018                    0.027897             -0.069656       0.735676           -0.000204        32.777778       0.050614
mlp_reg  2026     10 0.041467        0.036017     0.005747                     5      9           -0.030433                   -0.020554              0.074733       0.654558           -0.124233        32.777778       0.050614
2026-08-28 22:53:35,664 | INFO | SAVED: runs/v3_mlp_reg_seed2026_20260828_223616
