2026-08-28 22:21:52,032 | INFO | Rows=173,340, stocks=50, dates=2012-04-06 00:00:00->2026-08-20 00:00:00
2026-08-28 22:21:52,053 | INFO | ================================================================================
2026-08-28 22:21:52,053 | INFO | YEAR 2018 | train=56,413 valid=11,613 test=12,226
/home/ubuntu/lobster-trading/src/train_cross_section_v3.py:532: FutureWarning: `torch.cuda.amp.GradScaler(args...)` is deprecated. Please use `torch.amp.GradScaler('cuda', args...)` instead.
  torch.cuda.amp.GradScaler()
2026-08-28 22:21:54,119 | INFO | epoch=001 loss=1.736086 validIC=0.00512
2026-08-28 22:21:57,338 | INFO | epoch=005 loss=0.395705 validIC=0.04589
2026-08-28 22:22:01,449 | INFO | epoch=010 loss=0.376203 validIC=0.03282
2026-08-28 22:22:05,415 | INFO | epoch=015 loss=0.374456 validIC=0.05094
2026-08-28 22:22:10,564 | INFO | epoch=020 loss=0.373203 validIC=0.04610
2026-08-28 22:22:14,632 | INFO | epoch=025 loss=0.372851 validIC=0.05053
2026-08-28 22:22:19,537 | INFO | epoch=030 loss=0.372221 validIC=0.05035
2026-08-28 22:22:24,858 | INFO | epoch=035 loss=0.371552 validIC=0.05154
2026-08-28 22:22:29,869 | INFO | epoch=040 loss=0.370444 validIC=0.05160
2026-08-28 22:22:34,625 | INFO | epoch=045 loss=0.369899 validIC=0.05344
2026-08-28 22:22:39,132 | INFO | epoch=050 loss=0.369281 validIC=0.05214
2026-08-28 22:22:43,219 | INFO | epoch=055 loss=0.368305 validIC=0.04836
2026-08-28 22:22:47,986 | INFO | epoch=060 loss=0.367825 validIC=0.04725
2026-08-28 22:22:52,276 | INFO | epoch=065 loss=0.367173 validIC=0.04702
2026-08-28 22:22:56,715 | INFO | epoch=070 loss=0.365963 validIC=0.04521
2026-08-28 22:23:01,175 | INFO | epoch=075 loss=0.365019 validIC=0.04511
2026-08-28 22:23:05,107 | INFO | epoch=080 loss=0.364159 validIC=0.04741
2026-08-28 22:23:09,414 | INFO | epoch=085 loss=0.362939 validIC=0.04418
2026-08-28 22:23:09,414 | INFO | early stop @ 85, best=45, best_valid_ic=0.05344
2026-08-28 22:23:09,682 | INFO | TEST IC=0.06222 | median=0.05940 | IC>0=66.94% | spread=0.5155%
2026-08-28 22:23:09,760 | INFO | Top-3 | net=-16.23% | 0050=-7.98% | EW=1.43% | alpha=-8.25% | turn=58.93%
2026-08-28 22:23:09,838 | INFO | Top-5 | net=-19.02% | 0050=-7.98% | EW=1.43% | alpha=-11.04% | turn=62.93%
2026-08-28 22:23:09,914 | INFO | Top-10 | net=-13.13% | 0050=-7.98% | EW=1.43% | alpha=-5.15% | turn=61.42%
2026-08-28 22:23:09,948 | INFO | ================================================================================
2026-08-28 22:23:09,948 | INFO | YEAR 2019 | train=68,320 valid=11,926 test=12,050
/home/ubuntu/lobster-trading/src/train_cross_section_v3.py:532: FutureWarning: `torch.cuda.amp.GradScaler(args...)` is deprecated. Please use `torch.amp.GradScaler('cuda', args...)` instead.
  torch.cuda.amp.GradScaler()
2026-08-28 22:23:11,198 | INFO | epoch=001 loss=1.360462 validIC=-0.03829
2026-08-28 22:23:15,675 | INFO | epoch=005 loss=0.381594 validIC=-0.01513
2026-08-28 22:23:22,081 | INFO | epoch=010 loss=0.375687 validIC=0.07546
2026-08-28 22:23:27,039 | INFO | epoch=015 loss=0.374730 validIC=0.06247
2026-08-28 22:23:32,316 | INFO | epoch=020 loss=0.373639 validIC=0.05905
2026-08-28 22:23:37,447 | INFO | epoch=025 loss=0.373976 validIC=0.05536
2026-08-28 22:23:42,969 | INFO | epoch=030 loss=0.373161 validIC=0.05861
2026-08-28 22:23:47,561 | INFO | epoch=035 loss=0.372652 validIC=0.06070
2026-08-28 22:23:52,567 | INFO | epoch=040 loss=0.371955 validIC=0.04791
2026-08-28 22:23:58,506 | INFO | epoch=045 loss=0.371059 validIC=0.05757
2026-08-28 22:24:03,786 | INFO | epoch=050 loss=0.370689 validIC=0.06010
2026-08-28 22:24:03,786 | INFO | early stop @ 50, best=10, best_valid_ic=0.07546
2026-08-28 22:24:04,047 | INFO | TEST IC=0.04104 | median=0.03145 | IC>0=62.66% | spread=0.4229%
2026-08-28 22:24:04,124 | INFO | Top-3 | net=29.59% | 0050=35.68% | EW=36.46% | alpha=-6.10% | turn=90.29%
2026-08-28 22:24:04,199 | INFO | Top-5 | net=31.20% | 0050=35.68% | EW=36.46% | alpha=-4.48% | turn=84.97%
2026-08-28 22:24:04,274 | INFO | Top-10 | net=30.67% | 0050=35.68% | EW=36.46% | alpha=-5.01% | turn=71.66%
2026-08-28 22:24:04,313 | INFO | ================================================================================
2026-08-28 22:24:04,313 | INFO | YEAR 2020 | train=80,540 valid=11,750 test=12,250
/home/ubuntu/lobster-trading/src/train_cross_section_v3.py:532: FutureWarning: `torch.cuda.amp.GradScaler(args...)` is deprecated. Please use `torch.amp.GradScaler('cuda', args...)` instead.
  torch.cuda.amp.GradScaler()
2026-08-28 22:24:05,857 | INFO | epoch=001 loss=1.593514 validIC=0.02368
2026-08-28 22:24:12,005 | INFO | epoch=005 loss=0.382550 validIC=0.02450
2026-08-28 22:24:18,867 | INFO | epoch=010 loss=0.375553 validIC=0.01505
2026-08-28 22:24:26,166 | INFO | epoch=015 loss=0.374425 validIC=0.02074
2026-08-28 22:24:32,775 | INFO | epoch=020 loss=0.373773 validIC=0.01476
2026-08-28 22:24:39,489 | INFO | epoch=025 loss=0.373233 validIC=0.01993
2026-08-28 22:24:45,106 | INFO | epoch=030 loss=0.372573 validIC=0.01793
2026-08-28 22:24:50,918 | INFO | epoch=035 loss=0.372012 validIC=0.02377
2026-08-28 22:24:56,874 | INFO | epoch=040 loss=0.371315 validIC=0.01707
2026-08-28 22:25:02,758 | INFO | epoch=045 loss=0.370971 validIC=0.01883
2026-08-28 22:25:02,758 | INFO | early stop @ 45, best=5, best_valid_ic=0.02450
2026-08-28 22:25:03,023 | INFO | TEST IC=0.02443 | median=0.03318 | IC>0=54.29% | spread=-0.1017%
2026-08-28 22:25:03,100 | INFO | Top-3 | net=31.86% | 0050=31.40% | EW=29.48% | alpha=0.45% | turn=79.06%
2026-08-28 22:25:03,175 | INFO | Top-5 | net=16.78% | 0050=31.40% | EW=29.48% | alpha=-14.62% | turn=72.65%
2026-08-28 22:25:03,251 | INFO | Top-10 | net=6.81% | 0050=31.40% | EW=29.48% | alpha=-24.59% | turn=61.04%
2026-08-28 22:25:03,278 | INFO | ================================================================================
2026-08-28 22:25:03,278 | INFO | YEAR 2021 | train=92,590 valid=11,950 test=12,150
/home/ubuntu/lobster-trading/src/train_cross_section_v3.py:532: FutureWarning: `torch.cuda.amp.GradScaler(args...)` is deprecated. Please use `torch.amp.GradScaler('cuda', args...)` instead.
  torch.cuda.amp.GradScaler()
2026-08-28 22:25:04,717 | INFO | epoch=001 loss=1.893184 validIC=-0.02382
2026-08-28 22:25:09,926 | INFO | epoch=005 loss=0.381375 validIC=0.07046
2026-08-28 22:25:16,137 | INFO | epoch=010 loss=0.376270 validIC=0.06629
2026-08-28 22:25:22,711 | INFO | epoch=015 loss=0.375559 validIC=0.06189
2026-08-28 22:25:29,892 | INFO | epoch=020 loss=0.374755 validIC=0.05687
2026-08-28 22:25:37,250 | INFO | epoch=025 loss=0.374133 validIC=0.05566
2026-08-28 22:25:45,402 | INFO | epoch=030 loss=0.373753 validIC=0.05368
2026-08-28 22:25:52,211 | INFO | epoch=035 loss=0.373435 validIC=0.04946
2026-08-28 22:25:59,076 | INFO | epoch=040 loss=0.372868 validIC=0.05260
2026-08-28 22:26:06,377 | INFO | epoch=045 loss=0.372130 validIC=0.05312
2026-08-28 22:26:06,378 | INFO | early stop @ 45, best=5, best_valid_ic=0.07046
2026-08-28 22:26:06,640 | INFO | TEST IC=0.00277 | median=0.00802 | IC>0=51.85% | spread=0.2493%
2026-08-28 22:26:06,716 | INFO | Top-3 | net=-4.49% | 0050=22.32% | EW=41.56% | alpha=-26.81% | turn=77.50%
2026-08-28 22:26:06,791 | INFO | Top-5 | net=7.99% | 0050=22.32% | EW=41.56% | alpha=-14.33% | turn=66.67%
2026-08-28 22:26:06,867 | INFO | Top-10 | net=3.29% | 0050=22.32% | EW=41.56% | alpha=-19.03% | turn=56.17%
2026-08-28 22:26:06,907 | INFO | ================================================================================
2026-08-28 22:26:06,907 | INFO | YEAR 2022 | train=104,840 valid=11,850 test=12,300
/home/ubuntu/lobster-trading/src/train_cross_section_v3.py:532: FutureWarning: `torch.cuda.amp.GradScaler(args...)` is deprecated. Please use `torch.amp.GradScaler('cuda', args...)` instead.
  torch.cuda.amp.GradScaler()
2026-08-28 22:26:08,471 | INFO | epoch=001 loss=1.096294 validIC=0.00615
2026-08-28 22:26:14,238 | INFO | epoch=005 loss=0.376059 validIC=0.03588
2026-08-28 22:26:21,376 | INFO | epoch=010 loss=0.373494 validIC=0.05018
2026-08-28 22:26:28,907 | INFO | epoch=015 loss=0.372810 validIC=0.04978
2026-08-28 22:26:37,192 | INFO | epoch=020 loss=0.371953 validIC=0.04687
2026-08-28 22:26:45,896 | INFO | epoch=025 loss=0.371323 validIC=0.04373
2026-08-28 22:26:53,578 | INFO | epoch=030 loss=0.370326 validIC=0.03922
2026-08-28 22:27:01,036 | INFO | epoch=035 loss=0.369453 validIC=0.04049
2026-08-28 22:27:08,637 | INFO | epoch=040 loss=0.368514 validIC=0.03941
2026-08-28 22:27:17,484 | INFO | epoch=045 loss=0.367560 validIC=0.04515
2026-08-28 22:27:25,770 | INFO | epoch=050 loss=0.366139 validIC=0.03923
2026-08-28 22:27:25,770 | INFO | early stop @ 50, best=10, best_valid_ic=0.05018
2026-08-28 22:27:26,033 | INFO | TEST IC=0.00752 | median=-0.00984 | IC>0=48.37% | spread=-0.0329%
2026-08-28 22:27:26,110 | INFO | Top-3 | net=-29.16% | 0050=-18.34% | EW=-7.15% | alpha=-10.81% | turn=75.48%
2026-08-28 22:27:26,187 | INFO | Top-5 | net=-36.14% | 0050=-18.34% | EW=-7.15% | alpha=-17.79% | turn=69.79%
2026-08-28 22:27:26,263 | INFO | Top-10 | net=-24.82% | 0050=-18.34% | EW=-7.15% | alpha=-6.48% | turn=61.46%
2026-08-28 22:27:26,297 | INFO | ================================================================================
2026-08-28 22:27:26,297 | INFO | YEAR 2023 | train=116,990 valid=12,000 test=11,950
/home/ubuntu/lobster-trading/src/train_cross_section_v3.py:532: FutureWarning: `torch.cuda.amp.GradScaler(args...)` is deprecated. Please use `torch.amp.GradScaler('cuda', args...)` instead.
  torch.cuda.amp.GradScaler()
2026-08-28 22:27:28,562 | INFO | epoch=001 loss=1.384349 validIC=-0.03592
2026-08-28 22:27:36,300 | INFO | epoch=005 loss=0.376438 validIC=-0.01589
2026-08-28 22:27:44,822 | INFO | epoch=010 loss=0.372432 validIC=0.00912
2026-08-28 22:27:53,035 | INFO | epoch=015 loss=0.371800 validIC=0.02019
2026-08-28 22:28:01,199 | INFO | epoch=020 loss=0.370986 validIC=0.01319
2026-08-28 22:28:09,829 | INFO | epoch=025 loss=0.370070 validIC=0.00456
2026-08-28 22:28:19,248 | INFO | epoch=030 loss=0.369381 validIC=0.02552
2026-08-28 22:28:28,204 | INFO | epoch=035 loss=0.368353 validIC=0.01961
2026-08-28 22:28:37,284 | INFO | epoch=040 loss=0.367780 validIC=0.01763
2026-08-28 22:28:47,189 | INFO | epoch=045 loss=0.366260 validIC=0.01343
2026-08-28 22:28:57,045 | INFO | epoch=050 loss=0.364804 validIC=0.02166
2026-08-28 22:29:05,034 | INFO | epoch=055 loss=0.363820 validIC=0.00909
2026-08-28 22:29:14,591 | INFO | epoch=060 loss=0.362320 validIC=0.03521
2026-08-28 22:29:24,065 | INFO | epoch=065 loss=0.360843 validIC=0.03311
2026-08-28 22:29:32,425 | INFO | epoch=070 loss=0.359040 validIC=0.04262
2026-08-28 22:29:40,520 | INFO | epoch=075 loss=0.356719 validIC=0.02595
2026-08-28 22:29:49,743 | INFO | epoch=080 loss=0.354418 validIC=0.03564
2026-08-28 22:29:58,502 | INFO | epoch=085 loss=0.352379 validIC=0.01467
2026-08-28 22:30:08,002 | INFO | epoch=090 loss=0.348972 validIC=0.00866
2026-08-28 22:30:16,582 | INFO | epoch=095 loss=0.346215 validIC=0.01080
2026-08-28 22:30:24,556 | INFO | epoch=100 loss=0.342912 validIC=0.01326
2026-08-28 22:30:33,878 | INFO | epoch=105 loss=0.339289 validIC=0.01557
2026-08-28 22:30:43,816 | INFO | epoch=110 loss=0.334667 validIC=0.01669
2026-08-28 22:30:43,816 | INFO | early stop @ 110, best=70, best_valid_ic=0.04262
2026-08-28 22:30:44,076 | INFO | TEST IC=0.02770 | median=0.01782 | IC>0=55.23% | spread=0.5262%
2026-08-28 22:30:44,151 | INFO | Top-3 | net=70.21% | 0050=24.67% | EW=33.05% | alpha=45.54% | turn=82.07%
2026-08-28 22:30:44,225 | INFO | Top-5 | net=52.84% | 0050=24.67% | EW=33.05% | alpha=28.17% | turn=76.09%
2026-08-28 22:30:44,299 | INFO | Top-10 | net=42.67% | 0050=24.67% | EW=33.05% | alpha=18.00% | turn=65.92%
2026-08-28 22:30:44,333 | INFO | ================================================================================
2026-08-28 22:30:44,333 | INFO | YEAR 2024 | train=129,290 valid=11,650 test=12,100
/home/ubuntu/lobster-trading/src/train_cross_section_v3.py:532: FutureWarning: `torch.cuda.amp.GradScaler(args...)` is deprecated. Please use `torch.amp.GradScaler('cuda', args...)` instead.
  torch.cuda.amp.GradScaler()
2026-08-28 22:30:46,178 | INFO | epoch=001 loss=1.257539 validIC=0.04083
2026-08-28 22:30:52,916 | INFO | epoch=005 loss=0.377885 validIC=0.03452
2026-08-28 22:31:02,210 | INFO | epoch=010 loss=0.375782 validIC=0.05288
2026-08-28 22:31:13,392 | INFO | epoch=015 loss=0.374982 validIC=0.04934
2026-08-28 22:31:24,491 | INFO | epoch=020 loss=0.374065 validIC=0.05060
2026-08-28 22:31:34,208 | INFO | epoch=025 loss=0.373389 validIC=0.04904
2026-08-28 22:31:43,057 | INFO | epoch=030 loss=0.372326 validIC=0.05093
2026-08-28 22:31:52,538 | INFO | epoch=035 loss=0.371306 validIC=0.04968
2026-08-28 22:32:02,484 | INFO | epoch=040 loss=0.369920 validIC=0.04592
2026-08-28 22:32:11,862 | INFO | epoch=045 loss=0.368738 validIC=0.03848
2026-08-28 22:32:21,277 | INFO | epoch=050 loss=0.367137 validIC=0.04025
2026-08-28 22:32:21,277 | INFO | early stop @ 50, best=10, best_valid_ic=0.05288
2026-08-28 22:32:21,556 | INFO | TEST IC=0.01434 | median=0.01950 | IC>0=56.61% | spread=0.2155%
2026-08-28 22:32:21,633 | INFO | Top-3 | net=-0.37% | 0050=55.90% | EW=14.85% | alpha=-56.27% | turn=76.36%
2026-08-28 22:32:21,709 | INFO | Top-5 | net=-6.84% | 0050=55.90% | EW=14.85% | alpha=-62.74% | turn=68.00%
2026-08-28 22:32:21,785 | INFO | Top-10 | net=-1.15% | 0050=55.90% | EW=14.85% | alpha=-57.05% | turn=60.31%
2026-08-28 22:32:21,821 | INFO | ================================================================================
2026-08-28 22:32:21,822 | INFO | YEAR 2025 | train=141,240 valid=11,800 test=12,100
/home/ubuntu/lobster-trading/src/train_cross_section_v3.py:532: FutureWarning: `torch.cuda.amp.GradScaler(args...)` is deprecated. Please use `torch.amp.GradScaler('cuda', args...)` instead.
  torch.cuda.amp.GradScaler()
2026-08-28 22:32:24,341 | INFO | epoch=001 loss=1.508063 validIC=0.00187
2026-08-28 22:32:32,505 | INFO | epoch=005 loss=0.378809 validIC=0.00923
2026-08-28 22:32:43,369 | INFO | epoch=010 loss=0.375514 validIC=0.00826
2026-08-28 22:32:53,502 | INFO | epoch=015 loss=0.375126 validIC=0.00923
2026-08-28 22:33:02,212 | INFO | epoch=020 loss=0.374262 validIC=0.01629
2026-08-28 22:33:12,642 | INFO | epoch=025 loss=0.373317 validIC=0.01587
2026-08-28 22:33:22,656 | INFO | epoch=030 loss=0.372640 validIC=0.00918
2026-08-28 22:33:31,824 | INFO | epoch=035 loss=0.371660 validIC=0.01134
2026-08-28 22:33:41,368 | INFO | epoch=040 loss=0.370525 validIC=0.00268
2026-08-28 22:33:52,298 | INFO | epoch=045 loss=0.369211 validIC=-0.00319
2026-08-28 22:34:01,212 | INFO | epoch=050 loss=0.368154 validIC=0.00157
2026-08-28 22:34:11,792 | INFO | epoch=055 loss=0.366717 validIC=-0.00793
2026-08-28 22:34:23,729 | INFO | epoch=060 loss=0.365321 validIC=-0.02546
2026-08-28 22:34:23,729 | INFO | early stop @ 60, best=20, best_valid_ic=0.01629
2026-08-28 22:34:23,996 | INFO | TEST IC=0.06293 | median=0.05445 | IC>0=62.40% | spread=1.2164%
2026-08-28 22:34:24,072 | INFO | Top-3 | net=84.19% | 0050=45.12% | EW=28.26% | alpha=39.07% | turn=73.86%
2026-08-28 22:34:24,148 | INFO | Top-5 | net=64.82% | 0050=45.12% | EW=28.26% | alpha=19.69% | turn=71.98%
2026-08-28 22:34:24,223 | INFO | Top-10 | net=60.84% | 0050=45.12% | EW=28.26% | alpha=15.72% | turn=66.51%
2026-08-28 22:34:24,262 | INFO | ================================================================================
2026-08-28 22:34:24,262 | INFO | YEAR 2026 | train=153,340 valid=11,800 test=7,600
/home/ubuntu/lobster-trading/src/train_cross_section_v3.py:532: FutureWarning: `torch.cuda.amp.GradScaler(args...)` is deprecated. Please use `torch.amp.GradScaler('cuda', args...)` instead.
  torch.cuda.amp.GradScaler()
2026-08-28 22:34:27,408 | INFO | epoch=001 loss=1.073711 validIC=-0.02471
2026-08-28 22:34:36,380 | INFO | epoch=005 loss=0.379987 validIC=0.11271
2026-08-28 22:34:45,913 | INFO | epoch=010 loss=0.378139 validIC=0.08170
2026-08-28 22:34:58,650 | INFO | epoch=015 loss=0.377237 validIC=0.09220
2026-08-28 22:35:12,232 | INFO | epoch=020 loss=0.376688 validIC=0.09007
2026-08-28 22:35:24,375 | INFO | epoch=025 loss=0.375730 validIC=0.08243
2026-08-28 22:35:36,121 | INFO | epoch=030 loss=0.374913 validIC=0.08156
2026-08-28 22:35:48,218 | INFO | epoch=035 loss=0.373914 validIC=0.07335
2026-08-28 22:36:00,351 | INFO | epoch=040 loss=0.372682 validIC=0.08250
2026-08-28 22:36:12,485 | INFO | epoch=045 loss=0.371574 validIC=0.06557
2026-08-28 22:36:12,485 | INFO | early stop @ 45, best=5, best_valid_ic=0.11271
2026-08-28 22:36:12,655 | INFO | TEST IC=0.04752 | median=0.03858 | IC>0=55.92% | spread=1.7826%
2026-08-28 22:36:12,704 | INFO | Top-3 | net=46.75% | 0050=55.96% | EW=57.91% | alpha=-9.21% | turn=78.53%
2026-08-28 22:36:12,752 | INFO | Top-5 | net=99.33% | 0050=55.96% | EW=57.91% | alpha=43.37% | turn=75.43%
2026-08-28 22:36:12,799 | INFO | Top-10 | net=86.50% | 0050=55.96% | EW=57.91% | alpha=30.53% | turn=63.05%
2026-08-28 22:36:12,909 | INFO | ================================================================================
2026-08-28 22:36:12,909 | INFO | FINAL SUMMARY
2026-08-28 22:36:12,909 | INFO | ================================================================================
2026-08-28 22:36:12,914 | INFO | 
  model  seed  top_k  mean_ic  median_year_ic  mean_spread  positive_alpha_years  years  mean_alpha_vs_0050  mean_alpha_vs_equal_weight  median_alpha_vs_0050  mean_turnover  mean_active_sharpe  mean_best_epoch  mean_valid_ic
mlp_reg    42      3 0.032273        0.027701     0.005326                     3      9           -0.035986                   -0.026108             -0.082519       0.768979           -0.041435             20.0       0.055393
mlp_reg    42      5 0.032273        0.027701     0.005326                     3      9           -0.037530                   -0.027651             -0.110434       0.720565           -0.167719             20.0       0.055393
mlp_reg    42     10 0.032273        0.027701     0.005326                     3      9           -0.058966                   -0.049088             -0.051543       0.630586           -0.260415             20.0       0.055393
2026-08-28 22:36:12,914 | INFO | SAVED: runs/v3_mlp_reg_seed42_20260828_222151
