2026-08-28 22:06:45,681 | INFO | Rows=173,340, stocks=50, dates=2012-04-06 00:00:00->2026-08-20 00:00:00
2026-08-28 22:06:45,705 | INFO | ================================================================================
2026-08-28 22:06:45,706 | INFO | YEAR 2018 | train=56,413 valid=11,613 test=12,226
2026-08-28 22:06:47,888 | INFO | epoch=001 loss=1.554300 validIC=0.01770
2026-08-28 22:06:51,537 | INFO | epoch=005 loss=0.388007 validIC=0.04836
2026-08-28 22:06:55,651 | INFO | epoch=010 loss=0.375960 validIC=0.05041
2026-08-28 22:06:59,817 | INFO | epoch=015 loss=0.374052 validIC=0.05199
2026-08-28 22:07:04,848 | INFO | epoch=020 loss=0.373528 validIC=0.05624
2026-08-28 22:07:09,185 | INFO | epoch=025 loss=0.372667 validIC=0.05674
2026-08-28 22:07:14,128 | INFO | epoch=030 loss=0.372172 validIC=0.05800
2026-08-28 22:07:19,022 | INFO | epoch=035 loss=0.371674 validIC=0.05675
2026-08-28 22:07:23,491 | INFO | epoch=040 loss=0.370844 validIC=0.05748
2026-08-28 22:07:28,055 | INFO | epoch=045 loss=0.370306 validIC=0.05927
2026-08-28 22:07:32,017 | INFO | epoch=050 loss=0.369671 validIC=0.05638
2026-08-28 22:07:36,162 | INFO | epoch=055 loss=0.368894 validIC=0.05639
2026-08-28 22:07:40,686 | INFO | epoch=060 loss=0.368567 validIC=0.05474
2026-08-28 22:07:45,127 | INFO | epoch=065 loss=0.368333 validIC=0.05556
2026-08-28 22:07:49,914 | INFO | epoch=070 loss=0.367198 validIC=0.05581
2026-08-28 22:07:54,776 | INFO | epoch=075 loss=0.366657 validIC=0.05302
2026-08-28 22:07:59,477 | INFO | epoch=080 loss=0.365481 validIC=0.05516
2026-08-28 22:08:03,746 | INFO | epoch=085 loss=0.365034 validIC=0.05189
2026-08-28 22:08:03,747 | INFO | early stop @ 85, best=45, best_valid_ic=0.05927
2026-08-28 22:08:04,018 | INFO | TEST IC=0.06751 | median=0.06987 | IC>0=65.31% | spread=0.6263%
2026-08-28 22:08:04,095 | INFO | Top-3 | net=-0.64% | 0050=-7.98% | EW=1.43% | alpha=7.34% | turn=61.00%
2026-08-28 22:08:04,171 | INFO | Top-5 | net=-6.54% | 0050=-7.98% | EW=1.43% | alpha=1.43% | turn=64.45%
2026-08-28 22:08:04,247 | INFO | Top-10 | net=-5.48% | 0050=-7.98% | EW=1.43% | alpha=2.49% | turn=60.10%
2026-08-28 22:08:04,278 | INFO | ================================================================================
2026-08-28 22:08:04,279 | INFO | YEAR 2019 | train=68,320 valid=11,926 test=12,050
2026-08-28 22:08:05,531 | INFO | epoch=001 loss=1.915623 validIC=0.00648
2026-08-28 22:08:09,870 | INFO | epoch=005 loss=0.381752 validIC=0.08629
2026-08-28 22:08:15,151 | INFO | epoch=010 loss=0.376245 validIC=0.07670
2026-08-28 22:08:19,511 | INFO | epoch=015 loss=0.375176 validIC=0.06802
2026-08-28 22:08:23,973 | INFO | epoch=020 loss=0.374395 validIC=0.06292
2026-08-28 22:08:28,585 | INFO | epoch=025 loss=0.373753 validIC=0.06354
2026-08-28 22:08:33,694 | INFO | epoch=030 loss=0.373109 validIC=0.05397
2026-08-28 22:08:38,056 | INFO | epoch=035 loss=0.372806 validIC=0.05510
2026-08-28 22:08:43,059 | INFO | epoch=040 loss=0.372197 validIC=0.05927
2026-08-28 22:08:48,482 | INFO | epoch=045 loss=0.371680 validIC=0.06390
2026-08-28 22:08:48,482 | INFO | early stop @ 45, best=5, best_valid_ic=0.08629
2026-08-28 22:08:48,743 | INFO | TEST IC=-0.03249 | median=-0.03318 | IC>0=43.98% | spread=-0.4673%
2026-08-28 22:08:48,819 | INFO | Top-3 | net=-5.57% | 0050=35.68% | EW=36.46% | alpha=-41.25% | turn=68.45%
2026-08-28 22:08:48,894 | INFO | Top-5 | net=1.66% | 0050=35.68% | EW=36.46% | alpha=-34.02% | turn=59.49%
2026-08-28 22:08:48,969 | INFO | Top-10 | net=11.12% | 0050=35.68% | EW=36.46% | alpha=-24.56% | turn=44.08%
2026-08-28 22:08:49,002 | INFO | ================================================================================
2026-08-28 22:08:49,002 | INFO | YEAR 2020 | train=80,540 valid=11,750 test=12,250
2026-08-28 22:08:50,219 | INFO | epoch=001 loss=1.567633 validIC=-0.02348
2026-08-28 22:08:54,654 | INFO | epoch=005 loss=0.382598 validIC=-0.02420
2026-08-28 22:09:00,022 | INFO | epoch=010 loss=0.374504 validIC=0.00765
2026-08-28 22:09:05,829 | INFO | epoch=015 loss=0.373544 validIC=0.00965
2026-08-28 22:09:12,192 | INFO | epoch=020 loss=0.373300 validIC=0.01630
2026-08-28 22:09:17,664 | INFO | epoch=025 loss=0.372442 validIC=0.02012
2026-08-28 22:09:23,616 | INFO | epoch=030 loss=0.372041 validIC=0.02138
2026-08-28 22:09:29,777 | INFO | epoch=035 loss=0.371354 validIC=0.01827
2026-08-28 22:09:36,634 | INFO | epoch=040 loss=0.370734 validIC=0.01623
2026-08-28 22:09:43,119 | INFO | epoch=045 loss=0.370449 validIC=0.02112
2026-08-28 22:09:49,106 | INFO | epoch=050 loss=0.369731 validIC=0.01681
2026-08-28 22:09:55,713 | INFO | epoch=055 loss=0.369303 validIC=0.01401
2026-08-28 22:10:02,052 | INFO | epoch=060 loss=0.368577 validIC=0.01669
2026-08-28 22:10:07,435 | INFO | epoch=065 loss=0.367651 validIC=0.01093
2026-08-28 22:10:13,821 | INFO | epoch=070 loss=0.367030 validIC=0.01344
2026-08-28 22:10:13,822 | INFO | early stop @ 70, best=30, best_valid_ic=0.02138
2026-08-28 22:10:14,144 | INFO | TEST IC=0.02880 | median=0.03971 | IC>0=58.37% | spread=0.0703%
2026-08-28 22:10:14,223 | INFO | Top-3 | net=14.89% | 0050=31.40% | EW=29.48% | alpha=-16.51% | turn=81.11%
2026-08-28 22:10:14,300 | INFO | Top-5 | net=21.87% | 0050=31.40% | EW=29.48% | alpha=-9.53% | turn=77.51%
2026-08-28 22:10:14,378 | INFO | Top-10 | net=18.77% | 0050=31.40% | EW=29.48% | alpha=-12.63% | turn=69.74%
2026-08-28 22:10:14,406 | INFO | ================================================================================
2026-08-28 22:10:14,406 | INFO | YEAR 2021 | train=92,590 valid=11,950 test=12,150
2026-08-28 22:10:15,838 | INFO | epoch=001 loss=1.901210 validIC=0.04333
2026-08-28 22:10:22,089 | INFO | epoch=005 loss=0.382422 validIC=0.00970
2026-08-28 22:10:29,295 | INFO | epoch=010 loss=0.376868 validIC=0.05603
2026-08-28 22:10:35,729 | INFO | epoch=015 loss=0.375793 validIC=0.05972
2026-08-28 22:10:42,155 | INFO | epoch=020 loss=0.375599 validIC=0.05573
2026-08-28 22:10:49,324 | INFO | epoch=025 loss=0.375000 validIC=0.05301
2026-08-28 22:10:55,522 | INFO | epoch=030 loss=0.374292 validIC=0.05231
2026-08-28 22:11:03,846 | INFO | epoch=035 loss=0.374105 validIC=0.04639
2026-08-28 22:11:11,291 | INFO | epoch=040 loss=0.373171 validIC=0.04810
2026-08-28 22:11:17,108 | INFO | epoch=045 loss=0.372961 validIC=0.04658
2026-08-28 22:11:23,819 | INFO | epoch=050 loss=0.371855 validIC=0.03899
2026-08-28 22:11:29,922 | INFO | epoch=055 loss=0.371259 validIC=0.03978
2026-08-28 22:11:29,922 | INFO | early stop @ 55, best=15, best_valid_ic=0.05972
2026-08-28 22:11:30,186 | INFO | TEST IC=0.03464 | median=0.05152 | IC>0=58.85% | spread=0.0119%
2026-08-28 22:11:30,262 | INFO | Top-3 | net=0.10% | 0050=22.32% | EW=41.56% | alpha=-22.22% | turn=80.40%
2026-08-28 22:11:30,336 | INFO | Top-5 | net=18.85% | 0050=22.32% | EW=41.56% | alpha=-3.47% | turn=77.17%
2026-08-28 22:11:30,412 | INFO | Top-10 | net=22.96% | 0050=22.32% | EW=41.56% | alpha=0.64% | turn=70.02%
2026-08-28 22:11:30,451 | INFO | ================================================================================
2026-08-28 22:11:30,452 | INFO | YEAR 2022 | train=104,840 valid=11,850 test=12,300
2026-08-28 22:11:31,944 | INFO | epoch=001 loss=1.109553 validIC=0.00637
2026-08-28 22:11:37,522 | INFO | epoch=005 loss=0.377434 validIC=0.05258
2026-08-28 22:11:45,520 | INFO | epoch=010 loss=0.374109 validIC=0.05652
2026-08-28 22:11:53,918 | INFO | epoch=015 loss=0.373226 validIC=0.05043
2026-08-28 22:12:01,011 | INFO | epoch=020 loss=0.372612 validIC=0.05060
2026-08-28 22:12:08,175 | INFO | epoch=025 loss=0.371736 validIC=0.05074
2026-08-28 22:12:16,197 | INFO | epoch=030 loss=0.370854 validIC=0.04992
2026-08-28 22:12:24,386 | INFO | epoch=035 loss=0.370013 validIC=0.04936
2026-08-28 22:12:33,492 | INFO | epoch=040 loss=0.369375 validIC=0.05075
2026-08-28 22:12:42,019 | INFO | epoch=045 loss=0.368193 validIC=0.04656
2026-08-28 22:12:49,042 | INFO | epoch=050 loss=0.367150 validIC=0.04652
2026-08-28 22:12:49,042 | INFO | early stop @ 50, best=10, best_valid_ic=0.05652
2026-08-28 22:12:49,309 | INFO | TEST IC=0.00226 | median=-0.01210 | IC>0=47.15% | spread=0.0307%
2026-08-28 22:12:49,388 | INFO | Top-3 | net=-33.23% | 0050=-18.34% | EW=-7.15% | alpha=-14.89% | turn=68.53%
2026-08-28 22:12:49,465 | INFO | Top-5 | net=-29.28% | 0050=-18.34% | EW=-7.15% | alpha=-10.93% | turn=68.22%
2026-08-28 22:12:49,541 | INFO | Top-10 | net=-22.04% | 0050=-18.34% | EW=-7.15% | alpha=-3.69% | turn=62.08%
2026-08-28 22:12:49,571 | INFO | ================================================================================
2026-08-28 22:12:49,572 | INFO | YEAR 2023 | train=116,990 valid=12,000 test=11,950
2026-08-28 22:12:51,288 | INFO | epoch=001 loss=1.152559 validIC=0.01992
2026-08-28 22:12:59,379 | INFO | epoch=005 loss=0.375410 validIC=0.02982
2026-08-28 22:13:07,950 | INFO | epoch=010 loss=0.371805 validIC=0.01903
2026-08-28 22:13:17,414 | INFO | epoch=015 loss=0.371325 validIC=0.01484
2026-08-28 22:13:26,143 | INFO | epoch=020 loss=0.370454 validIC=0.02131
2026-08-28 22:13:34,855 | INFO | epoch=025 loss=0.369655 validIC=0.01973
2026-08-28 22:13:44,660 | INFO | epoch=030 loss=0.368974 validIC=0.02226
2026-08-28 22:13:53,598 | INFO | epoch=035 loss=0.367980 validIC=0.02022
2026-08-28 22:14:02,821 | INFO | epoch=040 loss=0.367192 validIC=0.01576
2026-08-28 22:14:11,234 | INFO | epoch=045 loss=0.365929 validIC=0.02410
2026-08-28 22:14:11,234 | INFO | early stop @ 45, best=5, best_valid_ic=0.02982
2026-08-28 22:14:11,494 | INFO | TEST IC=0.03940 | median=0.03150 | IC>0=58.58% | spread=0.9079%
2026-08-28 22:14:11,574 | INFO | Top-3 | net=62.71% | 0050=24.67% | EW=33.05% | alpha=38.04% | turn=77.92%
2026-08-28 22:14:11,648 | INFO | Top-5 | net=56.72% | 0050=24.67% | EW=33.05% | alpha=32.05% | turn=69.72%
2026-08-28 22:14:11,722 | INFO | Top-10 | net=49.53% | 0050=24.67% | EW=33.05% | alpha=24.85% | turn=66.03%
2026-08-28 22:14:11,759 | INFO | ================================================================================
2026-08-28 22:14:11,759 | INFO | YEAR 2024 | train=129,290 valid=11,650 test=12,100
2026-08-28 22:14:14,059 | INFO | epoch=001 loss=1.131953 validIC=0.00223
2026-08-28 22:14:20,910 | INFO | epoch=005 loss=0.378477 validIC=0.02575
2026-08-28 22:14:30,154 | INFO | epoch=010 loss=0.375823 validIC=0.04340
2026-08-28 22:14:39,504 | INFO | epoch=015 loss=0.375222 validIC=0.04125
2026-08-28 22:14:49,563 | INFO | epoch=020 loss=0.374472 validIC=0.03957
2026-08-28 22:14:58,840 | INFO | epoch=025 loss=0.373702 validIC=0.04397
2026-08-28 22:15:07,073 | INFO | epoch=030 loss=0.372776 validIC=0.04353
2026-08-28 22:15:15,235 | INFO | epoch=035 loss=0.371752 validIC=0.03763
2026-08-28 22:15:24,937 | INFO | epoch=040 loss=0.370868 validIC=0.03711
2026-08-28 22:15:35,135 | INFO | epoch=045 loss=0.369451 validIC=0.04223
2026-08-28 22:15:44,729 | INFO | epoch=050 loss=0.368163 validIC=0.04227
2026-08-28 22:15:54,963 | INFO | epoch=055 loss=0.366606 validIC=0.03205
2026-08-28 22:16:05,617 | INFO | epoch=060 loss=0.365072 validIC=0.04747
2026-08-28 22:16:17,569 | INFO | epoch=065 loss=0.362599 validIC=0.03426
2026-08-28 22:16:27,266 | INFO | epoch=070 loss=0.360497 validIC=0.04106
2026-08-28 22:16:37,794 | INFO | epoch=075 loss=0.357782 validIC=0.04204
2026-08-28 22:16:48,234 | INFO | epoch=080 loss=0.354507 validIC=0.03891
2026-08-28 22:16:58,881 | INFO | epoch=085 loss=0.351169 validIC=0.03041
2026-08-28 22:17:07,813 | INFO | epoch=090 loss=0.346047 validIC=0.02426
2026-08-28 22:17:18,236 | INFO | epoch=095 loss=0.341519 validIC=0.01817
2026-08-28 22:17:28,858 | INFO | epoch=100 loss=0.336228 validIC=0.00607
2026-08-28 22:17:28,858 | INFO | early stop @ 100, best=60, best_valid_ic=0.04747
2026-08-28 22:17:29,129 | INFO | TEST IC=-0.00519 | median=-0.02146 | IC>0=47.52% | spread=-0.0458%
2026-08-28 22:17:29,207 | INFO | Top-3 | net=-30.11% | 0050=55.90% | EW=14.85% | alpha=-86.01% | turn=72.26%
2026-08-28 22:17:29,284 | INFO | Top-5 | net=-21.44% | 0050=55.90% | EW=14.85% | alpha=-77.33% | turn=71.09%
2026-08-28 22:17:29,361 | INFO | Top-10 | net=-6.85% | 0050=55.90% | EW=14.85% | alpha=-62.75% | turn=64.42%
2026-08-28 22:17:29,396 | INFO | ================================================================================
2026-08-28 22:17:29,396 | INFO | YEAR 2025 | train=141,240 valid=11,800 test=12,100
2026-08-28 22:17:31,822 | INFO | epoch=001 loss=1.119912 validIC=0.02376
2026-08-28 22:17:39,534 | INFO | epoch=005 loss=0.378611 validIC=0.00071
2026-08-28 22:17:49,796 | INFO | epoch=010 loss=0.375931 validIC=0.00717
2026-08-28 22:17:59,952 | INFO | epoch=015 loss=0.375196 validIC=0.00981
2026-08-28 22:18:10,107 | INFO | epoch=020 loss=0.374380 validIC=0.01020
2026-08-28 22:18:19,133 | INFO | epoch=025 loss=0.373407 validIC=0.01031
2026-08-28 22:18:30,121 | INFO | epoch=030 loss=0.372461 validIC=0.00886
2026-08-28 22:18:39,680 | INFO | epoch=035 loss=0.371692 validIC=0.00431
2026-08-28 22:18:48,953 | INFO | epoch=040 loss=0.370641 validIC=-0.00480
2026-08-28 22:18:48,953 | INFO | early stop @ 40, best=1, best_valid_ic=0.02376
2026-08-28 22:18:49,271 | INFO | TEST IC=0.02160 | median=0.02444 | IC>0=57.02% | spread=0.1780%
2026-08-28 22:18:49,348 | INFO | Top-3 | net=74.43% | 0050=45.12% | EW=28.26% | alpha=29.30% | turn=69.83%
2026-08-28 22:18:49,423 | INFO | Top-5 | net=87.50% | 0050=45.12% | EW=28.26% | alpha=42.38% | turn=68.51%
2026-08-28 22:18:49,499 | INFO | Top-10 | net=39.29% | 0050=45.12% | EW=28.26% | alpha=-5.83% | turn=61.40%
2026-08-28 22:18:49,548 | INFO | ================================================================================
2026-08-28 22:18:49,548 | INFO | YEAR 2026 | train=153,340 valid=11,800 test=7,600
2026-08-28 22:18:51,970 | INFO | epoch=001 loss=1.034686 validIC=0.00055
2026-08-28 22:19:00,654 | INFO | epoch=005 loss=0.379530 validIC=0.06559
2026-08-28 22:19:11,436 | INFO | epoch=010 loss=0.377952 validIC=0.09731
2026-08-28 22:19:21,165 | INFO | epoch=015 loss=0.377236 validIC=0.09139
2026-08-28 22:19:31,715 | INFO | epoch=020 loss=0.376440 validIC=0.09709
2026-08-28 22:19:41,809 | INFO | epoch=025 loss=0.375455 validIC=0.08607
2026-08-28 22:19:52,504 | INFO | epoch=030 loss=0.374691 validIC=0.07847
2026-08-28 22:20:04,560 | INFO | epoch=035 loss=0.373762 validIC=0.06980
2026-08-28 22:20:16,153 | INFO | epoch=040 loss=0.372553 validIC=0.06437
2026-08-28 22:20:26,029 | INFO | epoch=045 loss=0.371410 validIC=0.06943
2026-08-28 22:20:35,818 | INFO | epoch=050 loss=0.369857 validIC=0.06070
2026-08-28 22:20:35,819 | INFO | early stop @ 50, best=10, best_valid_ic=0.09731
2026-08-28 22:20:35,990 | INFO | TEST IC=0.03455 | median=0.00927 | IC>0=51.32% | spread=1.4167%
2026-08-28 22:20:36,039 | INFO | Top-3 | net=71.28% | 0050=55.96% | EW=57.91% | alpha=15.32% | turn=83.05%
2026-08-28 22:20:36,088 | INFO | Top-5 | net=46.43% | 0050=55.96% | EW=57.91% | alpha=-9.54% | turn=77.44%
2026-08-28 22:20:36,136 | INFO | Top-10 | net=52.01% | 0050=55.96% | EW=57.91% | alpha=-3.96% | turn=67.73%
2026-08-28 22:20:36,244 | INFO | ================================================================================
2026-08-28 22:20:36,244 | INFO | FINAL SUMMARY
2026-08-28 22:20:36,244 | INFO | ================================================================================
2026-08-28 22:20:36,248 | INFO | 
  model  seed  top_k  mean_ic  median_year_ic  mean_spread  positive_alpha_years  years  mean_alpha_vs_0050  mean_alpha_vs_equal_weight  median_alpha_vs_0050  mean_turnover  mean_active_sharpe  mean_best_epoch  mean_valid_ic
mlp_reg     7      3 0.021231        0.028804     0.003032                     4      9           -0.100964                   -0.091085             -0.148871       0.736164           -0.465392        20.111111       0.053505
mlp_reg     7      5 0.021231        0.028804     0.003032                     3      9           -0.076625                   -0.066747             -0.095271       0.704006           -0.408315        20.111111       0.053505
mlp_reg     7     10 0.021231        0.028804     0.003032                     3      9           -0.094936                   -0.085058             -0.039572       0.628441           -0.495138        20.111111       0.053505
2026-08-28 22:20:36,248 | INFO | SAVED: runs/v3_mlp_reg_seed7_20260828_220645
