2026-08-28 21:28:55,893 | INFO | Dataset rows: 173,340
2026-08-28 21:28:55,900 | INFO | Stocks: 50
2026-08-28 21:28:55,900 | INFO | Dates: 2012-04-06 00:00:00 -> 2026-08-20 00:00:00
2026-08-28 21:28:55,922 | INFO | ======================================================================
2026-08-28 21:28:55,922 | INFO | YEAR 2018
2026-08-28 21:28:55,922 | INFO | Train: 68,320
2026-08-28 21:28:55,922 | INFO | Test: 12,226
2026-08-28 21:28:57,162 | INFO | Mean IC: 0.0453
2026-08-28 21:28:57,162 | INFO | IC > 0 days: 57.96%
2026-08-28 21:28:57,162 | INFO | Strategy: -24.10%
2026-08-28 21:28:57,162 | INFO | 0050: -7.98%
2026-08-28 21:28:57,162 | INFO | Alpha: -16.13%
2026-08-28 21:28:57,162 | INFO | Active Sharpe: -0.5118
2026-08-28 21:28:57,185 | INFO | ======================================================================
2026-08-28 21:28:57,185 | INFO | YEAR 2019
2026-08-28 21:28:57,185 | INFO | Train: 80,540
2026-08-28 21:28:57,185 | INFO | Test: 12,050
2026-08-28 21:28:58,230 | INFO | Mean IC: 0.0419
2026-08-28 21:28:58,230 | INFO | IC > 0 days: 62.66%
2026-08-28 21:28:58,230 | INFO | Strategy: 9.16%
2026-08-28 21:28:58,230 | INFO | 0050: 35.68%
2026-08-28 21:28:58,230 | INFO | Alpha: -26.53%
2026-08-28 21:28:58,230 | INFO | Active Sharpe: -1.2599
2026-08-28 21:28:58,256 | INFO | ======================================================================
2026-08-28 21:28:58,256 | INFO | YEAR 2020
2026-08-28 21:28:58,256 | INFO | Train: 92,590
2026-08-28 21:28:58,256 | INFO | Test: 12,250
2026-08-28 21:28:59,314 | INFO | Mean IC: 0.0182
2026-08-28 21:28:59,315 | INFO | IC > 0 days: 51.84%
2026-08-28 21:28:59,315 | INFO | Strategy: 21.42%
2026-08-28 21:28:59,315 | INFO | 0050: 31.40%
2026-08-28 21:28:59,315 | INFO | Alpha: -9.98%
2026-08-28 21:28:59,315 | INFO | Active Sharpe: -0.1106
2026-08-28 21:28:59,338 | INFO | ======================================================================
2026-08-28 21:28:59,338 | INFO | YEAR 2021
2026-08-28 21:28:59,338 | INFO | Train: 104,840
2026-08-28 21:28:59,338 | INFO | Test: 12,150
2026-08-28 21:29:00,416 | INFO | Mean IC: 0.0288
2026-08-28 21:29:00,416 | INFO | IC > 0 days: 56.38%
2026-08-28 21:29:00,417 | INFO | Strategy: 58.39%
2026-08-28 21:29:00,417 | INFO | 0050: 22.32%
2026-08-28 21:29:00,417 | INFO | Alpha: 36.08%
2026-08-28 21:29:00,417 | INFO | Active Sharpe: 0.8550
2026-08-28 21:29:00,447 | INFO | ======================================================================
2026-08-28 21:29:00,447 | INFO | YEAR 2022
2026-08-28 21:29:00,447 | INFO | Train: 116,990
2026-08-28 21:29:00,447 | INFO | Test: 12,300
2026-08-28 21:29:01,566 | INFO | Mean IC: 0.0026
2026-08-28 21:29:01,566 | INFO | IC > 0 days: 49.19%
2026-08-28 21:29:01,566 | INFO | Strategy: -30.23%
2026-08-28 21:29:01,566 | INFO | 0050: -18.34%
2026-08-28 21:29:01,566 | INFO | Alpha: -11.88%
2026-08-28 21:29:01,566 | INFO | Active Sharpe: -0.6317
2026-08-28 21:29:01,585 | INFO | ======================================================================
2026-08-28 21:29:01,585 | INFO | YEAR 2023
2026-08-28 21:29:01,585 | INFO | Train: 129,290
2026-08-28 21:29:01,585 | INFO | Test: 11,950
2026-08-28 21:29:02,694 | INFO | Mean IC: 0.0177
2026-08-28 21:29:02,694 | INFO | IC > 0 days: 56.49%
2026-08-28 21:29:02,694 | INFO | Strategy: 58.80%
2026-08-28 21:29:02,694 | INFO | 0050: 24.67%
2026-08-28 21:29:02,694 | INFO | Alpha: 34.13%
2026-08-28 21:29:02,694 | INFO | Active Sharpe: 0.9633
2026-08-28 21:29:02,714 | INFO | ======================================================================
2026-08-28 21:29:02,714 | INFO | YEAR 2024
2026-08-28 21:29:02,714 | INFO | Train: 141,240
2026-08-28 21:29:02,714 | INFO | Test: 12,100
2026-08-28 21:29:03,849 | INFO | Mean IC: 0.0243
2026-08-28 21:29:03,849 | INFO | IC > 0 days: 57.44%
2026-08-28 21:29:03,849 | INFO | Strategy: -19.60%
2026-08-28 21:29:03,849 | INFO | 0050: 55.90%
2026-08-28 21:29:03,849 | INFO | Alpha: -75.49%
2026-08-28 21:29:03,849 | INFO | Active Sharpe: -2.9273
2026-08-28 21:29:03,882 | INFO | ======================================================================
2026-08-28 21:29:03,882 | INFO | YEAR 2025
2026-08-28 21:29:03,883 | INFO | Train: 153,340
2026-08-28 21:29:03,883 | INFO | Test: 12,100
2026-08-28 21:29:05,032 | INFO | Mean IC: 0.0574
2026-08-28 21:29:05,032 | INFO | IC > 0 days: 58.26%
2026-08-28 21:29:05,032 | INFO | Strategy: 61.88%
2026-08-28 21:29:05,032 | INFO | 0050: 45.12%
2026-08-28 21:29:05,032 | INFO | Alpha: 16.76%
2026-08-28 21:29:05,032 | INFO | Active Sharpe: 0.5652
2026-08-28 21:29:05,053 | INFO | ======================================================================
2026-08-28 21:29:05,054 | INFO | YEAR 2026
2026-08-28 21:29:05,054 | INFO | Train: 165,440
2026-08-28 21:29:05,054 | INFO | Test: 7,600
2026-08-28 21:29:06,129 | INFO | Mean IC: 0.0156
2026-08-28 21:29:06,129 | INFO | IC > 0 days: 55.26%
2026-08-28 21:29:06,129 | INFO | Strategy: 51.03%
2026-08-28 21:29:06,129 | INFO | 0050: 55.96%
2026-08-28 21:29:06,129 | INFO | Alpha: -4.93%
2026-08-28 21:29:06,129 | INFO | Active Sharpe: 0.1343
2026-08-28 21:29:06,471 | INFO | ======================================================================
2026-08-28 21:29:06,471 | INFO | FINAL SUMMARY
2026-08-28 21:29:06,471 | INFO | ======================================================================
2026-08-28 21:29:06,472 | INFO | Mean yearly IC: 0.0280
2026-08-28 21:29:06,472 | INFO | Positive alpha years: 3/9
2026-08-28 21:29:06,472 | INFO | Total Strategy Return: 247.04%
2026-08-28 21:29:06,472 | INFO | Total Benchmark Return: 620.89%
2026-08-28 21:29:06,472 | INFO | Run saved to: runs/xgb_gpu0_top5_20260828_212855
