2026-08-28 21:38:19,752 | INFO | Rows: 173,340
2026-08-28 21:38:19,758 | INFO | Stocks: 50
2026-08-28 21:38:19,758 | INFO | Dates: 2012-04-06 00:00:00 -> 2026-08-20 00:00:00
2026-08-28 21:38:19,780 | INFO | ======================================================================
2026-08-28 21:38:19,780 | INFO | YEAR 2018
2026-08-28 21:38:19,780 | INFO | Train: 68,320
2026-08-28 21:38:19,780 | INFO | Test : 12,226
2026-08-28 21:38:20,087 | INFO | Mean IC: 0.0303
2026-08-28 21:38:20,087 | INFO | Median IC: 0.0274
2026-08-28 21:38:20,087 | INFO | IC > 0 days: 57.14%
2026-08-28 21:38:20,087 | INFO | Mean Top-Bottom Spread: 0.0910%
2026-08-28 21:38:20,203 | INFO | Top-3 | Net=-17.92% | 0050=-7.98% | EW=1.43% | Alpha0050=-9.95% | Turnover=64.67%
2026-08-28 21:38:20,318 | INFO | Top-5 | Net=-16.39% | 0050=-7.98% | EW=1.43% | Alpha0050=-8.42% | Turnover=62.76%
2026-08-28 21:38:20,434 | INFO | Top-10 | Net=-15.14% | 0050=-7.98% | EW=1.43% | Alpha0050=-7.17% | Turnover=54.03%
2026-08-28 21:38:20,451 | INFO | ======================================================================
2026-08-28 21:38:20,451 | INFO | YEAR 2019
2026-08-28 21:38:20,451 | INFO | Train: 80,540
2026-08-28 21:38:20,452 | INFO | Test : 12,050
2026-08-28 21:38:20,768 | INFO | Mean IC: 0.0479
2026-08-28 21:38:20,768 | INFO | Median IC: 0.0336
2026-08-28 21:38:20,768 | INFO | IC > 0 days: 62.66%
2026-08-28 21:38:20,768 | INFO | Mean Top-Bottom Spread: 0.5069%
2026-08-28 21:38:20,883 | INFO | Top-3 | Net=34.37% | 0050=35.68% | EW=36.46% | Alpha0050=-1.31% | Turnover=72.91%
2026-08-28 21:38:21,000 | INFO | Top-5 | Net=30.46% | 0050=35.68% | EW=36.46% | Alpha0050=-5.23% | Turnover=67.63%
2026-08-28 21:38:21,110 | INFO | Top-10 | Net=33.00% | 0050=35.68% | EW=36.46% | Alpha0050=-2.68% | Turnover=50.20%
2026-08-28 21:38:21,129 | INFO | ======================================================================
2026-08-28 21:38:21,130 | INFO | YEAR 2020
2026-08-28 21:38:21,130 | INFO | Train: 92,590
2026-08-28 21:38:21,130 | INFO | Test : 12,250
2026-08-28 21:38:21,420 | INFO | Mean IC: 0.0577
2026-08-28 21:38:21,420 | INFO | Median IC: 0.0609
2026-08-28 21:38:21,420 | INFO | IC > 0 days: 61.22%
2026-08-28 21:38:21,420 | INFO | Mean Top-Bottom Spread: 0.5943%
2026-08-28 21:38:21,530 | INFO | Top-3 | Net=-3.25% | 0050=31.40% | EW=29.48% | Alpha0050=-34.65% | Turnover=70.28%
2026-08-28 21:38:21,640 | INFO | Top-5 | Net=4.74% | 0050=31.40% | EW=29.48% | Alpha0050=-26.66% | Turnover=62.24%
2026-08-28 21:38:21,751 | INFO | Top-10 | Net=18.80% | 0050=31.40% | EW=29.48% | Alpha0050=-12.60% | Turnover=54.96%
2026-08-28 21:38:21,767 | INFO | ======================================================================
2026-08-28 21:38:21,767 | INFO | YEAR 2021
2026-08-28 21:38:21,767 | INFO | Train: 104,840
2026-08-28 21:38:21,767 | INFO | Test : 12,150
2026-08-28 21:38:22,061 | INFO | Mean IC: 0.0167
2026-08-28 21:38:22,061 | INFO | Median IC: 0.0344
2026-08-28 21:38:22,061 | INFO | IC > 0 days: 55.14%
2026-08-28 21:38:22,061 | INFO | Mean Top-Bottom Spread: 0.4255%
2026-08-28 21:38:22,170 | INFO | Top-3 | Net=38.90% | 0050=22.32% | EW=41.56% | Alpha0050=16.59% | Turnover=64.01%
2026-08-28 21:38:22,279 | INFO | Top-5 | Net=39.72% | 0050=22.32% | EW=41.56% | Alpha0050=17.40% | Turnover=59.56%
2026-08-28 21:38:22,389 | INFO | Top-10 | Net=37.36% | 0050=22.32% | EW=41.56% | Alpha0050=15.04% | Turnover=49.39%
2026-08-28 21:38:22,411 | INFO | ======================================================================
2026-08-28 21:38:22,411 | INFO | YEAR 2022
2026-08-28 21:38:22,411 | INFO | Train: 116,990
2026-08-28 21:38:22,411 | INFO | Test : 12,300
2026-08-28 21:38:22,709 | INFO | Mean IC: -0.0364
2026-08-28 21:38:22,709 | INFO | Median IC: -0.0634
2026-08-28 21:38:22,709 | INFO | IC > 0 days: 41.46%
2026-08-28 21:38:22,709 | INFO | Mean Top-Bottom Spread: -0.0902%
2026-08-28 21:38:22,820 | INFO | Top-3 | Net=-38.23% | 0050=-18.34% | EW=-7.15% | Alpha0050=-19.88% | Turnover=57.19%
2026-08-28 21:38:22,934 | INFO | Top-5 | Net=-26.70% | 0050=-18.34% | EW=-7.15% | Alpha0050=-8.35% | Turnover=48.38%
2026-08-28 21:38:23,054 | INFO | Top-10 | Net=-19.12% | 0050=-18.34% | EW=-7.15% | Alpha0050=-0.78% | Turnover=38.32%
2026-08-28 21:38:23,074 | INFO | ======================================================================
2026-08-28 21:38:23,074 | INFO | YEAR 2023
2026-08-28 21:38:23,074 | INFO | Train: 129,290
2026-08-28 21:38:23,074 | INFO | Test : 11,950
2026-08-28 21:38:23,410 | INFO | Mean IC: 0.0533
2026-08-28 21:38:23,410 | INFO | Median IC: 0.0515
2026-08-28 21:38:23,410 | INFO | IC > 0 days: 57.32%
2026-08-28 21:38:23,410 | INFO | Mean Top-Bottom Spread: 0.9804%
2026-08-28 21:38:23,528 | INFO | Top-3 | Net=93.47% | 0050=24.67% | EW=33.05% | Alpha0050=68.80% | Turnover=52.72%
2026-08-28 21:38:23,636 | INFO | Top-5 | Net=91.18% | 0050=24.67% | EW=33.05% | Alpha0050=66.50% | Turnover=36.48%
2026-08-28 21:38:23,744 | INFO | Top-10 | Net=53.13% | 0050=24.67% | EW=33.05% | Alpha0050=28.46% | Turnover=31.71%
2026-08-28 21:38:23,772 | INFO | ======================================================================
2026-08-28 21:38:23,772 | INFO | YEAR 2024
2026-08-28 21:38:23,772 | INFO | Train: 141,240
2026-08-28 21:38:23,772 | INFO | Test : 12,100
2026-08-28 21:38:24,075 | INFO | Mean IC: 0.0585
2026-08-28 21:38:24,075 | INFO | Median IC: 0.0977
2026-08-28 21:38:24,075 | INFO | IC > 0 days: 59.92%
2026-08-28 21:38:24,075 | INFO | Mean Top-Bottom Spread: 0.7343%
2026-08-28 21:38:24,185 | INFO | Top-3 | Net=0.44% | 0050=55.90% | EW=14.85% | Alpha0050=-55.45% | Turnover=46.85%
2026-08-28 21:38:24,295 | INFO | Top-5 | Net=9.98% | 0050=55.90% | EW=14.85% | Alpha0050=-45.92% | Turnover=41.25%
2026-08-28 21:38:24,404 | INFO | Top-10 | Net=21.91% | 0050=55.90% | EW=14.85% | Alpha0050=-33.99% | Turnover=31.54%
2026-08-28 21:38:24,425 | INFO | ======================================================================
2026-08-28 21:38:24,425 | INFO | YEAR 2025
2026-08-28 21:38:24,425 | INFO | Train: 153,340
2026-08-28 21:38:24,425 | INFO | Test : 12,100
2026-08-28 21:38:24,728 | INFO | Mean IC: 0.0923
2026-08-28 21:38:24,728 | INFO | Median IC: 0.1027
2026-08-28 21:38:24,728 | INFO | IC > 0 days: 61.57%
2026-08-28 21:38:24,728 | INFO | Mean Top-Bottom Spread: 1.6901%
2026-08-28 21:38:24,835 | INFO | Top-3 | Net=82.63% | 0050=45.12% | EW=28.26% | Alpha0050=37.50% | Turnover=51.09%
2026-08-28 21:38:24,943 | INFO | Top-5 | Net=99.61% | 0050=45.12% | EW=28.26% | Alpha0050=54.49% | Turnover=45.90%
2026-08-28 21:38:25,051 | INFO | Top-10 | Net=85.55% | 0050=45.12% | EW=28.26% | Alpha0050=40.43% | Turnover=33.51%
2026-08-28 21:38:25,083 | INFO | ======================================================================
2026-08-28 21:38:25,083 | INFO | YEAR 2026
2026-08-28 21:38:25,083 | INFO | Train: 165,440
2026-08-28 21:38:25,083 | INFO | Test : 7,600
2026-08-28 21:38:25,315 | INFO | Mean IC: 0.0627
2026-08-28 21:38:25,315 | INFO | Median IC: 0.1180
2026-08-28 21:38:25,315 | INFO | IC > 0 days: 57.24%
2026-08-28 21:38:25,315 | INFO | Mean Top-Bottom Spread: 2.0232%
2026-08-28 21:38:25,385 | INFO | Top-3 | Net=88.53% | 0050=55.96% | EW=57.91% | Alpha0050=32.57% | Turnover=56.86%
2026-08-28 21:38:25,454 | INFO | Top-5 | Net=81.71% | 0050=55.96% | EW=57.91% | Alpha0050=25.74% | Turnover=51.23%
2026-08-28 21:38:25,522 | INFO | Top-10 | Net=100.23% | 0050=55.96% | EW=57.91% | Alpha0050=44.27% | Turnover=35.79%
2026-08-28 21:38:25,634 | INFO | ======================================================================
2026-08-28 21:38:25,634 | INFO | FINAL SUMMARY
2026-08-28 21:38:25,634 | INFO | ======================================================================
2026-08-28 21:38:25,637 | INFO | 
model  top_k  mean_ic  mean_top_bottom_spread  positive_alpha_years  years  mean_alpha_vs_0050  mean_alpha_vs_equal_weight  mean_turnover  mean_active_sharpe
ridge      3 0.042568                0.007728                     4      9            0.038010                    0.047888       0.596200            0.043681
ridge      5 0.042568                0.007728                     4      9            0.077294                    0.087173       0.528253            0.138190
ridge     10 0.042568                0.007728                     4      9            0.078865                    0.088744       0.421614            0.226511
2026-08-28 21:38:25,965 | INFO | Saved: runs/v2_ridge_20260828_213819
