2026-08-28 22:36:16,800 | INFO | Rows=173,340, stocks=50, dates=2012-04-06 00:00:00->2026-08-20 00:00:00
2026-08-28 22:36:16,828 | INFO | ================================================================================
2026-08-28 22:36:16,828 | INFO | YEAR 2018 | train=56,413 valid=11,613 test=12,226
2026-08-28 22:36:21,084 | INFO | epoch=001 rankloss=0.833276 validIC=0.01890
2026-08-28 22:36:21,697 | INFO | epoch=005 rankloss=0.690630 validIC=0.05965
2026-08-28 22:36:22,420 | INFO | epoch=010 rankloss=0.690428 validIC=0.06561
2026-08-28 22:36:23,140 | INFO | epoch=015 rankloss=0.689461 validIC=0.06468
2026-08-28 22:36:23,830 | INFO | epoch=020 rankloss=0.687363 validIC=0.05713
2026-08-28 22:36:24,516 | INFO | epoch=025 rankloss=0.685866 validIC=0.05823
2026-08-28 22:36:25,225 | INFO | epoch=030 rankloss=0.684041 validIC=0.05234
2026-08-28 22:36:25,931 | INFO | epoch=035 rankloss=0.682362 validIC=0.05291
2026-08-28 22:36:26,640 | INFO | epoch=040 rankloss=0.680212 validIC=0.04731
2026-08-28 22:36:27,335 | INFO | epoch=045 rankloss=0.680212 validIC=0.05246
2026-08-28 22:36:28,034 | INFO | epoch=050 rankloss=0.675202 validIC=0.05431
2026-08-28 22:36:28,034 | INFO | early stop @ 50, best=10, best_valid_ic=0.06561
2026-08-28 22:36:28,309 | INFO | TEST IC=0.08404 | median=0.09187 | IC>0=68.57% | spread=0.7882%
2026-08-28 22:36:28,387 | INFO | Top-3 | net=-0.09% | 0050=-7.98% | EW=1.43% | alpha=7.89% | turn=77.23%
2026-08-28 22:36:28,463 | INFO | Top-5 | net=-7.14% | 0050=-7.98% | EW=1.43% | alpha=0.83% | turn=78.41%
2026-08-28 22:36:28,540 | INFO | Top-10 | net=9.88% | 0050=-7.98% | EW=1.43% | alpha=17.85% | turn=69.94%
2026-08-28 22:36:28,574 | INFO | ================================================================================
2026-08-28 22:36:28,574 | INFO | YEAR 2019 | train=68,320 valid=11,926 test=12,050
2026-08-28 22:36:31,108 | INFO | epoch=001 rankloss=0.814455 validIC=0.03503
2026-08-28 22:36:31,749 | INFO | epoch=005 rankloss=0.690755 validIC=0.08045
2026-08-28 22:36:32,505 | INFO | epoch=010 rankloss=0.689215 validIC=0.07893
2026-08-28 22:36:33,260 | INFO | epoch=015 rankloss=0.688014 validIC=0.04270
2026-08-28 22:36:34,050 | INFO | epoch=020 rankloss=0.686411 validIC=0.07624
2026-08-28 22:36:34,810 | INFO | epoch=025 rankloss=0.684564 validIC=0.07684
2026-08-28 22:36:35,559 | INFO | epoch=030 rankloss=0.682600 validIC=0.07949
2026-08-28 22:36:36,299 | INFO | epoch=035 rankloss=0.679873 validIC=0.06673
2026-08-28 22:36:38,635 | INFO | epoch=040 rankloss=0.674377 validIC=0.08566
2026-08-28 22:36:40,918 | INFO | epoch=045 rankloss=0.668273 validIC=0.06212
2026-08-28 22:36:43,402 | INFO | epoch=050 rankloss=0.656690 validIC=0.07299
2026-08-28 22:36:44,100 | INFO | epoch=055 rankloss=0.645615 validIC=0.04723
2026-08-28 22:36:44,825 | INFO | epoch=060 rankloss=0.629155 validIC=0.05011
2026-08-28 22:36:45,536 | INFO | epoch=065 rankloss=0.612135 validIC=0.03588
2026-08-28 22:36:46,239 | INFO | epoch=070 rankloss=0.595549 validIC=0.05122
2026-08-28 22:36:46,980 | INFO | epoch=075 rankloss=0.576751 validIC=0.03163
2026-08-28 22:36:47,740 | INFO | epoch=080 rankloss=0.561591 validIC=0.03030
2026-08-28 22:36:47,740 | INFO | early stop @ 80, best=40, best_valid_ic=0.08566
2026-08-28 22:36:48,011 | INFO | TEST IC=0.03237 | median=0.04423 | IC>0=58.92% | spread=0.2178%
2026-08-28 22:36:48,089 | INFO | Top-3 | net=11.19% | 0050=35.68% | EW=36.46% | alpha=-24.49% | turn=87.60%
2026-08-28 22:36:48,165 | INFO | Top-5 | net=14.50% | 0050=35.68% | EW=36.46% | alpha=-21.18% | turn=83.73%
2026-08-28 22:36:48,241 | INFO | Top-10 | net=17.90% | 0050=35.68% | EW=36.46% | alpha=-17.78% | turn=71.04%
2026-08-28 22:36:48,278 | INFO | ================================================================================
2026-08-28 22:36:48,278 | INFO | YEAR 2020 | train=80,540 valid=11,750 test=12,250
2026-08-28 22:36:51,237 | INFO | epoch=001 rankloss=0.808245 validIC=0.04759
2026-08-28 22:36:51,900 | INFO | epoch=005 rankloss=0.691130 validIC=0.02923
2026-08-28 22:36:52,663 | INFO | epoch=010 rankloss=0.689621 validIC=0.03351
2026-08-28 22:36:53,426 | INFO | epoch=015 rankloss=0.688722 validIC=0.00353
2026-08-28 22:36:54,194 | INFO | epoch=020 rankloss=0.686759 validIC=0.01174
2026-08-28 22:36:54,968 | INFO | epoch=025 rankloss=0.685176 validIC=0.02333
2026-08-28 22:36:55,738 | INFO | epoch=030 rankloss=0.683103 validIC=0.01798
2026-08-28 22:36:56,514 | INFO | epoch=035 rankloss=0.679052 validIC=0.02005
2026-08-28 22:36:57,282 | INFO | epoch=040 rankloss=0.673745 validIC=0.01832
2026-08-28 22:36:57,282 | INFO | early stop @ 40, best=1, best_valid_ic=0.04759
2026-08-28 22:36:57,551 | INFO | TEST IC=0.03025 | median=0.03141 | IC>0=53.47% | spread=-0.0639%
2026-08-28 22:36:57,626 | INFO | Top-3 | net=17.94% | 0050=31.40% | EW=29.48% | alpha=-13.46% | turn=90.23%
2026-08-28 22:36:57,701 | INFO | Top-5 | net=-1.28% | 0050=31.40% | EW=29.48% | alpha=-32.68% | turn=82.52%
2026-08-28 22:36:57,776 | INFO | Top-10 | net=-1.91% | 0050=31.40% | EW=29.48% | alpha=-33.32% | turn=73.09%
2026-08-28 22:36:57,819 | INFO | ================================================================================
2026-08-28 22:36:57,819 | INFO | YEAR 2021 | train=92,590 valid=11,950 test=12,150
2026-08-28 22:37:01,456 | INFO | epoch=001 rankloss=0.836265 validIC=0.07308
2026-08-28 22:37:02,199 | INFO | epoch=005 rankloss=0.691396 validIC=0.04657
2026-08-28 22:37:03,050 | INFO | epoch=010 rankloss=0.690016 validIC=0.04122
2026-08-28 22:37:03,901 | INFO | epoch=015 rankloss=0.688981 validIC=0.03771
2026-08-28 22:37:04,751 | INFO | epoch=020 rankloss=0.687443 validIC=0.03306
2026-08-28 22:37:05,605 | INFO | epoch=025 rankloss=0.686713 validIC=0.02988
2026-08-28 22:37:06,466 | INFO | epoch=030 rankloss=0.684226 validIC=0.01052
2026-08-28 22:37:07,304 | INFO | epoch=035 rankloss=0.681517 validIC=0.01982
2026-08-28 22:37:08,133 | INFO | epoch=040 rankloss=0.678348 validIC=0.03586
2026-08-28 22:37:08,133 | INFO | early stop @ 40, best=1, best_valid_ic=0.07308
2026-08-28 22:37:08,408 | INFO | TEST IC=0.02485 | median=0.04845 | IC>0=55.56% | spread=0.4700%
2026-08-28 22:37:08,485 | INFO | Top-3 | net=-19.50% | 0050=22.32% | EW=41.56% | alpha=-41.82% | turn=86.32%
2026-08-28 22:37:08,560 | INFO | Top-5 | net=-0.57% | 0050=22.32% | EW=41.56% | alpha=-22.89% | turn=77.95%
2026-08-28 22:37:08,636 | INFO | Top-10 | net=14.32% | 0050=22.32% | EW=41.56% | alpha=-8.00% | turn=60.37%
2026-08-28 22:37:08,666 | INFO | ================================================================================
2026-08-28 22:37:08,666 | INFO | YEAR 2022 | train=104,840 valid=11,850 test=12,300
2026-08-28 22:37:13,026 | INFO | epoch=001 rankloss=0.769653 validIC=0.04560
2026-08-28 22:37:13,739 | INFO | epoch=005 rankloss=0.691423 validIC=0.05491
2026-08-28 22:37:14,597 | INFO | epoch=010 rankloss=0.689298 validIC=0.05059
2026-08-28 22:37:15,463 | INFO | epoch=015 rankloss=0.687625 validIC=0.05184
2026-08-28 22:37:16,319 | INFO | epoch=020 rankloss=0.685982 validIC=0.05407
2026-08-28 22:37:17,193 | INFO | epoch=025 rankloss=0.683981 validIC=0.05761
2026-08-28 22:37:18,099 | INFO | epoch=030 rankloss=0.680819 validIC=0.06473
2026-08-28 22:37:18,965 | INFO | epoch=035 rankloss=0.676263 validIC=0.06027
2026-08-28 22:37:19,830 | INFO | epoch=040 rankloss=0.669228 validIC=0.05144
2026-08-28 22:37:20,692 | INFO | epoch=045 rankloss=0.658476 validIC=0.04997
2026-08-28 22:37:21,624 | INFO | epoch=050 rankloss=0.646462 validIC=0.06156
2026-08-28 22:37:22,521 | INFO | epoch=055 rankloss=0.630186 validIC=0.04064
2026-08-28 22:37:23,429 | INFO | epoch=060 rankloss=0.614549 validIC=0.05192
2026-08-28 22:37:24,315 | INFO | epoch=065 rankloss=0.598106 validIC=0.04508
2026-08-28 22:37:25,167 | INFO | epoch=070 rankloss=0.584591 validIC=0.05500
2026-08-28 22:37:25,168 | INFO | early stop @ 70, best=30, best_valid_ic=0.06473
2026-08-28 22:37:25,442 | INFO | TEST IC=0.01262 | median=0.02300 | IC>0=55.28% | spread=0.2066%
2026-08-28 22:37:25,519 | INFO | Top-3 | net=-26.02% | 0050=-18.34% | EW=-7.15% | alpha=-7.67% | turn=82.62%
2026-08-28 22:37:25,596 | INFO | Top-5 | net=-23.50% | 0050=-18.34% | EW=-7.15% | alpha=-5.16% | turn=75.10%
2026-08-28 22:37:25,673 | INFO | Top-10 | net=-30.21% | 0050=-18.34% | EW=-7.15% | alpha=-11.87% | turn=67.98%
2026-08-28 22:37:25,715 | INFO | ================================================================================
2026-08-28 22:37:25,715 | INFO | YEAR 2023 | train=116,990 valid=12,000 test=11,950
2026-08-28 22:37:30,334 | INFO | epoch=001 rankloss=0.791424 validIC=-0.04286
2026-08-28 22:37:31,123 | INFO | epoch=005 rankloss=0.691322 validIC=0.01750
2026-08-28 22:37:32,052 | INFO | epoch=010 rankloss=0.689991 validIC=0.01757
2026-08-28 22:37:32,982 | INFO | epoch=015 rankloss=0.688150 validIC=0.02999
2026-08-28 22:37:33,907 | INFO | epoch=020 rankloss=0.686480 validIC=0.01489
2026-08-28 22:37:34,845 | INFO | epoch=025 rankloss=0.683796 validIC=0.02071
2026-08-28 22:37:35,761 | INFO | epoch=030 rankloss=0.681334 validIC=0.01491
2026-08-28 22:37:36,669 | INFO | epoch=035 rankloss=0.676672 validIC=0.00514
2026-08-28 22:37:37,586 | INFO | epoch=040 rankloss=0.671684 validIC=0.02248
2026-08-28 22:37:38,501 | INFO | epoch=045 rankloss=0.663196 validIC=0.02316
2026-08-28 22:37:39,427 | INFO | epoch=050 rankloss=0.651884 validIC=0.02231
2026-08-28 22:37:40,359 | INFO | epoch=055 rankloss=0.639790 validIC=0.03934
2026-08-28 22:37:41,277 | INFO | epoch=060 rankloss=0.626116 validIC=0.01684
2026-08-28 22:37:42,210 | INFO | epoch=065 rankloss=0.613097 validIC=0.01979
2026-08-28 22:37:43,128 | INFO | epoch=070 rankloss=0.599346 validIC=0.03561
2026-08-28 22:37:44,033 | INFO | epoch=075 rankloss=0.585430 validIC=0.02318
2026-08-28 22:37:44,937 | INFO | epoch=080 rankloss=0.572930 validIC=0.01471
2026-08-28 22:37:45,849 | INFO | epoch=085 rankloss=0.560401 validIC=0.01717
2026-08-28 22:37:46,788 | INFO | epoch=090 rankloss=0.550289 validIC=0.01602
2026-08-28 22:37:47,699 | INFO | epoch=095 rankloss=0.539693 validIC=0.01210
2026-08-28 22:37:47,699 | INFO | early stop @ 95, best=55, best_valid_ic=0.03934
2026-08-28 22:37:47,963 | INFO | TEST IC=0.03727 | median=0.01796 | IC>0=55.23% | spread=0.1626%
2026-08-28 22:37:48,038 | INFO | Top-3 | net=65.97% | 0050=24.67% | EW=33.05% | alpha=41.30% | turn=84.68%
2026-08-28 22:37:48,112 | INFO | Top-5 | net=38.93% | 0050=24.67% | EW=33.05% | alpha=14.26% | turn=78.11%
2026-08-28 22:37:48,187 | INFO | Top-10 | net=30.18% | 0050=24.67% | EW=33.05% | alpha=5.51% | turn=69.45%
2026-08-28 22:37:48,221 | INFO | ================================================================================
2026-08-28 22:37:48,221 | INFO | YEAR 2024 | train=129,290 valid=11,650 test=12,100
2026-08-28 22:37:53,358 | INFO | epoch=001 rankloss=0.746997 validIC=0.05457
2026-08-28 22:37:54,191 | INFO | epoch=005 rankloss=0.691172 validIC=0.04708
2026-08-28 22:37:55,178 | INFO | epoch=010 rankloss=0.689363 validIC=0.05372
2026-08-28 22:37:56,187 | INFO | epoch=015 rankloss=0.687276 validIC=0.05009
2026-08-28 22:37:57,153 | INFO | epoch=020 rankloss=0.685250 validIC=0.06831
2026-08-28 22:37:58,121 | INFO | epoch=025 rankloss=0.681963 validIC=0.03786
2026-08-28 22:37:59,075 | INFO | epoch=030 rankloss=0.677441 validIC=0.05281
2026-08-28 22:38:00,004 | INFO | epoch=035 rankloss=0.670241 validIC=0.04190
2026-08-28 22:38:00,973 | INFO | epoch=040 rankloss=0.660893 validIC=0.01272
2026-08-28 22:38:01,938 | INFO | epoch=045 rankloss=0.649528 validIC=0.01447
2026-08-28 22:38:02,889 | INFO | epoch=050 rankloss=0.635676 validIC=0.02473
2026-08-28 22:38:03,857 | INFO | epoch=055 rankloss=0.621650 validIC=0.02154
2026-08-28 22:38:04,821 | INFO | epoch=060 rankloss=0.607327 validIC=0.00932
2026-08-28 22:38:04,821 | INFO | early stop @ 60, best=20, best_valid_ic=0.06831
2026-08-28 22:38:05,098 | INFO | TEST IC=0.01355 | median=0.02583 | IC>0=56.61% | spread=0.1268%
2026-08-28 22:38:05,175 | INFO | Top-3 | net=-27.60% | 0050=55.90% | EW=14.85% | alpha=-83.50% | turn=79.05%
2026-08-28 22:38:05,251 | INFO | Top-5 | net=-2.50% | 0050=55.90% | EW=14.85% | alpha=-58.40% | turn=75.97%
2026-08-28 22:38:05,328 | INFO | Top-10 | net=-0.30% | 0050=55.90% | EW=14.85% | alpha=-56.19% | turn=65.01%
2026-08-28 22:38:05,379 | INFO | ================================================================================
2026-08-28 22:38:05,379 | INFO | YEAR 2025 | train=141,240 valid=11,800 test=12,100
2026-08-28 22:38:10,992 | INFO | epoch=001 rankloss=0.744718 validIC=-0.02203
2026-08-28 22:38:11,825 | INFO | epoch=005 rankloss=0.691056 validIC=0.03827
2026-08-28 22:38:12,834 | INFO | epoch=010 rankloss=0.689817 validIC=0.01284
2026-08-28 22:38:13,833 | INFO | epoch=015 rankloss=0.687929 validIC=0.00763
2026-08-28 22:38:14,867 | INFO | epoch=020 rankloss=0.685924 validIC=-0.00021
2026-08-28 22:38:15,854 | INFO | epoch=025 rankloss=0.682689 validIC=-0.00539
2026-08-28 22:38:16,853 | INFO | epoch=030 rankloss=0.678176 validIC=-0.00835
2026-08-28 22:38:17,874 | INFO | epoch=035 rankloss=0.672533 validIC=-0.01955
2026-08-28 22:38:18,867 | INFO | epoch=040 rankloss=0.663204 validIC=0.00386
2026-08-28 22:38:19,898 | INFO | epoch=045 rankloss=0.651324 validIC=-0.03218
2026-08-28 22:38:19,898 | INFO | early stop @ 45, best=5, best_valid_ic=0.03827
2026-08-28 22:38:20,164 | INFO | TEST IC=0.07518 | median=0.08039 | IC>0=66.12% | spread=1.1011%
2026-08-28 22:38:20,240 | INFO | Top-3 | net=74.75% | 0050=45.12% | EW=28.26% | alpha=29.63% | turn=89.69%
2026-08-28 22:38:20,315 | INFO | Top-5 | net=74.84% | 0050=45.12% | EW=28.26% | alpha=29.72% | turn=84.64%
2026-08-28 22:38:20,390 | INFO | Top-10 | net=58.23% | 0050=45.12% | EW=28.26% | alpha=13.11% | turn=72.38%
2026-08-28 22:38:20,426 | INFO | ================================================================================
2026-08-28 22:38:20,426 | INFO | YEAR 2026 | train=153,340 valid=11,800 test=7,600
2026-08-28 22:38:26,504 | INFO | epoch=001 rankloss=0.755902 validIC=0.01366
2026-08-28 22:38:27,396 | INFO | epoch=005 rankloss=0.691498 validIC=0.05242
2026-08-28 22:38:28,493 | INFO | epoch=010 rankloss=0.689678 validIC=0.07498
2026-08-28 22:38:29,608 | INFO | epoch=015 rankloss=0.688163 validIC=0.08412
2026-08-28 22:38:30,717 | INFO | epoch=020 rankloss=0.686705 validIC=0.07994
2026-08-28 22:38:31,768 | INFO | epoch=025 rankloss=0.683895 validIC=0.06832
2026-08-28 22:38:32,822 | INFO | epoch=030 rankloss=0.681240 validIC=0.05767
2026-08-28 22:38:33,872 | INFO | epoch=035 rankloss=0.675528 validIC=0.05039
2026-08-28 22:38:34,920 | INFO | epoch=040 rankloss=0.668323 validIC=0.02251
2026-08-28 22:38:35,977 | INFO | epoch=045 rankloss=0.658970 validIC=0.03734
2026-08-28 22:38:37,036 | INFO | epoch=050 rankloss=0.646226 validIC=0.04850
2026-08-28 22:38:38,084 | INFO | epoch=055 rankloss=0.631741 validIC=0.01391
2026-08-28 22:38:38,085 | INFO | early stop @ 55, best=15, best_valid_ic=0.08412
2026-08-28 22:38:38,258 | INFO | TEST IC=0.05472 | median=0.03309 | IC>0=57.89% | spread=1.2507%
2026-08-28 22:38:38,307 | INFO | Top-3 | net=86.04% | 0050=55.96% | EW=57.91% | alpha=30.07% | turn=80.86%
2026-08-28 22:38:38,356 | INFO | Top-5 | net=60.19% | 0050=55.96% | EW=57.91% | alpha=4.22% | turn=76.09%
2026-08-28 22:38:38,404 | INFO | Top-10 | net=53.23% | 0050=55.96% | EW=57.91% | alpha=-2.73% | turn=70.85%
2026-08-28 22:38:38,518 | INFO | ================================================================================
2026-08-28 22:38:38,518 | INFO | FINAL SUMMARY
2026-08-28 22:38:38,518 | INFO | ================================================================================
2026-08-28 22:38:38,522 | INFO | 
   model  seed  top_k  mean_ic  median_year_ic  mean_spread  positive_alpha_years  years  mean_alpha_vs_0050  mean_alpha_vs_equal_weight  median_alpha_vs_0050  mean_turnover  mean_active_sharpe  mean_best_epoch  mean_valid_ic
mlp_rank  3407      3  0.04054        0.032371     0.004733                     4      9           -0.068952                   -0.059073             -0.076703       0.842536           -0.262632        19.666667        0.06297
mlp_rank  3407      5  0.04054        0.032371     0.004733                     4      9           -0.101414                   -0.091535             -0.051581       0.791688           -0.348421        19.666667        0.06297
mlp_rank  3407     10  0.04054        0.032371     0.004733                     3      9           -0.103788                   -0.093910             -0.079973       0.689012           -0.504912        19.666667        0.06297
2026-08-28 22:38:38,523 | INFO | SAVED: runs/v3_mlp_rank_seed3407_20260828_223616
